/opt/ohpc/admin/lmod/lmod/init/bash: line 93: LD_LIBRARY_PATH: unbound variable
start 2026-09-27T12:50:49Z host n3472 sample=Fidalgo_Bay_12 location=Fidalgo_Bay
[M::bwa_idx_load_from_disk] read 0 ALT contigs
[M::process] read 1066668 sequences (160000200 bp)...
[M::process] read 1066668 sequences (160000200 bp)...
[M::mem_pestat] # candidate unique pairs for (FF, FR, RF, RR): (26, 222751, 89, 40)
[M::mem_pestat] analyzing insert size distribution for orientation FF...
[M::mem_pestat] (25, 50, 75) percentile: (189, 749, 1499)
[M::mem_pestat] low and high boundaries for computing mean and std.dev: (1, 4119)
[M::mem_pestat] mean and std.dev: (833.25, 806.54)
[M::mem_pestat] low and high boundaries for proper pairs: (1, 5429)
[M::mem_pestat] analyzing insert size distribution for orientation FR...
[M::mem_pestat] (25, 50, 75) percentile: (279, 364, 462)
[M::mem_pestat] low and high boundaries for computing mean and std.dev: (1, 828)
[M::mem_pestat] mean and std.dev: (370.32, 139.69)
[M::mem_pestat] low and high boundaries for proper pairs: (1, 1011)
[M::mem_pestat] analyzing insert size distribution for orientation RF...
[M::mem_pestat] (25, 50, 75) percentile: (306, 1948, 6612)
[M::mem_pestat] low and high boundaries for computing mean and std.dev: (1, 19224)
[M::mem_pestat] mean and std.dev: (3209.87, 3181.19)
[M::mem_pestat] low and high boundaries for proper pairs: (1, 25530)
[M::mem_pestat] analyzing insert size distribution for orientation RR...
[M::mem_pestat] (25, 50, 75) percentile: (370, 599, 1524)
[M::mem_pestat] low and high boundaries for computing mean and std.dev: (1, 3832)
[M::mem_pestat] mean and std.dev: (811.11, 720.25)
[M::mem_pestat] low and high boundaries for proper pairs: (1, 4986)
[M::mem_pestat] skip orientation FF
[M::mem_pestat] skip orientation RF
[M::mem_pestat] skip orientation RR
[M::mem_process_seqs] Processed 1066668 reads in 783.222 CPU sec, 52.865 real sec
[M::mem_pestat] # candidate unique pairs for (FF, FR, RF, RR): (25, 223963, 86, 31)
[M::mem_pestat] analyzing insert size distribution for orientation FF...
[M::mem_pestat] (25, 50, 75) percentile: (280, 429, 520)
[M::mem_pestat] low and high boundaries for computing mean and std.dev: (1, 1000)
[M::mem_pestat] mean and std.dev: (371.81, 204.01)
[M::mem_pestat] low and high boundaries for proper pairs: (1, 1240)
[M::mem_pestat] analyzing insert size distribution for orientation FR...
[M::mem_pestat] (25, 50, 75) percentile: (283, 369, 472)
[M::mem_pestat] low and high boundaries for computing mean and std.dev: (1, 850)
[M::mem_pestat] mean and std.dev: (377.34, 143.18)
[M::mem_pestat] low and high boundaries for proper pairs: (1, 1039)
[M::mem_pestat] analyzing insert size distribution for orientation RF...
[M::mem_pestat] (25, 50, 75) percentile: (232, 1754, 5018)
[M::mem_pestat] low and high boundaries for computing mean and std.dev: (1, 14590)
[M::mem_pestat] mean and std.dev: (3061.77, 3047.24)
[M::mem_pestat] low and high boundaries for proper pairs: (1, 19376)
[M::mem_pestat] analyzing insert size distribution for orientation RR...
[M::mem_pestat] (25, 50, 75) percentile: (372, 641, 1008)
[M::mem_pestat] low and high boundaries for computing mean and std.dev: (1, 2280)
[M::mem_pestat] mean and std.dev: (660.76, 418.36)
[M::mem_pestat] low and high boundaries for proper pairs: (1, 2916)
[M::mem_pestat] skip orientation FF
[M::mem_pestat] skip orientation RF
[M::mem_pestat] skip orientation RR
[M::process] read 1066668 sequences (160000200 bp)...
[M::mem_process_seqs] Processed 1066668 reads in 799.371 CPU sec, 51.780 real sec
[M::mem_pestat] # candidate unique pairs for (FF, FR, RF, RR): (27, 224271, 62, 44)
[M::mem_pestat] analyzing insert size distribution for orientation FF...
[M::mem_pestat] (25, 50, 75) percentile: (213, 501, 4587)
[M::mem_pestat] low and high boundaries for computing mean and std.dev: (1, 13335)
[M::mem_pestat] mean and std.dev: (2074.41, 2426.78)
[M::mem_pestat] low and high boundaries for proper pairs: (1, 17709)
[M::mem_pestat] analyzing insert size distribution for orientation FR...
[M::mem_pestat] (25, 50, 75) percentile: (281, 368, 472)
[M::mem_pestat] low and high boundaries for computing mean and std.dev: (1, 854)
[M::mem_pestat] mean and std.dev: (376.73, 144.62)
[M::mem_pestat] low and high boundaries for proper pairs: (1, 1045)
[M::mem_pestat] analyzing insert size distribution for orientation RF...
[M::mem_pestat] (25, 50, 75) percentile: (232, 946, 5266)
[M::mem_pestat] low and high boundaries for computing mean and std.dev: (1, 15334)
[M::mem_pestat] mean and std.dev: (2581.26, 2994.28)
[M::mem_pestat] low and high boundaries for proper pairs: (1, 20368)
[M::mem_pestat] analyzing insert size distribution for orientation RR...
[M::mem_pestat] (25, 50, 75) percentile: (242, 417, 1944)
[M::mem_pestat] low and high boundaries for computing mean and std.dev: (1, 5348)
[M::mem_pestat] mean and std.dev: (902.27, 1106.89)
[M::mem_pestat] low and high boundaries for proper pairs: (1, 7050)
[M::mem_pestat] skip orientation FF
[M::mem_pestat] skip orientation RF
[M::mem_pestat] skip orientation RR
[M::process] read 1066668 sequences (160000200 bp)...
[M::mem_process_seqs] Processed 1066668 reads in 800.354 CPU sec, 51.689 real sec
[M::mem_pestat] # candidate unique pairs for (FF, FR, RF, RR): (34, 223387, 98, 30)
[M::mem_pestat] analyzing insert size distribution for orientation FF...
[M::mem_pestat] (25, 50, 75) percentile: (176, 359, 1304)
[M::mem_pestat] low and high boundaries for computing mean and std.dev: (1, 3560)
[M::mem_pestat] mean and std.dev: (552.60, 523.90)
[M::mem_pestat] low and high boundaries for proper pairs: (1, 4688)
[M::mem_pestat] analyzing insert size distribution for orientation FR...
[M::mem_pestat] (25, 50, 75) percentile: (279, 365, 470)
[M::mem_pestat] low and high boundaries for computing mean and std.dev: (1, 852)
[M::mem_pestat] mean and std.dev: (374.58, 144.11)
[M::mem_pestat] low and high boundaries for proper pairs: (1, 1043)
[M::mem_pestat] analyzing insert size distribution for orientation RF...
[M::mem_pestat] (25, 50, 75) percentile: (279, 945, 5145)
[M::mem_pestat] low and high boundaries for computing mean and std.dev: (1, 14877)
[M::mem_pestat] mean and std.dev: (2693.69, 2881.02)
[M::mem_pestat] low and high boundaries for proper pairs: (1, 19743)
[M::mem_pestat] analyzing insert size distribution for orientation RR...
[M::mem_pestat] (25, 50, 75) percentile: (269, 615, 873)
[M::mem_pestat] low and high boundaries for computing mean and std.dev: (1, 2081)
[M::mem_pestat] mean and std.dev: (620.93, 438.18)
[M::mem_pestat] low and high boundaries for proper pairs: (1, 2685)
[M::mem_pestat] skip orientation FF
[M::mem_pestat] skip orientation RF
[M::mem_pestat] skip orientation RR
[M::process] read 1066668 sequences (160000200 bp)...
[M::mem_process_seqs] Processed 1066668 reads in 812.187 CPU sec, 52.429 real sec
[M::mem_pestat] # candidate unique pairs for (FF, FR, RF, RR): (17, 223868, 80, 43)
[M::mem_pestat] analyzing insert size distribution for orientation FF...
[M::mem_pestat] (25, 50, 75) percentile: (181, 471, 1465)
[M::mem_pestat] low and high boundaries for computing mean and std.dev: (1, 4033)
[M::mem_pestat] mean and std.dev: (863.94, 1064.74)
[M::mem_pestat] low and high boundaries for proper pairs: (1, 5317)
[M::mem_pestat] analyzing insert size distribution for orientation FR...
[M::mem_pestat] (25, 50, 75) percentile: (280, 365, 469)
[M::mem_pestat] low and high boundaries for computing mean and std.dev: (1, 847)
[M::mem_pestat] mean and std.dev: (374.61, 143.14)
[M::mem_pestat] low and high boundaries for proper pairs: (1, 1036)
[M::mem_pestat] analyzing insert size distribution for orientation RF...
[M::mem_pestat] (25, 50, 75) percentile: (177, 1204, 3946)
[M::mem_pestat] low and high boundaries for computing mean and std.dev: (1, 11484)
[M::mem_pestat] mean and std.dev: (2498.03, 2941.85)
[M::mem_pestat] low and high boundaries for proper pairs: (1, 15253)
[M::mem_pestat] analyzing insert size distribution for orientation RR...
[M::mem_pestat] (25, 50, 75) percentile: (283, 606, 2880)
[M::mem_pestat] low and high boundaries for computing mean and std.dev: (1, 8074)
[M::mem_pestat] mean and std.dev: (2049.49, 2519.19)
[M::mem_pestat] low and high boundaries for proper pairs: (1, 12126)
[M::mem_pestat] skip orientation FF
[M::mem_pestat] skip orientation RF
[M::mem_pestat] skip orientation RR
[M::process] read 1066668 sequences (160000200 bp)...
[M::mem_process_seqs] Processed 1066668 reads in 825.670 CPU sec, 53.241 real sec
[M::mem_pestat] # candidate unique pairs for (FF, FR, RF, RR): (29, 223866, 76, 51)
[M::mem_pestat] analyzing insert size distribution for orientation FF...
[M::mem_pestat] (25, 50, 75) percentile: (366, 595, 5521)
[M::mem_pestat] low and high boundaries for computing mean and std.dev: (1, 15831)
[M::mem_pestat] mean and std.dev: (2504.69, 3065.80)
[M::mem_pestat] low and high boundaries for proper pairs: (1, 20986)
[M::mem_pestat] analyzing insert size distribution for orientation FR...
[M::mem_pestat] (25, 50, 75) percentile: (274, 360, 462)
[M::mem_pestat] low and high boundaries for computing mean and std.dev: (1, 838)
[M::mem_pestat] mean and std.dev: (369.09, 142.20)
[M::mem_pestat] low and high boundaries for proper pairs: (1, 1026)
[M::mem_pestat] analyzing insert size distribution for orientation RF...
[M::mem_pestat] (25, 50, 75) percentile: (317, 1320, 4757)
[M::mem_pestat] low and high boundaries for computing mean and std.dev: (1, 13637)
[M::mem_pestat] mean and std.dev: (2769.01, 3006.99)
[M::mem_pestat] low and high boundaries for proper pairs: (1, 18077)
[M::mem_pestat] analyzing insert size distribution for orientation RR...
[M::mem_pestat] (25, 50, 75) percentile: (304, 604, 2230)
[M::mem_pestat] low and high boundaries for computing mean and std.dev: (1, 6082)
[M::mem_pestat] mean and std.dev: (1079.02, 1185.95)
[M::mem_pestat] low and high boundaries for proper pairs: (1, 8008)
[M::mem_pestat] skip orientation FF
[M::mem_pestat] skip orientation RF
[M::mem_pestat] skip orientation RR
[M::process] read 1066668 sequences (160000200 bp)...
[M::mem_process_seqs] Processed 1066668 reads in 817.411 CPU sec, 52.745 real sec
[M::mem_pestat] # candidate unique pairs for (FF, FR, RF, RR): (34, 223967, 60, 30)
[M::mem_pestat] analyzing insert size distribution for orientation FF...
[M::mem_pestat] (25, 50, 75) percentile: (207, 375, 985)
[M::mem_pestat] low and high boundaries for computing mean and std.dev: (1, 2541)
[M::mem_pestat] mean and std.dev: (424.45, 368.19)
[M::mem_pestat] low and high boundaries for proper pairs: (1, 3319)
[M::mem_pestat] analyzing insert size distribution for orientation FR...
[M::mem_pestat] (25, 50, 75) percentile: (275, 361, 465)
[M::mem_pestat] low and high boundaries for computing mean and std.dev: (1, 845)
[M::mem_pestat] mean and std.dev: (370.75, 142.96)
[M::mem_pestat] low and high boundaries for proper pairs: (1, 1035)
[M::mem_pestat] analyzing insert size distribution for orientation RF...
[M::mem_pestat] (25, 50, 75) percentile: (188, 1111, 5657)
[M::mem_pestat] low and high boundaries for computing mean and std.dev: (1, 16595)
[M::mem_pestat] mean and std.dev: (2793.88, 3314.88)
[M::mem_pestat] low and high boundaries for proper pairs: (1, 22064)
[M::mem_pestat] analyzing insert size distribution for orientation RR...
[M::mem_pestat] (25, 50, 75) percentile: (297, 457, 878)
[M::mem_pestat] low and high boundaries for computing mean and std.dev: (1, 2040)
[M::mem_pestat] mean and std.dev: (494.30, 331.31)
[M::mem_pestat] low and high boundaries for proper pairs: (1, 2621)
[M::mem_pestat] skip orientation FF
[M::mem_pestat] skip orientation RF
[M::mem_pestat] skip orientation RR
[M::process] read 1066668 sequences (160000200 bp)...
[M::mem_process_seqs] Processed 1066668 reads in 794.212 CPU sec, 51.316 real sec
[M::mem_pestat] # candidate unique pairs for (FF, FR, RF, RR): (30, 221847, 68, 44)
[M::mem_pestat] analyzing insert size distribution for orientation FF...
[M::mem_pestat] (25, 50, 75) percentile: (292, 378, 1251)
[M::mem_pestat] low and high boundaries for computing mean and std.dev: (1, 3169)
[M::mem_pestat] mean and std.dev: (649.43, 492.23)
[M::mem_pestat] low and high boundaries for proper pairs: (1, 4128)
[M::mem_pestat] analyzing insert size distribution for orientation FR...
[M::mem_pestat] (25, 50, 75) percentile: (279, 367, 471)
[M::mem_pestat] low and high boundaries for computing mean and std.dev: (1, 855)
[M::mem_pestat] mean and std.dev: (374.86, 144.95)
[M::mem_pestat] low and high boundaries for proper pairs: (1, 1047)
[M::mem_pestat] analyzing insert size distribution for orientation RF...
[M::mem_pestat] (25, 50, 75) percentile: (870, 2172, 5888)
[M::mem_pestat] low and high boundaries for computing mean and std.dev: (1, 15924)
[M::mem_pestat] mean and std.dev: (3420.24, 3027.72)
[M::mem_pestat] low and high boundaries for proper pairs: (1, 20942)
[M::mem_pestat] analyzing insert size distribution for orientation RR...
[M::mem_pestat] (25, 50, 75) percentile: (348, 671, 2176)
[M::mem_pestat] low and high boundaries for computing mean and std.dev: (1, 5832)
[M::mem_pestat] mean and std.dev: (1238.61, 1079.84)
[M::mem_pestat] low and high boundaries for proper pairs: (1, 7660)
[M::mem_pestat] skip orientation FF
[M::mem_pestat] skip orientation RF
[M::mem_pestat] skip orientation RR
[M::process] read 1066668 sequences (160000200 bp)...
[M::mem_process_seqs] Processed 1066668 reads in 804.497 CPU sec, 51.968 real sec
[M::mem_pestat] # candidate unique pairs for (FF, FR, RF, RR): (25, 223206, 68, 31)
[M::mem_pestat] analyzing insert size distribution for orientation FF...
[M::mem_pestat] (25, 50, 75) percentile: (232, 324, 920)
[M::mem_pestat] low and high boundaries for computing mean and std.dev: (1, 2296)
[M::mem_pestat] mean and std.dev: (339.71, 230.55)
[M::mem_pestat] low and high boundaries for proper pairs: (1, 2984)
[M::mem_pestat] analyzing insert size distribution for orientation FR...
[M::mem_pestat] (25, 50, 75) percentile: (285, 375, 480)
[M::mem_pestat] low and high boundaries for computing mean and std.dev: (1, 870)
[M::mem_pestat] mean and std.dev: (382.80, 147.15)
[M::mem_pestat] low and high boundaries for proper pairs: (1, 1065)
[M::mem_pestat] analyzing insert size distribution for orientation RF...
[M::mem_pestat] (25, 50, 75) percentile: (171, 1180, 3647)
[M::mem_pestat] low and high boundaries for computing mean and std.dev: (1, 10599)
[M::mem_pestat] mean and std.dev: (2421.62, 2800.54)
[M::mem_pestat] low and high boundaries for proper pairs: (1, 14075)
[M::mem_pestat] analyzing insert size distribution for orientation RR...
[M::mem_pestat] (25, 50, 75) percentile: (172, 562, 1449)
[M::mem_pestat] low and high boundaries for computing mean and std.dev: (1, 4003)
[M::mem_pestat] mean and std.dev: (794.65, 688.02)
[M::mem_pestat] low and high boundaries for proper pairs: (1, 5280)
[M::mem_pestat] skip orientation FF
[M::mem_pestat] skip orientation RF
[M::mem_pestat] skip orientation RR
[M::process] read 1066668 sequences (160000200 bp)...
[M::mem_process_seqs] Processed 1066668 reads in 796.683 CPU sec, 51.403 real sec
[M::mem_pestat] # candidate unique pairs for (FF, FR, RF, RR): (51, 223957, 81, 33)
[M::mem_pestat] analyzing insert size distribution for orientation FF...
[M::mem_pestat] (25, 50, 75) percentile: (254, 550, 3010)
[M::mem_pestat] low and high boundaries for computing mean and std.dev: (1, 8522)
[M::mem_pestat] mean and std.dev: (1717.63, 2239.51)
[M::mem_pestat] low and high boundaries for proper pairs: (1, 11278)
[M::mem_pestat] analyzing insert size distribution for orientation FR...
[M::mem_pestat] (25, 50, 75) percentile: (281, 370, 478)
[M::mem_pestat] low and high boundaries for computing mean and std.dev: (1, 872)
[M::mem_pestat] mean and std.dev: (379.68, 147.47)
[M::mem_pestat] low and high boundaries for proper pairs: (1, 1069)
[M::mem_pestat] analyzing insert size distribution for orientation RF...
[M::mem_pestat] (25, 50, 75) percentile: (122, 1066, 4473)
[M::mem_pestat] low and high boundaries for computing mean and std.dev: (1, 13175)
[M::mem_pestat] mean and std.dev: (2609.77, 3098.58)
[M::mem_pestat] low and high boundaries for proper pairs: (1, 17526)
[M::mem_pestat] analyzing insert size distribution for orientation RR...
[M::mem_pestat] (25, 50, 75) percentile: (270, 425, 1385)
[M::mem_pestat] low and high boundaries for computing mean and std.dev: (1, 3615)
[M::mem_pestat] mean and std.dev: (760.87, 754.50)
[M::mem_pestat] low and high boundaries for proper pairs: (1, 4730)
[M::mem_pestat] skip orientation FF
[M::mem_pestat] skip orientation RF
[M::mem_pestat] skip orientation RR
[M::process] read 1066668 sequences (160000200 bp)...
[M::mem_process_seqs] Processed 1066668 reads in 801.946 CPU sec, 51.698 real sec
[M::mem_pestat] # candidate unique pairs for (FF, FR, RF, RR): (51, 224228, 85, 39)
[M::mem_pestat] analyzing insert size distribution for orientation FF...
[M::mem_pestat] (25, 50, 75) percentile: (260, 354, 712)
[M::mem_pestat] low and high boundaries for computing mean and std.dev: (1, 1616)
[M::mem_pestat] mean and std.dev: (436.82, 312.37)
[M::mem_pestat] low and high boundaries for proper pairs: (1, 2068)
[M::mem_pestat] analyzing insert size distribution for orientation FR...
[M::mem_pestat] (25, 50, 75) percentile: (281, 370, 476)
[M::mem_pestat] low and high boundaries for computing mean and std.dev: (1, 866)
[M::mem_pestat] mean and std.dev: (378.74, 146.33)
[M::mem_pestat] low and high boundaries for proper pairs: (1, 1061)
[M::mem_pestat] analyzing insert size distribution for orientation RF...
[M::mem_pestat] (25, 50, 75) percentile: (528, 2451, 6697)
[M::mem_pestat] low and high boundaries for computing mean and std.dev: (1, 19035)
[M::mem_pestat] mean and std.dev: (3548.69, 3376.52)
[M::mem_pestat] low and high boundaries for proper pairs: (1, 25204)
[M::mem_pestat] analyzing insert size distribution for orientation RR...
[M::mem_pestat] (25, 50, 75) percentile: (258, 573, 1156)
[M::mem_pestat] low and high boundaries for computing mean and std.dev: (1, 2952)
[M::mem_pestat] mean and std.dev: (631.26, 571.27)
[M::mem_pestat] low and high boundaries for proper pairs: (1, 3850)
[M::mem_pestat] skip orientation FF
[M::mem_pestat] skip orientation RF
[M::mem_pestat] skip orientation RR
[M::process] read 1066668 sequences (160000200 bp)...
[M::mem_process_seqs] Processed 1066668 reads in 807.592 CPU sec, 52.042 real sec
[M::mem_pestat] # candidate unique pairs for (FF, FR, RF, RR): (28, 223945, 91, 38)
[M::mem_pestat] analyzing insert size distribution for orientation FF...
[M::mem_pestat] (25, 50, 75) percentile: (246, 815, 1351)
[M::mem_pestat] low and high boundaries for computing mean and std.dev: (1, 3561)
[M::mem_pestat] mean and std.dev: (715.08, 585.51)
[M::mem_pestat] low and high boundaries for proper pairs: (1, 4666)
[M::mem_pestat] analyzing insert size distribution for orientation FR...
[M::mem_pestat] (25, 50, 75) percentile: (280, 368, 472)
[M::mem_pestat] low and high boundaries for computing mean and std.dev: (1, 856)
[M::mem_pestat] mean and std.dev: (377.21, 144.71)
[M::mem_pestat] low and high boundaries for proper pairs: (1, 1048)
[M::mem_pestat] analyzing insert size distribution for orientation RF...
[M::mem_pestat] (25, 50, 75) percentile: (513, 1334, 6022)
[M::mem_pestat] low and high boundaries for computing mean and std.dev: (1, 17040)
[M::mem_pestat] mean and std.dev: (3056.02, 3170.68)
[M::mem_pestat] low and high boundaries for proper pairs: (1, 22549)
[M::mem_pestat] analyzing insert size distribution for orientation RR...
[M::mem_pestat] (25, 50, 75) percentile: (229, 501, 1501)
[M::mem_pestat] low and high boundaries for computing mean and std.dev: (1, 4045)
[M::mem_pestat] mean and std.dev: (737.62, 801.88)
[M::mem_pestat] low and high boundaries for proper pairs: (1, 5317)
[M::mem_pestat] skip orientation FF
[M::mem_pestat] skip orientation RF
[M::mem_pestat] skip orientation RR
[M::process] read 1066668 sequences (160000200 bp)...
[M::mem_process_seqs] Processed 1066668 reads in 809.416 CPU sec, 52.197 real sec
[M::mem_pestat] # candidate unique pairs for (FF, FR, RF, RR): (22, 222587, 79, 30)
[M::mem_pestat] analyzing insert size distribution for orientation FF...
[M::mem_pestat] (25, 50, 75) percentile: (207, 405, 977)
[M::mem_pestat] low and high boundaries for computing mean and std.dev: (1, 2517)
[M::mem_pestat] mean and std.dev: (438.68, 312.35)
[M::mem_pestat] low and high boundaries for proper pairs: (1, 3287)
[M::mem_pestat] analyzing insert size distribution for orientation FR...
[M::mem_pestat] (25, 50, 75) percentile: (277, 364, 470)
[M::mem_pestat] low and high boundaries for computing mean and std.dev: (1, 856)
[M::mem_pestat] mean and std.dev: (374.62, 145.30)
[M::mem_pestat] low and high boundaries for proper pairs: (1, 1049)
[M::mem_pestat] analyzing insert size distribution for orientation RF...
[M::mem_pestat] (25, 50, 75) percentile: (437, 1928, 5872)
[M::mem_pestat] low and high boundaries for computing mean and std.dev: (1, 16742)
[M::mem_pestat] mean and std.dev: (3175.47, 3096.67)
[M::mem_pestat] low and high boundaries for proper pairs: (1, 22177)
[M::mem_pestat] analyzing insert size distribution for orientation RR...
[M::mem_pestat] (25, 50, 75) percentile: (286, 483, 931)
[M::mem_pestat] low and high boundaries for computing mean and std.dev: (1, 2221)
[M::mem_pestat] mean and std.dev: (559.15, 467.20)
[M::mem_pestat] low and high boundaries for proper pairs: (1, 2866)
[M::mem_pestat] skip orientation FF
[M::mem_pestat] skip orientation RF
[M::mem_pestat] skip orientation RR
[M::process] read 1066668 sequences (160000200 bp)...
[M::mem_process_seqs] Processed 1066668 reads in 820.752 CPU sec, 52.924 real sec
[M::mem_pestat] # candidate unique pairs for (FF, FR, RF, RR): (37, 223066, 78, 23)
[M::mem_pestat] analyzing insert size distribution for orientation FF...
[M::mem_pestat] (25, 50, 75) percentile: (331, 683, 2186)
[M::mem_pestat] low and high boundaries for computing mean and std.dev: (1, 5896)
[M::mem_pestat] mean and std.dev: (1294.49, 1362.21)
[M::mem_pestat] low and high boundaries for proper pairs: (1, 7751)
[M::mem_pestat] analyzing insert size distribution for orientation FR...
[M::mem_pestat] (25, 50, 75) percentile: (276, 362, 468)
[M::mem_pestat] low and high boundaries for computing mean and std.dev: (1, 852)
[M::mem_pestat] mean and std.dev: (372.05, 144.31)
[M::mem_pestat] low and high boundaries for proper pairs: (1, 1044)
[M::mem_pestat] analyzing insert size distribution for orientation RF...
[M::mem_pestat] (25, 50, 75) percentile: (254, 1529, 4159)
[M::mem_pestat] low and high boundaries for computing mean and std.dev: (1, 11969)
[M::mem_pestat] mean and std.dev: (2767.54, 3014.87)
[M::mem_pestat] low and high boundaries for proper pairs: (1, 15874)
[M::mem_pestat] analyzing insert size distribution for orientation RR...
[M::mem_pestat] (25, 50, 75) percentile: (250, 324, 1012)
[M::mem_pestat] low and high boundaries for computing mean and std.dev: (1, 2536)
[M::mem_pestat] mean and std.dev: (505.71, 489.25)
[M::mem_pestat] low and high boundaries for proper pairs: (1, 3298)
[M::mem_pestat] skip orientation FF
[M::mem_pestat] skip orientation RF
[M::mem_pestat] skip orientation RR
[M::process] read 1066668 sequences (160000200 bp)...
[M::mem_process_seqs] Processed 1066668 reads in 825.568 CPU sec, 53.210 real sec
[M::mem_pestat] # candidate unique pairs for (FF, FR, RF, RR): (43, 222584, 64, 23)
[M::mem_pestat] analyzing insert size distribution for orientation FF...
[M::mem_pestat] (25, 50, 75) percentile: (219, 354, 1090)
[M::mem_pestat] low and high boundaries for computing mean and std.dev: (1, 2832)
[M::mem_pestat] mean and std.dev: (528.38, 549.12)
[M::mem_pestat] low and high boundaries for proper pairs: (1, 3703)
[M::mem_pestat] analyzing insert size distribution for orientation FR...
[M::mem_pestat] (25, 50, 75) percentile: (277, 365, 469)
[M::mem_pestat] low and high boundaries for computing mean and std.dev: (1, 853)
[M::mem_pestat] mean and std.dev: (373.01, 144.79)
[M::mem_pestat] low and high boundaries for proper pairs: (1, 1045)
[M::mem_pestat] analyzing insert size distribution for orientation RF...
[M::mem_pestat] (25, 50, 75) percentile: (536, 1460, 3015)
[M::mem_pestat] low and high boundaries for computing mean and std.dev: (1, 7973)
[M::mem_pestat] mean and std.dev: (2024.07, 2088.05)
[M::mem_pestat] low and high boundaries for proper pairs: (1, 10452)
[M::mem_pestat] analyzing insert size distribution for orientation RR...
[M::mem_pestat] (25, 50, 75) percentile: (308, 367, 1314)
[M::mem_pestat] low and high boundaries for computing mean and std.dev: (1, 3326)
[M::mem_pestat] mean and std.dev: (698.36, 715.43)
[M::mem_pestat] low and high boundaries for proper pairs: (1, 4332)
[M::mem_pestat] skip orientation FF
[M::mem_pestat] skip orientation RF
[M::mem_pestat] skip orientation RR
[M::process] read 1066668 sequences (160000200 bp)...
[M::mem_process_seqs] Processed 1066668 reads in 817.811 CPU sec, 52.835 real sec
[M::mem_pestat] # candidate unique pairs for (FF, FR, RF, RR): (49, 222852, 73, 49)
[M::mem_pestat] analyzing insert size distribution for orientation FF...
[M::mem_pestat] (25, 50, 75) percentile: (313, 498, 682)
[M::mem_pestat] low and high boundaries for computing mean and std.dev: (1, 1420)
[M::mem_pestat] mean and std.dev: (422.38, 180.22)
[M::mem_pestat] low and high boundaries for proper pairs: (1, 1789)
[M::mem_pestat] analyzing insert size distribution for orientation FR...
[M::mem_pestat] (25, 50, 75) percentile: (282, 372, 479)
[M::mem_pestat] low and high boundaries for computing mean and std.dev: (1, 873)
[M::mem_pestat] mean and std.dev: (380.05, 147.27)
[M::mem_pestat] low and high boundaries for proper pairs: (1, 1070)
[M::mem_pestat] analyzing insert size distribution for orientation RF...
[M::mem_pestat] (25, 50, 75) percentile: (288, 1676, 6099)
[M::mem_pestat] low and high boundaries for computing mean and std.dev: (1, 17721)
[M::mem_pestat] mean and std.dev: (3064.99, 3291.40)
[M::mem_pestat] low and high boundaries for proper pairs: (1, 23532)
[M::mem_pestat] analyzing insert size distribution for orientation RR...
[M::mem_pestat] (25, 50, 75) percentile: (279, 601, 2912)
[M::mem_pestat] low and high boundaries for computing mean and std.dev: (1, 8178)
[M::mem_pestat] mean and std.dev: (1552.33, 1889.68)
[M::mem_pestat] low and high boundaries for proper pairs: (1, 10811)
[M::mem_pestat] skip orientation FF
[M::mem_pestat] skip orientation RF
[M::mem_pestat] skip orientation RR
[M::process] read 1066668 sequences (160000200 bp)...
[M::mem_process_seqs] Processed 1066668 reads in 799.124 CPU sec, 51.673 real sec
[M::mem_pestat] # candidate unique pairs for (FF, FR, RF, RR): (40, 223100, 72, 40)
[M::mem_pestat] analyzing insert size distribution for orientation FF...
[M::mem_pestat] (25, 50, 75) percentile: (224, 466, 820)
[M::mem_pestat] low and high boundaries for computing mean and std.dev: (1, 2012)
[M::mem_pestat] mean and std.dev: (415.76, 288.36)
[M::mem_pestat] low and high boundaries for proper pairs: (1, 2608)
[M::mem_pestat] analyzing insert size distribution for orientation FR...
[M::mem_pestat] (25, 50, 75) percentile: (276, 363, 469)
[M::mem_pestat] low and high boundaries for computing mean and std.dev: (1, 855)
[M::mem_pestat] mean and std.dev: (372.88, 144.99)
[M::mem_pestat] low and high boundaries for proper pairs: (1, 1048)
[M::mem_pestat] analyzing insert size distribution for orientation RF...
[M::mem_pestat] (25, 50, 75) percentile: (433, 1695, 5111)
[M::mem_pestat] low and high boundaries for computing mean and std.dev: (1, 14467)
[M::mem_pestat] mean and std.dev: (2972.90, 2800.39)
[M::mem_pestat] low and high boundaries for proper pairs: (1, 19145)
[M::mem_pestat] analyzing insert size distribution for orientation RR...
[M::mem_pestat] (25, 50, 75) percentile: (271, 356, 795)
[M::mem_pestat] low and high boundaries for computing mean and std.dev: (1, 1843)
[M::mem_pestat] mean and std.dev: (584.55, 521.31)
[M::mem_pestat] low and high boundaries for proper pairs: (1, 2670)
[M::mem_pestat] skip orientation FF
[M::mem_pestat] skip orientation RF
[M::mem_pestat] skip orientation RR
[M::process] read 1066668 sequences (160000200 bp)...
[M::mem_process_seqs] Processed 1066668 reads in 801.345 CPU sec, 51.778 real sec
[M::mem_pestat] # candidate unique pairs for (FF, FR, RF, RR): (35, 223607, 76, 36)
[M::mem_pestat] analyzing insert size distribution for orientation FF...
[M::mem_pestat] (25, 50, 75) percentile: (266, 448, 1736)
[M::mem_pestat] low and high boundaries for computing mean and std.dev: (1, 4676)
[M::mem_pestat] mean and std.dev: (1024.97, 1142.13)
[M::mem_pestat] low and high boundaries for proper pairs: (1, 6146)
[M::mem_pestat] analyzing insert size distribution for orientation FR...
[M::mem_pestat] (25, 50, 75) percentile: (276, 364, 470)
[M::mem_pestat] low and high boundaries for computing mean and std.dev: (1, 858)
[M::mem_pestat] mean and std.dev: (373.25, 145.58)
[M::mem_pestat] low and high boundaries for proper pairs: (1, 1052)
[M::mem_pestat] analyzing insert size distribution for orientation RF...
[M::mem_pestat] (25, 50, 75) percentile: (364, 1681, 5754)
[M::mem_pestat] low and high boundaries for computing mean and std.dev: (1, 16534)
[M::mem_pestat] mean and std.dev: (3176.13, 3199.88)
[M::mem_pestat] low and high boundaries for proper pairs: (1, 21924)
[M::mem_pestat] analyzing insert size distribution for orientation RR...
[M::mem_pestat] (25, 50, 75) percentile: (289, 517, 993)
[M::mem_pestat] low and high boundaries for computing mean and std.dev: (1, 2401)
[M::mem_pestat] mean and std.dev: (673.56, 541.27)
[M::mem_pestat] low and high boundaries for proper pairs: (1, 3105)
[M::mem_pestat] skip orientation FF
[M::mem_pestat] skip orientation RF
[M::mem_pestat] skip orientation RR
[M::process] read 1066668 sequences (160000200 bp)...
[M::mem_process_seqs] Processed 1066668 reads in 811.548 CPU sec, 52.371 real sec
[M::mem_pestat] # candidate unique pairs for (FF, FR, RF, RR): (39, 223680, 84, 21)
[M::mem_pestat] analyzing insert size distribution for orientation FF...
[M::mem_pestat] (25, 50, 75) percentile: (168, 394, 1296)
[M::mem_pestat] low and high boundaries for computing mean and std.dev: (1, 3552)
[M::mem_pestat] mean and std.dev: (599.03, 735.11)
[M::mem_pestat] low and high boundaries for proper pairs: (1, 4680)
[M::mem_pestat] analyzing insert size distribution for orientation FR...
[M::mem_pestat] (25, 50, 75) percentile: (279, 367, 474)
[M::mem_pestat] low and high boundaries for computing mean and std.dev: (1, 864)
[M::mem_pestat] mean and std.dev: (376.80, 146.26)
[M::mem_pestat] low and high boundaries for proper pairs: (1, 1059)
[M::mem_pestat] analyzing insert size distribution for orientation RF...
[M::mem_pestat] (25, 50, 75) percentile: (244, 1231, 3816)
[M::mem_pestat] low and high boundaries for computing mean and std.dev: (1, 10960)
[M::mem_pestat] mean and std.dev: (2578.48, 2942.71)
[M::mem_pestat] low and high boundaries for proper pairs: (1, 14532)
[M::mem_pestat] analyzing insert size distribution for orientation RR...
[M::mem_pestat] (25, 50, 75) percentile: (348, 759, 2226)
[M::mem_pestat] low and high boundaries for computing mean and std.dev: (1, 5982)
[M::mem_pestat] mean and std.dev: (865.89, 688.81)
[M::mem_pestat] low and high boundaries for proper pairs: (1, 7860)
[M::mem_pestat] skip orientation FF
[M::mem_pestat] skip orientation RF
[M::mem_pestat] skip orientation RR
[M::mem_process_seqs] Processed 1066668 reads in 789.398 CPU sec, 51.841 real sec
[M::process] read 1066668 sequences (160000200 bp)...
[M::mem_pestat] # candidate unique pairs for (FF, FR, RF, RR): (35, 222783, 75, 31)
[M::mem_pestat] analyzing insert size distribution for orientation FF...
[M::mem_pestat] (25, 50, 75) percentile: (459, 850, 1552)
[M::mem_pestat] low and high boundaries for computing mean and std.dev: (1, 3738)
[M::mem_pestat] mean and std.dev: (901.65, 741.04)
[M::mem_pestat] low and high boundaries for proper pairs: (1, 4831)
[M::mem_pestat] analyzing insert size distribution for orientation FR...
[M::mem_pestat] (25, 50, 75) percentile: (277, 364, 470)
[M::mem_pestat] low and high boundaries for computing mean and std.dev: (1, 856)
[M::mem_pestat] mean and std.dev: (374.14, 145.62)
[M::mem_pestat] low and high boundaries for proper pairs: (1, 1049)
[M::mem_pestat] analyzing insert size distribution for orientation RF...
[M::mem_pestat] (25, 50, 75) percentile: (304, 1915, 5986)
[M::mem_pestat] low and high boundaries for computing mean and std.dev: (1, 17350)
[M::mem_pestat] mean and std.dev: (3030.16, 3152.67)
[M::mem_pestat] low and high boundaries for proper pairs: (1, 23032)
[M::mem_pestat] analyzing insert size distribution for orientation RR...
[M::mem_pestat] (25, 50, 75) percentile: (433, 1239, 2640)
[M::mem_pestat] low and high boundaries for computing mean and std.dev: (1, 7054)
[M::mem_pestat] mean and std.dev: (1896.20, 1987.77)
[M::mem_pestat] low and high boundaries for proper pairs: (1, 9847)
[M::mem_pestat] skip orientation FF
[M::mem_pestat] skip orientation RF
[M::mem_pestat] skip orientation RR
[M::process] read 1066668 sequences (160000200 bp)...
[M::mem_process_seqs] Processed 1066668 reads in 790.449 CPU sec, 50.441 real sec
[M::mem_pestat] # candidate unique pairs for (FF, FR, RF, RR): (36, 223046, 68, 34)
[M::mem_pestat] analyzing insert size distribution for orientation FF...
[M::mem_pestat] (25, 50, 75) percentile: (305, 763, 2734)
[M::mem_pestat] low and high boundaries for computing mean and std.dev: (1, 7592)
[M::mem_pestat] mean and std.dev: (1596.14, 1856.40)
[M::mem_pestat] low and high boundaries for proper pairs: (1, 10021)
[M::mem_pestat] analyzing insert size distribution for orientation FR...
[M::mem_pestat] (25, 50, 75) percentile: (276, 364, 470)
[M::mem_pestat] low and high boundaries for computing mean and std.dev: (1, 858)
[M::mem_pestat] mean and std.dev: (374.52, 145.86)
[M::mem_pestat] low and high boundaries for proper pairs: (1, 1052)
[M::mem_pestat] analyzing insert size distribution for orientation RF...
[M::mem_pestat] (25, 50, 75) percentile: (331, 3398, 6637)
[M::mem_pestat] low and high boundaries for computing mean and std.dev: (1, 19249)
[M::mem_pestat] mean and std.dev: (3418.94, 3297.05)
[M::mem_pestat] low and high boundaries for proper pairs: (1, 25555)
[M::mem_pestat] analyzing insert size distribution for orientation RR...
[M::mem_pestat] (25, 50, 75) percentile: (401, 521, 1327)
[M::mem_pestat] low and high boundaries for computing mean and std.dev: (1, 3179)
[M::mem_pestat] mean and std.dev: (690.52, 580.74)
[M::mem_pestat] low and high boundaries for proper pairs: (1, 4105)
[M::mem_pestat] skip orientation FF
[M::mem_pestat] skip orientation RF
[M::mem_pestat] skip orientation RR
[M::process] read 1066668 sequences (160000200 bp)...
[M::mem_process_seqs] Processed 1066668 reads in 795.130 CPU sec, 51.208 real sec
[M::mem_pestat] # candidate unique pairs for (FF, FR, RF, RR): (33, 221935, 82, 34)
[M::mem_pestat] analyzing insert size distribution for orientation FF...
[M::mem_pestat] (25, 50, 75) percentile: (246, 651, 5529)
[M::mem_pestat] low and high boundaries for computing mean and std.dev: (1, 16095)
[M::mem_pestat] mean and std.dev: (2633.27, 3077.34)
[M::mem_pestat] low and high boundaries for proper pairs: (1, 21378)
[M::mem_pestat] analyzing insert size distribution for orientation FR...
[M::mem_pestat] (25, 50, 75) percentile: (277, 365, 470)
[M::mem_pestat] low and high boundaries for computing mean and std.dev: (1, 856)
[M::mem_pestat] mean and std.dev: (373.56, 145.01)
[M::mem_pestat] low and high boundaries for proper pairs: (1, 1049)
[M::mem_pestat] analyzing insert size distribution for orientation RF...
[M::mem_pestat] (25, 50, 75) percentile: (497, 1854, 3852)
[M::mem_pestat] low and high boundaries for computing mean and std.dev: (1, 10562)
[M::mem_pestat] mean and std.dev: (2472.40, 2416.20)
[M::mem_pestat] low and high boundaries for proper pairs: (1, 13917)
[M::mem_pestat] analyzing insert size distribution for orientation RR...
[M::mem_pestat] (25, 50, 75) percentile: (354, 695, 1162)
[M::mem_pestat] low and high boundaries for computing mean and std.dev: (1, 2778)
[M::mem_pestat] mean and std.dev: (737.24, 544.07)
[M::mem_pestat] low and high boundaries for proper pairs: (1, 3586)
[M::mem_pestat] skip orientation FF
[M::mem_pestat] skip orientation RF
[M::mem_pestat] skip orientation RR
[M::process] read 1066668 sequences (160000200 bp)...
[M::mem_process_seqs] Processed 1066668 reads in 801.184 CPU sec, 51.718 real sec
