/opt/ohpc/admin/lmod/lmod/init/bash: line 93: LD_LIBRARY_PATH: unbound variable
start 2026-09-27T12:50:49Z host n3432 sample=Fidalgo_Bay_8 location=Fidalgo_Bay
[M::bwa_idx_load_from_disk] read 0 ALT contigs
[M::process] read 1066668 sequences (160000200 bp)...
[M::process] read 1066668 sequences (160000200 bp)...
[M::mem_pestat] # candidate unique pairs for (FF, FR, RF, RR): (47, 222087, 60, 39)
[M::mem_pestat] analyzing insert size distribution for orientation FF...
[M::mem_pestat] (25, 50, 75) percentile: (272, 338, 909)
[M::mem_pestat] low and high boundaries for computing mean and std.dev: (1, 2183)
[M::mem_pestat] mean and std.dev: (496.55, 366.84)
[M::mem_pestat] low and high boundaries for proper pairs: (1, 2820)
[M::mem_pestat] analyzing insert size distribution for orientation FR...
[M::mem_pestat] (25, 50, 75) percentile: (268, 350, 447)
[M::mem_pestat] low and high boundaries for computing mean and std.dev: (1, 805)
[M::mem_pestat] mean and std.dev: (357.68, 135.21)
[M::mem_pestat] low and high boundaries for proper pairs: (1, 984)
[M::mem_pestat] analyzing insert size distribution for orientation RF...
[M::mem_pestat] (25, 50, 75) percentile: (125, 1125, 3270)
[M::mem_pestat] low and high boundaries for computing mean and std.dev: (1, 9560)
[M::mem_pestat] mean and std.dev: (1965.45, 2601.81)
[M::mem_pestat] low and high boundaries for proper pairs: (1, 12705)
[M::mem_pestat] analyzing insert size distribution for orientation RR...
[M::mem_pestat] (25, 50, 75) percentile: (340, 419, 1384)
[M::mem_pestat] low and high boundaries for computing mean and std.dev: (1, 3472)
[M::mem_pestat] mean and std.dev: (519.47, 429.84)
[M::mem_pestat] low and high boundaries for proper pairs: (1, 4516)
[M::mem_pestat] skip orientation FF
[M::mem_pestat] skip orientation RF
[M::mem_pestat] skip orientation RR
[M::mem_process_seqs] Processed 1066668 reads in 752.736 CPU sec, 51.102 real sec
[M::mem_pestat] # candidate unique pairs for (FF, FR, RF, RR): (38, 224291, 79, 36)
[M::mem_pestat] analyzing insert size distribution for orientation FF...
[M::mem_pestat] (25, 50, 75) percentile: (309, 473, 1244)
[M::mem_pestat] low and high boundaries for computing mean and std.dev: (1, 3114)
[M::mem_pestat] mean and std.dev: (792.44, 871.24)
[M::mem_pestat] low and high boundaries for proper pairs: (1, 4277)
[M::mem_pestat] analyzing insert size distribution for orientation FR...
[M::mem_pestat] (25, 50, 75) percentile: (273, 356, 453)
[M::mem_pestat] low and high boundaries for computing mean and std.dev: (1, 813)
[M::mem_pestat] mean and std.dev: (363.28, 136.28)
[M::mem_pestat] low and high boundaries for proper pairs: (1, 993)
[M::mem_pestat] analyzing insert size distribution for orientation RF...
[M::mem_pestat] (25, 50, 75) percentile: (469, 2004, 4836)
[M::mem_pestat] low and high boundaries for computing mean and std.dev: (1, 13570)
[M::mem_pestat] mean and std.dev: (2799.10, 2923.73)
[M::mem_pestat] low and high boundaries for proper pairs: (1, 17937)
[M::mem_pestat] analyzing insert size distribution for orientation RR...
[M::mem_pestat] (25, 50, 75) percentile: (212, 580, 1487)
[M::mem_pestat] low and high boundaries for computing mean and std.dev: (1, 4037)
[M::mem_pestat] mean and std.dev: (692.62, 768.58)
[M::mem_pestat] low and high boundaries for proper pairs: (1, 5312)
[M::mem_pestat] skip orientation FF
[M::mem_pestat] skip orientation RF
[M::mem_pestat] skip orientation RR
[M::process] read 1066668 sequences (160000200 bp)...
[M::mem_process_seqs] Processed 1066668 reads in 757.802 CPU sec, 49.126 real sec
[M::mem_pestat] # candidate unique pairs for (FF, FR, RF, RR): (41, 223520, 84, 35)
[M::mem_pestat] analyzing insert size distribution for orientation FF...
[M::mem_pestat] (25, 50, 75) percentile: (287, 452, 2245)
[M::mem_pestat] low and high boundaries for computing mean and std.dev: (1, 6161)
[M::mem_pestat] mean and std.dev: (1004.56, 1140.96)
[M::mem_pestat] low and high boundaries for proper pairs: (1, 8119)
[M::mem_pestat] analyzing insert size distribution for orientation FR...
[M::mem_pestat] (25, 50, 75) percentile: (270, 354, 454)
[M::mem_pestat] low and high boundaries for computing mean and std.dev: (1, 822)
[M::mem_pestat] mean and std.dev: (362.29, 138.09)
[M::mem_pestat] low and high boundaries for proper pairs: (1, 1006)
[M::mem_pestat] analyzing insert size distribution for orientation RF...
[M::mem_pestat] (25, 50, 75) percentile: (175, 885, 3508)
[M::mem_pestat] low and high boundaries for computing mean and std.dev: (1, 10174)
[M::mem_pestat] mean and std.dev: (2415.49, 2916.21)
[M::mem_pestat] low and high boundaries for proper pairs: (1, 14080)
[M::mem_pestat] analyzing insert size distribution for orientation RR...
[M::mem_pestat] (25, 50, 75) percentile: (219, 273, 484)
[M::mem_pestat] low and high boundaries for computing mean and std.dev: (1, 1014)
[M::mem_pestat] mean and std.dev: (281.21, 160.42)
[M::mem_pestat] low and high boundaries for proper pairs: (1, 1279)
[M::mem_pestat] skip orientation FF
[M::mem_pestat] skip orientation RF
[M::mem_pestat] skip orientation RR
[M::process] read 1066668 sequences (160000200 bp)...
[M::mem_process_seqs] Processed 1066668 reads in 765.460 CPU sec, 49.489 real sec
[M::mem_pestat] # candidate unique pairs for (FF, FR, RF, RR): (26, 223087, 60, 34)
[M::mem_pestat] analyzing insert size distribution for orientation FF...
[M::mem_pestat] (25, 50, 75) percentile: (368, 626, 1405)
[M::mem_pestat] low and high boundaries for computing mean and std.dev: (1, 3479)
[M::mem_pestat] mean and std.dev: (752.95, 772.26)
[M::mem_pestat] low and high boundaries for proper pairs: (1, 4516)
[M::mem_pestat] analyzing insert size distribution for orientation FR...
[M::mem_pestat] (25, 50, 75) percentile: (270, 355, 457)
[M::mem_pestat] low and high boundaries for computing mean and std.dev: (1, 831)
[M::mem_pestat] mean and std.dev: (364.62, 139.63)
[M::mem_pestat] low and high boundaries for proper pairs: (1, 1018)
[M::mem_pestat] analyzing insert size distribution for orientation RF...
[M::mem_pestat] (25, 50, 75) percentile: (263, 970, 4343)
[M::mem_pestat] low and high boundaries for computing mean and std.dev: (1, 12503)
[M::mem_pestat] mean and std.dev: (2457.42, 2946.71)
[M::mem_pestat] low and high boundaries for proper pairs: (1, 16583)
[M::mem_pestat] analyzing insert size distribution for orientation RR...
[M::mem_pestat] (25, 50, 75) percentile: (252, 377, 909)
[M::mem_pestat] low and high boundaries for computing mean and std.dev: (1, 2223)
[M::mem_pestat] mean and std.dev: (444.07, 298.19)
[M::mem_pestat] low and high boundaries for proper pairs: (1, 2880)
[M::mem_pestat] skip orientation FF
[M::mem_pestat] skip orientation RF
[M::mem_pestat] skip orientation RR
[M::process] read 1066668 sequences (160000200 bp)...
[M::mem_process_seqs] Processed 1066668 reads in 769.224 CPU sec, 49.756 real sec
[M::mem_pestat] # candidate unique pairs for (FF, FR, RF, RR): (37, 223378, 74, 40)
[M::mem_pestat] analyzing insert size distribution for orientation FF...
[M::mem_pestat] (25, 50, 75) percentile: (216, 464, 4805)
[M::mem_pestat] low and high boundaries for computing mean and std.dev: (1, 13983)
[M::mem_pestat] mean and std.dev: (2030.16, 2292.62)
[M::mem_pestat] low and high boundaries for proper pairs: (1, 18572)
[M::mem_pestat] analyzing insert size distribution for orientation FR...
[M::mem_pestat] (25, 50, 75) percentile: (270, 353, 453)
[M::mem_pestat] low and high boundaries for computing mean and std.dev: (1, 819)
[M::mem_pestat] mean and std.dev: (362.02, 137.78)
[M::mem_pestat] low and high boundaries for proper pairs: (1, 1002)
[M::mem_pestat] analyzing insert size distribution for orientation RF...
[M::mem_pestat] (25, 50, 75) percentile: (363, 3048, 6693)
[M::mem_pestat] low and high boundaries for computing mean and std.dev: (1, 19353)
[M::mem_pestat] mean and std.dev: (3788.78, 3462.02)
[M::mem_pestat] low and high boundaries for proper pairs: (1, 25683)
[M::mem_pestat] analyzing insert size distribution for orientation RR...
[M::mem_pestat] (25, 50, 75) percentile: (319, 493, 1003)
[M::mem_pestat] low and high boundaries for computing mean and std.dev: (1, 2371)
[M::mem_pestat] mean and std.dev: (620.78, 507.09)
[M::mem_pestat] low and high boundaries for proper pairs: (1, 3055)
[M::mem_pestat] skip orientation FF
[M::mem_pestat] skip orientation RF
[M::mem_pestat] skip orientation RR
[M::process] read 1066668 sequences (160000200 bp)...
[M::mem_process_seqs] Processed 1066668 reads in 773.168 CPU sec, 50.034 real sec
[M::mem_pestat] # candidate unique pairs for (FF, FR, RF, RR): (42, 223828, 66, 31)
[M::mem_pestat] analyzing insert size distribution for orientation FF...
[M::mem_pestat] (25, 50, 75) percentile: (215, 546, 1210)
[M::mem_pestat] low and high boundaries for computing mean and std.dev: (1, 3200)
[M::mem_pestat] mean and std.dev: (618.78, 500.13)
[M::mem_pestat] low and high boundaries for proper pairs: (1, 4195)
[M::mem_pestat] analyzing insert size distribution for orientation FR...
[M::mem_pestat] (25, 50, 75) percentile: (269, 351, 451)
[M::mem_pestat] low and high boundaries for computing mean and std.dev: (1, 815)
[M::mem_pestat] mean and std.dev: (360.32, 136.91)
[M::mem_pestat] low and high boundaries for proper pairs: (1, 997)
[M::mem_pestat] analyzing insert size distribution for orientation RF...
[M::mem_pestat] (25, 50, 75) percentile: (412, 1505, 4611)
[M::mem_pestat] low and high boundaries for computing mean and std.dev: (1, 13009)
[M::mem_pestat] mean and std.dev: (2636.58, 2770.15)
[M::mem_pestat] low and high boundaries for proper pairs: (1, 17208)
[M::mem_pestat] analyzing insert size distribution for orientation RR...
[M::mem_pestat] (25, 50, 75) percentile: (250, 527, 909)
[M::mem_pestat] low and high boundaries for computing mean and std.dev: (1, 2227)
[M::mem_pestat] mean and std.dev: (468.68, 253.02)
[M::mem_pestat] low and high boundaries for proper pairs: (1, 2886)
[M::mem_pestat] skip orientation FF
[M::mem_pestat] skip orientation RF
[M::mem_pestat] skip orientation RR
[M::process] read 1066668 sequences (160000200 bp)...
[M::mem_process_seqs] Processed 1066668 reads in 793.248 CPU sec, 51.634 real sec
[M::mem_pestat] # candidate unique pairs for (FF, FR, RF, RR): (30, 222362, 76, 40)
[M::mem_pestat] analyzing insert size distribution for orientation FF...
[M::mem_pestat] (25, 50, 75) percentile: (247, 417, 1467)
[M::mem_pestat] low and high boundaries for computing mean and std.dev: (1, 3907)
[M::mem_pestat] mean and std.dev: (554.08, 564.64)
[M::mem_pestat] low and high boundaries for proper pairs: (1, 5127)
[M::mem_pestat] analyzing insert size distribution for orientation FR...
[M::mem_pestat] (25, 50, 75) percentile: (265, 347, 445)
[M::mem_pestat] low and high boundaries for computing mean and std.dev: (1, 805)
[M::mem_pestat] mean and std.dev: (355.86, 136.08)
[M::mem_pestat] low and high boundaries for proper pairs: (1, 985)
[M::mem_pestat] analyzing insert size distribution for orientation RF...
[M::mem_pestat] (25, 50, 75) percentile: (245, 1083, 4635)
[M::mem_pestat] low and high boundaries for computing mean and std.dev: (1, 13415)
[M::mem_pestat] mean and std.dev: (2757.46, 3284.41)
[M::mem_pestat] low and high boundaries for proper pairs: (1, 17805)
[M::mem_pestat] analyzing insert size distribution for orientation RR...
[M::mem_pestat] (25, 50, 75) percentile: (240, 436, 1347)
[M::mem_pestat] low and high boundaries for computing mean and std.dev: (1, 3561)
[M::mem_pestat] mean and std.dev: (614.80, 509.93)
[M::mem_pestat] low and high boundaries for proper pairs: (1, 4668)
[M::mem_pestat] skip orientation FF
[M::mem_pestat] skip orientation RF
[M::mem_pestat] skip orientation RR
[M::process] read 1066668 sequences (160000200 bp)...
[M::mem_process_seqs] Processed 1066668 reads in 777.854 CPU sec, 50.452 real sec
[M::mem_pestat] # candidate unique pairs for (FF, FR, RF, RR): (37, 222847, 88, 21)
[M::mem_pestat] analyzing insert size distribution for orientation FF...
[M::mem_pestat] (25, 50, 75) percentile: (219, 323, 1399)
[M::mem_pestat] low and high boundaries for computing mean and std.dev: (1, 3759)
[M::mem_pestat] mean and std.dev: (610.60, 613.50)
[M::mem_pestat] low and high boundaries for proper pairs: (1, 4939)
[M::mem_pestat] analyzing insert size distribution for orientation FR...
[M::mem_pestat] (25, 50, 75) percentile: (266, 349, 449)
[M::mem_pestat] low and high boundaries for computing mean and std.dev: (1, 815)
[M::mem_pestat] mean and std.dev: (358.49, 137.19)
[M::mem_pestat] low and high boundaries for proper pairs: (1, 998)
[M::mem_pestat] analyzing insert size distribution for orientation RF...
[M::mem_pestat] (25, 50, 75) percentile: (386, 1435, 4646)
[M::mem_pestat] low and high boundaries for computing mean and std.dev: (1, 13166)
[M::mem_pestat] mean and std.dev: (2819.32, 3108.66)
[M::mem_pestat] low and high boundaries for proper pairs: (1, 17426)
[M::mem_pestat] analyzing insert size distribution for orientation RR...
[M::mem_pestat] (25, 50, 75) percentile: (190, 256, 527)
[M::mem_pestat] low and high boundaries for computing mean and std.dev: (1, 1201)
[M::mem_pestat] mean and std.dev: (348.95, 252.95)
[M::mem_pestat] low and high boundaries for proper pairs: (1, 1538)
[M::mem_pestat] skip orientation FF
[M::mem_pestat] skip orientation RF
[M::mem_pestat] skip orientation RR
[M::process] read 1066668 sequences (160000200 bp)...
[M::mem_process_seqs] Processed 1066668 reads in 778.869 CPU sec, 50.582 real sec
[M::mem_pestat] # candidate unique pairs for (FF, FR, RF, RR): (45, 221988, 65, 38)
[M::mem_pestat] analyzing insert size distribution for orientation FF...
[M::mem_pestat] (25, 50, 75) percentile: (283, 692, 4716)
[M::mem_pestat] low and high boundaries for computing mean and std.dev: (1, 13582)
[M::mem_pestat] mean and std.dev: (2051.78, 2097.29)
[M::mem_pestat] low and high boundaries for proper pairs: (1, 18015)
[M::mem_pestat] analyzing insert size distribution for orientation FR...
[M::mem_pestat] (25, 50, 75) percentile: (268, 353, 453)
[M::mem_pestat] low and high boundaries for computing mean and std.dev: (1, 823)
[M::mem_pestat] mean and std.dev: (361.10, 139.13)
[M::mem_pestat] low and high boundaries for proper pairs: (1, 1008)
[M::mem_pestat] analyzing insert size distribution for orientation RF...
[M::mem_pestat] (25, 50, 75) percentile: (290, 954, 2815)
[M::mem_pestat] low and high boundaries for computing mean and std.dev: (1, 7865)
[M::mem_pestat] mean and std.dev: (1691.78, 2234.01)
[M::mem_pestat] low and high boundaries for proper pairs: (1, 10628)
[M::mem_pestat] analyzing insert size distribution for orientation RR...
[M::mem_pestat] (25, 50, 75) percentile: (239, 305, 400)
[M::mem_pestat] low and high boundaries for computing mean and std.dev: (1, 722)
[M::mem_pestat] mean and std.dev: (278.44, 101.45)
[M::mem_pestat] low and high boundaries for proper pairs: (1, 883)
[M::mem_pestat] skip orientation FF
[M::mem_pestat] skip orientation RF
[M::mem_pestat] skip orientation RR
[M::process] read 1066668 sequences (160000200 bp)...
[M::mem_process_seqs] Processed 1066668 reads in 771.510 CPU sec, 50.010 real sec
[M::mem_pestat] # candidate unique pairs for (FF, FR, RF, RR): (47, 223032, 65, 32)
[M::mem_pestat] analyzing insert size distribution for orientation FF...
[M::mem_pestat] (25, 50, 75) percentile: (276, 431, 631)
[M::mem_pestat] low and high boundaries for computing mean and std.dev: (1, 1341)
[M::mem_pestat] mean and std.dev: (441.60, 270.34)
[M::mem_pestat] low and high boundaries for proper pairs: (1, 1696)
[M::mem_pestat] analyzing insert size distribution for orientation FR...
[M::mem_pestat] (25, 50, 75) percentile: (273, 359, 462)
[M::mem_pestat] low and high boundaries for computing mean and std.dev: (1, 840)
[M::mem_pestat] mean and std.dev: (367.69, 141.38)
[M::mem_pestat] low and high boundaries for proper pairs: (1, 1029)
[M::mem_pestat] analyzing insert size distribution for orientation RF...
[M::mem_pestat] (25, 50, 75) percentile: (286, 865, 4272)
[M::mem_pestat] low and high boundaries for computing mean and std.dev: (1, 12244)
[M::mem_pestat] mean and std.dev: (2235.86, 2547.47)
[M::mem_pestat] low and high boundaries for proper pairs: (1, 16230)
[M::mem_pestat] analyzing insert size distribution for orientation RR...
[M::mem_pestat] (25, 50, 75) percentile: (175, 278, 470)
[M::mem_pestat] low and high boundaries for computing mean and std.dev: (1, 1060)
[M::mem_pestat] mean and std.dev: (285.89, 228.32)
[M::mem_pestat] low and high boundaries for proper pairs: (1, 1355)
[M::mem_pestat] skip orientation FF
[M::mem_pestat] skip orientation RF
[M::mem_pestat] skip orientation RR
[M::process] read 1066668 sequences (160000200 bp)...
[M::mem_process_seqs] Processed 1066668 reads in 761.628 CPU sec, 49.223 real sec
[M::mem_pestat] # candidate unique pairs for (FF, FR, RF, RR): (32, 223460, 84, 28)
[M::mem_pestat] analyzing insert size distribution for orientation FF...
[M::mem_pestat] (25, 50, 75) percentile: (293, 550, 968)
[M::mem_pestat] low and high boundaries for computing mean and std.dev: (1, 2318)
[M::mem_pestat] mean and std.dev: (511.12, 375.56)
[M::mem_pestat] low and high boundaries for proper pairs: (1, 2993)
[M::mem_pestat] analyzing insert size distribution for orientation FR...
[M::mem_pestat] (25, 50, 75) percentile: (272, 359, 463)
[M::mem_pestat] low and high boundaries for computing mean and std.dev: (1, 845)
[M::mem_pestat] mean and std.dev: (368.16, 141.85)
[M::mem_pestat] low and high boundaries for proper pairs: (1, 1036)
[M::mem_pestat] analyzing insert size distribution for orientation RF...
[M::mem_pestat] (25, 50, 75) percentile: (257, 940, 2676)
[M::mem_pestat] low and high boundaries for computing mean and std.dev: (1, 7514)
[M::mem_pestat] mean and std.dev: (1702.20, 2115.31)
[M::mem_pestat] low and high boundaries for proper pairs: (1, 10163)
[M::mem_pestat] analyzing insert size distribution for orientation RR...
[M::mem_pestat] (25, 50, 75) percentile: (243, 564, 1683)
[M::mem_pestat] low and high boundaries for computing mean and std.dev: (1, 4563)
[M::mem_pestat] mean and std.dev: (846.21, 1111.65)
[M::mem_pestat] low and high boundaries for proper pairs: (1, 6003)
[M::mem_pestat] skip orientation FF
[M::mem_pestat] skip orientation RF
[M::mem_pestat] skip orientation RR
[M::process] read 1066668 sequences (160000200 bp)...
[M::mem_process_seqs] Processed 1066668 reads in 764.263 CPU sec, 49.452 real sec
[M::mem_pestat] # candidate unique pairs for (FF, FR, RF, RR): (21, 222943, 89, 45)
[M::mem_pestat] analyzing insert size distribution for orientation FF...
[M::mem_pestat] (25, 50, 75) percentile: (185, 258, 1373)
[M::mem_pestat] low and high boundaries for computing mean and std.dev: (1, 3749)
[M::mem_pestat] mean and std.dev: (503.33, 556.50)
[M::mem_pestat] low and high boundaries for proper pairs: (1, 4937)
[M::mem_pestat] analyzing insert size distribution for orientation FR...
[M::mem_pestat] (25, 50, 75) percentile: (269, 355, 458)
[M::mem_pestat] low and high boundaries for computing mean and std.dev: (1, 836)
[M::mem_pestat] mean and std.dev: (364.90, 140.91)
[M::mem_pestat] low and high boundaries for proper pairs: (1, 1025)
[M::mem_pestat] analyzing insert size distribution for orientation RF...
[M::mem_pestat] (25, 50, 75) percentile: (470, 1469, 3921)
[M::mem_pestat] low and high boundaries for computing mean and std.dev: (1, 10823)
[M::mem_pestat] mean and std.dev: (2513.90, 2676.35)
[M::mem_pestat] low and high boundaries for proper pairs: (1, 14274)
[M::mem_pestat] analyzing insert size distribution for orientation RR...
[M::mem_pestat] (25, 50, 75) percentile: (364, 475, 1871)
[M::mem_pestat] low and high boundaries for computing mean and std.dev: (1, 4885)
[M::mem_pestat] mean and std.dev: (853.12, 1028.55)
[M::mem_pestat] low and high boundaries for proper pairs: (1, 6392)
[M::mem_pestat] skip orientation FF
[M::mem_pestat] skip orientation RF
[M::mem_pestat] skip orientation RR
[M::process] read 1066668 sequences (160000200 bp)...
[M::mem_process_seqs] Processed 1066668 reads in 768.063 CPU sec, 49.583 real sec
[M::mem_pestat] # candidate unique pairs for (FF, FR, RF, RR): (56, 223314, 60, 33)
[M::mem_pestat] analyzing insert size distribution for orientation FF...
[M::mem_pestat] (25, 50, 75) percentile: (265, 431, 1451)
[M::mem_pestat] low and high boundaries for computing mean and std.dev: (1, 3823)
[M::mem_pestat] mean and std.dev: (727.12, 729.12)
[M::mem_pestat] low and high boundaries for proper pairs: (1, 5009)
[M::mem_pestat] analyzing insert size distribution for orientation FR...
[M::mem_pestat] (25, 50, 75) percentile: (270, 356, 457)
[M::mem_pestat] low and high boundaries for computing mean and std.dev: (1, 831)
[M::mem_pestat] mean and std.dev: (364.34, 139.44)
[M::mem_pestat] low and high boundaries for proper pairs: (1, 1018)
[M::mem_pestat] analyzing insert size distribution for orientation RF...
[M::mem_pestat] (25, 50, 75) percentile: (526, 1733, 5392)
[M::mem_pestat] low and high boundaries for computing mean and std.dev: (1, 15124)
[M::mem_pestat] mean and std.dev: (3047.58, 3139.93)
[M::mem_pestat] low and high boundaries for proper pairs: (1, 19990)
[M::mem_pestat] analyzing insert size distribution for orientation RR...
[M::mem_pestat] (25, 50, 75) percentile: (210, 394, 2420)
[M::mem_pestat] low and high boundaries for computing mean and std.dev: (1, 6840)
[M::mem_pestat] mean and std.dev: (1321.13, 1855.49)
[M::mem_pestat] low and high boundaries for proper pairs: (1, 9050)
[M::mem_pestat] skip orientation FF
[M::mem_pestat] skip orientation RF
[M::mem_pestat] skip orientation RR
[M::process] read 1066668 sequences (160000200 bp)...
[M::mem_process_seqs] Processed 1066668 reads in 769.883 CPU sec, 49.816 real sec
[M::mem_pestat] # candidate unique pairs for (FF, FR, RF, RR): (45, 223126, 57, 39)
[M::mem_pestat] analyzing insert size distribution for orientation FF...
[M::mem_pestat] (25, 50, 75) percentile: (342, 560, 1960)
[M::mem_pestat] low and high boundaries for computing mean and std.dev: (1, 5196)
[M::mem_pestat] mean and std.dev: (986.17, 982.48)
[M::mem_pestat] low and high boundaries for proper pairs: (1, 6814)
[M::mem_pestat] analyzing insert size distribution for orientation FR...
[M::mem_pestat] (25, 50, 75) percentile: (270, 355, 457)
[M::mem_pestat] low and high boundaries for computing mean and std.dev: (1, 831)
[M::mem_pestat] mean and std.dev: (364.07, 139.63)
[M::mem_pestat] low and high boundaries for proper pairs: (1, 1018)
[M::mem_pestat] analyzing insert size distribution for orientation RF...
[M::mem_pestat] (25, 50, 75) percentile: (302, 1077, 4343)
[M::mem_pestat] low and high boundaries for computing mean and std.dev: (1, 12425)
[M::mem_pestat] mean and std.dev: (2478.26, 2778.97)
[M::mem_pestat] low and high boundaries for proper pairs: (1, 16466)
[M::mem_pestat] analyzing insert size distribution for orientation RR...
[M::mem_pestat] (25, 50, 75) percentile: (348, 478, 1728)
[M::mem_pestat] low and high boundaries for computing mean and std.dev: (1, 4488)
[M::mem_pestat] mean and std.dev: (986.67, 1050.48)
[M::mem_pestat] low and high boundaries for proper pairs: (1, 5868)
[M::mem_pestat] skip orientation FF
[M::mem_pestat] skip orientation RF
[M::mem_pestat] skip orientation RR
[M::process] read 1066668 sequences (160000200 bp)...
[M::mem_process_seqs] Processed 1066668 reads in 772.786 CPU sec, 50.029 real sec
[M::mem_pestat] # candidate unique pairs for (FF, FR, RF, RR): (35, 223098, 65, 30)
[M::mem_pestat] analyzing insert size distribution for orientation FF...
[M::mem_pestat] (25, 50, 75) percentile: (262, 494, 2568)
[M::mem_pestat] low and high boundaries for computing mean and std.dev: (1, 7180)
[M::mem_pestat] mean and std.dev: (1148.18, 1533.09)
[M::mem_pestat] low and high boundaries for proper pairs: (1, 9486)
[M::mem_pestat] analyzing insert size distribution for orientation FR...
[M::mem_pestat] (25, 50, 75) percentile: (267, 351, 453)
[M::mem_pestat] low and high boundaries for computing mean and std.dev: (1, 825)
[M::mem_pestat] mean and std.dev: (360.84, 139.30)
[M::mem_pestat] low and high boundaries for proper pairs: (1, 1011)
[M::mem_pestat] analyzing insert size distribution for orientation RF...
[M::mem_pestat] (25, 50, 75) percentile: (230, 836, 4274)
[M::mem_pestat] low and high boundaries for computing mean and std.dev: (1, 12362)
[M::mem_pestat] mean and std.dev: (2399.97, 2979.56)
[M::mem_pestat] low and high boundaries for proper pairs: (1, 16406)
[M::mem_pestat] analyzing insert size distribution for orientation RR...
[M::mem_pestat] (25, 50, 75) percentile: (192, 251, 467)
[M::mem_pestat] low and high boundaries for computing mean and std.dev: (1, 1017)
[M::mem_pestat] mean and std.dev: (300.46, 154.75)
[M::mem_pestat] low and high boundaries for proper pairs: (1, 1292)
[M::mem_pestat] skip orientation FF
[M::mem_pestat] skip orientation RF
[M::mem_pestat] skip orientation RR
[M::process] read 1066668 sequences (160000200 bp)...
[M::mem_process_seqs] Processed 1066668 reads in 778.789 CPU sec, 50.350 real sec
[M::mem_pestat] # candidate unique pairs for (FF, FR, RF, RR): (36, 222334, 76, 24)
[M::mem_pestat] analyzing insert size distribution for orientation FF...
[M::mem_pestat] (25, 50, 75) percentile: (243, 403, 1322)
[M::mem_pestat] low and high boundaries for computing mean and std.dev: (1, 3480)
[M::mem_pestat] mean and std.dev: (592.10, 649.92)
[M::mem_pestat] low and high boundaries for proper pairs: (1, 4559)
[M::mem_pestat] analyzing insert size distribution for orientation FR...
[M::mem_pestat] (25, 50, 75) percentile: (265, 349, 450)
[M::mem_pestat] low and high boundaries for computing mean and std.dev: (1, 820)
[M::mem_pestat] mean and std.dev: (358.69, 138.20)
[M::mem_pestat] low and high boundaries for proper pairs: (1, 1005)
[M::mem_pestat] analyzing insert size distribution for orientation RF...
[M::mem_pestat] (25, 50, 75) percentile: (204, 1417, 5853)
[M::mem_pestat] low and high boundaries for computing mean and std.dev: (1, 17151)
[M::mem_pestat] mean and std.dev: (2871.24, 3149.50)
[M::mem_pestat] low and high boundaries for proper pairs: (1, 22800)
[M::mem_pestat] analyzing insert size distribution for orientation RR...
[M::mem_pestat] (25, 50, 75) percentile: (167, 293, 970)
[M::mem_pestat] low and high boundaries for computing mean and std.dev: (1, 2576)
[M::mem_pestat] mean and std.dev: (343.25, 292.62)
[M::mem_pestat] low and high boundaries for proper pairs: (1, 3379)
[M::mem_pestat] skip orientation FF
[M::mem_pestat] skip orientation RF
[M::mem_pestat] skip orientation RR
[M::process] read 1066668 sequences (160000200 bp)...
[M::mem_process_seqs] Processed 1066668 reads in 785.134 CPU sec, 50.804 real sec
[M::mem_pestat] # candidate unique pairs for (FF, FR, RF, RR): (32, 222175, 72, 45)
[M::mem_pestat] analyzing insert size distribution for orientation FF...
[M::mem_pestat] (25, 50, 75) percentile: (255, 360, 1364)
[M::mem_pestat] low and high boundaries for computing mean and std.dev: (1, 3582)
[M::mem_pestat] mean and std.dev: (613.32, 631.82)
[M::mem_pestat] low and high boundaries for proper pairs: (1, 4691)
[M::mem_pestat] analyzing insert size distribution for orientation FR...
[M::mem_pestat] (25, 50, 75) percentile: (263, 347, 449)
[M::mem_pestat] low and high boundaries for computing mean and std.dev: (1, 821)
[M::mem_pestat] mean and std.dev: (357.00, 138.97)
[M::mem_pestat] low and high boundaries for proper pairs: (1, 1007)
[M::mem_pestat] analyzing insert size distribution for orientation RF...
[M::mem_pestat] (25, 50, 75) percentile: (160, 1357, 3901)
[M::mem_pestat] low and high boundaries for computing mean and std.dev: (1, 11383)
[M::mem_pestat] mean and std.dev: (2413.85, 2768.74)
[M::mem_pestat] low and high boundaries for proper pairs: (1, 15124)
[M::mem_pestat] analyzing insert size distribution for orientation RR...
[M::mem_pestat] (25, 50, 75) percentile: (335, 453, 611)
[M::mem_pestat] low and high boundaries for computing mean and std.dev: (1, 1163)
[M::mem_pestat] mean and std.dev: (418.00, 218.65)
[M::mem_pestat] low and high boundaries for proper pairs: (1, 1439)
[M::mem_pestat] skip orientation FF
[M::mem_pestat] skip orientation RF
[M::mem_pestat] skip orientation RR
[M::process] read 1066668 sequences (160000200 bp)...
[M::mem_process_seqs] Processed 1066668 reads in 788.039 CPU sec, 50.960 real sec
[M::mem_pestat] # candidate unique pairs for (FF, FR, RF, RR): (35, 223198, 79, 42)
[M::mem_pestat] analyzing insert size distribution for orientation FF...
[M::mem_pestat] (25, 50, 75) percentile: (286, 606, 2550)
[M::mem_pestat] low and high boundaries for computing mean and std.dev: (1, 7078)
[M::mem_pestat] mean and std.dev: (1072.23, 1165.12)
[M::mem_pestat] low and high boundaries for proper pairs: (1, 9342)
[M::mem_pestat] analyzing insert size distribution for orientation FR...
[M::mem_pestat] (25, 50, 75) percentile: (270, 357, 461)
[M::mem_pestat] low and high boundaries for computing mean and std.dev: (1, 843)
[M::mem_pestat] mean and std.dev: (365.89, 141.97)
[M::mem_pestat] low and high boundaries for proper pairs: (1, 1034)
[M::mem_pestat] analyzing insert size distribution for orientation RF...
[M::mem_pestat] (25, 50, 75) percentile: (282, 1881, 6076)
[M::mem_pestat] low and high boundaries for computing mean and std.dev: (1, 17664)
[M::mem_pestat] mean and std.dev: (3304.13, 3321.47)
[M::mem_pestat] low and high boundaries for proper pairs: (1, 23458)
[M::mem_pestat] analyzing insert size distribution for orientation RR...
[M::mem_pestat] (25, 50, 75) percentile: (267, 834, 1276)
[M::mem_pestat] low and high boundaries for computing mean and std.dev: (1, 3294)
[M::mem_pestat] mean and std.dev: (808.87, 706.35)
[M::mem_pestat] low and high boundaries for proper pairs: (1, 4303)
[M::mem_pestat] skip orientation FF
[M::mem_pestat] skip orientation RF
[M::mem_pestat] skip orientation RR
[M::process] read 1066668 sequences (160000200 bp)...
[M::mem_process_seqs] Processed 1066668 reads in 764.338 CPU sec, 49.720 real sec
[M::mem_pestat] # candidate unique pairs for (FF, FR, RF, RR): (26, 223437, 63, 33)
[M::mem_pestat] analyzing insert size distribution for orientation FF...
[M::mem_pestat] (25, 50, 75) percentile: (302, 459, 846)
[M::mem_pestat] low and high boundaries for computing mean and std.dev: (1, 1934)
[M::mem_pestat] mean and std.dev: (540.12, 338.48)
[M::mem_pestat] low and high boundaries for proper pairs: (1, 2478)
[M::mem_pestat] analyzing insert size distribution for orientation FR...
[M::mem_pestat] (25, 50, 75) percentile: (270, 354, 455)
[M::mem_pestat] low and high boundaries for computing mean and std.dev: (1, 825)
[M::mem_pestat] mean and std.dev: (362.16, 138.41)
[M::mem_pestat] low and high boundaries for proper pairs: (1, 1010)
[M::mem_pestat] analyzing insert size distribution for orientation RF...
[M::mem_pestat] (25, 50, 75) percentile: (401, 1092, 3455)
[M::mem_pestat] low and high boundaries for computing mean and std.dev: (1, 9563)
[M::mem_pestat] mean and std.dev: (2325.15, 2653.95)
[M::mem_pestat] low and high boundaries for proper pairs: (1, 12941)
[M::mem_pestat] analyzing insert size distribution for orientation RR...
[M::mem_pestat] (25, 50, 75) percentile: (189, 284, 938)
[M::mem_pestat] low and high boundaries for computing mean and std.dev: (1, 2436)
[M::mem_pestat] mean and std.dev: (512.10, 537.94)
[M::mem_pestat] low and high boundaries for proper pairs: (1, 3185)
[M::mem_pestat] skip orientation FF
[M::mem_pestat] skip orientation RF
[M::mem_pestat] skip orientation RR
[M::mem_process_seqs] Processed 1066668 reads in 764.139 CPU sec, 50.651 real sec
[M::process] read 1066668 sequences (160000200 bp)...
[M::process] read 1066668 sequences (160000200 bp)...
[M::mem_pestat] # candidate unique pairs for (FF, FR, RF, RR): (41, 222088, 100, 39)
[M::mem_pestat] analyzing insert size distribution for orientation FF...
[M::mem_pestat] (25, 50, 75) percentile: (235, 322, 730)
[M::mem_pestat] low and high boundaries for computing mean and std.dev: (1, 1720)
[M::mem_pestat] mean and std.dev: (405.91, 340.48)
[M::mem_pestat] low and high boundaries for proper pairs: (1, 2215)
[M::mem_pestat] analyzing insert size distribution for orientation FR...
[M::mem_pestat] (25, 50, 75) percentile: (267, 352, 454)
[M::mem_pestat] low and high boundaries for computing mean and std.dev: (1, 828)
[M::mem_pestat] mean and std.dev: (361.16, 140.66)
[M::mem_pestat] low and high boundaries for proper pairs: (1, 1015)
[M::mem_pestat] analyzing insert size distribution for orientation RF...
[M::mem_pestat] (25, 50, 75) percentile: (539, 1296, 3713)
[M::mem_pestat] low and high boundaries for computing mean and std.dev: (1, 10061)
[M::mem_pestat] mean and std.dev: (2289.98, 2451.42)
[M::mem_pestat] low and high boundaries for proper pairs: (1, 13235)
[M::mem_pestat] analyzing insert size distribution for orientation RR...
[M::mem_pestat] (25, 50, 75) percentile: (273, 445, 2454)
[M::mem_pestat] low and high boundaries for computing mean and std.dev: (1, 6816)
[M::mem_pestat] mean and std.dev: (1421.51, 1457.95)
[M::mem_pestat] low and high boundaries for proper pairs: (1, 8997)
[M::mem_pestat] skip orientation FF
[M::mem_pestat] skip orientation RF
[M::mem_pestat] skip orientation RR
[M::mem_process_seqs] Processed 1066668 reads in 778.186 CPU sec, 49.914 real sec
[M::mem_pestat] # candidate unique pairs for (FF, FR, RF, RR): (45, 223513, 75, 43)
[M::mem_pestat] analyzing insert size distribution for orientation FF...
[M::mem_pestat] (25, 50, 75) percentile: (195, 470, 1343)
[M::mem_pestat] low and high boundaries for computing mean and std.dev: (1, 3639)
[M::mem_pestat] mean and std.dev: (717.48, 782.68)
[M::mem_pestat] low and high boundaries for proper pairs: (1, 4787)
[M::mem_pestat] analyzing insert size distribution for orientation FR...
[M::mem_pestat] (25, 50, 75) percentile: (265, 349, 451)
[M::mem_pestat] low and high boundaries for computing mean and std.dev: (1, 823)
[M::mem_pestat] mean and std.dev: (359.10, 139.43)
[M::mem_pestat] low and high boundaries for proper pairs: (1, 1009)
[M::mem_pestat] analyzing insert size distribution for orientation RF...
[M::mem_pestat] (25, 50, 75) percentile: (484, 1289, 5804)
[M::mem_pestat] low and high boundaries for computing mean and std.dev: (1, 16444)
[M::mem_pestat] mean and std.dev: (2896.99, 3011.00)
[M::mem_pestat] low and high boundaries for proper pairs: (1, 21764)
[M::mem_pestat] analyzing insert size distribution for orientation RR...
[M::mem_pestat] (25, 50, 75) percentile: (273, 390, 807)
[M::mem_pestat] low and high boundaries for computing mean and std.dev: (1, 1875)
[M::mem_pestat] mean and std.dev: (504.77, 360.45)
[M::mem_pestat] low and high boundaries for proper pairs: (1, 2409)
[M::mem_pestat] skip orientation FF
[M::mem_pestat] skip orientation RF
[M::mem_pestat] skip orientation RR
[M::process] read 1066668 sequences (160000200 bp)...
[M::mem_process_seqs] Processed 1066668 reads in 770.313 CPU sec, 49.830 real sec
[M::mem_pestat] # candidate unique pairs for (FF, FR, RF, RR): (30, 223122, 86, 28)
[M::mem_pestat] analyzing insert size distribution for orientation FF...
[M::mem_pestat] (25, 50, 75) percentile: (194, 404, 523)
[M::mem_pestat] low and high boundaries for computing mean and std.dev: (1, 1181)
[M::mem_pestat] mean and std.dev: (335.88, 163.18)
[M::mem_pestat] low and high boundaries for proper pairs: (1, 1510)
[M::mem_pestat] analyzing insert size distribution for orientation FR...
[M::mem_pestat] (25, 50, 75) percentile: (269, 353, 457)
[M::mem_pestat] low and high boundaries for computing mean and std.dev: (1, 833)
[M::mem_pestat] mean and std.dev: (364.00, 140.99)
[M::mem_pestat] low and high boundaries for proper pairs: (1, 1021)
[M::mem_pestat] analyzing insert size distribution for orientation RF...
[M::mem_pestat] (25, 50, 75) percentile: (328, 1232, 4423)
[M::mem_pestat] low and high boundaries for computing mean and std.dev: (1, 12613)
[M::mem_pestat] mean and std.dev: (2816.02, 3243.49)
[M::mem_pestat] low and high boundaries for proper pairs: (1, 16708)
[M::mem_pestat] analyzing insert size distribution for orientation RR...
[M::mem_pestat] (25, 50, 75) percentile: (333, 632, 1487)
[M::mem_pestat] low and high boundaries for computing mean and std.dev: (1, 3795)
[M::mem_pestat] mean and std.dev: (719.96, 667.36)
[M::mem_pestat] low and high boundaries for proper pairs: (1, 4949)
[M::mem_pestat] skip orientation FF
[M::mem_pestat] skip orientation RF
[M::mem_pestat] skip orientation RR
[M::process] read 1066668 sequences (160000200 bp)...
[M::mem_process_seqs] Processed 1066668 reads in 776.190 CPU sec, 50.257 real sec
[M::mem_pestat] # candidate unique pairs for (FF, FR, RF, RR): (53, 222712, 72, 33)
[M::mem_pestat] analyzing insert size distribution for orientation FF...
[M::mem_pestat] (25, 50, 75) percentile: (223, 513, 1150)
[M::mem_pestat] low and high boundaries for computing mean and std.dev: (1, 3004)
[M::mem_pestat] mean and std.dev: (510.38, 412.70)
[M::mem_pestat] low and high boundaries for proper pairs: (1, 3931)
[M::mem_pestat] analyzing insert size distribution for orientation FR...
[M::mem_pestat] (25, 50, 75) percentile: (267, 351, 454)
[M::mem_pestat] low and high boundaries for computing mean and std.dev: (1, 828)
[M::mem_pestat] mean and std.dev: (361.41, 139.96)
[M::mem_pestat] low and high boundaries for proper pairs: (1, 1015)
[M::mem_pestat] analyzing insert size distribution for orientation RF...
[M::mem_pestat] (25, 50, 75) percentile: (151, 699, 3391)
[M::mem_pestat] low and high boundaries for computing mean and std.dev: (1, 9871)
[M::mem_pestat] mean and std.dev: (2061.38, 2785.00)
[M::mem_pestat] low and high boundaries for proper pairs: (1, 13201)
[M::mem_pestat] analyzing insert size distribution for orientation RR...
[M::mem_pestat] (25, 50, 75) percentile: (177, 430, 1411)
[M::mem_pestat] low and high boundaries for computing mean and std.dev: (1, 3879)
[M::mem_pestat] mean and std.dev: (758.32, 787.95)
[M::mem_pestat] low and high boundaries for proper pairs: (1, 5113)
[M::mem_pestat] skip orientation FF
[M::mem_pestat] skip orientation RF
[M::mem_pestat] skip orientation RR
[M::process] read 1066668 sequences (160000200 bp)...
[M::mem_process_seqs] Processed 1066668 reads in 781.468 CPU sec, 50.488 real sec
