/opt/ohpc/admin/lmod/lmod/init/bash: line 93: LD_LIBRARY_PATH: unbound variable
start 2026-09-27T12:36:24Z host n3450 sample=FB18_Wild_12 location=FB18_Wild
[M::bwa_idx_load_from_disk] read 0 ALT contigs
[M::process] read 1066668 sequences (160000200 bp)...
[M::process] read 1066668 sequences (160000200 bp)...
[M::mem_pestat] # candidate unique pairs for (FF, FR, RF, RR): (45, 227117, 66, 51)
[M::mem_pestat] analyzing insert size distribution for orientation FF...
[M::mem_pestat] (25, 50, 75) percentile: (236, 371, 1143)
[M::mem_pestat] low and high boundaries for computing mean and std.dev: (1, 2957)
[M::mem_pestat] mean and std.dev: (660.84, 628.76)
[M::mem_pestat] low and high boundaries for proper pairs: (1, 3864)
[M::mem_pestat] analyzing insert size distribution for orientation FR...
[M::mem_pestat] (25, 50, 75) percentile: (252, 331, 417)
[M::mem_pestat] low and high boundaries for computing mean and std.dev: (1, 747)
[M::mem_pestat] mean and std.dev: (334.41, 124.30)
[M::mem_pestat] low and high boundaries for proper pairs: (1, 912)
[M::mem_pestat] analyzing insert size distribution for orientation RF...
[M::mem_pestat] (25, 50, 75) percentile: (207, 582, 4905)
[M::mem_pestat] low and high boundaries for computing mean and std.dev: (1, 14301)
[M::mem_pestat] mean and std.dev: (2324.29, 3055.66)
[M::mem_pestat] low and high boundaries for proper pairs: (1, 18999)
[M::mem_pestat] analyzing insert size distribution for orientation RR...
[M::mem_pestat] (25, 50, 75) percentile: (273, 399, 1291)
[M::mem_pestat] low and high boundaries for computing mean and std.dev: (1, 3327)
[M::mem_pestat] mean and std.dev: (736.12, 672.45)
[M::mem_pestat] low and high boundaries for proper pairs: (1, 4345)
[M::mem_pestat] skip orientation FF
[M::mem_pestat] skip orientation RF
[M::mem_pestat] skip orientation RR
[M::mem_process_seqs] Processed 1066668 reads in 763.875 CPU sec, 51.165 real sec
[M::mem_pestat] # candidate unique pairs for (FF, FR, RF, RR): (32, 228422, 66, 48)
[M::mem_pestat] analyzing insert size distribution for orientation FF...
[M::mem_pestat] (25, 50, 75) percentile: (170, 400, 769)
[M::mem_pestat] low and high boundaries for computing mean and std.dev: (1, 1967)
[M::mem_pestat] mean and std.dev: (433.93, 328.32)
[M::mem_pestat] low and high boundaries for proper pairs: (1, 2566)
[M::mem_pestat] analyzing insert size distribution for orientation FR...
[M::mem_pestat] (25, 50, 75) percentile: (256, 336, 422)
[M::mem_pestat] low and high boundaries for computing mean and std.dev: (1, 754)
[M::mem_pestat] mean and std.dev: (339.41, 124.69)
[M::mem_pestat] low and high boundaries for proper pairs: (1, 920)
[M::mem_pestat] analyzing insert size distribution for orientation RF...
[M::mem_pestat] (25, 50, 75) percentile: (362, 1228, 4221)
[M::mem_pestat] low and high boundaries for computing mean and std.dev: (1, 11939)
[M::mem_pestat] mean and std.dev: (2669.59, 3035.84)
[M::mem_pestat] low and high boundaries for proper pairs: (1, 15798)
[M::mem_pestat] analyzing insert size distribution for orientation RR...
[M::mem_pestat] (25, 50, 75) percentile: (308, 549, 1432)
[M::mem_pestat] low and high boundaries for computing mean and std.dev: (1, 3680)
[M::mem_pestat] mean and std.dev: (908.26, 924.73)
[M::mem_pestat] low and high boundaries for proper pairs: (1, 4804)
[M::mem_pestat] skip orientation FF
[M::mem_pestat] skip orientation RF
[M::mem_pestat] skip orientation RR
[M::process] read 1066668 sequences (160000200 bp)...
[M::mem_process_seqs] Processed 1066668 reads in 768.600 CPU sec, 50.021 real sec
[M::mem_pestat] # candidate unique pairs for (FF, FR, RF, RR): (47, 227826, 66, 42)
[M::mem_pestat] analyzing insert size distribution for orientation FF...
[M::mem_pestat] (25, 50, 75) percentile: (348, 513, 1073)
[M::mem_pestat] low and high boundaries for computing mean and std.dev: (1, 2523)
[M::mem_pestat] mean and std.dev: (687.13, 498.79)
[M::mem_pestat] low and high boundaries for proper pairs: (1, 3248)
[M::mem_pestat] analyzing insert size distribution for orientation FR...
[M::mem_pestat] (25, 50, 75) percentile: (253, 333, 419)
[M::mem_pestat] low and high boundaries for computing mean and std.dev: (1, 751)
[M::mem_pestat] mean and std.dev: (336.82, 125.48)
[M::mem_pestat] low and high boundaries for proper pairs: (1, 917)
[M::mem_pestat] analyzing insert size distribution for orientation RF...
[M::mem_pestat] (25, 50, 75) percentile: (229, 1836, 5420)
[M::mem_pestat] low and high boundaries for computing mean and std.dev: (1, 15802)
[M::mem_pestat] mean and std.dev: (3102.00, 3205.19)
[M::mem_pestat] low and high boundaries for proper pairs: (1, 20993)
[M::mem_pestat] analyzing insert size distribution for orientation RR...
[M::mem_pestat] (25, 50, 75) percentile: (206, 274, 589)
[M::mem_pestat] low and high boundaries for computing mean and std.dev: (1, 1355)
[M::mem_pestat] mean and std.dev: (312.44, 207.81)
[M::mem_pestat] low and high boundaries for proper pairs: (1, 1738)
[M::mem_pestat] skip orientation FF
[M::mem_pestat] skip orientation RF
[M::mem_pestat] skip orientation RR
[M::process] read 1066668 sequences (160000200 bp)...
[M::mem_process_seqs] Processed 1066668 reads in 771.941 CPU sec, 49.975 real sec
[M::mem_pestat] # candidate unique pairs for (FF, FR, RF, RR): (36, 228188, 68, 34)
[M::mem_pestat] analyzing insert size distribution for orientation FF...
[M::mem_pestat] (25, 50, 75) percentile: (251, 319, 990)
[M::mem_pestat] low and high boundaries for computing mean and std.dev: (1, 2468)
[M::mem_pestat] mean and std.dev: (422.97, 346.63)
[M::mem_pestat] low and high boundaries for proper pairs: (1, 3207)
[M::mem_pestat] analyzing insert size distribution for orientation FR...
[M::mem_pestat] (25, 50, 75) percentile: (252, 331, 418)
[M::mem_pestat] low and high boundaries for computing mean and std.dev: (1, 750)
[M::mem_pestat] mean and std.dev: (335.91, 125.20)
[M::mem_pestat] low and high boundaries for proper pairs: (1, 916)
[M::mem_pestat] analyzing insert size distribution for orientation RF...
[M::mem_pestat] (25, 50, 75) percentile: (177, 937, 2491)
[M::mem_pestat] low and high boundaries for computing mean and std.dev: (1, 7119)
[M::mem_pestat] mean and std.dev: (1447.41, 1857.17)
[M::mem_pestat] low and high boundaries for proper pairs: (1, 9433)
[M::mem_pestat] analyzing insert size distribution for orientation RR...
[M::mem_pestat] (25, 50, 75) percentile: (214, 480, 1652)
[M::mem_pestat] low and high boundaries for computing mean and std.dev: (1, 4528)
[M::mem_pestat] mean and std.dev: (833.70, 934.52)
[M::mem_pestat] low and high boundaries for proper pairs: (1, 5966)
[M::mem_pestat] skip orientation FF
[M::mem_pestat] skip orientation RF
[M::mem_pestat] skip orientation RR
[M::process] read 1066668 sequences (160000200 bp)...
[M::mem_process_seqs] Processed 1066668 reads in 779.466 CPU sec, 50.355 real sec
[M::mem_pestat] # candidate unique pairs for (FF, FR, RF, RR): (41, 227854, 64, 41)
[M::mem_pestat] analyzing insert size distribution for orientation FF...
[M::mem_pestat] (25, 50, 75) percentile: (225, 315, 686)
[M::mem_pestat] low and high boundaries for computing mean and std.dev: (1, 1608)
[M::mem_pestat] mean and std.dev: (374.64, 313.02)
[M::mem_pestat] low and high boundaries for proper pairs: (1, 2069)
[M::mem_pestat] analyzing insert size distribution for orientation FR...
[M::mem_pestat] (25, 50, 75) percentile: (252, 331, 418)
[M::mem_pestat] low and high boundaries for computing mean and std.dev: (1, 750)
[M::mem_pestat] mean and std.dev: (335.62, 124.88)
[M::mem_pestat] low and high boundaries for proper pairs: (1, 916)
[M::mem_pestat] analyzing insert size distribution for orientation RF...
[M::mem_pestat] (25, 50, 75) percentile: (296, 1680, 3820)
[M::mem_pestat] low and high boundaries for computing mean and std.dev: (1, 10868)
[M::mem_pestat] mean and std.dev: (2386.19, 2591.28)
[M::mem_pestat] low and high boundaries for proper pairs: (1, 14392)
[M::mem_pestat] analyzing insert size distribution for orientation RR...
[M::mem_pestat] (25, 50, 75) percentile: (227, 429, 1158)
[M::mem_pestat] low and high boundaries for computing mean and std.dev: (1, 3020)
[M::mem_pestat] mean and std.dev: (560.66, 453.35)
[M::mem_pestat] low and high boundaries for proper pairs: (1, 3951)
[M::mem_pestat] skip orientation FF
[M::mem_pestat] skip orientation RF
[M::mem_pestat] skip orientation RR
[M::process] read 1066668 sequences (160000200 bp)...
[M::mem_process_seqs] Processed 1066668 reads in 795.257 CPU sec, 51.569 real sec
[M::mem_pestat] # candidate unique pairs for (FF, FR, RF, RR): (36, 227712, 66, 32)
[M::mem_pestat] analyzing insert size distribution for orientation FF...
[M::mem_pestat] (25, 50, 75) percentile: (194, 392, 1027)
[M::mem_pestat] low and high boundaries for computing mean and std.dev: (1, 2693)
[M::mem_pestat] mean and std.dev: (576.74, 504.58)
[M::mem_pestat] low and high boundaries for proper pairs: (1, 3526)
[M::mem_pestat] analyzing insert size distribution for orientation FR...
[M::mem_pestat] (25, 50, 75) percentile: (248, 326, 412)
[M::mem_pestat] low and high boundaries for computing mean and std.dev: (1, 740)
[M::mem_pestat] mean and std.dev: (330.76, 123.50)
[M::mem_pestat] low and high boundaries for proper pairs: (1, 904)
[M::mem_pestat] analyzing insert size distribution for orientation RF...
[M::mem_pestat] (25, 50, 75) percentile: (378, 1260, 4558)
[M::mem_pestat] low and high boundaries for computing mean and std.dev: (1, 12918)
[M::mem_pestat] mean and std.dev: (2608.73, 2936.12)
[M::mem_pestat] low and high boundaries for proper pairs: (1, 17098)
[M::mem_pestat] analyzing insert size distribution for orientation RR...
[M::mem_pestat] (25, 50, 75) percentile: (151, 326, 665)
[M::mem_pestat] low and high boundaries for computing mean and std.dev: (1, 1693)
[M::mem_pestat] mean and std.dev: (405.14, 350.02)
[M::mem_pestat] low and high boundaries for proper pairs: (1, 2207)
[M::mem_pestat] skip orientation FF
[M::mem_pestat] skip orientation RF
[M::mem_pestat] skip orientation RR
[M::process] read 1066668 sequences (160000200 bp)...
[M::mem_process_seqs] Processed 1066668 reads in 783.219 CPU sec, 50.803 real sec
[M::mem_pestat] # candidate unique pairs for (FF, FR, RF, RR): (38, 227687, 48, 39)
[M::mem_pestat] analyzing insert size distribution for orientation FF...
[M::mem_pestat] (25, 50, 75) percentile: (282, 381, 888)
[M::mem_pestat] low and high boundaries for computing mean and std.dev: (1, 2100)
[M::mem_pestat] mean and std.dev: (660.32, 566.45)
[M::mem_pestat] low and high boundaries for proper pairs: (1, 2926)
[M::mem_pestat] analyzing insert size distribution for orientation FR...
[M::mem_pestat] (25, 50, 75) percentile: (249, 327, 414)
[M::mem_pestat] low and high boundaries for computing mean and std.dev: (1, 744)
[M::mem_pestat] mean and std.dev: (332.41, 124.34)
[M::mem_pestat] low and high boundaries for proper pairs: (1, 909)
[M::mem_pestat] analyzing insert size distribution for orientation RF...
[M::mem_pestat] (25, 50, 75) percentile: (307, 1184, 4103)
[M::mem_pestat] low and high boundaries for computing mean and std.dev: (1, 11695)
[M::mem_pestat] mean and std.dev: (2300.54, 2579.81)
[M::mem_pestat] low and high boundaries for proper pairs: (1, 15491)
[M::mem_pestat] analyzing insert size distribution for orientation RR...
[M::mem_pestat] (25, 50, 75) percentile: (297, 535, 1627)
[M::mem_pestat] low and high boundaries for computing mean and std.dev: (1, 4287)
[M::mem_pestat] mean and std.dev: (772.20, 702.65)
[M::mem_pestat] low and high boundaries for proper pairs: (1, 5617)
[M::mem_pestat] skip orientation FF
[M::mem_pestat] skip orientation RF
[M::mem_pestat] skip orientation RR
[M::process] read 1066668 sequences (160000200 bp)...
[M::mem_process_seqs] Processed 1066668 reads in 780.717 CPU sec, 50.453 real sec
[M::mem_pestat] # candidate unique pairs for (FF, FR, RF, RR): (42, 227509, 71, 27)
[M::mem_pestat] analyzing insert size distribution for orientation FF...
[M::mem_pestat] (25, 50, 75) percentile: (127, 263, 534)
[M::mem_pestat] low and high boundaries for computing mean and std.dev: (1, 1348)
[M::mem_pestat] mean and std.dev: (279.57, 200.81)
[M::mem_pestat] low and high boundaries for proper pairs: (1, 1755)
[M::mem_pestat] analyzing insert size distribution for orientation FR...
[M::mem_pestat] (25, 50, 75) percentile: (251, 332, 421)
[M::mem_pestat] low and high boundaries for computing mean and std.dev: (1, 761)
[M::mem_pestat] mean and std.dev: (336.15, 127.03)
[M::mem_pestat] low and high boundaries for proper pairs: (1, 931)
[M::mem_pestat] analyzing insert size distribution for orientation RF...
[M::mem_pestat] (25, 50, 75) percentile: (438, 1239, 7743)
[M::mem_pestat] low and high boundaries for computing mean and std.dev: (1, 22353)
[M::mem_pestat] mean and std.dev: (3730.85, 3694.48)
[M::mem_pestat] low and high boundaries for proper pairs: (1, 29658)
[M::mem_pestat] analyzing insert size distribution for orientation RR...
[M::mem_pestat] (25, 50, 75) percentile: (241, 393, 804)
[M::mem_pestat] low and high boundaries for computing mean and std.dev: (1, 1930)
[M::mem_pestat] mean and std.dev: (373.45, 202.49)
[M::mem_pestat] low and high boundaries for proper pairs: (1, 2493)
[M::mem_pestat] skip orientation FF
[M::mem_pestat] skip orientation RF
[M::mem_pestat] skip orientation RR
[M::process] read 1066668 sequences (160000200 bp)...
[M::mem_process_seqs] Processed 1066668 reads in 776.735 CPU sec, 50.288 real sec
[M::mem_pestat] # candidate unique pairs for (FF, FR, RF, RR): (30, 226881, 82, 33)
[M::mem_pestat] analyzing insert size distribution for orientation FF...
[M::mem_pestat] (25, 50, 75) percentile: (248, 517, 1325)
[M::mem_pestat] low and high boundaries for computing mean and std.dev: (1, 3479)
[M::mem_pestat] mean and std.dev: (666.62, 720.59)
[M::mem_pestat] low and high boundaries for proper pairs: (1, 4556)
[M::mem_pestat] analyzing insert size distribution for orientation FR...
[M::mem_pestat] (25, 50, 75) percentile: (258, 340, 429)
[M::mem_pestat] low and high boundaries for computing mean and std.dev: (1, 771)
[M::mem_pestat] mean and std.dev: (343.85, 128.87)
[M::mem_pestat] low and high boundaries for proper pairs: (1, 942)
[M::mem_pestat] analyzing insert size distribution for orientation RF...
[M::mem_pestat] (25, 50, 75) percentile: (153, 753, 5177)
[M::mem_pestat] low and high boundaries for computing mean and std.dev: (1, 15225)
[M::mem_pestat] mean and std.dev: (2624.40, 3159.37)
[M::mem_pestat] low and high boundaries for proper pairs: (1, 20249)
[M::mem_pestat] analyzing insert size distribution for orientation RR...
[M::mem_pestat] (25, 50, 75) percentile: (275, 599, 3892)
[M::mem_pestat] low and high boundaries for computing mean and std.dev: (1, 11126)
[M::mem_pestat] mean and std.dev: (1735.76, 1896.83)
[M::mem_pestat] low and high boundaries for proper pairs: (1, 14743)
[M::mem_pestat] skip orientation FF
[M::mem_pestat] skip orientation RF
[M::mem_pestat] skip orientation RR
[M::process] read 1066668 sequences (160000200 bp)...
[M::mem_process_seqs] Processed 1066668 reads in 773.395 CPU sec, 50.039 real sec
[M::mem_pestat] # candidate unique pairs for (FF, FR, RF, RR): (36, 228680, 68, 45)
[M::mem_pestat] analyzing insert size distribution for orientation FF...
[M::mem_pestat] (25, 50, 75) percentile: (265, 409, 672)
[M::mem_pestat] low and high boundaries for computing mean and std.dev: (1, 1486)
[M::mem_pestat] mean and std.dev: (426.35, 324.58)
[M::mem_pestat] low and high boundaries for proper pairs: (1, 1893)
[M::mem_pestat] analyzing insert size distribution for orientation FR...
[M::mem_pestat] (25, 50, 75) percentile: (253, 334, 424)
[M::mem_pestat] low and high boundaries for computing mean and std.dev: (1, 766)
[M::mem_pestat] mean and std.dev: (338.96, 127.33)
[M::mem_pestat] low and high boundaries for proper pairs: (1, 937)
[M::mem_pestat] analyzing insert size distribution for orientation RF...
[M::mem_pestat] (25, 50, 75) percentile: (575, 1555, 6543)
[M::mem_pestat] low and high boundaries for computing mean and std.dev: (1, 18479)
[M::mem_pestat] mean and std.dev: (3098.99, 3121.00)
[M::mem_pestat] low and high boundaries for proper pairs: (1, 24447)
[M::mem_pestat] analyzing insert size distribution for orientation RR...
[M::mem_pestat] (25, 50, 75) percentile: (190, 367, 1206)
[M::mem_pestat] low and high boundaries for computing mean and std.dev: (1, 3238)
[M::mem_pestat] mean and std.dev: (583.27, 587.17)
[M::mem_pestat] low and high boundaries for proper pairs: (1, 4254)
[M::mem_pestat] skip orientation FF
[M::mem_pestat] skip orientation RF
[M::mem_pestat] skip orientation RR
[M::process] read 1066668 sequences (160000200 bp)...
[M::mem_process_seqs] Processed 1066668 reads in 771.314 CPU sec, 49.899 real sec
[M::mem_pestat] # candidate unique pairs for (FF, FR, RF, RR): (34, 228315, 68, 40)
[M::mem_pestat] analyzing insert size distribution for orientation FF...
[M::mem_pestat] (25, 50, 75) percentile: (220, 385, 1476)
[M::mem_pestat] low and high boundaries for computing mean and std.dev: (1, 3988)
[M::mem_pestat] mean and std.dev: (840.78, 1046.21)
[M::mem_pestat] low and high boundaries for proper pairs: (1, 5244)
[M::mem_pestat] analyzing insert size distribution for orientation FR...
[M::mem_pestat] (25, 50, 75) percentile: (253, 334, 423)
[M::mem_pestat] low and high boundaries for computing mean and std.dev: (1, 763)
[M::mem_pestat] mean and std.dev: (338.60, 127.30)
[M::mem_pestat] low and high boundaries for proper pairs: (1, 933)
[M::mem_pestat] analyzing insert size distribution for orientation RF...
[M::mem_pestat] (25, 50, 75) percentile: (362, 1730, 4101)
[M::mem_pestat] low and high boundaries for computing mean and std.dev: (1, 11579)
[M::mem_pestat] mean and std.dev: (2651.93, 2603.86)
[M::mem_pestat] low and high boundaries for proper pairs: (1, 15318)
[M::mem_pestat] analyzing insert size distribution for orientation RR...
[M::mem_pestat] (25, 50, 75) percentile: (331, 647, 1666)
[M::mem_pestat] low and high boundaries for computing mean and std.dev: (1, 4336)
[M::mem_pestat] mean and std.dev: (1036.50, 996.17)
[M::mem_pestat] low and high boundaries for proper pairs: (1, 5671)
[M::mem_pestat] skip orientation FF
[M::mem_pestat] skip orientation RF
[M::mem_pestat] skip orientation RR
[M::process] read 1066668 sequences (160000200 bp)...
[M::mem_process_seqs] Processed 1066668 reads in 777.486 CPU sec, 50.414 real sec
[M::mem_pestat] # candidate unique pairs for (FF, FR, RF, RR): (37, 228305, 90, 25)
[M::mem_pestat] analyzing insert size distribution for orientation FF...
[M::mem_pestat] (25, 50, 75) percentile: (283, 353, 1012)
[M::mem_pestat] low and high boundaries for computing mean and std.dev: (1, 2470)
[M::mem_pestat] mean and std.dev: (457.03, 396.73)
[M::mem_pestat] low and high boundaries for proper pairs: (1, 3199)
[M::mem_pestat] analyzing insert size distribution for orientation FR...
[M::mem_pestat] (25, 50, 75) percentile: (252, 332, 420)
[M::mem_pestat] low and high boundaries for computing mean and std.dev: (1, 756)
[M::mem_pestat] mean and std.dev: (336.66, 126.10)
[M::mem_pestat] low and high boundaries for proper pairs: (1, 924)
[M::mem_pestat] analyzing insert size distribution for orientation RF...
[M::mem_pestat] (25, 50, 75) percentile: (327, 942, 5285)
[M::mem_pestat] low and high boundaries for computing mean and std.dev: (1, 15201)
[M::mem_pestat] mean and std.dev: (2631.58, 3018.11)
[M::mem_pestat] low and high boundaries for proper pairs: (1, 20159)
[M::mem_pestat] analyzing insert size distribution for orientation RR...
[M::mem_pestat] (25, 50, 75) percentile: (237, 454, 1998)
[M::mem_pestat] low and high boundaries for computing mean and std.dev: (1, 5520)
[M::mem_pestat] mean and std.dev: (1078.04, 1172.63)
[M::mem_pestat] low and high boundaries for proper pairs: (1, 7281)
[M::mem_pestat] skip orientation FF
[M::mem_pestat] skip orientation RF
[M::mem_pestat] skip orientation RR
[M::process] read 1066668 sequences (160000200 bp)...
[M::mem_process_seqs] Processed 1066668 reads in 776.154 CPU sec, 50.220 real sec
[M::mem_pestat] # candidate unique pairs for (FF, FR, RF, RR): (31, 228244, 64, 27)
[M::mem_pestat] analyzing insert size distribution for orientation FF...
[M::mem_pestat] (25, 50, 75) percentile: (173, 394, 1411)
[M::mem_pestat] low and high boundaries for computing mean and std.dev: (1, 3887)
[M::mem_pestat] mean and std.dev: (619.64, 603.62)
[M::mem_pestat] low and high boundaries for proper pairs: (1, 5125)
[M::mem_pestat] analyzing insert size distribution for orientation FR...
[M::mem_pestat] (25, 50, 75) percentile: (250, 330, 418)
[M::mem_pestat] low and high boundaries for computing mean and std.dev: (1, 754)
[M::mem_pestat] mean and std.dev: (334.96, 126.06)
[M::mem_pestat] low and high boundaries for proper pairs: (1, 922)
[M::mem_pestat] analyzing insert size distribution for orientation RF...
[M::mem_pestat] (25, 50, 75) percentile: (222, 790, 3415)
[M::mem_pestat] low and high boundaries for computing mean and std.dev: (1, 9801)
[M::mem_pestat] mean and std.dev: (1795.38, 2155.45)
[M::mem_pestat] low and high boundaries for proper pairs: (1, 12994)
[M::mem_pestat] analyzing insert size distribution for orientation RR...
[M::mem_pestat] (25, 50, 75) percentile: (210, 351, 1046)
[M::mem_pestat] low and high boundaries for computing mean and std.dev: (1, 2718)
[M::mem_pestat] mean and std.dev: (502.21, 476.20)
[M::mem_pestat] low and high boundaries for proper pairs: (1, 3554)
[M::mem_pestat] skip orientation FF
[M::mem_pestat] skip orientation RF
[M::mem_pestat] skip orientation RR
[M::process] read 1066668 sequences (160000200 bp)...
[M::mem_process_seqs] Processed 1066668 reads in 780.691 CPU sec, 50.847 real sec
[M::mem_pestat] # candidate unique pairs for (FF, FR, RF, RR): (29, 227999, 67, 35)
[M::mem_pestat] analyzing insert size distribution for orientation FF...
[M::mem_pestat] (25, 50, 75) percentile: (227, 592, 1281)
[M::mem_pestat] low and high boundaries for computing mean and std.dev: (1, 3389)
[M::mem_pestat] mean and std.dev: (711.96, 606.21)
[M::mem_pestat] low and high boundaries for proper pairs: (1, 4443)
[M::mem_pestat] analyzing insert size distribution for orientation FR...
[M::mem_pestat] (25, 50, 75) percentile: (249, 328, 416)
[M::mem_pestat] low and high boundaries for computing mean and std.dev: (1, 750)
[M::mem_pestat] mean and std.dev: (333.04, 125.13)
[M::mem_pestat] low and high boundaries for proper pairs: (1, 917)
[M::mem_pestat] analyzing insert size distribution for orientation RF...
[M::mem_pestat] (25, 50, 75) percentile: (339, 782, 3174)
[M::mem_pestat] low and high boundaries for computing mean and std.dev: (1, 8844)
[M::mem_pestat] mean and std.dev: (1739.71, 2166.83)
[M::mem_pestat] low and high boundaries for proper pairs: (1, 11679)
[M::mem_pestat] analyzing insert size distribution for orientation RR...
[M::mem_pestat] (25, 50, 75) percentile: (294, 474, 1210)
[M::mem_pestat] low and high boundaries for computing mean and std.dev: (1, 3042)
[M::mem_pestat] mean and std.dev: (663.25, 559.76)
[M::mem_pestat] low and high boundaries for proper pairs: (1, 3958)
[M::mem_pestat] skip orientation FF
[M::mem_pestat] skip orientation RF
[M::mem_pestat] skip orientation RR
[M::process] read 1066668 sequences (160000200 bp)...
[M::mem_process_seqs] Processed 1066668 reads in 790.888 CPU sec, 51.130 real sec
[M::mem_pestat] # candidate unique pairs for (FF, FR, RF, RR): (45, 227261, 81, 48)
[M::mem_pestat] analyzing insert size distribution for orientation FF...
[M::mem_pestat] (25, 50, 75) percentile: (361, 626, 1349)
[M::mem_pestat] low and high boundaries for computing mean and std.dev: (1, 3325)
[M::mem_pestat] mean and std.dev: (810.67, 638.77)
[M::mem_pestat] low and high boundaries for proper pairs: (1, 4313)
[M::mem_pestat] analyzing insert size distribution for orientation FR...
[M::mem_pestat] (25, 50, 75) percentile: (248, 330, 419)
[M::mem_pestat] low and high boundaries for computing mean and std.dev: (1, 761)
[M::mem_pestat] mean and std.dev: (334.73, 127.73)
[M::mem_pestat] low and high boundaries for proper pairs: (1, 932)
[M::mem_pestat] analyzing insert size distribution for orientation RF...
[M::mem_pestat] (25, 50, 75) percentile: (183, 839, 2400)
[M::mem_pestat] low and high boundaries for computing mean and std.dev: (1, 6834)
[M::mem_pestat] mean and std.dev: (1218.24, 1391.61)
[M::mem_pestat] low and high boundaries for proper pairs: (1, 9051)
[M::mem_pestat] analyzing insert size distribution for orientation RR...
[M::mem_pestat] (25, 50, 75) percentile: (294, 600, 1315)
[M::mem_pestat] low and high boundaries for computing mean and std.dev: (1, 3357)
[M::mem_pestat] mean and std.dev: (648.22, 507.80)
[M::mem_pestat] low and high boundaries for proper pairs: (1, 4378)
[M::mem_pestat] skip orientation FF
[M::mem_pestat] skip orientation RF
[M::mem_pestat] skip orientation RR
[M::process] read 1066668 sequences (160000200 bp)...
[M::mem_process_seqs] Processed 1066668 reads in 785.959 CPU sec, 50.880 real sec
[M::mem_pestat] # candidate unique pairs for (FF, FR, RF, RR): (44, 227117, 56, 22)
[M::mem_pestat] analyzing insert size distribution for orientation FF...
[M::mem_pestat] (25, 50, 75) percentile: (244, 372, 898)
[M::mem_pestat] low and high boundaries for computing mean and std.dev: (1, 2206)
[M::mem_pestat] mean and std.dev: (562.64, 503.96)
[M::mem_pestat] low and high boundaries for proper pairs: (1, 2860)
[M::mem_pestat] analyzing insert size distribution for orientation FR...
[M::mem_pestat] (25, 50, 75) percentile: (254, 337, 426)
[M::mem_pestat] low and high boundaries for computing mean and std.dev: (1, 770)
[M::mem_pestat] mean and std.dev: (340.52, 128.67)
[M::mem_pestat] low and high boundaries for proper pairs: (1, 942)
[M::mem_pestat] analyzing insert size distribution for orientation RF...
[M::mem_pestat] (25, 50, 75) percentile: (258, 1669, 3811)
[M::mem_pestat] low and high boundaries for computing mean and std.dev: (1, 10917)
[M::mem_pestat] mean and std.dev: (2526.71, 2619.72)
[M::mem_pestat] low and high boundaries for proper pairs: (1, 14470)
[M::mem_pestat] analyzing insert size distribution for orientation RR...
[M::mem_pestat] (25, 50, 75) percentile: (206, 259, 382)
[M::mem_pestat] low and high boundaries for computing mean and std.dev: (1, 734)
[M::mem_pestat] mean and std.dev: (248.78, 102.57)
[M::mem_pestat] low and high boundaries for proper pairs: (1, 910)
[M::mem_pestat] skip orientation FF
[M::mem_pestat] skip orientation RF
[M::mem_pestat] skip orientation RR
[M::process] read 1066668 sequences (160000200 bp)...
[M::mem_process_seqs] Processed 1066668 reads in 769.019 CPU sec, 49.823 real sec
[M::mem_pestat] # candidate unique pairs for (FF, FR, RF, RR): (44, 228357, 59, 54)
[M::mem_pestat] analyzing insert size distribution for orientation FF...
[M::mem_pestat] (25, 50, 75) percentile: (193, 286, 746)
[M::mem_pestat] low and high boundaries for computing mean and std.dev: (1, 1852)
[M::mem_pestat] mean and std.dev: (492.31, 467.58)
[M::mem_pestat] low and high boundaries for proper pairs: (1, 2405)
[M::mem_pestat] analyzing insert size distribution for orientation FR...
[M::mem_pestat] (25, 50, 75) percentile: (250, 330, 418)
[M::mem_pestat] low and high boundaries for computing mean and std.dev: (1, 754)
[M::mem_pestat] mean and std.dev: (334.32, 126.04)
[M::mem_pestat] low and high boundaries for proper pairs: (1, 922)
[M::mem_pestat] analyzing insert size distribution for orientation RF...
[M::mem_pestat] (25, 50, 75) percentile: (321, 1330, 3940)
[M::mem_pestat] low and high boundaries for computing mean and std.dev: (1, 11178)
[M::mem_pestat] mean and std.dev: (2542.98, 2959.50)
[M::mem_pestat] low and high boundaries for proper pairs: (1, 14797)
[M::mem_pestat] analyzing insert size distribution for orientation RR...
[M::mem_pestat] (25, 50, 75) percentile: (171, 305, 1223)
[M::mem_pestat] low and high boundaries for computing mean and std.dev: (1, 3327)
[M::mem_pestat] mean and std.dev: (582.54, 674.76)
[M::mem_pestat] low and high boundaries for proper pairs: (1, 4379)
[M::mem_pestat] skip orientation FF
[M::mem_pestat] skip orientation RF
[M::mem_pestat] skip orientation RR
[M::process] read 1066668 sequences (160000200 bp)...
[M::mem_process_seqs] Processed 1066668 reads in 780.216 CPU sec, 50.405 real sec
[M::mem_pestat] # candidate unique pairs for (FF, FR, RF, RR): (37, 228221, 88, 29)
[M::mem_pestat] analyzing insert size distribution for orientation FF...
[M::mem_pestat] (25, 50, 75) percentile: (251, 432, 804)
[M::mem_pestat] low and high boundaries for computing mean and std.dev: (1, 1910)
[M::mem_pestat] mean and std.dev: (538.44, 405.95)
[M::mem_pestat] low and high boundaries for proper pairs: (1, 2463)
[M::mem_pestat] analyzing insert size distribution for orientation FR...
[M::mem_pestat] (25, 50, 75) percentile: (248, 329, 417)
[M::mem_pestat] low and high boundaries for computing mean and std.dev: (1, 755)
[M::mem_pestat] mean and std.dev: (333.61, 126.74)
[M::mem_pestat] low and high boundaries for proper pairs: (1, 924)
[M::mem_pestat] analyzing insert size distribution for orientation RF...
[M::mem_pestat] (25, 50, 75) percentile: (272, 913, 3331)
[M::mem_pestat] low and high boundaries for computing mean and std.dev: (1, 9449)
[M::mem_pestat] mean and std.dev: (1865.91, 2359.14)
[M::mem_pestat] low and high boundaries for proper pairs: (1, 12508)
[M::mem_pestat] analyzing insert size distribution for orientation RR...
[M::mem_pestat] (25, 50, 75) percentile: (376, 1011, 1371)
[M::mem_pestat] low and high boundaries for computing mean and std.dev: (1, 3361)
[M::mem_pestat] mean and std.dev: (833.76, 561.24)
[M::mem_pestat] low and high boundaries for proper pairs: (1, 4356)
[M::mem_pestat] skip orientation FF
[M::mem_pestat] skip orientation RF
[M::mem_pestat] skip orientation RR
[M::process] read 1066668 sequences (160000200 bp)...
[M::mem_process_seqs] Processed 1066668 reads in 780.568 CPU sec, 50.393 real sec
[M::mem_pestat] # candidate unique pairs for (FF, FR, RF, RR): (31, 228114, 74, 34)
[M::mem_pestat] analyzing insert size distribution for orientation FF...
[M::mem_pestat] (25, 50, 75) percentile: (315, 569, 1804)
[M::mem_pestat] low and high boundaries for computing mean and std.dev: (1, 4782)
[M::mem_pestat] mean and std.dev: (798.68, 789.98)
[M::mem_pestat] low and high boundaries for proper pairs: (1, 6271)
[M::mem_pestat] analyzing insert size distribution for orientation FR...
[M::mem_pestat] (25, 50, 75) percentile: (250, 331, 420)
[M::mem_pestat] low and high boundaries for computing mean and std.dev: (1, 760)
[M::mem_pestat] mean and std.dev: (336.15, 127.36)
[M::mem_pestat] low and high boundaries for proper pairs: (1, 930)
[M::mem_pestat] analyzing insert size distribution for orientation RF...
[M::mem_pestat] (25, 50, 75) percentile: (196, 1092, 5316)
[M::mem_pestat] low and high boundaries for computing mean and std.dev: (1, 15556)
[M::mem_pestat] mean and std.dev: (2985.89, 3355.94)
[M::mem_pestat] low and high boundaries for proper pairs: (1, 20676)
[M::mem_pestat] analyzing insert size distribution for orientation RR...
[M::mem_pestat] (25, 50, 75) percentile: (262, 379, 760)
[M::mem_pestat] low and high boundaries for computing mean and std.dev: (1, 1756)
[M::mem_pestat] mean and std.dev: (452.37, 368.26)
[M::mem_pestat] low and high boundaries for proper pairs: (1, 2254)
[M::mem_pestat] skip orientation FF
[M::mem_pestat] skip orientation RF
[M::mem_pestat] skip orientation RR
[M::mem_process_seqs] Processed 1066668 reads in 777.000 CPU sec, 51.108 real sec
[M::process] read 1066668 sequences (160000200 bp)...
[M::mem_pestat] # candidate unique pairs for (FF, FR, RF, RR): (30, 227585, 65, 41)
[M::mem_pestat] analyzing insert size distribution for orientation FF...
[M::mem_pestat] (25, 50, 75) percentile: (350, 446, 1102)
[M::mem_pestat] low and high boundaries for computing mean and std.dev: (1, 2606)
[M::mem_pestat] mean and std.dev: (759.23, 678.37)
[M::mem_pestat] low and high boundaries for proper pairs: (1, 3473)
[M::mem_pestat] analyzing insert size distribution for orientation FR...
[M::mem_pestat] (25, 50, 75) percentile: (248, 328, 418)
[M::mem_pestat] low and high boundaries for computing mean and std.dev: (1, 758)
[M::mem_pestat] mean and std.dev: (334.53, 127.38)
[M::mem_pestat] low and high boundaries for proper pairs: (1, 928)
[M::mem_pestat] analyzing insert size distribution for orientation RF...
[M::mem_pestat] (25, 50, 75) percentile: (190, 1503, 4159)
[M::mem_pestat] low and high boundaries for computing mean and std.dev: (1, 12097)
[M::mem_pestat] mean and std.dev: (2421.09, 2767.46)
[M::mem_pestat] low and high boundaries for proper pairs: (1, 16066)
[M::mem_pestat] analyzing insert size distribution for orientation RR...
[M::mem_pestat] (25, 50, 75) percentile: (349, 425, 1372)
[M::mem_pestat] low and high boundaries for computing mean and std.dev: (1, 3418)
[M::mem_pestat] mean and std.dev: (763.67, 789.70)
[M::mem_pestat] low and high boundaries for proper pairs: (1, 4441)
[M::mem_pestat] skip orientation FF
[M::mem_pestat] skip orientation RF
[M::mem_pestat] skip orientation RR
[M::process] read 1066668 sequences (160000200 bp)...
[M::mem_process_seqs] Processed 1066668 reads in 784.334 CPU sec, 50.149 real sec
[M::mem_pestat] # candidate unique pairs for (FF, FR, RF, RR): (30, 227831, 71, 50)
[M::mem_pestat] analyzing insert size distribution for orientation FF...
[M::mem_pestat] (25, 50, 75) percentile: (200, 394, 1820)
[M::mem_pestat] low and high boundaries for computing mean and std.dev: (1, 5060)
[M::mem_pestat] mean and std.dev: (1047.21, 1371.04)
[M::mem_pestat] low and high boundaries for proper pairs: (1, 6680)
[M::mem_pestat] analyzing insert size distribution for orientation FR...
[M::mem_pestat] (25, 50, 75) percentile: (249, 328, 417)
[M::mem_pestat] low and high boundaries for computing mean and std.dev: (1, 753)
[M::mem_pestat] mean and std.dev: (334.02, 125.92)
[M::mem_pestat] low and high boundaries for proper pairs: (1, 921)
[M::mem_pestat] analyzing insert size distribution for orientation RF...
[M::mem_pestat] (25, 50, 75) percentile: (82, 375, 2679)
[M::mem_pestat] low and high boundaries for computing mean and std.dev: (1, 7873)
[M::mem_pestat] mean and std.dev: (1428.65, 1992.92)
[M::mem_pestat] low and high boundaries for proper pairs: (1, 10470)
[M::mem_pestat] analyzing insert size distribution for orientation RR...
[M::mem_pestat] (25, 50, 75) percentile: (224, 590, 1066)
[M::mem_pestat] low and high boundaries for computing mean and std.dev: (1, 2750)
[M::mem_pestat] mean and std.dev: (584.87, 411.59)
[M::mem_pestat] low and high boundaries for proper pairs: (1, 3592)
[M::mem_pestat] skip orientation FF
[M::mem_pestat] skip orientation RF
[M::mem_pestat] skip orientation RR
[M::process] read 1066668 sequences (160000200 bp)...
[M::mem_process_seqs] Processed 1066668 reads in 776.193 CPU sec, 50.197 real sec
[M::mem_pestat] # candidate unique pairs for (FF, FR, RF, RR): (30, 227664, 59, 22)
[M::mem_pestat] analyzing insert size distribution for orientation FF...
[M::mem_pestat] (25, 50, 75) percentile: (239, 360, 952)
[M::mem_pestat] low and high boundaries for computing mean and std.dev: (1, 2378)
[M::mem_pestat] mean and std.dev: (451.19, 419.38)
[M::mem_pestat] low and high boundaries for proper pairs: (1, 3091)
[M::mem_pestat] analyzing insert size distribution for orientation FR...
[M::mem_pestat] (25, 50, 75) percentile: (249, 330, 417)
[M::mem_pestat] low and high boundaries for computing mean and std.dev: (1, 753)
[M::mem_pestat] mean and std.dev: (334.24, 125.84)
[M::mem_pestat] low and high boundaries for proper pairs: (1, 921)
[M::mem_pestat] analyzing insert size distribution for orientation RF...
[M::mem_pestat] (25, 50, 75) percentile: (339, 1298, 3729)
[M::mem_pestat] low and high boundaries for computing mean and std.dev: (1, 10509)
[M::mem_pestat] mean and std.dev: (2760.44, 3156.61)
[M::mem_pestat] low and high boundaries for proper pairs: (1, 15387)
[M::mem_pestat] analyzing insert size distribution for orientation RR...
[M::mem_pestat] (25, 50, 75) percentile: (176, 413, 1212)
[M::mem_pestat] low and high boundaries for computing mean and std.dev: (1, 3284)
[M::mem_pestat] mean and std.dev: (504.30, 446.12)
[M::mem_pestat] low and high boundaries for proper pairs: (1, 4320)
[M::mem_pestat] skip orientation FF
[M::mem_pestat] skip orientation RF
[M::mem_pestat] skip orientation RR
[M::process] read 1066668 sequences (160000200 bp)...
[M::mem_process_seqs] Processed 1066668 reads in 769.774 CPU sec, 49.858 real sec
[M::mem_pestat] # candidate unique pairs for (FF, FR, RF, RR): (52, 227624, 69, 34)
[M::mem_pestat] analyzing insert size distribution for orientation FF...
[M::mem_pestat] (25, 50, 75) percentile: (182, 401, 758)
[M::mem_pestat] low and high boundaries for computing mean and std.dev: (1, 1910)
[M::mem_pestat] mean and std.dev: (448.55, 416.93)
[M::mem_pestat] low and high boundaries for proper pairs: (1, 2486)
[M::mem_pestat] analyzing insert size distribution for orientation FR...
[M::mem_pestat] (25, 50, 75) percentile: (254, 335, 424)
[M::mem_pestat] low and high boundaries for computing mean and std.dev: (1, 764)
[M::mem_pestat] mean and std.dev: (339.29, 127.48)
[M::mem_pestat] low and high boundaries for proper pairs: (1, 934)
[M::mem_pestat] analyzing insert size distribution for orientation RF...
[M::mem_pestat] (25, 50, 75) percentile: (313, 1013, 4447)
[M::mem_pestat] low and high boundaries for computing mean and std.dev: (1, 12715)
[M::mem_pestat] mean and std.dev: (2465.43, 2850.39)
[M::mem_pestat] low and high boundaries for proper pairs: (1, 16849)
[M::mem_pestat] analyzing insert size distribution for orientation RR...
[M::mem_pestat] (25, 50, 75) percentile: (372, 524, 914)
[M::mem_pestat] low and high boundaries for computing mean and std.dev: (1, 1998)
[M::mem_pestat] mean and std.dev: (541.52, 285.05)
[M::mem_pestat] low and high boundaries for proper pairs: (1, 2540)
[M::mem_pestat] skip orientation FF
[M::mem_pestat] skip orientation RF
[M::mem_pestat] skip orientation RR
[M::process] read 1066668 sequences (160000200 bp)...
[M::mem_process_seqs] Processed 1066668 reads in 764.395 CPU sec, 49.479 real sec
[M::mem_pestat] # candidate unique pairs for (FF, FR, RF, RR): (26, 228306, 65, 42)
[M::mem_pestat] analyzing insert size distribution for orientation FF...
[M::mem_pestat] (25, 50, 75) percentile: (276, 634, 1954)
[M::mem_pestat] low and high boundaries for computing mean and std.dev: (1, 5310)
[M::mem_pestat] mean and std.dev: (916.61, 898.28)
[M::mem_pestat] low and high boundaries for proper pairs: (1, 6988)
[M::mem_pestat] analyzing insert size distribution for orientation FR...
[M::mem_pestat] (25, 50, 75) percentile: (251, 331, 418)
[M::mem_pestat] low and high boundaries for computing mean and std.dev: (1, 752)
[M::mem_pestat] mean and std.dev: (335.21, 126.15)
[M::mem_pestat] low and high boundaries for proper pairs: (1, 919)
[M::mem_pestat] analyzing insert size distribution for orientation RF...
[M::mem_pestat] (25, 50, 75) percentile: (285, 1333, 6474)
[M::mem_pestat] low and high boundaries for computing mean and std.dev: (1, 18852)
[M::mem_pestat] mean and std.dev: (3174.29, 3388.72)
[M::mem_pestat] low and high boundaries for proper pairs: (1, 25041)
[M::mem_pestat] analyzing insert size distribution for orientation RR...
[M::mem_pestat] (25, 50, 75) percentile: (257, 383, 1075)
[M::mem_pestat] low and high boundaries for computing mean and std.dev: (1, 2711)
[M::mem_pestat] mean and std.dev: (605.38, 532.33)
[M::mem_pestat] low and high boundaries for proper pairs: (1, 3529)
[M::mem_pestat] skip orientation FF
[M::mem_pestat] skip orientation RF
[M::mem_pestat] skip orientation RR
[M::process] read 1066668 sequences (160000200 bp)...
[M::mem_process_seqs] Processed 1066668 reads in 763.102 CPU sec, 49.304 real sec
[M::mem_pestat] # candidate unique pairs for (FF, FR, RF, RR): (38, 228016, 100, 34)
[M::mem_pestat] analyzing insert size distribution for orientation FF...
[M::mem_pestat] (25, 50, 75) percentile: (234, 808, 4103)
[M::mem_pestat] low and high boundaries for computing mean and std.dev: (1, 11841)
[M::mem_pestat] mean and std.dev: (2101.00, 2400.92)
[M::mem_pestat] low and high boundaries for proper pairs: (1, 15710)
[M::mem_pestat] analyzing insert size distribution for orientation FR...
[M::mem_pestat] (25, 50, 75) percentile: (252, 332, 420)
[M::mem_pestat] low and high boundaries for computing mean and std.dev: (1, 756)
[M::mem_pestat] mean and std.dev: (336.86, 126.79)
[M::mem_pestat] low and high boundaries for proper pairs: (1, 924)
[M::mem_pestat] analyzing insert size distribution for orientation RF...
[M::mem_pestat] (25, 50, 75) percentile: (219, 1230, 4599)
[M::mem_pestat] low and high boundaries for computing mean and std.dev: (1, 13359)
[M::mem_pestat] mean and std.dev: (2514.98, 2790.35)
[M::mem_pestat] low and high boundaries for proper pairs: (1, 17739)
[M::mem_pestat] analyzing insert size distribution for orientation RR...
[M::mem_pestat] (25, 50, 75) percentile: (231, 412, 738)
[M::mem_pestat] low and high boundaries for computing mean and std.dev: (1, 1752)
[M::mem_pestat] mean and std.dev: (392.50, 234.82)
[M::mem_pestat] low and high boundaries for proper pairs: (1, 2259)
[M::mem_pestat] skip orientation FF
[M::mem_pestat] skip orientation RF
[M::mem_pestat] skip orientation RR
[M::process] read 1066668 sequences (160000200 bp)...
[M::mem_process_seqs] Processed 1066668 reads in 769.215 CPU sec, 49.849 real sec
[M::mem_pestat] # candidate unique pairs for (FF, FR, RF, RR): (28, 228767, 61, 37)
[M::mem_pestat] analyzing insert size distribution for orientation FF...
[M::mem_pestat] (25, 50, 75) percentile: (170, 292, 1290)
[M::mem_pestat] low and high boundaries for computing mean and std.dev: (1, 3530)
[M::mem_pestat] mean and std.dev: (406.08, 466.46)
[M::mem_pestat] low and high boundaries for proper pairs: (1, 4650)
[M::mem_pestat] analyzing insert size distribution for orientation FR...
[M::mem_pestat] (25, 50, 75) percentile: (250, 329, 418)
[M::mem_pestat] low and high boundaries for computing mean and std.dev: (1, 754)
[M::mem_pestat] mean and std.dev: (334.49, 125.83)
[M::mem_pestat] low and high boundaries for proper pairs: (1, 922)
[M::mem_pestat] analyzing insert size distribution for orientation RF...
[M::mem_pestat] (25, 50, 75) percentile: (295, 2090, 7484)
[M::mem_pestat] low and high boundaries for computing mean and std.dev: (1, 21862)
[M::mem_pestat] mean and std.dev: (3377.03, 3571.25)
[M::mem_pestat] low and high boundaries for proper pairs: (1, 29051)
[M::mem_pestat] analyzing insert size distribution for orientation RR...
[M::mem_pestat] (25, 50, 75) percentile: (255, 374, 1105)
[M::mem_pestat] low and high boundaries for computing mean and std.dev: (1, 2805)
[M::mem_pestat] mean and std.dev: (603.28, 507.85)
[M::mem_pestat] low and high boundaries for proper pairs: (1, 3655)
[M::mem_pestat] skip orientation FF
[M::mem_pestat] skip orientation RF
[M::mem_pestat] skip orientation RR
[M::process] read 1066668 sequences (160000200 bp)...
[M::mem_process_seqs] Processed 1066668 reads in 771.483 CPU sec, 49.847 real sec
[M::mem_pestat] # candidate unique pairs for (FF, FR, RF, RR): (41, 227518, 89, 31)
[M::mem_pestat] analyzing insert size distribution for orientation FF...
[M::mem_pestat] (25, 50, 75) percentile: (202, 318, 747)
[M::mem_pestat] low and high boundaries for computing mean and std.dev: (1, 1837)
[M::mem_pestat] mean and std.dev: (493.32, 431.62)
[M::mem_pestat] low and high boundaries for proper pairs: (1, 2382)
[M::mem_pestat] analyzing insert size distribution for orientation FR...
[M::mem_pestat] (25, 50, 75) percentile: (249, 328, 418)
[M::mem_pestat] low and high boundaries for computing mean and std.dev: (1, 756)
[M::mem_pestat] mean and std.dev: (334.09, 126.57)
[M::mem_pestat] low and high boundaries for proper pairs: (1, 925)
[M::mem_pestat] analyzing insert size distribution for orientation RF...
[M::mem_pestat] (25, 50, 75) percentile: (313, 1462, 3782)
[M::mem_pestat] low and high boundaries for computing mean and std.dev: (1, 10720)
[M::mem_pestat] mean and std.dev: (2559.53, 2799.16)
[M::mem_pestat] low and high boundaries for proper pairs: (1, 14189)
[M::mem_pestat] analyzing insert size distribution for orientation RR...
[M::mem_pestat] (25, 50, 75) percentile: (180, 370, 1263)
[M::mem_pestat] low and high boundaries for computing mean and std.dev: (1, 3429)
[M::mem_pestat] mean and std.dev: (646.46, 777.75)
[M::mem_pestat] low and high boundaries for proper pairs: (1, 4512)
[M::mem_pestat] skip orientation FF
[M::mem_pestat] skip orientation RF
[M::mem_pestat] skip orientation RR
[M::process] read 1066668 sequences (160000200 bp)...
[M::mem_process_seqs] Processed 1066668 reads in 775.887 CPU sec, 50.253 real sec
[M::mem_pestat] # candidate unique pairs for (FF, FR, RF, RR): (41, 227554, 74, 47)
[M::mem_pestat] analyzing insert size distribution for orientation FF...
[M::mem_pestat] (25, 50, 75) percentile: (239, 358, 1079)
[M::mem_pestat] low and high boundaries for computing mean and std.dev: (1, 2759)
[M::mem_pestat] mean and std.dev: (453.51, 333.27)
[M::mem_pestat] low and high boundaries for proper pairs: (1, 3599)
[M::mem_pestat] analyzing insert size distribution for orientation FR...
[M::mem_pestat] (25, 50, 75) percentile: (246, 326, 415)
[M::mem_pestat] low and high boundaries for computing mean and std.dev: (1, 753)
[M::mem_pestat] mean and std.dev: (332.28, 126.35)
[M::mem_pestat] low and high boundaries for proper pairs: (1, 922)
[M::mem_pestat] analyzing insert size distribution for orientation RF...
[M::mem_pestat] (25, 50, 75) percentile: (388, 1327, 3464)
[M::mem_pestat] low and high boundaries for computing mean and std.dev: (1, 9616)
[M::mem_pestat] mean and std.dev: (2160.38, 2435.81)
[M::mem_pestat] low and high boundaries for proper pairs: (1, 12692)
[M::mem_pestat] analyzing insert size distribution for orientation RR...
[M::mem_pestat] (25, 50, 75) percentile: (182, 586, 1715)
[M::mem_pestat] low and high boundaries for computing mean and std.dev: (1, 4781)
[M::mem_pestat] mean and std.dev: (1108.80, 1385.62)
[M::mem_pestat] low and high boundaries for proper pairs: (1, 6651)
[M::mem_pestat] skip orientation FF
[M::mem_pestat] skip orientation RF
[M::mem_pestat] skip orientation RR
[M::process] read 1066668 sequences (160000200 bp)...
[M::mem_process_seqs] Processed 1066668 reads in 783.989 CPU sec, 50.815 real sec
[M::mem_pestat] # candidate unique pairs for (FF, FR, RF, RR): (33, 226394, 71, 36)
[M::mem_pestat] analyzing insert size distribution for orientation FF...
[M::mem_pestat] (25, 50, 75) percentile: (150, 431, 1169)
[M::mem_pestat] low and high boundaries for computing mean and std.dev: (1, 3207)
[M::mem_pestat] mean and std.dev: (446.61, 409.93)
[M::mem_pestat] low and high boundaries for proper pairs: (1, 4226)
[M::mem_pestat] analyzing insert size distribution for orientation FR...
[M::mem_pestat] (25, 50, 75) percentile: (252, 337, 432)
[M::mem_pestat] low and high boundaries for computing mean and std.dev: (1, 792)
[M::mem_pestat] mean and std.dev: (343.03, 132.64)
[M::mem_pestat] low and high boundaries for proper pairs: (1, 972)
[M::mem_pestat] analyzing insert size distribution for orientation RF...
[M::mem_pestat] (25, 50, 75) percentile: (192, 1149, 2990)
[M::mem_pestat] low and high boundaries for computing mean and std.dev: (1, 8586)
[M::mem_pestat] mean and std.dev: (1579.88, 1847.56)
[M::mem_pestat] low and high boundaries for proper pairs: (1, 11384)
[M::mem_pestat] analyzing insert size distribution for orientation RR...
[M::mem_pestat] (25, 50, 75) percentile: (314, 419, 742)
[M::mem_pestat] low and high boundaries for computing mean and std.dev: (1, 1598)
[M::mem_pestat] mean and std.dev: (428.84, 249.29)
[M::mem_pestat] low and high boundaries for proper pairs: (1, 2026)
[M::mem_pestat] skip orientation FF
[M::mem_pestat] skip orientation RF
[M::mem_pestat] skip orientation RR
[M::process] read 1066668 sequences (160000200 bp)...
[M::mem_process_seqs] Processed 1066668 reads in 794.973 CPU sec, 51.375 real sec
[M::mem_pestat] # candidate unique pairs for (FF, FR, RF, RR): (36, 225801, 74, 30)
[M::mem_pestat] analyzing insert size distribution for orientation FF...
[M::mem_pestat] (25, 50, 75) percentile: (301, 551, 1606)
[M::mem_pestat] low and high boundaries for computing mean and std.dev: (1, 4216)
[M::mem_pestat] mean and std.dev: (774.50, 617.25)
[M::mem_pestat] low and high boundaries for proper pairs: (1, 5521)
[M::mem_pestat] analyzing insert size distribution for orientation FR...
[M::mem_pestat] (25, 50, 75) percentile: (256, 344, 443)
[M::mem_pestat] low and high boundaries for computing mean and std.dev: (1, 817)
[M::mem_pestat] mean and std.dev: (350.15, 135.90)
[M::mem_pestat] low and high boundaries for proper pairs: (1, 1004)
[M::mem_pestat] analyzing insert size distribution for orientation RF...
[M::mem_pestat] (25, 50, 75) percentile: (225, 1345, 3657)
[M::mem_pestat] low and high boundaries for computing mean and std.dev: (1, 10521)
[M::mem_pestat] mean and std.dev: (2407.27, 2844.76)
[M::mem_pestat] low and high boundaries for proper pairs: (1, 13953)
[M::mem_pestat] analyzing insert size distribution for orientation RR...
[M::mem_pestat] (25, 50, 75) percentile: (222, 555, 1257)
[M::mem_pestat] low and high boundaries for computing mean and std.dev: (1, 3327)
[M::mem_pestat] mean and std.dev: (624.75, 511.65)
[M::mem_pestat] low and high boundaries for proper pairs: (1, 4362)
[M::mem_pestat] skip orientation FF
[M::mem_pestat] skip orientation RF
[M::mem_pestat] skip orientation RR
[M::process] read 1066668 sequences (160000200 bp)...
[M::mem_process_seqs] Processed 1066668 reads in 789.131 CPU sec, 50.993 real sec
[M::mem_pestat] # candidate unique pairs for (FF, FR, RF, RR): (60, 225426, 81, 28)
[M::mem_pestat] analyzing insert size distribution for orientation FF...
[M::mem_pestat] (25, 50, 75) percentile: (180, 325, 1306)
[M::mem_pestat] low and high boundaries for computing mean and std.dev: (1, 3558)
[M::mem_pestat] mean and std.dev: (536.15, 491.67)
[M::mem_pestat] low and high boundaries for proper pairs: (1, 4684)
[M::mem_pestat] analyzing insert size distribution for orientation FR...
[M::mem_pestat] (25, 50, 75) percentile: (251, 336, 432)
[M::mem_pestat] low and high boundaries for computing mean and std.dev: (1, 794)
[M::mem_pestat] mean and std.dev: (342.64, 133.48)
[M::mem_pestat] low and high boundaries for proper pairs: (1, 975)
[M::mem_pestat] analyzing insert size distribution for orientation RF...
[M::mem_pestat] (25, 50, 75) percentile: (415, 1161, 5194)
[M::mem_pestat] low and high boundaries for computing mean and std.dev: (1, 14752)
[M::mem_pestat] mean and std.dev: (2725.12, 3108.92)
[M::mem_pestat] low and high boundaries for proper pairs: (1, 19531)
[M::mem_pestat] analyzing insert size distribution for orientation RR...
[M::mem_pestat] (25, 50, 75) percentile: (327, 572, 1278)
[M::mem_pestat] low and high boundaries for computing mean and std.dev: (1, 3180)
[M::mem_pestat] mean and std.dev: (530.05, 314.17)
[M::mem_pestat] low and high boundaries for proper pairs: (1, 4131)
[M::mem_pestat] skip orientation FF
[M::mem_pestat] skip orientation RF
[M::mem_pestat] skip orientation RR
[M::process] read 1066668 sequences (160000200 bp)...
[M::mem_process_seqs] Processed 1066668 reads in 788.557 CPU sec, 50.906 real sec
[M::mem_pestat] # candidate unique pairs for (FF, FR, RF, RR): (37, 225222, 71, 26)
[M::mem_pestat] analyzing insert size distribution for orientation FF...
[M::mem_pestat] (25, 50, 75) percentile: (243, 401, 943)
[M::mem_pestat] low and high boundaries for computing mean and std.dev: (1, 2343)
[M::mem_pestat] mean and std.dev: (492.39, 408.48)
[M::mem_pestat] low and high boundaries for proper pairs: (1, 3043)
[M::mem_pestat] analyzing insert size distribution for orientation FR...
[M::mem_pestat] (25, 50, 75) percentile: (250, 334, 428)
[M::mem_pestat] low and high boundaries for computing mean and std.dev: (1, 784)
[M::mem_pestat] mean and std.dev: (340.15, 131.39)
[M::mem_pestat] low and high boundaries for proper pairs: (1, 962)
[M::mem_pestat] analyzing insert size distribution for orientation RF...
[M::mem_pestat] (25, 50, 75) percentile: (231, 737, 3465)
[M::mem_pestat] low and high boundaries for computing mean and std.dev: (1, 9933)
[M::mem_pestat] mean and std.dev: (2175.28, 2589.57)
[M::mem_pestat] low and high boundaries for proper pairs: (1, 13167)
[M::mem_pestat] analyzing insert size distribution for orientation RR...
[M::mem_pestat] (25, 50, 75) percentile: (232, 421, 1305)
[M::mem_pestat] low and high boundaries for computing mean and std.dev: (1, 3451)
[M::mem_pestat] mean and std.dev: (614.12, 553.56)
[M::mem_pestat] low and high boundaries for proper pairs: (1, 4524)
[M::mem_pestat] skip orientation FF
[M::mem_pestat] skip orientation RF
[M::mem_pestat] skip orientation RR
[M::process] read 1066668 sequences (160000200 bp)...
[M::mem_process_seqs] Processed 1066668 reads in 788.522 CPU sec, 50.868 real sec
[M::mem_pestat] # candidate unique pairs for (FF, FR, RF, RR): (28, 226990, 71, 42)
[M::mem_pestat] analyzing insert size distribution for orientation FF...
[M::mem_pestat] (25, 50, 75) percentile: (258, 420, 1718)
[M::mem_pestat] low and high boundaries for computing mean and std.dev: (1, 4638)
[M::mem_pestat] mean and std.dev: (771.00, 1060.23)
[M::mem_pestat] low and high boundaries for proper pairs: (1, 6098)
[M::mem_pestat] analyzing insert size distribution for orientation FR...
[M::mem_pestat] (25, 50, 75) percentile: (252, 336, 429)
[M::mem_pestat] low and high boundaries for computing mean and std.dev: (1, 783)
[M::mem_pestat] mean and std.dev: (341.83, 130.78)
[M::mem_pestat] low and high boundaries for proper pairs: (1, 960)
[M::mem_pestat] analyzing insert size distribution for orientation RF...
[M::mem_pestat] (25, 50, 75) percentile: (249, 1005, 4709)
[M::mem_pestat] low and high boundaries for computing mean and std.dev: (1, 13629)
[M::mem_pestat] mean and std.dev: (2769.85, 3144.24)
[M::mem_pestat] low and high boundaries for proper pairs: (1, 18089)
[M::mem_pestat] analyzing insert size distribution for orientation RR...
[M::mem_pestat] (25, 50, 75) percentile: (254, 475, 1518)
[M::mem_pestat] low and high boundaries for computing mean and std.dev: (1, 4046)
[M::mem_pestat] mean and std.dev: (801.32, 871.38)
[M::mem_pestat] low and high boundaries for proper pairs: (1, 5310)
[M::mem_pestat] skip orientation FF
[M::mem_pestat] skip orientation RF
[M::mem_pestat] skip orientation RR
[M::process] read 1066668 sequences (160000200 bp)...
[M::mem_process_seqs] Processed 1066668 reads in 788.089 CPU sec, 50.812 real sec
[M::mem_pestat] # candidate unique pairs for (FF, FR, RF, RR): (24, 227161, 68, 35)
[M::mem_pestat] analyzing insert size distribution for orientation FF...
[M::mem_pestat] (25, 50, 75) percentile: (161, 317, 708)
[M::mem_pestat] low and high boundaries for computing mean and std.dev: (1, 1802)
[M::mem_pestat] mean and std.dev: (430.65, 417.54)
[M::mem_pestat] low and high boundaries for proper pairs: (1, 2349)
[M::mem_pestat] analyzing insert size distribution for orientation FR...
[M::mem_pestat] (25, 50, 75) percentile: (253, 335, 427)
[M::mem_pestat] low and high boundaries for computing mean and std.dev: (1, 775)
[M::mem_pestat] mean and std.dev: (341.05, 129.68)
[M::mem_pestat] low and high boundaries for proper pairs: (1, 949)
[M::mem_pestat] analyzing insert size distribution for orientation RF...
[M::mem_pestat] (25, 50, 75) percentile: (190, 1421, 3461)
[M::mem_pestat] low and high boundaries for computing mean and std.dev: (1, 10003)
[M::mem_pestat] mean and std.dev: (2340.03, 2553.97)
[M::mem_pestat] low and high boundaries for proper pairs: (1, 13274)
[M::mem_pestat] analyzing insert size distribution for orientation RR...
[M::mem_pestat] (25, 50, 75) percentile: (258, 507, 850)
[M::mem_pestat] low and high boundaries for computing mean and std.dev: (1, 2034)
[M::mem_pestat] mean and std.dev: (487.77, 319.02)
[M::mem_pestat] low and high boundaries for proper pairs: (1, 2626)
[M::mem_pestat] skip orientation FF
[M::mem_pestat] skip orientation RF
[M::mem_pestat] skip orientation RR
[M::process] read 1066668 sequences (160000200 bp)...
[M::mem_process_seqs] Processed 1066668 reads in 789.531 CPU sec, 50.839 real sec
[M::mem_pestat] # candidate unique pairs for (FF, FR, RF, RR): (40, 227246, 62, 33)
[M::mem_pestat] analyzing insert size distribution for orientation FF...
[M::mem_pestat] (25, 50, 75) percentile: (214, 307, 1266)
[M::mem_pestat] low and high boundaries for computing mean and std.dev: (1, 3370)
[M::mem_pestat] mean and std.dev: (766.56, 945.18)
[M::mem_pestat] low and high boundaries for proper pairs: (1, 4547)
[M::mem_pestat] analyzing insert size distribution for orientation FR...
[M::mem_pestat] (25, 50, 75) percentile: (252, 334, 427)
[M::mem_pestat] low and high boundaries for computing mean and std.dev: (1, 777)
[M::mem_pestat] mean and std.dev: (340.51, 130.02)
[M::mem_pestat] low and high boundaries for proper pairs: (1, 952)
[M::mem_pestat] analyzing insert size distribution for orientation RF...
[M::mem_pestat] (25, 50, 75) percentile: (211, 491, 3130)
[M::mem_pestat] low and high boundaries for computing mean and std.dev: (1, 8968)
[M::mem_pestat] mean and std.dev: (1498.93, 1964.05)
[M::mem_pestat] low and high boundaries for proper pairs: (1, 11887)
[M::mem_pestat] analyzing insert size distribution for orientation RR...
[M::mem_pestat] (25, 50, 75) percentile: (301, 546, 3145)
[M::mem_pestat] low and high boundaries for computing mean and std.dev: (1, 8833)
[M::mem_pestat] mean and std.dev: (1599.81, 2121.94)
[M::mem_pestat] low and high boundaries for proper pairs: (1, 11677)
[M::mem_pestat] skip orientation FF
[M::mem_pestat] skip orientation RF
[M::mem_pestat] skip orientation RR
[M::process] read 1066668 sequences (160000200 bp)...
[M::mem_process_seqs] Processed 1066668 reads in 798.384 CPU sec, 51.563 real sec
[M::mem_pestat] # candidate unique pairs for (FF, FR, RF, RR): (36, 225444, 57, 29)
[M::mem_pestat] analyzing insert size distribution for orientation FF...
[M::mem_pestat] (25, 50, 75) percentile: (487, 1306, 4922)
[M::mem_pestat] low and high boundaries for computing mean and std.dev: (1, 13792)
[M::mem_pestat] mean and std.dev: (3014.75, 3002.32)
[M::mem_pestat] low and high boundaries for proper pairs: (1, 18227)
[M::mem_pestat] analyzing insert size distribution for orientation FR...
[M::mem_pestat] (25, 50, 75) percentile: (246, 332, 431)
[M::mem_pestat] low and high boundaries for computing mean and std.dev: (1, 801)
[M::mem_pestat] mean and std.dev: (340.54, 135.57)
[M::mem_pestat] low and high boundaries for proper pairs: (1, 986)
[M::mem_pestat] analyzing insert size distribution for orientation RF...
[M::mem_pestat] (25, 50, 75) percentile: (435, 2517, 4569)
[M::mem_pestat] low and high boundaries for computing mean and std.dev: (1, 12837)
[M::mem_pestat] mean and std.dev: (2835.81, 2718.89)
[M::mem_pestat] low and high boundaries for proper pairs: (1, 16971)
[M::mem_pestat] analyzing insert size distribution for orientation RR...
[M::mem_pestat] (25, 50, 75) percentile: (250, 419, 6225)
[M::mem_pestat] low and high boundaries for computing mean and std.dev: (1, 18175)
[M::mem_pestat] mean and std.dev: (2643.72, 3539.44)
[M::mem_pestat] low and high boundaries for proper pairs: (1, 24150)
[M::mem_pestat] skip orientation FF
[M::mem_pestat] skip orientation RF
[M::mem_pestat] skip orientation RR
[M::process] read 1066668 sequences (160000200 bp)...
[M::mem_process_seqs] Processed 1066668 reads in 794.462 CPU sec, 51.291 real sec
[M::mem_pestat] # candidate unique pairs for (FF, FR, RF, RR): (48, 225198, 65, 38)
[M::mem_pestat] analyzing insert size distribution for orientation FF...
[M::mem_pestat] (25, 50, 75) percentile: (285, 427, 1612)
[M::mem_pestat] low and high boundaries for computing mean and std.dev: (1, 4266)
[M::mem_pestat] mean and std.dev: (716.11, 746.36)
[M::mem_pestat] low and high boundaries for proper pairs: (1, 5593)
[M::mem_pestat] analyzing insert size distribution for orientation FR...
[M::mem_pestat] (25, 50, 75) percentile: (247, 333, 433)
[M::mem_pestat] low and high boundaries for computing mean and std.dev: (1, 805)
[M::mem_pestat] mean and std.dev: (341.78, 136.05)
[M::mem_pestat] low and high boundaries for proper pairs: (1, 991)
[M::mem_pestat] analyzing insert size distribution for orientation RF...
[M::mem_pestat] (25, 50, 75) percentile: (289, 895, 3534)
[M::mem_pestat] low and high boundaries for computing mean and std.dev: (1, 10024)
[M::mem_pestat] mean and std.dev: (2153.89, 2719.28)
[M::mem_pestat] low and high boundaries for proper pairs: (1, 13269)
[M::mem_pestat] analyzing insert size distribution for orientation RR...
[M::mem_pestat] (25, 50, 75) percentile: (201, 735, 977)
[M::mem_pestat] low and high boundaries for computing mean and std.dev: (1, 2529)
[M::mem_pestat] mean and std.dev: (619.83, 533.78)
[M::mem_pestat] low and high boundaries for proper pairs: (1, 3305)
[M::mem_pestat] skip orientation FF
[M::mem_pestat] skip orientation RF
[M::mem_pestat] skip orientation RR
[M::mem_process_seqs] Processed 1066668 reads in 790.338 CPU sec, 52.022 real sec
[M::process] read 1066668 sequences (160000200 bp)...
[M::process] read 1066668 sequences (160000200 bp)...
[M::mem_pestat] # candidate unique pairs for (FF, FR, RF, RR): (33, 225468, 76, 35)
[M::mem_pestat] analyzing insert size distribution for orientation FF...
[M::mem_pestat] (25, 50, 75) percentile: (249, 804, 2552)
[M::mem_pestat] low and high boundaries for computing mean and std.dev: (1, 7158)
[M::mem_pestat] mean and std.dev: (1271.45, 1510.29)
[M::mem_pestat] low and high boundaries for proper pairs: (1, 9461)
[M::mem_pestat] analyzing insert size distribution for orientation FR...
[M::mem_pestat] (25, 50, 75) percentile: (250, 336, 433)
[M::mem_pestat] low and high boundaries for computing mean and std.dev: (1, 799)
[M::mem_pestat] mean and std.dev: (343.07, 134.68)
[M::mem_pestat] low and high boundaries for proper pairs: (1, 982)
[M::mem_pestat] analyzing insert size distribution for orientation RF...
[M::mem_pestat] (25, 50, 75) percentile: (478, 2283, 6959)
[M::mem_pestat] low and high boundaries for computing mean and std.dev: (1, 19921)
[M::mem_pestat] mean and std.dev: (3482.86, 3307.65)
[M::mem_pestat] low and high boundaries for proper pairs: (1, 26402)
[M::mem_pestat] analyzing insert size distribution for orientation RR...
[M::mem_pestat] (25, 50, 75) percentile: (214, 422, 1249)
[M::mem_pestat] low and high boundaries for computing mean and std.dev: (1, 3319)
[M::mem_pestat] mean and std.dev: (461.47, 406.54)
[M::mem_pestat] low and high boundaries for proper pairs: (1, 4354)
[M::mem_pestat] skip orientation FF
[M::mem_pestat] skip orientation RF
[M::mem_pestat] skip orientation RR
[M::mem_process_seqs] Processed 1066668 reads in 784.654 CPU sec, 50.202 real sec
[M::mem_pestat] # candidate unique pairs for (FF, FR, RF, RR): (33, 226910, 68, 43)
[M::mem_pestat] analyzing insert size distribution for orientation FF...
[M::mem_pestat] (25, 50, 75) percentile: (306, 566, 1786)
[M::mem_pestat] low and high boundaries for computing mean and std.dev: (1, 4746)
[M::mem_pestat] mean and std.dev: (752.53, 690.82)
[M::mem_pestat] low and high boundaries for proper pairs: (1, 6226)
[M::mem_pestat] analyzing insert size distribution for orientation FR...
[M::mem_pestat] (25, 50, 75) percentile: (251, 336, 433)
[M::mem_pestat] low and high boundaries for computing mean and std.dev: (1, 797)
[M::mem_pestat] mean and std.dev: (343.38, 133.88)
[M::mem_pestat] low and high boundaries for proper pairs: (1, 979)
[M::mem_pestat] analyzing insert size distribution for orientation RF...
[M::mem_pestat] (25, 50, 75) percentile: (258, 1113, 2988)
[M::mem_pestat] low and high boundaries for computing mean and std.dev: (1, 8448)
[M::mem_pestat] mean and std.dev: (1788.48, 2045.10)
[M::mem_pestat] low and high boundaries for proper pairs: (1, 11178)
[M::mem_pestat] analyzing insert size distribution for orientation RR...
[M::mem_pestat] (25, 50, 75) percentile: (196, 283, 706)
[M::mem_pestat] low and high boundaries for computing mean and std.dev: (1, 1726)
[M::mem_pestat] mean and std.dev: (348.16, 225.77)
[M::mem_pestat] low and high boundaries for proper pairs: (1, 2236)
[M::mem_pestat] skip orientation FF
[M::mem_pestat] skip orientation RF
[M::mem_pestat] skip orientation RR
[M::process] read 1066668 sequences (160000200 bp)...
[M::mem_process_seqs] Processed 1066668 reads in 785.555 CPU sec, 50.643 real sec
[M::mem_pestat] # candidate unique pairs for (FF, FR, RF, RR): (44, 226965, 70, 20)
[M::mem_pestat] analyzing insert size distribution for orientation FF...
[M::mem_pestat] (25, 50, 75) percentile: (208, 599, 1936)
[M::mem_pestat] low and high boundaries for computing mean and std.dev: (1, 5392)
[M::mem_pestat] mean and std.dev: (957.88, 1039.55)
[M::mem_pestat] low and high boundaries for proper pairs: (1, 7120)
[M::mem_pestat] analyzing insert size distribution for orientation FR...
[M::mem_pestat] (25, 50, 75) percentile: (254, 339, 436)
[M::mem_pestat] low and high boundaries for computing mean and std.dev: (1, 800)
[M::mem_pestat] mean and std.dev: (346.29, 134.03)
[M::mem_pestat] low and high boundaries for proper pairs: (1, 982)
[M::mem_pestat] analyzing insert size distribution for orientation RF...
[M::mem_pestat] (25, 50, 75) percentile: (490, 1356, 5370)
[M::mem_pestat] low and high boundaries for computing mean and std.dev: (1, 15130)
[M::mem_pestat] mean and std.dev: (2961.10, 2961.31)
[M::mem_pestat] low and high boundaries for proper pairs: (1, 20010)
[M::mem_pestat] analyzing insert size distribution for orientation RR...
[M::mem_pestat] (25, 50, 75) percentile: (125, 190, 443)
[M::mem_pestat] low and high boundaries for computing mean and std.dev: (1, 1079)
[M::mem_pestat] mean and std.dev: (258.47, 207.72)
[M::mem_pestat] low and high boundaries for proper pairs: (1, 1397)
[M::mem_pestat] skip orientation FF
[M::mem_pestat] skip orientation RF
[M::mem_pestat] skip orientation RR
[M::process] read 1066668 sequences (160000200 bp)...
[M::mem_process_seqs] Processed 1066668 reads in 786.417 CPU sec, 50.777 real sec
[M::mem_pestat] # candidate unique pairs for (FF, FR, RF, RR): (42, 226873, 84, 38)
[M::mem_pestat] analyzing insert size distribution for orientation FF...
[M::mem_pestat] (25, 50, 75) percentile: (241, 341, 917)
[M::mem_pestat] low and high boundaries for computing mean and std.dev: (1, 2269)
[M::mem_pestat] mean and std.dev: (571.15, 509.89)
[M::mem_pestat] low and high boundaries for proper pairs: (1, 2945)
[M::mem_pestat] analyzing insert size distribution for orientation FR...
[M::mem_pestat] (25, 50, 75) percentile: (252, 335, 429)
[M::mem_pestat] low and high boundaries for computing mean and std.dev: (1, 783)
[M::mem_pestat] mean and std.dev: (342.03, 131.96)
[M::mem_pestat] low and high boundaries for proper pairs: (1, 960)
[M::mem_pestat] analyzing insert size distribution for orientation RF...
[M::mem_pestat] (25, 50, 75) percentile: (181, 1064, 3354)
[M::mem_pestat] low and high boundaries for computing mean and std.dev: (1, 9700)
[M::mem_pestat] mean and std.dev: (1736.19, 2095.95)
[M::mem_pestat] low and high boundaries for proper pairs: (1, 12873)
[M::mem_pestat] analyzing insert size distribution for orientation RR...
[M::mem_pestat] (25, 50, 75) percentile: (222, 350, 741)
[M::mem_pestat] low and high boundaries for computing mean and std.dev: (1, 1779)
[M::mem_pestat] mean and std.dev: (394.82, 310.76)
[M::mem_pestat] low and high boundaries for proper pairs: (1, 2298)
[M::mem_pestat] skip orientation FF
[M::mem_pestat] skip orientation RF
[M::mem_pestat] skip orientation RR
[M::process] read 1066668 sequences (160000200 bp)...
[M::mem_process_seqs] Processed 1066668 reads in 781.571 CPU sec, 50.479 real sec
[M::mem_pestat] # candidate unique pairs for (FF, FR, RF, RR): (38, 225414, 72, 28)
[M::mem_pestat] analyzing insert size distribution for orientation FF...
[M::mem_pestat] (25, 50, 75) percentile: (259, 417, 2414)
[M::mem_pestat] low and high boundaries for computing mean and std.dev: (1, 6724)
[M::mem_pestat] mean and std.dev: (1007.82, 1264.82)
[M::mem_pestat] low and high boundaries for proper pairs: (1, 8879)
[M::mem_pestat] analyzing insert size distribution for orientation FR...
[M::mem_pestat] (25, 50, 75) percentile: (249, 332, 428)
[M::mem_pestat] low and high boundaries for computing mean and std.dev: (1, 786)
[M::mem_pestat] mean and std.dev: (340.16, 133.18)
[M::mem_pestat] low and high boundaries for proper pairs: (1, 965)
[M::mem_pestat] analyzing insert size distribution for orientation RF...
[M::mem_pestat] (25, 50, 75) percentile: (333, 1027, 2768)
[M::mem_pestat] low and high boundaries for computing mean and std.dev: (1, 7638)
[M::mem_pestat] mean and std.dev: (1639.93, 1743.26)
[M::mem_pestat] low and high boundaries for proper pairs: (1, 10073)
[M::mem_pestat] analyzing insert size distribution for orientation RR...
[M::mem_pestat] (25, 50, 75) percentile: (258, 377, 1071)
[M::mem_pestat] low and high boundaries for computing mean and std.dev: (1, 2697)
[M::mem_pestat] mean and std.dev: (582.44, 522.79)
[M::mem_pestat] low and high boundaries for proper pairs: (1, 3510)
[M::mem_pestat] skip orientation FF
[M::mem_pestat] skip orientation RF
[M::mem_pestat] skip orientation RR
[M::process] read 1066668 sequences (160000200 bp)...
[M::mem_process_seqs] Processed 1066668 reads in 790.729 CPU sec, 51.063 real sec
[M::mem_pestat] # candidate unique pairs for (FF, FR, RF, RR): (40, 224746, 76, 43)
[M::mem_pestat] analyzing insert size distribution for orientation FF...
[M::mem_pestat] (25, 50, 75) percentile: (344, 426, 550)
[M::mem_pestat] low and high boundaries for computing mean and std.dev: (1, 962)
[M::mem_pestat] mean and std.dev: (416.08, 170.87)
[M::mem_pestat] low and high boundaries for proper pairs: (1, 1168)
[M::mem_pestat] analyzing insert size distribution for orientation FR...
[M::mem_pestat] (25, 50, 75) percentile: (246, 332, 431)
[M::mem_pestat] low and high boundaries for computing mean and std.dev: (1, 801)
[M::mem_pestat] mean and std.dev: (340.22, 136.08)
[M::mem_pestat] low and high boundaries for proper pairs: (1, 986)
[M::mem_pestat] analyzing insert size distribution for orientation RF...
[M::mem_pestat] (25, 50, 75) percentile: (148, 443, 1857)
[M::mem_pestat] low and high boundaries for computing mean and std.dev: (1, 5275)
[M::mem_pestat] mean and std.dev: (623.26, 856.77)
[M::mem_pestat] low and high boundaries for proper pairs: (1, 6984)
[M::mem_pestat] analyzing insert size distribution for orientation RR...
[M::mem_pestat] (25, 50, 75) percentile: (263, 448, 1263)
[M::mem_pestat] low and high boundaries for computing mean and std.dev: (1, 3263)
[M::mem_pestat] mean and std.dev: (690.05, 653.10)
[M::mem_pestat] low and high boundaries for proper pairs: (1, 4263)
[M::mem_pestat] skip orientation FF
[M::mem_pestat] skip orientation RF
[M::mem_pestat] skip orientation RR
[M::process] read 1066668 sequences (160000200 bp)...
[M::mem_process_seqs] Processed 1066668 reads in 784.347 CPU sec, 50.736 real sec
[M::mem_pestat] # candidate unique pairs for (FF, FR, RF, RR): (55, 224594, 90, 40)
[M::mem_pestat] analyzing insert size distribution for orientation FF...
[M::mem_pestat] (25, 50, 75) percentile: (200, 394, 985)
[M::mem_pestat] low and high boundaries for computing mean and std.dev: (1, 2555)
[M::mem_pestat] mean and std.dev: (526.55, 514.74)
[M::mem_pestat] low and high boundaries for proper pairs: (1, 3340)
[M::mem_pestat] analyzing insert size distribution for orientation FR...
[M::mem_pestat] (25, 50, 75) percentile: (244, 329, 426)
[M::mem_pestat] low and high boundaries for computing mean and std.dev: (1, 790)
[M::mem_pestat] mean and std.dev: (336.94, 134.15)
[M::mem_pestat] low and high boundaries for proper pairs: (1, 972)
[M::mem_pestat] analyzing insert size distribution for orientation RF...
[M::mem_pestat] (25, 50, 75) percentile: (200, 719, 2307)
[M::mem_pestat] low and high boundaries for computing mean and std.dev: (1, 6521)
[M::mem_pestat] mean and std.dev: (1321.01, 1693.11)
[M::mem_pestat] low and high boundaries for proper pairs: (1, 8628)
[M::mem_pestat] analyzing insert size distribution for orientation RR...
[M::mem_pestat] (25, 50, 75) percentile: (250, 428, 1567)
[M::mem_pestat] low and high boundaries for computing mean and std.dev: (1, 4201)
[M::mem_pestat] mean and std.dev: (1000.82, 1095.76)
[M::mem_pestat] low and high boundaries for proper pairs: (1, 5518)
[M::mem_pestat] skip orientation FF
[M::mem_pestat] skip orientation RF
[M::mem_pestat] skip orientation RR
[M::process] read 1066668 sequences (160000200 bp)...
[M::mem_process_seqs] Processed 1066668 reads in 788.639 CPU sec, 50.981 real sec
[M::mem_pestat] # candidate unique pairs for (FF, FR, RF, RR): (33, 224664, 77, 51)
[M::mem_pestat] analyzing insert size distribution for orientation FF...
[M::mem_pestat] (25, 50, 75) percentile: (163, 259, 882)
[M::mem_pestat] low and high boundaries for computing mean and std.dev: (1, 2320)
[M::mem_pestat] mean and std.dev: (527.81, 488.21)
[M::mem_pestat] low and high boundaries for proper pairs: (1, 3039)
[M::mem_pestat] analyzing insert size distribution for orientation FR...
[M::mem_pestat] (25, 50, 75) percentile: (245, 329, 425)
[M::mem_pestat] low and high boundaries for computing mean and std.dev: (1, 785)
[M::mem_pestat] mean and std.dev: (336.60, 132.95)
[M::mem_pestat] low and high boundaries for proper pairs: (1, 965)
[M::mem_pestat] analyzing insert size distribution for orientation RF...
[M::mem_pestat] (25, 50, 75) percentile: (244, 1340, 4526)
[M::mem_pestat] low and high boundaries for computing mean and std.dev: (1, 13090)
[M::mem_pestat] mean and std.dev: (2660.68, 3078.56)
[M::mem_pestat] low and high boundaries for proper pairs: (1, 17372)
[M::mem_pestat] analyzing insert size distribution for orientation RR...
[M::mem_pestat] (25, 50, 75) percentile: (305, 443, 1020)
[M::mem_pestat] low and high boundaries for computing mean and std.dev: (1, 2450)
[M::mem_pestat] mean and std.dev: (565.26, 466.24)
[M::mem_pestat] low and high boundaries for proper pairs: (1, 3165)
[M::mem_pestat] skip orientation FF
[M::mem_pestat] skip orientation RF
[M::mem_pestat] skip orientation RR
[M::process] read 1066668 sequences (160000200 bp)...
[M::mem_process_seqs] Processed 1066668 reads in 785.980 CPU sec, 50.790 real sec
[M::mem_pestat] # candidate unique pairs for (FF, FR, RF, RR): (37, 225787, 75, 40)
[M::mem_pestat] analyzing insert size distribution for orientation FF...
[M::mem_pestat] (25, 50, 75) percentile: (221, 310, 769)
[M::mem_pestat] low and high boundaries for computing mean and std.dev: (1, 1865)
[M::mem_pestat] mean and std.dev: (450.75, 337.34)
[M::mem_pestat] low and high boundaries for proper pairs: (1, 2413)
[M::mem_pestat] analyzing insert size distribution for orientation FR...
[M::mem_pestat] (25, 50, 75) percentile: (251, 336, 435)
[M::mem_pestat] low and high boundaries for computing mean and std.dev: (1, 803)
[M::mem_pestat] mean and std.dev: (344.24, 135.54)
[M::mem_pestat] low and high boundaries for proper pairs: (1, 987)
[M::mem_pestat] analyzing insert size distribution for orientation RF...
[M::mem_pestat] (25, 50, 75) percentile: (230, 901, 4392)
[M::mem_pestat] low and high boundaries for computing mean and std.dev: (1, 12716)
[M::mem_pestat] mean and std.dev: (2839.59, 3414.93)
[M::mem_pestat] low and high boundaries for proper pairs: (1, 16878)
[M::mem_pestat] analyzing insert size distribution for orientation RR...
[M::mem_pestat] (25, 50, 75) percentile: (328, 580, 1402)
[M::mem_pestat] low and high boundaries for computing mean and std.dev: (1, 3550)
[M::mem_pestat] mean and std.dev: (775.60, 684.21)
[M::mem_pestat] low and high boundaries for proper pairs: (1, 4624)
[M::mem_pestat] skip orientation FF
[M::mem_pestat] skip orientation RF
[M::mem_pestat] skip orientation RR
[M::process] read 1066668 sequences (160000200 bp)...
[M::mem_process_seqs] Processed 1066668 reads in 787.738 CPU sec, 50.860 real sec
[M::mem_pestat] # candidate unique pairs for (FF, FR, RF, RR): (34, 226776, 78, 39)
[M::mem_pestat] analyzing insert size distribution for orientation FF...
[M::mem_pestat] (25, 50, 75) percentile: (248, 490, 935)
[M::mem_pestat] low and high boundaries for computing mean and std.dev: (1, 2309)
[M::mem_pestat] mean and std.dev: (575.25, 464.05)
[M::mem_pestat] low and high boundaries for proper pairs: (1, 2996)
[M::mem_pestat] analyzing insert size distribution for orientation FR...
[M::mem_pestat] (25, 50, 75) percentile: (252, 336, 431)
[M::mem_pestat] low and high boundaries for computing mean and std.dev: (1, 789)
[M::mem_pestat] mean and std.dev: (343.25, 132.77)
[M::mem_pestat] low and high boundaries for proper pairs: (1, 968)
[M::mem_pestat] analyzing insert size distribution for orientation RF...
[M::mem_pestat] (25, 50, 75) percentile: (798, 2294, 5067)
[M::mem_pestat] low and high boundaries for computing mean and std.dev: (1, 13605)
[M::mem_pestat] mean and std.dev: (3263.60, 3067.47)
[M::mem_pestat] low and high boundaries for proper pairs: (1, 17874)
[M::mem_pestat] analyzing insert size distribution for orientation RR...
[M::mem_pestat] (25, 50, 75) percentile: (174, 374, 615)
[M::mem_pestat] low and high boundaries for computing mean and std.dev: (1, 1497)
[M::mem_pestat] mean and std.dev: (423.58, 348.70)
[M::mem_pestat] low and high boundaries for proper pairs: (1, 1938)
[M::mem_pestat] skip orientation FF
[M::mem_pestat] skip orientation RF
[M::mem_pestat] skip orientation RR
[M::process] read 1066668 sequences (160000200 bp)...
[M::mem_process_seqs] Processed 1066668 reads in 791.580 CPU sec, 51.057 real sec
[M::mem_pestat] # candidate unique pairs for (FF, FR, RF, RR): (22, 226195, 73, 32)
[M::mem_pestat] analyzing insert size distribution for orientation FF...
[M::mem_pestat] (25, 50, 75) percentile: (274, 453, 1033)
[M::mem_pestat] low and high boundaries for computing mean and std.dev: (1, 2551)
[M::mem_pestat] mean and std.dev: (787.09, 743.03)
[M::mem_pestat] low and high boundaries for proper pairs: (1, 3759)
[M::mem_pestat] analyzing insert size distribution for orientation FR...
[M::mem_pestat] (25, 50, 75) percentile: (252, 334, 428)
[M::mem_pestat] low and high boundaries for computing mean and std.dev: (1, 780)
[M::mem_pestat] mean and std.dev: (341.58, 131.72)
[M::mem_pestat] low and high boundaries for proper pairs: (1, 956)
[M::mem_pestat] analyzing insert size distribution for orientation RF...
[M::mem_pestat] (25, 50, 75) percentile: (280, 853, 3622)
[M::mem_pestat] low and high boundaries for computing mean and std.dev: (1, 10306)
[M::mem_pestat] mean and std.dev: (2349.59, 2944.87)
[M::mem_pestat] low and high boundaries for proper pairs: (1, 14129)
[M::mem_pestat] analyzing insert size distribution for orientation RR...
[M::mem_pestat] (25, 50, 75) percentile: (152, 290, 620)
[M::mem_pestat] low and high boundaries for computing mean and std.dev: (1, 1556)
[M::mem_pestat] mean and std.dev: (320.19, 245.32)
[M::mem_pestat] low and high boundaries for proper pairs: (1, 2024)
[M::mem_pestat] skip orientation FF
[M::mem_pestat] skip orientation RF
[M::mem_pestat] skip orientation RR
[M::process] read 1066668 sequences (160000200 bp)...
[M::mem_process_seqs] Processed 1066668 reads in 797.023 CPU sec, 51.501 real sec
[M::mem_pestat] # candidate unique pairs for (FF, FR, RF, RR): (51, 224162, 80, 44)
[M::mem_pestat] analyzing insert size distribution for orientation FF...
[M::mem_pestat] (25, 50, 75) percentile: (229, 427, 1300)
[M::mem_pestat] low and high boundaries for computing mean and std.dev: (1, 3442)
[M::mem_pestat] mean and std.dev: (606.50, 642.96)
[M::mem_pestat] low and high boundaries for proper pairs: (1, 4513)
[M::mem_pestat] analyzing insert size distribution for orientation FR...
[M::mem_pestat] (25, 50, 75) percentile: (246, 332, 430)
[M::mem_pestat] low and high boundaries for computing mean and std.dev: (1, 798)
[M::mem_pestat] mean and std.dev: (339.60, 135.16)
[M::mem_pestat] low and high boundaries for proper pairs: (1, 982)
[M::mem_pestat] analyzing insert size distribution for orientation RF...
[M::mem_pestat] (25, 50, 75) percentile: (236, 660, 4061)
[M::mem_pestat] low and high boundaries for computing mean and std.dev: (1, 11711)
[M::mem_pestat] mean and std.dev: (2393.66, 3104.34)
[M::mem_pestat] low and high boundaries for proper pairs: (1, 15536)
[M::mem_pestat] analyzing insert size distribution for orientation RR...
[M::mem_pestat] (25, 50, 75) percentile: (270, 476, 1664)
[M::mem_pestat] low and high boundaries for computing mean and std.dev: (1, 4452)
[M::mem_pestat] mean and std.dev: (896.17, 1013.55)
[M::mem_pestat] low and high boundaries for proper pairs: (1, 5846)
[M::mem_pestat] skip orientation FF
[M::mem_pestat] skip orientation RF
[M::mem_pestat] skip orientation RR
[M::process] read 1066668 sequences (160000200 bp)...
[M::mem_process_seqs] Processed 1066668 reads in 798.673 CPU sec, 51.554 real sec
[M::mem_pestat] # candidate unique pairs for (FF, FR, RF, RR): (43, 224480, 57, 32)
[M::mem_pestat] analyzing insert size distribution for orientation FF...
[M::mem_pestat] (25, 50, 75) percentile: (203, 370, 701)
[M::mem_pestat] low and high boundaries for computing mean and std.dev: (1, 1697)
[M::mem_pestat] mean and std.dev: (469.73, 419.72)
[M::mem_pestat] low and high boundaries for proper pairs: (1, 2195)
[M::mem_pestat] analyzing insert size distribution for orientation FR...
[M::mem_pestat] (25, 50, 75) percentile: (246, 332, 430)
[M::mem_pestat] low and high boundaries for computing mean and std.dev: (1, 798)
[M::mem_pestat] mean and std.dev: (339.41, 134.67)
[M::mem_pestat] low and high boundaries for proper pairs: (1, 982)
[M::mem_pestat] analyzing insert size distribution for orientation RF...
[M::mem_pestat] (25, 50, 75) percentile: (272, 799, 3633)
[M::mem_pestat] low and high boundaries for computing mean and std.dev: (1, 10355)
[M::mem_pestat] mean and std.dev: (1962.82, 2226.18)
[M::mem_pestat] low and high boundaries for proper pairs: (1, 13716)
[M::mem_pestat] analyzing insert size distribution for orientation RR...
[M::mem_pestat] (25, 50, 75) percentile: (255, 389, 1183)
[M::mem_pestat] low and high boundaries for computing mean and std.dev: (1, 3039)
[M::mem_pestat] mean and std.dev: (548.68, 461.67)
[M::mem_pestat] low and high boundaries for proper pairs: (1, 3967)
[M::mem_pestat] skip orientation FF
[M::mem_pestat] skip orientation RF
[M::mem_pestat] skip orientation RR
[M::process] read 1066668 sequences (160000200 bp)...
[M::mem_process_seqs] Processed 1066668 reads in 793.531 CPU sec, 51.137 real sec
[M::mem_pestat] # candidate unique pairs for (FF, FR, RF, RR): (39, 224628, 57, 38)
[M::mem_pestat] analyzing insert size distribution for orientation FF...
[M::mem_pestat] (25, 50, 75) percentile: (369, 492, 1947)
[M::mem_pestat] low and high boundaries for computing mean and std.dev: (1, 5103)
[M::mem_pestat] mean and std.dev: (660.62, 768.73)
[M::mem_pestat] low and high boundaries for proper pairs: (1, 6681)
[M::mem_pestat] analyzing insert size distribution for orientation FR...
[M::mem_pestat] (25, 50, 75) percentile: (247, 333, 432)
[M::mem_pestat] low and high boundaries for computing mean and std.dev: (1, 802)
[M::mem_pestat] mean and std.dev: (341.03, 135.03)
[M::mem_pestat] low and high boundaries for proper pairs: (1, 987)
[M::mem_pestat] analyzing insert size distribution for orientation RF...
[M::mem_pestat] (25, 50, 75) percentile: (588, 1426, 7073)
[M::mem_pestat] low and high boundaries for computing mean and std.dev: (1, 20043)
[M::mem_pestat] mean and std.dev: (3202.93, 3195.66)
[M::mem_pestat] low and high boundaries for proper pairs: (1, 26528)
[M::mem_pestat] analyzing insert size distribution for orientation RR...
[M::mem_pestat] (25, 50, 75) percentile: (233, 447, 962)
[M::mem_pestat] low and high boundaries for computing mean and std.dev: (1, 2420)
[M::mem_pestat] mean and std.dev: (533.86, 384.43)
[M::mem_pestat] low and high boundaries for proper pairs: (1, 3149)
[M::mem_pestat] skip orientation FF
[M::mem_pestat] skip orientation RF
[M::mem_pestat] skip orientation RR
[M::process] read 1066668 sequences (160000200 bp)...
[M::mem_process_seqs] Processed 1066668 reads in 790.649 CPU sec, 51.049 real sec
[M::mem_pestat] # candidate unique pairs for (FF, FR, RF, RR): (28, 225491, 57, 38)
[M::mem_pestat] analyzing insert size distribution for orientation FF...
[M::mem_pestat] (25, 50, 75) percentile: (233, 551, 1423)
[M::mem_pestat] low and high boundaries for computing mean and std.dev: (1, 3803)
[M::mem_pestat] mean and std.dev: (818.65, 912.01)
[M::mem_pestat] low and high boundaries for proper pairs: (1, 4993)
[M::mem_pestat] analyzing insert size distribution for orientation FR...
[M::mem_pestat] (25, 50, 75) percentile: (249, 331, 427)
[M::mem_pestat] low and high boundaries for computing mean and std.dev: (1, 783)
[M::mem_pestat] mean and std.dev: (339.11, 132.15)
[M::mem_pestat] low and high boundaries for proper pairs: (1, 961)
[M::mem_pestat] analyzing insert size distribution for orientation RF...
[M::mem_pestat] (25, 50, 75) percentile: (331, 2644, 5727)
[M::mem_pestat] low and high boundaries for computing mean and std.dev: (1, 16519)
[M::mem_pestat] mean and std.dev: (3121.91, 2948.77)
[M::mem_pestat] low and high boundaries for proper pairs: (1, 21915)
[M::mem_pestat] analyzing insert size distribution for orientation RR...
[M::mem_pestat] (25, 50, 75) percentile: (487, 934, 2080)
[M::mem_pestat] low and high boundaries for computing mean and std.dev: (1, 5266)
[M::mem_pestat] mean and std.dev: (1173.06, 1088.83)
[M::mem_pestat] low and high boundaries for proper pairs: (1, 6859)
[M::mem_pestat] skip orientation FF
[M::mem_pestat] skip orientation RF
[M::mem_pestat] skip orientation RR
[M::process] read 1066668 sequences (160000200 bp)...
[M::mem_process_seqs] Processed 1066668 reads in 790.463 CPU sec, 51.017 real sec
[M::mem_pestat] # candidate unique pairs for (FF, FR, RF, RR): (23, 225855, 55, 35)
[M::mem_pestat] analyzing insert size distribution for orientation FF...
[M::mem_pestat] (25, 50, 75) percentile: (216, 293, 419)
[M::mem_pestat] low and high boundaries for computing mean and std.dev: (1, 825)
[M::mem_pestat] mean and std.dev: (307.50, 153.55)
[M::mem_pestat] low and high boundaries for proper pairs: (1, 1028)
[M::mem_pestat] analyzing insert size distribution for orientation FR...
[M::mem_pestat] (25, 50, 75) percentile: (251, 333, 427)
[M::mem_pestat] low and high boundaries for computing mean and std.dev: (1, 779)
[M::mem_pestat] mean and std.dev: (340.22, 131.51)
[M::mem_pestat] low and high boundaries for proper pairs: (1, 955)
[M::mem_pestat] analyzing insert size distribution for orientation RF...
[M::mem_pestat] (25, 50, 75) percentile: (117, 569, 2706)
[M::mem_pestat] low and high boundaries for computing mean and std.dev: (1, 7884)
[M::mem_pestat] mean and std.dev: (1666.33, 2222.72)
[M::mem_pestat] low and high boundaries for proper pairs: (1, 10557)
[M::mem_pestat] analyzing insert size distribution for orientation RR...
[M::mem_pestat] (25, 50, 75) percentile: (276, 564, 1175)
[M::mem_pestat] low and high boundaries for computing mean and std.dev: (1, 2973)
[M::mem_pestat] mean and std.dev: (715.50, 554.44)
[M::mem_pestat] low and high boundaries for proper pairs: (1, 3872)
[M::mem_pestat] skip orientation FF
[M::mem_pestat] skip orientation RF
[M::mem_pestat] skip orientation RR
[M::process] read 1066668 sequences (160000200 bp)...
[M::mem_process_seqs] Processed 1066668 reads in 797.643 CPU sec, 51.528 real sec
[M::mem_pestat] # candidate unique pairs for (FF, FR, RF, RR): (44, 225827, 71, 23)
[M::mem_pestat] analyzing insert size distribution for orientation FF...
[M::mem_pestat] (25, 50, 75) percentile: (432, 1540, 3903)
[M::mem_pestat] low and high boundaries for computing mean and std.dev: (1, 10845)
[M::mem_pestat] mean and std.dev: (2121.75, 2120.89)
[M::mem_pestat] low and high boundaries for proper pairs: (1, 14316)
[M::mem_pestat] analyzing insert size distribution for orientation FR...
[M::mem_pestat] (25, 50, 75) percentile: (251, 332, 426)
[M::mem_pestat] low and high boundaries for computing mean and std.dev: (1, 776)
[M::mem_pestat] mean and std.dev: (339.55, 130.81)
[M::mem_pestat] low and high boundaries for proper pairs: (1, 951)
[M::mem_pestat] analyzing insert size distribution for orientation RF...
[M::mem_pestat] (25, 50, 75) percentile: (315, 1143, 3408)
[M::mem_pestat] low and high boundaries for computing mean and std.dev: (1, 9594)
[M::mem_pestat] mean and std.dev: (2154.43, 2494.75)
[M::mem_pestat] low and high boundaries for proper pairs: (1, 12687)
[M::mem_pestat] analyzing insert size distribution for orientation RR...
[M::mem_pestat] (25, 50, 75) percentile: (291, 401, 440)
[M::mem_pestat] low and high boundaries for computing mean and std.dev: (1, 738)
[M::mem_pestat] mean and std.dev: (349.19, 175.21)
[M::mem_pestat] low and high boundaries for proper pairs: (1, 1050)
[M::mem_pestat] skip orientation FF
[M::mem_pestat] skip orientation RF
[M::mem_pestat] skip orientation RR
[M::process] read 637578 sequences (95636700 bp)...
[M::mem_process_seqs] Processed 1066668 reads in 794.157 CPU sec, 51.260 real sec
[M::mem_pestat] # candidate unique pairs for (FF, FR, RF, RR): (27, 134937, 30, 30)
[M::mem_pestat] analyzing insert size distribution for orientation FF...
[M::mem_pestat] (25, 50, 75) percentile: (250, 459, 2387)
[M::mem_pestat] low and high boundaries for computing mean and std.dev: (1, 6661)
[M::mem_pestat] mean and std.dev: (1165.08, 1606.78)
[M::mem_pestat] low and high boundaries for proper pairs: (1, 8798)
[M::mem_pestat] analyzing insert size distribution for orientation FR...
[M::mem_pestat] (25, 50, 75) percentile: (253, 334, 429)
[M::mem_pestat] low and high boundaries for computing mean and std.dev: (1, 781)
[M::mem_pestat] mean and std.dev: (341.93, 131.00)
[M::mem_pestat] low and high boundaries for proper pairs: (1, 957)
[M::mem_pestat] analyzing insert size distribution for orientation RF...
[M::mem_pestat] (25, 50, 75) percentile: (407, 1695, 5655)
[M::mem_pestat] low and high boundaries for computing mean and std.dev: (1, 16151)
[M::mem_pestat] mean and std.dev: (2901.97, 3118.15)
[M::mem_pestat] low and high boundaries for proper pairs: (1, 21399)
[M::mem_pestat] analyzing insert size distribution for orientation RR...
[M::mem_pestat] (25, 50, 75) percentile: (218, 339, 1973)
[M::mem_pestat] low and high boundaries for computing mean and std.dev: (1, 5483)
[M::mem_pestat] mean and std.dev: (761.04, 870.36)
[M::mem_pestat] low and high boundaries for proper pairs: (1, 7238)
[M::mem_pestat] skip orientation FF
[M::mem_pestat] skip orientation RF
[M::mem_pestat] skip orientation RR
[M::mem_process_seqs] Processed 637578 reads in 472.844 CPU sec, 31.322 real sec
[main] Version: 0.7.19-r1273
[main] CMD: bwa mem -t 16 -R @RG\tID:FB18_Wild_12\tSM:FB18_Wild_12\tLB:FB18_Wild_12\tPL:ILLUMINA output/05_realign_xbOstLuri2/reference/GCA_061535525.1_xbOstLuri2_USDA-ARS_PSRF_primary_genomic.fna data/raw/FB18_Wild_12_S5_L004_R1_001.fastq.gz data/raw/FB18_Wild_12_S5_L004_R2_001.fastq.gz
[main] Real time: 2800.205 sec; CPU: 42771.295 sec
[bam_sort_core] merging from 3 files and 8 in-memory blocks...
end 2026-09-27T13:28:05Z sample=FB18_Wild_12
