/opt/ohpc/admin/lmod/lmod/init/bash: line 93: LD_LIBRARY_PATH: unbound variable
start 2026-09-27T13:00:31Z host n3446 sample=LS_13a location=LS
[M::bwa_idx_load_from_disk] read 0 ALT contigs
[M::process] read 1066668 sequences (160000200 bp)...
[M::process] read 1066668 sequences (160000200 bp)...
[M::mem_pestat] # candidate unique pairs for (FF, FR, RF, RR): (30, 225352, 72, 37)
[M::mem_pestat] analyzing insert size distribution for orientation FF...
[M::mem_pestat] (25, 50, 75) percentile: (259, 333, 747)
[M::mem_pestat] low and high boundaries for computing mean and std.dev: (1, 1723)
[M::mem_pestat] mean and std.dev: (401.62, 254.86)
[M::mem_pestat] low and high boundaries for proper pairs: (1, 2211)
[M::mem_pestat] analyzing insert size distribution for orientation FR...
[M::mem_pestat] (25, 50, 75) percentile: (259, 341, 436)
[M::mem_pestat] low and high boundaries for computing mean and std.dev: (1, 790)
[M::mem_pestat] mean and std.dev: (347.85, 133.04)
[M::mem_pestat] low and high boundaries for proper pairs: (1, 967)
[M::mem_pestat] analyzing insert size distribution for orientation RF...
[M::mem_pestat] (25, 50, 75) percentile: (238, 908, 4348)
[M::mem_pestat] low and high boundaries for computing mean and std.dev: (1, 12568)
[M::mem_pestat] mean and std.dev: (2402.12, 2802.57)
[M::mem_pestat] low and high boundaries for proper pairs: (1, 16678)
[M::mem_pestat] analyzing insert size distribution for orientation RR...
[M::mem_pestat] (25, 50, 75) percentile: (287, 518, 772)
[M::mem_pestat] low and high boundaries for computing mean and std.dev: (1, 1742)
[M::mem_pestat] mean and std.dev: (463.45, 237.26)
[M::mem_pestat] low and high boundaries for proper pairs: (1, 2227)
[M::mem_pestat] skip orientation FF
[M::mem_pestat] skip orientation RF
[M::mem_pestat] skip orientation RR
[M::mem_process_seqs] Processed 1066668 reads in 747.587 CPU sec, 50.282 real sec
[M::mem_pestat] # candidate unique pairs for (FF, FR, RF, RR): (26, 226141, 70, 36)
[M::mem_pestat] analyzing insert size distribution for orientation FF...
[M::mem_pestat] (25, 50, 75) percentile: (275, 707, 1058)
[M::mem_pestat] low and high boundaries for computing mean and std.dev: (1, 2624)
[M::mem_pestat] mean and std.dev: (817.76, 659.35)
[M::mem_pestat] low and high boundaries for proper pairs: (1, 3455)
[M::mem_pestat] analyzing insert size distribution for orientation FR...
[M::mem_pestat] (25, 50, 75) percentile: (260, 342, 439)
[M::mem_pestat] low and high boundaries for computing mean and std.dev: (1, 797)
[M::mem_pestat] mean and std.dev: (350.38, 134.65)
[M::mem_pestat] low and high boundaries for proper pairs: (1, 976)
[M::mem_pestat] analyzing insert size distribution for orientation RF...
[M::mem_pestat] (25, 50, 75) percentile: (204, 847, 4116)
[M::mem_pestat] low and high boundaries for computing mean and std.dev: (1, 11940)
[M::mem_pestat] mean and std.dev: (2330.74, 2713.32)
[M::mem_pestat] low and high boundaries for proper pairs: (1, 15852)
[M::mem_pestat] analyzing insert size distribution for orientation RR...
[M::mem_pestat] (25, 50, 75) percentile: (154, 333, 1963)
[M::mem_pestat] low and high boundaries for computing mean and std.dev: (1, 5581)
[M::mem_pestat] mean and std.dev: (1235.34, 1593.68)
[M::mem_pestat] low and high boundaries for proper pairs: (1, 7610)
[M::mem_pestat] skip orientation FF
[M::mem_pestat] skip orientation RF
[M::mem_pestat] skip orientation RR
[M::process] read 1066668 sequences (160000200 bp)...
[M::mem_process_seqs] Processed 1066668 reads in 755.416 CPU sec, 49.430 real sec
[M::process] read 1066668 sequences (160000200 bp)...
[M::mem_pestat] # candidate unique pairs for (FF, FR, RF, RR): (38, 225858, 68, 28)
[M::mem_pestat] analyzing insert size distribution for orientation FF...
[M::mem_pestat] (25, 50, 75) percentile: (291, 439, 1784)
[M::mem_pestat] low and high boundaries for computing mean and std.dev: (1, 4770)
[M::mem_pestat] mean and std.dev: (1128.78, 1204.96)
[M::mem_pestat] low and high boundaries for proper pairs: (1, 6263)
[M::mem_pestat] analyzing insert size distribution for orientation FR...
[M::mem_pestat] (25, 50, 75) percentile: (258, 341, 440)
[M::mem_pestat] low and high boundaries for computing mean and std.dev: (1, 804)
[M::mem_pestat] mean and std.dev: (349.84, 136.37)
[M::mem_pestat] low and high boundaries for proper pairs: (1, 986)
[M::mem_pestat] analyzing insert size distribution for orientation RF...
[M::mem_pestat] (25, 50, 75) percentile: (165, 679, 3668)
[M::mem_pestat] low and high boundaries for computing mean and std.dev: (1, 10674)
[M::mem_pestat] mean and std.dev: (2266.66, 3091.60)
[M::mem_pestat] low and high boundaries for proper pairs: (1, 14633)
[M::mem_pestat] analyzing insert size distribution for orientation RR...
[M::mem_pestat] (25, 50, 75) percentile: (243, 518, 1070)
[M::mem_pestat] low and high boundaries for computing mean and std.dev: (1, 2724)
[M::mem_pestat] mean and std.dev: (568.52, 417.61)
[M::mem_pestat] low and high boundaries for proper pairs: (1, 3551)
[M::mem_pestat] skip orientation FF
[M::mem_pestat] skip orientation RF
[M::mem_pestat] skip orientation RR
[M::mem_process_seqs] Processed 1066668 reads in 765.692 CPU sec, 49.804 real sec
[M::mem_pestat] # candidate unique pairs for (FF, FR, RF, RR): (35, 225533, 66, 40)
[M::mem_pestat] analyzing insert size distribution for orientation FF...
[M::mem_pestat] (25, 50, 75) percentile: (400, 528, 1711)
[M::mem_pestat] low and high boundaries for computing mean and std.dev: (1, 4333)
[M::mem_pestat] mean and std.dev: (842.39, 872.89)
[M::mem_pestat] low and high boundaries for proper pairs: (1, 5644)
[M::mem_pestat] analyzing insert size distribution for orientation FR...
[M::mem_pestat] (25, 50, 75) percentile: (260, 342, 440)
[M::mem_pestat] low and high boundaries for computing mean and std.dev: (1, 800)
[M::mem_pestat] mean and std.dev: (350.97, 135.63)
[M::mem_pestat] low and high boundaries for proper pairs: (1, 980)
[M::mem_pestat] analyzing insert size distribution for orientation RF...
[M::mem_pestat] (25, 50, 75) percentile: (108, 497, 4463)
[M::mem_pestat] low and high boundaries for computing mean and std.dev: (1, 13173)
[M::mem_pestat] mean and std.dev: (2387.64, 3233.68)
[M::mem_pestat] low and high boundaries for proper pairs: (1, 17528)
[M::mem_pestat] analyzing insert size distribution for orientation RR...
[M::mem_pestat] (25, 50, 75) percentile: (374, 699, 3526)
[M::mem_pestat] low and high boundaries for computing mean and std.dev: (1, 9830)
[M::mem_pestat] mean and std.dev: (1928.83, 2248.21)
[M::mem_pestat] low and high boundaries for proper pairs: (1, 12982)
[M::mem_pestat] skip orientation FF
[M::mem_pestat] skip orientation RF
[M::mem_pestat] skip orientation RR
[M::process] read 1066668 sequences (160000200 bp)...
[M::mem_process_seqs] Processed 1066668 reads in 768.481 CPU sec, 50.276 real sec
[M::process] read 1066668 sequences (160000200 bp)...
[M::mem_pestat] # candidate unique pairs for (FF, FR, RF, RR): (44, 225574, 74, 32)
[M::mem_pestat] analyzing insert size distribution for orientation FF...
[M::mem_pestat] (25, 50, 75) percentile: (257, 611, 2160)
[M::mem_pestat] low and high boundaries for computing mean and std.dev: (1, 5966)
[M::mem_pestat] mean and std.dev: (1134.55, 1309.55)
[M::mem_pestat] low and high boundaries for proper pairs: (1, 7869)
[M::mem_pestat] analyzing insert size distribution for orientation FR...
[M::mem_pestat] (25, 50, 75) percentile: (256, 337, 433)
[M::mem_pestat] low and high boundaries for computing mean and std.dev: (1, 787)
[M::mem_pestat] mean and std.dev: (345.59, 133.57)
[M::mem_pestat] low and high boundaries for proper pairs: (1, 964)
[M::mem_pestat] analyzing insert size distribution for orientation RF...
[M::mem_pestat] (25, 50, 75) percentile: (206, 841, 2559)
[M::mem_pestat] low and high boundaries for computing mean and std.dev: (1, 7265)
[M::mem_pestat] mean and std.dev: (1328.31, 1831.86)
[M::mem_pestat] low and high boundaries for proper pairs: (1, 9618)
[M::mem_pestat] analyzing insert size distribution for orientation RR...
[M::mem_pestat] (25, 50, 75) percentile: (243, 335, 997)
[M::mem_pestat] low and high boundaries for computing mean and std.dev: (1, 2505)
[M::mem_pestat] mean and std.dev: (564.67, 562.39)
[M::mem_pestat] low and high boundaries for proper pairs: (1, 3259)
[M::mem_pestat] skip orientation FF
[M::mem_pestat] skip orientation RF
[M::mem_pestat] skip orientation RR
[M::mem_process_seqs] Processed 1066668 reads in 781.291 CPU sec, 51.109 real sec
[M::mem_pestat] # candidate unique pairs for (FF, FR, RF, RR): (25, 226084, 66, 44)
[M::mem_pestat] analyzing insert size distribution for orientation FF...
[M::mem_pestat] (25, 50, 75) percentile: (226, 415, 762)
[M::mem_pestat] low and high boundaries for computing mean and std.dev: (1, 1834)
[M::mem_pestat] mean and std.dev: (475.77, 383.93)
[M::mem_pestat] low and high boundaries for proper pairs: (1, 2370)
[M::mem_pestat] analyzing insert size distribution for orientation FR...
[M::mem_pestat] (25, 50, 75) percentile: (256, 337, 435)
[M::mem_pestat] low and high boundaries for computing mean and std.dev: (1, 793)
[M::mem_pestat] mean and std.dev: (346.63, 134.84)
[M::mem_pestat] low and high boundaries for proper pairs: (1, 972)
[M::mem_pestat] analyzing insert size distribution for orientation RF...
[M::mem_pestat] (25, 50, 75) percentile: (100, 879, 2725)
[M::mem_pestat] low and high boundaries for computing mean and std.dev: (1, 7975)
[M::mem_pestat] mean and std.dev: (1787.56, 2233.84)
[M::mem_pestat] low and high boundaries for proper pairs: (1, 10723)
[M::mem_pestat] analyzing insert size distribution for orientation RR...
[M::mem_pestat] (25, 50, 75) percentile: (185, 417, 756)
[M::mem_pestat] low and high boundaries for computing mean and std.dev: (1, 1898)
[M::mem_pestat] mean and std.dev: (511.88, 441.07)
[M::mem_pestat] low and high boundaries for proper pairs: (1, 2469)
[M::mem_pestat] skip orientation FF
[M::mem_pestat] skip orientation RF
[M::mem_pestat] skip orientation RR
[M::process] read 1066668 sequences (160000200 bp)...
[M::mem_process_seqs] Processed 1066668 reads in 768.806 CPU sec, 49.970 real sec
[M::mem_pestat] # candidate unique pairs for (FF, FR, RF, RR): (56, 224828, 85, 31)
[M::mem_pestat] analyzing insert size distribution for orientation FF...
[M::mem_pestat] (25, 50, 75) percentile: (295, 465, 953)
[M::mem_pestat] low and high boundaries for computing mean and std.dev: (1, 2269)
[M::mem_pestat] mean and std.dev: (608.62, 496.62)
[M::mem_pestat] low and high boundaries for proper pairs: (1, 2927)
[M::mem_pestat] analyzing insert size distribution for orientation FR...
[M::mem_pestat] (25, 50, 75) percentile: (258, 341, 439)
[M::mem_pestat] low and high boundaries for computing mean and std.dev: (1, 801)
[M::mem_pestat] mean and std.dev: (349.29, 136.58)
[M::mem_pestat] low and high boundaries for proper pairs: (1, 982)
[M::mem_pestat] analyzing insert size distribution for orientation RF...
[M::mem_pestat] (25, 50, 75) percentile: (234, 694, 2877)
[M::mem_pestat] low and high boundaries for computing mean and std.dev: (1, 8163)
[M::mem_pestat] mean and std.dev: (1442.02, 1814.64)
[M::mem_pestat] low and high boundaries for proper pairs: (1, 10806)
[M::mem_pestat] analyzing insert size distribution for orientation RR...
[M::mem_pestat] (25, 50, 75) percentile: (268, 479, 909)
[M::mem_pestat] low and high boundaries for computing mean and std.dev: (1, 2191)
[M::mem_pestat] mean and std.dev: (474.12, 353.38)
[M::mem_pestat] low and high boundaries for proper pairs: (1, 2832)
[M::mem_pestat] skip orientation FF
[M::mem_pestat] skip orientation RF
[M::mem_pestat] skip orientation RR
[M::process] read 1066668 sequences (160000200 bp)...
[M::mem_process_seqs] Processed 1066668 reads in 765.954 CPU sec, 49.533 real sec
[M::mem_pestat] # candidate unique pairs for (FF, FR, RF, RR): (40, 226493, 84, 36)
[M::mem_pestat] analyzing insert size distribution for orientation FF...
[M::mem_pestat] (25, 50, 75) percentile: (199, 388, 2038)
[M::mem_pestat] low and high boundaries for computing mean and std.dev: (1, 5716)
[M::mem_pestat] mean and std.dev: (1062.08, 1189.77)
[M::mem_pestat] low and high boundaries for proper pairs: (1, 7555)
[M::mem_pestat] analyzing insert size distribution for orientation FR...
[M::mem_pestat] (25, 50, 75) percentile: (263, 348, 448)
[M::mem_pestat] low and high boundaries for computing mean and std.dev: (1, 818)
[M::mem_pestat] mean and std.dev: (355.96, 138.29)
[M::mem_pestat] low and high boundaries for proper pairs: (1, 1003)
[M::mem_pestat] analyzing insert size distribution for orientation RF...
[M::mem_pestat] (25, 50, 75) percentile: (510, 1924, 5386)
[M::mem_pestat] low and high boundaries for computing mean and std.dev: (1, 15138)
[M::mem_pestat] mean and std.dev: (2936.64, 2735.99)
[M::mem_pestat] low and high boundaries for proper pairs: (1, 20014)
[M::mem_pestat] analyzing insert size distribution for orientation RR...
[M::mem_pestat] (25, 50, 75) percentile: (275, 598, 3960)
[M::mem_pestat] low and high boundaries for computing mean and std.dev: (1, 11330)
[M::mem_pestat] mean and std.dev: (2416.28, 2896.58)
[M::mem_pestat] low and high boundaries for proper pairs: (1, 15015)
[M::mem_pestat] skip orientation FF
[M::mem_pestat] skip orientation RF
[M::mem_pestat] skip orientation RR
[M::process] read 1066668 sequences (160000200 bp)...
[M::mem_process_seqs] Processed 1066668 reads in 752.476 CPU sec, 48.632 real sec
[M::mem_pestat] # candidate unique pairs for (FF, FR, RF, RR): (47, 226413, 88, 43)
[M::mem_pestat] analyzing insert size distribution for orientation FF...
[M::mem_pestat] (25, 50, 75) percentile: (349, 465, 1109)
[M::mem_pestat] low and high boundaries for computing mean and std.dev: (1, 2629)
[M::mem_pestat] mean and std.dev: (713.74, 593.36)
[M::mem_pestat] low and high boundaries for proper pairs: (1, 3389)
[M::mem_pestat] analyzing insert size distribution for orientation FR...
[M::mem_pestat] (25, 50, 75) percentile: (258, 342, 442)
[M::mem_pestat] low and high boundaries for computing mean and std.dev: (1, 810)
[M::mem_pestat] mean and std.dev: (350.81, 137.70)
[M::mem_pestat] low and high boundaries for proper pairs: (1, 994)
[M::mem_pestat] analyzing insert size distribution for orientation RF...
[M::mem_pestat] (25, 50, 75) percentile: (426, 2533, 6384)
[M::mem_pestat] low and high boundaries for computing mean and std.dev: (1, 18300)
[M::mem_pestat] mean and std.dev: (3639.14, 3488.45)
[M::mem_pestat] low and high boundaries for proper pairs: (1, 24258)
[M::mem_pestat] analyzing insert size distribution for orientation RR...
[M::mem_pestat] (25, 50, 75) percentile: (253, 489, 3095)
[M::mem_pestat] low and high boundaries for computing mean and std.dev: (1, 8779)
[M::mem_pestat] mean and std.dev: (1578.22, 2128.34)
[M::mem_pestat] low and high boundaries for proper pairs: (1, 11621)
[M::mem_pestat] skip orientation FF
[M::mem_pestat] skip orientation RF
[M::mem_pestat] skip orientation RR
[M::process] read 1066668 sequences (160000200 bp)...
[M::mem_process_seqs] Processed 1066668 reads in 761.903 CPU sec, 49.482 real sec
[M::mem_pestat] # candidate unique pairs for (FF, FR, RF, RR): (30, 225786, 52, 33)
[M::mem_pestat] analyzing insert size distribution for orientation FF...
[M::mem_pestat] (25, 50, 75) percentile: (255, 494, 1299)
[M::mem_pestat] low and high boundaries for computing mean and std.dev: (1, 3387)
[M::mem_pestat] mean and std.dev: (703.32, 610.62)
[M::mem_pestat] low and high boundaries for proper pairs: (1, 4431)
[M::mem_pestat] analyzing insert size distribution for orientation FR...
[M::mem_pestat] (25, 50, 75) percentile: (260, 344, 443)
[M::mem_pestat] low and high boundaries for computing mean and std.dev: (1, 809)
[M::mem_pestat] mean and std.dev: (352.13, 136.64)
[M::mem_pestat] low and high boundaries for proper pairs: (1, 992)
[M::mem_pestat] analyzing insert size distribution for orientation RF...
[M::mem_pestat] (25, 50, 75) percentile: (187, 1332, 4094)
[M::mem_pestat] low and high boundaries for computing mean and std.dev: (1, 11908)
[M::mem_pestat] mean and std.dev: (2583.96, 2784.61)
[M::mem_pestat] low and high boundaries for proper pairs: (1, 15815)
[M::mem_pestat] analyzing insert size distribution for orientation RR...
[M::mem_pestat] (25, 50, 75) percentile: (120, 360, 997)
[M::mem_pestat] low and high boundaries for computing mean and std.dev: (1, 2751)
[M::mem_pestat] mean and std.dev: (470.80, 392.87)
[M::mem_pestat] low and high boundaries for proper pairs: (1, 3628)
[M::mem_pestat] skip orientation FF
[M::mem_pestat] skip orientation RF
[M::mem_pestat] skip orientation RR
[M::process] read 1066668 sequences (160000200 bp)...
[M::mem_process_seqs] Processed 1066668 reads in 766.641 CPU sec, 49.709 real sec
[M::mem_pestat] # candidate unique pairs for (FF, FR, RF, RR): (28, 225891, 67, 20)
[M::mem_pestat] analyzing insert size distribution for orientation FF...
[M::mem_pestat] (25, 50, 75) percentile: (274, 700, 1463)
[M::mem_pestat] low and high boundaries for computing mean and std.dev: (1, 3841)
[M::mem_pestat] mean and std.dev: (804.44, 629.30)
[M::mem_pestat] low and high boundaries for proper pairs: (1, 5030)
[M::mem_pestat] analyzing insert size distribution for orientation FR...
[M::mem_pestat] (25, 50, 75) percentile: (257, 340, 440)
[M::mem_pestat] low and high boundaries for computing mean and std.dev: (1, 806)
[M::mem_pestat] mean and std.dev: (349.79, 136.62)
[M::mem_pestat] low and high boundaries for proper pairs: (1, 989)
[M::mem_pestat] analyzing insert size distribution for orientation RF...
[M::mem_pestat] (25, 50, 75) percentile: (208, 564, 2239)
[M::mem_pestat] low and high boundaries for computing mean and std.dev: (1, 6301)
[M::mem_pestat] mean and std.dev: (859.87, 993.69)
[M::mem_pestat] low and high boundaries for proper pairs: (1, 8332)
[M::mem_pestat] analyzing insert size distribution for orientation RR...
[M::mem_pestat] (25, 50, 75) percentile: (250, 370, 753)
[M::mem_pestat] low and high boundaries for computing mean and std.dev: (1, 1759)
[M::mem_pestat] mean and std.dev: (339.25, 184.13)
[M::mem_pestat] low and high boundaries for proper pairs: (1, 2262)
[M::mem_pestat] skip orientation FF
[M::mem_pestat] skip orientation RF
[M::mem_pestat] skip orientation RR
[M::process] read 1066668 sequences (160000200 bp)...
[M::mem_process_seqs] Processed 1066668 reads in 770.629 CPU sec, 50.090 real sec
[M::process] read 1066668 sequences (160000200 bp)...
[M::mem_pestat] # candidate unique pairs for (FF, FR, RF, RR): (23, 225572, 69, 33)
[M::mem_pestat] analyzing insert size distribution for orientation FF...
[M::mem_pestat] (25, 50, 75) percentile: (233, 464, 953)
[M::mem_pestat] low and high boundaries for computing mean and std.dev: (1, 2393)
[M::mem_pestat] mean and std.dev: (527.10, 350.67)
[M::mem_pestat] low and high boundaries for proper pairs: (1, 3113)
[M::mem_pestat] analyzing insert size distribution for orientation FR...
[M::mem_pestat] (25, 50, 75) percentile: (256, 338, 437)
[M::mem_pestat] low and high boundaries for computing mean and std.dev: (1, 799)
[M::mem_pestat] mean and std.dev: (347.88, 135.72)
[M::mem_pestat] low and high boundaries for proper pairs: (1, 980)
[M::mem_pestat] analyzing insert size distribution for orientation RF...
[M::mem_pestat] (25, 50, 75) percentile: (143, 982, 8118)
[M::mem_pestat] low and high boundaries for computing mean and std.dev: (1, 24068)
[M::mem_pestat] mean and std.dev: (3422.09, 3715.54)
[M::mem_pestat] low and high boundaries for proper pairs: (1, 32043)
[M::mem_pestat] analyzing insert size distribution for orientation RR...
[M::mem_pestat] (25, 50, 75) percentile: (341, 467, 1338)
[M::mem_pestat] low and high boundaries for computing mean and std.dev: (1, 3332)
[M::mem_pestat] mean and std.dev: (749.48, 600.07)
[M::mem_pestat] low and high boundaries for proper pairs: (1, 4329)
[M::mem_pestat] skip orientation FF
[M::mem_pestat] skip orientation RF
[M::mem_pestat] skip orientation RR
[M::mem_process_seqs] Processed 1066668 reads in 776.441 CPU sec, 50.486 real sec
