/opt/ohpc/admin/lmod/lmod/init/bash: line 93: LD_LIBRARY_PATH: unbound variable
start 2026-09-27T13:51:52Z host n3435 sample=NS18_Disco_Wild_14 location=NS18_Disco_Wild
[M::bwa_idx_load_from_disk] read 0 ALT contigs
[M::process] read 1066668 sequences (160000200 bp)...
[M::process] read 1066668 sequences (160000200 bp)...
[M::mem_pestat] # candidate unique pairs for (FF, FR, RF, RR): (23, 227362, 72, 19)
[M::mem_pestat] analyzing insert size distribution for orientation FF...
[M::mem_pestat] (25, 50, 75) percentile: (236, 507, 688)
[M::mem_pestat] low and high boundaries for computing mean and std.dev: (1, 1592)
[M::mem_pestat] mean and std.dev: (388.22, 179.03)
[M::mem_pestat] low and high boundaries for proper pairs: (1, 2044)
[M::mem_pestat] analyzing insert size distribution for orientation FR...
[M::mem_pestat] (25, 50, 75) percentile: (215, 288, 367)
[M::mem_pestat] low and high boundaries for computing mean and std.dev: (1, 671)
[M::mem_pestat] mean and std.dev: (293.26, 111.97)
[M::mem_pestat] low and high boundaries for proper pairs: (1, 823)
[M::mem_pestat] analyzing insert size distribution for orientation RF...
[M::mem_pestat] (25, 50, 75) percentile: (291, 754, 3584)
[M::mem_pestat] low and high boundaries for computing mean and std.dev: (1, 10170)
[M::mem_pestat] mean and std.dev: (2483.33, 3107.95)
[M::mem_pestat] low and high boundaries for proper pairs: (1, 14915)
[M::mem_pestat] analyzing insert size distribution for orientation RR...
[M::mem_pestat] (25, 50, 75) percentile: (263, 1603, 3494)
[M::mem_pestat] low and high boundaries for computing mean and std.dev: (1, 9956)
[M::mem_pestat] mean and std.dev: (2467.26, 2727.26)
[M::mem_pestat] low and high boundaries for proper pairs: (1, 13376)
[M::mem_pestat] skip orientation FF
[M::mem_pestat] skip orientation RF
[M::mem_pestat] skip orientation RR
[M::mem_process_seqs] Processed 1066668 reads in 731.460 CPU sec, 60.723 real sec
[M::mem_pestat] # candidate unique pairs for (FF, FR, RF, RR): (21, 228280, 91, 22)
[M::mem_pestat] analyzing insert size distribution for orientation FF...
[M::mem_pestat] (25, 50, 75) percentile: (164, 476, 1293)
[M::mem_pestat] low and high boundaries for computing mean and std.dev: (1, 3551)
[M::mem_pestat] mean and std.dev: (717.86, 722.18)
[M::mem_pestat] low and high boundaries for proper pairs: (1, 4680)
[M::mem_pestat] analyzing insert size distribution for orientation FR...
[M::mem_pestat] (25, 50, 75) percentile: (217, 289, 369)
[M::mem_pestat] low and high boundaries for computing mean and std.dev: (1, 673)
[M::mem_pestat] mean and std.dev: (295.13, 112.86)
[M::mem_pestat] low and high boundaries for proper pairs: (1, 825)
[M::mem_pestat] analyzing insert size distribution for orientation RF...
[M::mem_pestat] (25, 50, 75) percentile: (299, 896, 3736)
[M::mem_pestat] low and high boundaries for computing mean and std.dev: (1, 10610)
[M::mem_pestat] mean and std.dev: (2326.23, 2830.29)
[M::mem_pestat] low and high boundaries for proper pairs: (1, 14047)
[M::mem_pestat] analyzing insert size distribution for orientation RR...
[M::mem_pestat] (25, 50, 75) percentile: (269, 474, 1033)
[M::mem_pestat] low and high boundaries for computing mean and std.dev: (1, 2561)
[M::mem_pestat] mean and std.dev: (715.77, 658.30)
[M::mem_pestat] low and high boundaries for proper pairs: (1, 3349)
[M::mem_pestat] skip orientation FF
[M::mem_pestat] skip orientation RF
[M::mem_pestat] skip orientation RR
[M::process] read 1066668 sequences (160000200 bp)...
[M::mem_process_seqs] Processed 1066668 reads in 740.280 CPU sec, 49.163 real sec
[M::process] read 1066668 sequences (160000200 bp)...
[M::mem_pestat] # candidate unique pairs for (FF, FR, RF, RR): (25, 229168, 49, 23)
[M::mem_pestat] analyzing insert size distribution for orientation FF...
[M::mem_pestat] (25, 50, 75) percentile: (153, 488, 1700)
[M::mem_pestat] low and high boundaries for computing mean and std.dev: (1, 4794)
[M::mem_pestat] mean and std.dev: (998.00, 1395.84)
[M::mem_pestat] low and high boundaries for proper pairs: (1, 6581)
[M::mem_pestat] analyzing insert size distribution for orientation FR...
[M::mem_pestat] (25, 50, 75) percentile: (215, 287, 366)
[M::mem_pestat] low and high boundaries for computing mean and std.dev: (1, 668)
[M::mem_pestat] mean and std.dev: (293.24, 112.33)
[M::mem_pestat] low and high boundaries for proper pairs: (1, 819)
[M::mem_pestat] analyzing insert size distribution for orientation RF...
[M::mem_pestat] (25, 50, 75) percentile: (196, 2370, 6815)
[M::mem_pestat] low and high boundaries for computing mean and std.dev: (1, 20053)
[M::mem_pestat] mean and std.dev: (3405.04, 3297.84)
[M::mem_pestat] low and high boundaries for proper pairs: (1, 26672)
[M::mem_pestat] analyzing insert size distribution for orientation RR...
[M::mem_pestat] (25, 50, 75) percentile: (278, 427, 1494)
[M::mem_pestat] low and high boundaries for computing mean and std.dev: (1, 3926)
[M::mem_pestat] mean and std.dev: (788.96, 643.50)
[M::mem_pestat] low and high boundaries for proper pairs: (1, 5142)
[M::mem_pestat] skip orientation FF
[M::mem_pestat] skip orientation RF
[M::mem_pestat] skip orientation RR
[M::mem_process_seqs] Processed 1066668 reads in 741.506 CPU sec, 48.870 real sec
[M::process] read 1066668 sequences (160000200 bp)...
[M::mem_pestat] # candidate unique pairs for (FF, FR, RF, RR): (27, 228377, 63, 17)
[M::mem_pestat] analyzing insert size distribution for orientation FF...
[M::mem_pestat] (25, 50, 75) percentile: (280, 536, 945)
[M::mem_pestat] low and high boundaries for computing mean and std.dev: (1, 2275)
[M::mem_pestat] mean and std.dev: (601.00, 480.47)
[M::mem_pestat] low and high boundaries for proper pairs: (1, 2940)
[M::mem_pestat] analyzing insert size distribution for orientation FR...
[M::mem_pestat] (25, 50, 75) percentile: (215, 286, 365)
[M::mem_pestat] low and high boundaries for computing mean and std.dev: (1, 665)
[M::mem_pestat] mean and std.dev: (292.26, 111.56)
[M::mem_pestat] low and high boundaries for proper pairs: (1, 815)
[M::mem_pestat] analyzing insert size distribution for orientation RF...
[M::mem_pestat] (25, 50, 75) percentile: (122, 447, 3050)
[M::mem_pestat] low and high boundaries for computing mean and std.dev: (1, 8906)
[M::mem_pestat] mean and std.dev: (1568.37, 2368.26)
[M::mem_pestat] low and high boundaries for proper pairs: (1, 11834)
[M::mem_pestat] analyzing insert size distribution for orientation RR...
[M::mem_pestat] (25, 50, 75) percentile: (420, 513, 1969)
[M::mem_pestat] low and high boundaries for computing mean and std.dev: (1, 5067)
[M::mem_pestat] mean and std.dev: (812.73, 861.98)
[M::mem_pestat] low and high boundaries for proper pairs: (1, 6616)
[M::mem_pestat] skip orientation FF
[M::mem_pestat] skip orientation RF
[M::mem_pestat] skip orientation RR
[M::mem_process_seqs] Processed 1066668 reads in 760.339 CPU sec, 50.130 real sec
[M::mem_pestat] # candidate unique pairs for (FF, FR, RF, RR): (41, 228806, 63, 31)
[M::mem_pestat] analyzing insert size distribution for orientation FF...
[M::mem_pestat] (25, 50, 75) percentile: (276, 429, 1239)
[M::mem_pestat] low and high boundaries for computing mean and std.dev: (1, 3165)
[M::mem_pestat] mean and std.dev: (702.38, 618.00)
[M::mem_pestat] low and high boundaries for proper pairs: (1, 4128)
[M::mem_pestat] analyzing insert size distribution for orientation FR...
[M::mem_pestat] (25, 50, 75) percentile: (212, 283, 361)
[M::mem_pestat] low and high boundaries for computing mean and std.dev: (1, 659)
[M::mem_pestat] mean and std.dev: (289.28, 110.19)
[M::mem_pestat] low and high boundaries for proper pairs: (1, 808)
[M::mem_pestat] analyzing insert size distribution for orientation RF...
[M::mem_pestat] (25, 50, 75) percentile: (284, 985, 4526)
[M::mem_pestat] low and high boundaries for computing mean and std.dev: (1, 13010)
[M::mem_pestat] mean and std.dev: (2493.52, 2736.50)
[M::mem_pestat] low and high boundaries for proper pairs: (1, 17252)
[M::mem_pestat] analyzing insert size distribution for orientation RR...
[M::mem_pestat] (25, 50, 75) percentile: (246, 478, 2592)
[M::mem_pestat] low and high boundaries for computing mean and std.dev: (1, 7284)
[M::mem_pestat] mean and std.dev: (1209.29, 1286.27)
[M::mem_pestat] low and high boundaries for proper pairs: (1, 9630)
[M::mem_pestat] skip orientation FF
[M::mem_pestat] skip orientation RF
[M::mem_pestat] skip orientation RR
[M::process] read 1066668 sequences (160000200 bp)...
[M::mem_process_seqs] Processed 1066668 reads in 747.748 CPU sec, 49.554 real sec
[M::mem_pestat] # candidate unique pairs for (FF, FR, RF, RR): (28, 228197, 62, 25)
[M::mem_pestat] analyzing insert size distribution for orientation FF...
[M::mem_pestat] (25, 50, 75) percentile: (300, 673, 2789)
[M::mem_pestat] low and high boundaries for computing mean and std.dev: (1, 7767)
[M::mem_pestat] mean and std.dev: (1477.93, 1843.82)
[M::mem_pestat] low and high boundaries for proper pairs: (1, 10256)
[M::mem_pestat] analyzing insert size distribution for orientation FR...
[M::mem_pestat] (25, 50, 75) percentile: (212, 284, 364)
[M::mem_pestat] low and high boundaries for computing mean and std.dev: (1, 668)
[M::mem_pestat] mean and std.dev: (290.86, 112.01)
[M::mem_pestat] low and high boundaries for proper pairs: (1, 820)
[M::mem_pestat] analyzing insert size distribution for orientation RF...
[M::mem_pestat] (25, 50, 75) percentile: (152, 859, 6911)
[M::mem_pestat] low and high boundaries for computing mean and std.dev: (1, 20429)
[M::mem_pestat] mean and std.dev: (2917.45, 3605.94)
[M::mem_pestat] low and high boundaries for proper pairs: (1, 27188)
[M::mem_pestat] analyzing insert size distribution for orientation RR...
[M::mem_pestat] (25, 50, 75) percentile: (268, 318, 649)
[M::mem_pestat] low and high boundaries for computing mean and std.dev: (1, 1411)
[M::mem_pestat] mean and std.dev: (385.55, 230.36)
[M::mem_pestat] low and high boundaries for proper pairs: (1, 1792)
[M::mem_pestat] skip orientation FF
[M::mem_pestat] skip orientation RF
[M::mem_pestat] skip orientation RR
[M::process] read 1066668 sequences (160000200 bp)...
[M::mem_process_seqs] Processed 1066668 reads in 746.574 CPU sec, 48.893 real sec
[M::mem_pestat] # candidate unique pairs for (FF, FR, RF, RR): (27, 228190, 84, 18)
[M::mem_pestat] analyzing insert size distribution for orientation FF...
[M::mem_pestat] (25, 50, 75) percentile: (184, 701, 1682)
[M::mem_pestat] low and high boundaries for computing mean and std.dev: (1, 4678)
[M::mem_pestat] mean and std.dev: (896.77, 901.70)
[M::mem_pestat] low and high boundaries for proper pairs: (1, 6176)
[M::mem_pestat] analyzing insert size distribution for orientation FR...
[M::mem_pestat] (25, 50, 75) percentile: (216, 291, 375)
[M::mem_pestat] low and high boundaries for computing mean and std.dev: (1, 693)
[M::mem_pestat] mean and std.dev: (298.12, 116.79)
[M::mem_pestat] low and high boundaries for proper pairs: (1, 852)
[M::mem_pestat] analyzing insert size distribution for orientation RF...
[M::mem_pestat] (25, 50, 75) percentile: (213, 939, 4220)
[M::mem_pestat] low and high boundaries for computing mean and std.dev: (1, 12234)
[M::mem_pestat] mean and std.dev: (2264.98, 2710.77)
[M::mem_pestat] low and high boundaries for proper pairs: (1, 16241)
[M::mem_pestat] analyzing insert size distribution for orientation RR...
[M::mem_pestat] (25, 50, 75) percentile: (336, 1130, 3406)
[M::mem_pestat] low and high boundaries for computing mean and std.dev: (1, 9546)
[M::mem_pestat] mean and std.dev: (2486.78, 2984.71)
[M::mem_pestat] low and high boundaries for proper pairs: (1, 14426)
[M::mem_pestat] skip orientation FF
[M::mem_pestat] skip orientation RF
[M::mem_pestat] skip orientation RR
[M::process] read 1066668 sequences (160000200 bp)...
[M::mem_process_seqs] Processed 1066668 reads in 734.558 CPU sec, 49.206 real sec
[M::mem_pestat] # candidate unique pairs for (FF, FR, RF, RR): (37, 228463, 84, 31)
[M::mem_pestat] analyzing insert size distribution for orientation FF...
[M::mem_pestat] (25, 50, 75) percentile: (229, 1054, 3917)
[M::mem_pestat] low and high boundaries for computing mean and std.dev: (1, 11293)
[M::mem_pestat] mean and std.dev: (2445.14, 2797.09)
[M::mem_pestat] low and high boundaries for proper pairs: (1, 14981)
[M::mem_pestat] analyzing insert size distribution for orientation FR...
[M::mem_pestat] (25, 50, 75) percentile: (215, 287, 369)
[M::mem_pestat] low and high boundaries for computing mean and std.dev: (1, 677)
[M::mem_pestat] mean and std.dev: (294.60, 113.85)
[M::mem_pestat] low and high boundaries for proper pairs: (1, 831)
[M::mem_pestat] analyzing insert size distribution for orientation RF...
[M::mem_pestat] (25, 50, 75) percentile: (111, 1089, 4176)
[M::mem_pestat] low and high boundaries for computing mean and std.dev: (1, 12306)
[M::mem_pestat] mean and std.dev: (2509.86, 3012.59)
[M::mem_pestat] low and high boundaries for proper pairs: (1, 16371)
[M::mem_pestat] analyzing insert size distribution for orientation RR...
[M::mem_pestat] (25, 50, 75) percentile: (249, 579, 751)
[M::mem_pestat] low and high boundaries for computing mean and std.dev: (1, 1755)
[M::mem_pestat] mean and std.dev: (509.41, 385.73)
[M::mem_pestat] low and high boundaries for proper pairs: (1, 2257)
[M::mem_pestat] skip orientation FF
[M::mem_pestat] skip orientation RF
[M::mem_pestat] skip orientation RR
[M::process] read 1066668 sequences (160000200 bp)...
[M::mem_process_seqs] Processed 1066668 reads in 741.588 CPU sec, 49.320 real sec
[M::mem_pestat] # candidate unique pairs for (FF, FR, RF, RR): (24, 228700, 71, 17)
[M::mem_pestat] analyzing insert size distribution for orientation FF...
[M::mem_pestat] (25, 50, 75) percentile: (321, 635, 2268)
[M::mem_pestat] low and high boundaries for computing mean and std.dev: (1, 6162)
[M::mem_pestat] mean and std.dev: (1315.04, 1337.06)
[M::mem_pestat] low and high boundaries for proper pairs: (1, 8109)
[M::mem_pestat] analyzing insert size distribution for orientation FR...
[M::mem_pestat] (25, 50, 75) percentile: (215, 287, 367)
[M::mem_pestat] low and high boundaries for computing mean and std.dev: (1, 671)
[M::mem_pestat] mean and std.dev: (293.80, 113.10)
[M::mem_pestat] low and high boundaries for proper pairs: (1, 823)
[M::mem_pestat] analyzing insert size distribution for orientation RF...
[M::mem_pestat] (25, 50, 75) percentile: (242, 1281, 5519)
[M::mem_pestat] low and high boundaries for computing mean and std.dev: (1, 16073)
[M::mem_pestat] mean and std.dev: (2962.59, 3433.77)
[M::mem_pestat] low and high boundaries for proper pairs: (1, 21350)
[M::mem_pestat] analyzing insert size distribution for orientation RR...
[M::mem_pestat] (25, 50, 75) percentile: (213, 399, 1086)
[M::mem_pestat] low and high boundaries for computing mean and std.dev: (1, 2832)
[M::mem_pestat] mean and std.dev: (631.38, 593.95)
[M::mem_pestat] low and high boundaries for proper pairs: (1, 3705)
[M::mem_pestat] skip orientation FF
[M::mem_pestat] skip orientation RF
[M::mem_pestat] skip orientation RR
[M::process] read 1066668 sequences (160000200 bp)...
[M::mem_process_seqs] Processed 1066668 reads in 751.056 CPU sec, 50.743 real sec
[M::mem_pestat] # candidate unique pairs for (FF, FR, RF, RR): (18, 228226, 65, 23)
[M::mem_pestat] analyzing insert size distribution for orientation FF...
[M::mem_pestat] (25, 50, 75) percentile: (374, 642, 1194)
[M::mem_pestat] low and high boundaries for computing mean and std.dev: (1, 2834)
[M::mem_pestat] mean and std.dev: (734.94, 472.77)
[M::mem_pestat] low and high boundaries for proper pairs: (1, 3654)
[M::mem_pestat] analyzing insert size distribution for orientation FR...
[M::mem_pestat] (25, 50, 75) percentile: (214, 285, 365)
[M::mem_pestat] low and high boundaries for computing mean and std.dev: (1, 667)
[M::mem_pestat] mean and std.dev: (291.81, 112.30)
[M::mem_pestat] low and high boundaries for proper pairs: (1, 818)
[M::mem_pestat] analyzing insert size distribution for orientation RF...
[M::mem_pestat] (25, 50, 75) percentile: (210, 1362, 4693)
[M::mem_pestat] low and high boundaries for computing mean and std.dev: (1, 13659)
[M::mem_pestat] mean and std.dev: (2686.34, 2918.92)
[M::mem_pestat] low and high boundaries for proper pairs: (1, 18142)
[M::mem_pestat] analyzing insert size distribution for orientation RR...
[M::mem_pestat] (25, 50, 75) percentile: (248, 362, 845)
[M::mem_pestat] low and high boundaries for computing mean and std.dev: (1, 2039)
[M::mem_pestat] mean and std.dev: (493.45, 384.38)
[M::mem_pestat] low and high boundaries for proper pairs: (1, 2636)
[M::mem_pestat] skip orientation FF
[M::mem_pestat] skip orientation RF
[M::mem_pestat] skip orientation RR
[M::process] read 1066668 sequences (160000200 bp)...
[M::mem_process_seqs] Processed 1066668 reads in 761.996 CPU sec, 49.824 real sec
[M::mem_pestat] # candidate unique pairs for (FF, FR, RF, RR): (29, 229020, 65, 20)
[M::mem_pestat] analyzing insert size distribution for orientation FF...
[M::mem_pestat] (25, 50, 75) percentile: (310, 560, 1821)
[M::mem_pestat] low and high boundaries for computing mean and std.dev: (1, 4843)
[M::mem_pestat] mean and std.dev: (774.64, 794.10)
[M::mem_pestat] low and high boundaries for proper pairs: (1, 6354)
[M::mem_pestat] analyzing insert size distribution for orientation FR...
[M::mem_pestat] (25, 50, 75) percentile: (212, 283, 363)
[M::mem_pestat] low and high boundaries for computing mean and std.dev: (1, 665)
[M::mem_pestat] mean and std.dev: (289.89, 111.95)
[M::mem_pestat] low and high boundaries for proper pairs: (1, 816)
[M::mem_pestat] analyzing insert size distribution for orientation RF...
[M::mem_pestat] (25, 50, 75) percentile: (124, 1092, 4320)
[M::mem_pestat] low and high boundaries for computing mean and std.dev: (1, 12712)
[M::mem_pestat] mean and std.dev: (2342.83, 2766.36)
[M::mem_pestat] low and high boundaries for proper pairs: (1, 16908)
[M::mem_pestat] analyzing insert size distribution for orientation RR...
[M::mem_pestat] (25, 50, 75) percentile: (312, 652, 2021)
[M::mem_pestat] low and high boundaries for computing mean and std.dev: (1, 5439)
[M::mem_pestat] mean and std.dev: (1092.00, 1039.49)
[M::mem_pestat] low and high boundaries for proper pairs: (1, 7148)
[M::mem_pestat] skip orientation FF
[M::mem_pestat] skip orientation RF
[M::mem_pestat] skip orientation RR
[M::process] read 1066668 sequences (160000200 bp)...
[M::mem_process_seqs] Processed 1066668 reads in 763.709 CPU sec, 49.870 real sec
[M::mem_pestat] # candidate unique pairs for (FF, FR, RF, RR): (39, 228152, 86, 26)
[M::mem_pestat] analyzing insert size distribution for orientation FF...
[M::mem_pestat] (25, 50, 75) percentile: (315, 556, 2126)
[M::mem_pestat] low and high boundaries for computing mean and std.dev: (1, 5748)
[M::mem_pestat] mean and std.dev: (1259.95, 1258.58)
[M::mem_pestat] low and high boundaries for proper pairs: (1, 7559)
[M::mem_pestat] analyzing insert size distribution for orientation FR...
[M::mem_pestat] (25, 50, 75) percentile: (211, 284, 364)
[M::mem_pestat] low and high boundaries for computing mean and std.dev: (1, 670)
[M::mem_pestat] mean and std.dev: (290.63, 112.98)
[M::mem_pestat] low and high boundaries for proper pairs: (1, 823)
[M::mem_pestat] analyzing insert size distribution for orientation RF...
[M::mem_pestat] (25, 50, 75) percentile: (178, 1044, 4343)
[M::mem_pestat] low and high boundaries for computing mean and std.dev: (1, 12673)
[M::mem_pestat] mean and std.dev: (2405.76, 2897.77)
[M::mem_pestat] low and high boundaries for proper pairs: (1, 16838)
[M::mem_pestat] analyzing insert size distribution for orientation RR...
[M::mem_pestat] (25, 50, 75) percentile: (121, 266, 482)
[M::mem_pestat] low and high boundaries for computing mean and std.dev: (1, 1204)
[M::mem_pestat] mean and std.dev: (229.55, 133.47)
[M::mem_pestat] low and high boundaries for proper pairs: (1, 1565)
[M::mem_pestat] skip orientation FF
[M::mem_pestat] skip orientation RF
[M::mem_pestat] skip orientation RR
[M::process] read 1066668 sequences (160000200 bp)...
[M::mem_process_seqs] Processed 1066668 reads in 750.527 CPU sec, 49.249 real sec
[M::mem_pestat] # candidate unique pairs for (FF, FR, RF, RR): (33, 228382, 61, 27)
[M::mem_pestat] analyzing insert size distribution for orientation FF...
[M::mem_pestat] (25, 50, 75) percentile: (396, 1170, 3664)
[M::mem_pestat] low and high boundaries for computing mean and std.dev: (1, 10200)
[M::mem_pestat] mean and std.dev: (1901.70, 1878.81)
[M::mem_pestat] low and high boundaries for proper pairs: (1, 13468)
[M::mem_pestat] analyzing insert size distribution for orientation FR...
[M::mem_pestat] (25, 50, 75) percentile: (214, 288, 370)
[M::mem_pestat] low and high boundaries for computing mean and std.dev: (1, 682)
[M::mem_pestat] mean and std.dev: (294.71, 115.26)
[M::mem_pestat] low and high boundaries for proper pairs: (1, 838)
[M::mem_pestat] analyzing insert size distribution for orientation RF...
[M::mem_pestat] (25, 50, 75) percentile: (102, 618, 4419)
[M::mem_pestat] low and high boundaries for computing mean and std.dev: (1, 13053)
[M::mem_pestat] mean and std.dev: (2278.57, 2767.57)
[M::mem_pestat] low and high boundaries for proper pairs: (1, 17370)
[M::mem_pestat] analyzing insert size distribution for orientation RR...
[M::mem_pestat] (25, 50, 75) percentile: (191, 295, 730)
[M::mem_pestat] low and high boundaries for computing mean and std.dev: (1, 1808)
[M::mem_pestat] mean and std.dev: (432.84, 325.54)
[M::mem_pestat] low and high boundaries for proper pairs: (1, 2347)
[M::mem_pestat] skip orientation FF
[M::mem_pestat] skip orientation RF
[M::mem_pestat] skip orientation RR
[M::process] read 1066668 sequences (160000200 bp)...
[M::mem_process_seqs] Processed 1066668 reads in 744.589 CPU sec, 49.243 real sec
[M::mem_pestat] # candidate unique pairs for (FF, FR, RF, RR): (26, 229160, 84, 13)
[M::mem_pestat] analyzing insert size distribution for orientation FF...
[M::mem_pestat] (25, 50, 75) percentile: (194, 494, 1006)
[M::mem_pestat] low and high boundaries for computing mean and std.dev: (1, 2630)
[M::mem_pestat] mean and std.dev: (636.58, 616.22)
[M::mem_pestat] low and high boundaries for proper pairs: (1, 3442)
[M::mem_pestat] analyzing insert size distribution for orientation FR...
[M::mem_pestat] (25, 50, 75) percentile: (212, 284, 364)
[M::mem_pestat] low and high boundaries for computing mean and std.dev: (1, 668)
[M::mem_pestat] mean and std.dev: (290.80, 112.64)
[M::mem_pestat] low and high boundaries for proper pairs: (1, 820)
[M::mem_pestat] analyzing insert size distribution for orientation RF...
[M::mem_pestat] (25, 50, 75) percentile: (208, 1116, 3163)
[M::mem_pestat] low and high boundaries for computing mean and std.dev: (1, 9073)
[M::mem_pestat] mean and std.dev: (1776.09, 2085.70)
[M::mem_pestat] low and high boundaries for proper pairs: (1, 12028)
[M::mem_pestat] analyzing insert size distribution for orientation RR...
[M::mem_pestat] (25, 50, 75) percentile: (147, 214, 651)
[M::mem_pestat] low and high boundaries for computing mean and std.dev: (1, 1659)
[M::mem_pestat] mean and std.dev: (367.17, 362.10)
[M::mem_pestat] low and high boundaries for proper pairs: (1, 2163)
[M::mem_pestat] skip orientation FF
[M::mem_pestat] skip orientation RF
[M::mem_pestat] skip orientation RR
[M::process] read 1066668 sequences (160000200 bp)...
[M::mem_process_seqs] Processed 1066668 reads in 742.019 CPU sec, 49.100 real sec
[M::mem_pestat] # candidate unique pairs for (FF, FR, RF, RR): (24, 229620, 75, 30)
[M::mem_pestat] analyzing insert size distribution for orientation FF...
[M::mem_pestat] (25, 50, 75) percentile: (258, 622, 2188)
[M::mem_pestat] low and high boundaries for computing mean and std.dev: (1, 6048)
[M::mem_pestat] mean and std.dev: (929.29, 1185.97)
[M::mem_pestat] low and high boundaries for proper pairs: (1, 7978)
[M::mem_pestat] analyzing insert size distribution for orientation FR...
[M::mem_pestat] (25, 50, 75) percentile: (212, 284, 364)
[M::mem_pestat] low and high boundaries for computing mean and std.dev: (1, 668)
[M::mem_pestat] mean and std.dev: (291.22, 113.08)
[M::mem_pestat] low and high boundaries for proper pairs: (1, 820)
[M::mem_pestat] analyzing insert size distribution for orientation RF...
[M::mem_pestat] (25, 50, 75) percentile: (184, 596, 4185)
[M::mem_pestat] low and high boundaries for computing mean and std.dev: (1, 12187)
[M::mem_pestat] mean and std.dev: (2376.67, 3119.45)
[M::mem_pestat] low and high boundaries for proper pairs: (1, 16188)
[M::mem_pestat] analyzing insert size distribution for orientation RR...
[M::mem_pestat] (25, 50, 75) percentile: (158, 247, 1473)
[M::mem_pestat] low and high boundaries for computing mean and std.dev: (1, 4103)
[M::mem_pestat] mean and std.dev: (423.24, 637.45)
[M::mem_pestat] low and high boundaries for proper pairs: (1, 5418)
[M::mem_pestat] skip orientation FF
[M::mem_pestat] skip orientation RF
[M::mem_pestat] skip orientation RR
[M::process] read 1066668 sequences (160000200 bp)...
[M::mem_process_seqs] Processed 1066668 reads in 741.075 CPU sec, 48.430 real sec
[M::mem_pestat] # candidate unique pairs for (FF, FR, RF, RR): (27, 229218, 74, 21)
[M::mem_pestat] analyzing insert size distribution for orientation FF...
[M::mem_pestat] (25, 50, 75) percentile: (246, 544, 3057)
[M::mem_pestat] low and high boundaries for computing mean and std.dev: (1, 8679)
[M::mem_pestat] mean and std.dev: (1481.78, 1818.14)
[M::mem_pestat] low and high boundaries for proper pairs: (1, 11490)
[M::mem_pestat] analyzing insert size distribution for orientation FR...
[M::mem_pestat] (25, 50, 75) percentile: (213, 284, 364)
[M::mem_pestat] low and high boundaries for computing mean and std.dev: (1, 666)
[M::mem_pestat] mean and std.dev: (291.08, 112.46)
[M::mem_pestat] low and high boundaries for proper pairs: (1, 817)
[M::mem_pestat] analyzing insert size distribution for orientation RF...
[M::mem_pestat] (25, 50, 75) percentile: (180, 720, 2690)
[M::mem_pestat] low and high boundaries for computing mean and std.dev: (1, 7710)
[M::mem_pestat] mean and std.dev: (1181.80, 1582.72)
[M::mem_pestat] low and high boundaries for proper pairs: (1, 10220)
[M::mem_pestat] analyzing insert size distribution for orientation RR...
[M::mem_pestat] (25, 50, 75) percentile: (236, 435, 1173)
[M::mem_pestat] low and high boundaries for computing mean and std.dev: (1, 3047)
[M::mem_pestat] mean and std.dev: (680.63, 667.63)
[M::mem_pestat] low and high boundaries for proper pairs: (1, 3984)
[M::mem_pestat] skip orientation FF
[M::mem_pestat] skip orientation RF
[M::mem_pestat] skip orientation RR
[M::process] read 1066668 sequences (160000200 bp)...
[M::mem_process_seqs] Processed 1066668 reads in 747.133 CPU sec, 48.954 real sec
[M::mem_pestat] # candidate unique pairs for (FF, FR, RF, RR): (21, 228504, 70, 27)
[M::mem_pestat] analyzing insert size distribution for orientation FF...
[M::mem_pestat] (25, 50, 75) percentile: (185, 442, 1320)
[M::mem_pestat] low and high boundaries for computing mean and std.dev: (1, 3590)
[M::mem_pestat] mean and std.dev: (716.38, 606.47)
[M::mem_pestat] low and high boundaries for proper pairs: (1, 4725)
[M::mem_pestat] analyzing insert size distribution for orientation FR...
[M::mem_pestat] (25, 50, 75) percentile: (212, 283, 363)
[M::mem_pestat] low and high boundaries for computing mean and std.dev: (1, 665)
[M::mem_pestat] mean and std.dev: (290.10, 112.24)
[M::mem_pestat] low and high boundaries for proper pairs: (1, 816)
[M::mem_pestat] analyzing insert size distribution for orientation RF...
[M::mem_pestat] (25, 50, 75) percentile: (99, 877, 2973)
[M::mem_pestat] low and high boundaries for computing mean and std.dev: (1, 8721)
[M::mem_pestat] mean and std.dev: (1802.22, 2446.93)
[M::mem_pestat] low and high boundaries for proper pairs: (1, 11595)
[M::mem_pestat] analyzing insert size distribution for orientation RR...
[M::mem_pestat] (25, 50, 75) percentile: (326, 668, 2206)
[M::mem_pestat] low and high boundaries for computing mean and std.dev: (1, 5966)
[M::mem_pestat] mean and std.dev: (1420.67, 1571.39)
[M::mem_pestat] low and high boundaries for proper pairs: (1, 7846)
[M::mem_pestat] skip orientation FF
[M::mem_pestat] skip orientation RF
[M::mem_pestat] skip orientation RR
[M::process] read 1066668 sequences (160000200 bp)...
[M::mem_process_seqs] Processed 1066668 reads in 751.987 CPU sec, 49.059 real sec
[M::mem_pestat] # candidate unique pairs for (FF, FR, RF, RR): (27, 228112, 67, 30)
[M::mem_pestat] analyzing insert size distribution for orientation FF...
[M::mem_pestat] (25, 50, 75) percentile: (397, 783, 1975)
[M::mem_pestat] low and high boundaries for computing mean and std.dev: (1, 5131)
[M::mem_pestat] mean and std.dev: (960.12, 709.24)
[M::mem_pestat] low and high boundaries for proper pairs: (1, 6709)
[M::mem_pestat] analyzing insert size distribution for orientation FR...
[M::mem_pestat] (25, 50, 75) percentile: (212, 285, 365)
[M::mem_pestat] low and high boundaries for computing mean and std.dev: (1, 671)
[M::mem_pestat] mean and std.dev: (291.55, 112.68)
[M::mem_pestat] low and high boundaries for proper pairs: (1, 824)
[M::mem_pestat] analyzing insert size distribution for orientation RF...
[M::mem_pestat] (25, 50, 75) percentile: (155, 412, 2883)
[M::mem_pestat] low and high boundaries for computing mean and std.dev: (1, 8339)
[M::mem_pestat] mean and std.dev: (1511.48, 2136.19)
[M::mem_pestat] low and high boundaries for proper pairs: (1, 11067)
[M::mem_pestat] analyzing insert size distribution for orientation RR...
[M::mem_pestat] (25, 50, 75) percentile: (194, 418, 736)
[M::mem_pestat] low and high boundaries for computing mean and std.dev: (1, 1820)
[M::mem_pestat] mean and std.dev: (449.89, 337.78)
[M::mem_pestat] low and high boundaries for proper pairs: (1, 2362)
[M::mem_pestat] skip orientation FF
[M::mem_pestat] skip orientation RF
[M::mem_pestat] skip orientation RR
[M::process] read 1066668 sequences (160000200 bp)...
[M::mem_process_seqs] Processed 1066668 reads in 739.852 CPU sec, 48.899 real sec
[M::mem_pestat] # candidate unique pairs for (FF, FR, RF, RR): (21, 228724, 63, 18)
[M::mem_pestat] analyzing insert size distribution for orientation FF...
[M::mem_pestat] (25, 50, 75) percentile: (347, 562, 951)
[M::mem_pestat] low and high boundaries for computing mean and std.dev: (1, 2159)
[M::mem_pestat] mean and std.dev: (595.89, 424.18)
[M::mem_pestat] low and high boundaries for proper pairs: (1, 2763)
[M::mem_pestat] analyzing insert size distribution for orientation FR...
[M::mem_pestat] (25, 50, 75) percentile: (215, 287, 367)
[M::mem_pestat] low and high boundaries for computing mean and std.dev: (1, 671)
[M::mem_pestat] mean and std.dev: (292.78, 112.63)
[M::mem_pestat] low and high boundaries for proper pairs: (1, 823)
[M::mem_pestat] analyzing insert size distribution for orientation RF...
[M::mem_pestat] (25, 50, 75) percentile: (250, 2253, 5859)
[M::mem_pestat] low and high boundaries for computing mean and std.dev: (1, 17077)
[M::mem_pestat] mean and std.dev: (3056.92, 2986.86)
[M::mem_pestat] low and high boundaries for proper pairs: (1, 22686)
[M::mem_pestat] analyzing insert size distribution for orientation RR...
[M::mem_pestat] (25, 50, 75) percentile: (375, 1182, 1594)
[M::mem_pestat] low and high boundaries for computing mean and std.dev: (1, 4032)
[M::mem_pestat] mean and std.dev: (1133.22, 898.95)
[M::mem_pestat] low and high boundaries for proper pairs: (1, 5251)
[M::mem_pestat] skip orientation FF
[M::mem_pestat] skip orientation RF
[M::mem_pestat] skip orientation RR
[M::mem_process_seqs] Processed 1066668 reads in 735.310 CPU sec, 49.828 real sec
[M::process] read 1066668 sequences (160000200 bp)...
[M::process] read 1066668 sequences (160000200 bp)...
[M::mem_pestat] # candidate unique pairs for (FF, FR, RF, RR): (34, 228127, 54, 21)
[M::mem_pestat] analyzing insert size distribution for orientation FF...
[M::mem_pestat] (25, 50, 75) percentile: (231, 578, 979)
[M::mem_pestat] low and high boundaries for computing mean and std.dev: (1, 2475)
[M::mem_pestat] mean and std.dev: (560.23, 422.44)
[M::mem_pestat] low and high boundaries for proper pairs: (1, 3223)
[M::mem_pestat] analyzing insert size distribution for orientation FR...
[M::mem_pestat] (25, 50, 75) percentile: (213, 286, 368)
[M::mem_pestat] low and high boundaries for computing mean and std.dev: (1, 678)
[M::mem_pestat] mean and std.dev: (293.26, 114.16)
[M::mem_pestat] low and high boundaries for proper pairs: (1, 833)
[M::mem_pestat] analyzing insert size distribution for orientation RF...
[M::mem_pestat] (25, 50, 75) percentile: (187, 2539, 5729)
[M::mem_pestat] low and high boundaries for computing mean and std.dev: (1, 16813)
[M::mem_pestat] mean and std.dev: (3146.87, 3173.39)
[M::mem_pestat] low and high boundaries for proper pairs: (1, 22355)
[M::mem_pestat] analyzing insert size distribution for orientation RR...
[M::mem_pestat] (25, 50, 75) percentile: (311, 1042, 1894)
[M::mem_pestat] low and high boundaries for computing mean and std.dev: (1, 5060)
[M::mem_pestat] mean and std.dev: (925.68, 985.63)
[M::mem_pestat] low and high boundaries for proper pairs: (1, 6643)
[M::mem_pestat] skip orientation FF
[M::mem_pestat] skip orientation RF
[M::mem_pestat] skip orientation RR
[M::mem_process_seqs] Processed 1066668 reads in 748.933 CPU sec, 48.490 real sec
[M::mem_pestat] # candidate unique pairs for (FF, FR, RF, RR): (20, 228987, 54, 13)
[M::mem_pestat] analyzing insert size distribution for orientation FF...
[M::mem_pestat] (25, 50, 75) percentile: (280, 521, 746)
[M::mem_pestat] low and high boundaries for computing mean and std.dev: (1, 1678)
[M::mem_pestat] mean and std.dev: (547.47, 355.85)
[M::mem_pestat] low and high boundaries for proper pairs: (1, 2144)
[M::mem_pestat] analyzing insert size distribution for orientation FR...
[M::mem_pestat] (25, 50, 75) percentile: (213, 284, 364)
[M::mem_pestat] low and high boundaries for computing mean and std.dev: (1, 666)
[M::mem_pestat] mean and std.dev: (290.97, 112.46)
[M::mem_pestat] low and high boundaries for proper pairs: (1, 817)
[M::mem_pestat] analyzing insert size distribution for orientation RF...
[M::mem_pestat] (25, 50, 75) percentile: (88, 824, 3478)
[M::mem_pestat] low and high boundaries for computing mean and std.dev: (1, 10258)
[M::mem_pestat] mean and std.dev: (2024.65, 2777.51)
[M::mem_pestat] low and high boundaries for proper pairs: (1, 13648)
[M::mem_pestat] analyzing insert size distribution for orientation RR...
[M::mem_pestat] (25, 50, 75) percentile: (287, 603, 944)
[M::mem_pestat] low and high boundaries for computing mean and std.dev: (1, 2258)
[M::mem_pestat] mean and std.dev: (486.09, 261.14)
[M::mem_pestat] low and high boundaries for proper pairs: (1, 2915)
[M::mem_pestat] skip orientation FF
[M::mem_pestat] skip orientation RF
[M::mem_pestat] skip orientation RR
[M::process] read 1066668 sequences (160000200 bp)...
[M::mem_process_seqs] Processed 1066668 reads in 753.812 CPU sec, 49.089 real sec
[M::mem_pestat] # candidate unique pairs for (FF, FR, RF, RR): (21, 228153, 70, 23)
[M::mem_pestat] analyzing insert size distribution for orientation FF...
[M::mem_pestat] (25, 50, 75) percentile: (195, 333, 1165)
[M::mem_pestat] low and high boundaries for computing mean and std.dev: (1, 3105)
[M::mem_pestat] mean and std.dev: (602.57, 566.60)
[M::mem_pestat] low and high boundaries for proper pairs: (1, 4075)
[M::mem_pestat] analyzing insert size distribution for orientation FR...
[M::mem_pestat] (25, 50, 75) percentile: (211, 282, 361)
[M::mem_pestat] low and high boundaries for computing mean and std.dev: (1, 661)
[M::mem_pestat] mean and std.dev: (289.15, 111.76)
[M::mem_pestat] low and high boundaries for proper pairs: (1, 811)
[M::mem_pestat] analyzing insert size distribution for orientation RF...
[M::mem_pestat] (25, 50, 75) percentile: (197, 943, 3784)
[M::mem_pestat] low and high boundaries for computing mean and std.dev: (1, 10958)
[M::mem_pestat] mean and std.dev: (2254.34, 2908.40)
[M::mem_pestat] low and high boundaries for proper pairs: (1, 14545)
[M::mem_pestat] analyzing insert size distribution for orientation RR...
[M::mem_pestat] (25, 50, 75) percentile: (193, 514, 1862)
[M::mem_pestat] low and high boundaries for computing mean and std.dev: (1, 5200)
[M::mem_pestat] mean and std.dev: (952.87, 1063.73)
[M::mem_pestat] low and high boundaries for proper pairs: (1, 6869)
[M::mem_pestat] skip orientation FF
[M::mem_pestat] skip orientation RF
[M::mem_pestat] skip orientation RR
[M::process] read 1066668 sequences (160000200 bp)...
[M::mem_process_seqs] Processed 1066668 reads in 751.427 CPU sec, 49.307 real sec
[M::mem_pestat] # candidate unique pairs for (FF, FR, RF, RR): (28, 228140, 60, 19)
[M::mem_pestat] analyzing insert size distribution for orientation FF...
[M::mem_pestat] (25, 50, 75) percentile: (207, 963, 2335)
[M::mem_pestat] low and high boundaries for computing mean and std.dev: (1, 6591)
[M::mem_pestat] mean and std.dev: (1122.65, 1327.08)
[M::mem_pestat] low and high boundaries for proper pairs: (1, 8719)
[M::mem_pestat] analyzing insert size distribution for orientation FR...
[M::mem_pestat] (25, 50, 75) percentile: (212, 282, 362)
[M::mem_pestat] low and high boundaries for computing mean and std.dev: (1, 662)
[M::mem_pestat] mean and std.dev: (289.57, 112.01)
[M::mem_pestat] low and high boundaries for proper pairs: (1, 812)
[M::mem_pestat] analyzing insert size distribution for orientation RF...
[M::mem_pestat] (25, 50, 75) percentile: (288, 1323, 5405)
[M::mem_pestat] low and high boundaries for computing mean and std.dev: (1, 15639)
[M::mem_pestat] mean and std.dev: (2678.83, 3066.40)
[M::mem_pestat] low and high boundaries for proper pairs: (1, 20756)
[M::mem_pestat] analyzing insert size distribution for orientation RR...
[M::mem_pestat] (25, 50, 75) percentile: (114, 244, 1125)
[M::mem_pestat] low and high boundaries for computing mean and std.dev: (1, 3147)
[M::mem_pestat] mean and std.dev: (386.12, 413.53)
[M::mem_pestat] low and high boundaries for proper pairs: (1, 4158)
[M::mem_pestat] skip orientation FF
[M::mem_pestat] skip orientation RF
[M::mem_pestat] skip orientation RR
[M::process] read 1066668 sequences (160000200 bp)...
[M::mem_process_seqs] Processed 1066668 reads in 766.162 CPU sec, 50.643 real sec
[M::mem_pestat] # candidate unique pairs for (FF, FR, RF, RR): (18, 225775, 82, 48)
[M::mem_pestat] analyzing insert size distribution for orientation FF...
[M::mem_pestat] (25, 50, 75) percentile: (241, 596, 2958)
[M::mem_pestat] low and high boundaries for computing mean and std.dev: (1, 8392)
[M::mem_pestat] mean and std.dev: (1760.72, 2053.41)
[M::mem_pestat] low and high boundaries for proper pairs: (1, 11109)
[M::mem_pestat] analyzing insert size distribution for orientation FR...
[M::mem_pestat] (25, 50, 75) percentile: (212, 288, 378)
[M::mem_pestat] low and high boundaries for computing mean and std.dev: (1, 710)
[M::mem_pestat] mean and std.dev: (298.83, 121.43)
[M::mem_pestat] low and high boundaries for proper pairs: (1, 876)
[M::mem_pestat] analyzing insert size distribution for orientation RF...
[M::mem_pestat] (25, 50, 75) percentile: (205, 882, 3529)
[M::mem_pestat] low and high boundaries for computing mean and std.dev: (1, 10177)
[M::mem_pestat] mean and std.dev: (2122.10, 2497.19)
[M::mem_pestat] low and high boundaries for proper pairs: (1, 13501)
[M::mem_pestat] analyzing insert size distribution for orientation RR...
[M::mem_pestat] (25, 50, 75) percentile: (252, 470, 1004)
[M::mem_pestat] low and high boundaries for computing mean and std.dev: (1, 2508)
[M::mem_pestat] mean and std.dev: (471.40, 351.71)
[M::mem_pestat] low and high boundaries for proper pairs: (1, 3260)
[M::mem_pestat] skip orientation FF
[M::mem_pestat] skip orientation RF
[M::mem_pestat] skip orientation RR
[M::process] read 1066668 sequences (160000200 bp)...
[M::mem_process_seqs] Processed 1066668 reads in 763.677 CPU sec, 50.143 real sec
[M::mem_pestat] # candidate unique pairs for (FF, FR, RF, RR): (20, 226595, 88, 22)
[M::mem_pestat] analyzing insert size distribution for orientation FF...
[M::mem_pestat] (25, 50, 75) percentile: (210, 553, 731)
[M::mem_pestat] low and high boundaries for computing mean and std.dev: (1, 1773)
[M::mem_pestat] mean and std.dev: (389.81, 222.48)
[M::mem_pestat] low and high boundaries for proper pairs: (1, 2294)
[M::mem_pestat] analyzing insert size distribution for orientation FR...
[M::mem_pestat] (25, 50, 75) percentile: (211, 284, 370)
[M::mem_pestat] low and high boundaries for computing mean and std.dev: (1, 688)
[M::mem_pestat] mean and std.dev: (294.27, 117.96)
[M::mem_pestat] low and high boundaries for proper pairs: (1, 847)
[M::mem_pestat] analyzing insert size distribution for orientation RF...
[M::mem_pestat] (25, 50, 75) percentile: (151, 645, 2269)
[M::mem_pestat] low and high boundaries for computing mean and std.dev: (1, 6505)
[M::mem_pestat] mean and std.dev: (1160.03, 1722.18)
[M::mem_pestat] low and high boundaries for proper pairs: (1, 8623)
[M::mem_pestat] analyzing insert size distribution for orientation RR...
[M::mem_pestat] (25, 50, 75) percentile: (186, 475, 1100)
[M::mem_pestat] low and high boundaries for computing mean and std.dev: (1, 2928)
[M::mem_pestat] mean and std.dev: (547.37, 647.20)
[M::mem_pestat] low and high boundaries for proper pairs: (1, 3842)
[M::mem_pestat] skip orientation FF
[M::mem_pestat] skip orientation RF
[M::mem_pestat] skip orientation RR
[M::process] read 1066668 sequences (160000200 bp)...
[M::mem_process_seqs] Processed 1066668 reads in 756.627 CPU sec, 49.595 real sec
[M::process] read 1066668 sequences (160000200 bp)...
[M::mem_pestat] # candidate unique pairs for (FF, FR, RF, RR): (31, 226977, 76, 36)
[M::mem_pestat] analyzing insert size distribution for orientation FF...
[M::mem_pestat] (25, 50, 75) percentile: (307, 491, 1128)
[M::mem_pestat] low and high boundaries for computing mean and std.dev: (1, 2770)
[M::mem_pestat] mean and std.dev: (809.73, 717.38)
[M::mem_pestat] low and high boundaries for proper pairs: (1, 3679)
[M::mem_pestat] analyzing insert size distribution for orientation FR...
[M::mem_pestat] (25, 50, 75) percentile: (212, 286, 370)
[M::mem_pestat] low and high boundaries for computing mean and std.dev: (1, 686)
[M::mem_pestat] mean and std.dev: (294.53, 116.72)
[M::mem_pestat] low and high boundaries for proper pairs: (1, 844)
[M::mem_pestat] analyzing insert size distribution for orientation RF...
[M::mem_pestat] (25, 50, 75) percentile: (232, 1261, 5231)
[M::mem_pestat] low and high boundaries for computing mean and std.dev: (1, 15229)
[M::mem_pestat] mean and std.dev: (2758.71, 2953.44)
[M::mem_pestat] low and high boundaries for proper pairs: (1, 20228)
[M::mem_pestat] analyzing insert size distribution for orientation RR...
[M::mem_pestat] (25, 50, 75) percentile: (301, 490, 1992)
[M::mem_pestat] low and high boundaries for computing mean and std.dev: (1, 5374)
[M::mem_pestat] mean and std.dev: (1375.08, 1542.32)
[M::mem_pestat] low and high boundaries for proper pairs: (1, 7544)
[M::mem_pestat] skip orientation FF
[M::mem_pestat] skip orientation RF
[M::mem_pestat] skip orientation RR
[M::mem_process_seqs] Processed 1066668 reads in 756.997 CPU sec, 49.883 real sec
[M::mem_pestat] # candidate unique pairs for (FF, FR, RF, RR): (25, 227973, 82, 23)
[M::mem_pestat] analyzing insert size distribution for orientation FF...
[M::mem_pestat] (25, 50, 75) percentile: (162, 295, 476)
[M::mem_pestat] low and high boundaries for computing mean and std.dev: (1, 1104)
[M::mem_pestat] mean and std.dev: (239.45, 108.96)
[M::mem_pestat] low and high boundaries for proper pairs: (1, 1418)
[M::mem_pestat] analyzing insert size distribution for orientation FR...
[M::mem_pestat] (25, 50, 75) percentile: (215, 287, 370)
[M::mem_pestat] low and high boundaries for computing mean and std.dev: (1, 680)
[M::mem_pestat] mean and std.dev: (295.68, 115.62)
[M::mem_pestat] low and high boundaries for proper pairs: (1, 835)
[M::mem_pestat] analyzing insert size distribution for orientation RF...
[M::mem_pestat] (25, 50, 75) percentile: (201, 685, 3050)
[M::mem_pestat] low and high boundaries for computing mean and std.dev: (1, 8748)
[M::mem_pestat] mean and std.dev: (1569.47, 2264.33)
[M::mem_pestat] low and high boundaries for proper pairs: (1, 11597)
[M::mem_pestat] analyzing insert size distribution for orientation RR...
[M::mem_pestat] (25, 50, 75) percentile: (292, 381, 610)
[M::mem_pestat] low and high boundaries for computing mean and std.dev: (1, 1246)
[M::mem_pestat] mean and std.dev: (398.27, 217.14)
[M::mem_pestat] low and high boundaries for proper pairs: (1, 1564)
[M::mem_pestat] skip orientation FF
[M::mem_pestat] skip orientation RF
[M::mem_pestat] skip orientation RR
[M::process] read 1066668 sequences (160000200 bp)...
[M::mem_process_seqs] Processed 1066668 reads in 759.203 CPU sec, 50.406 real sec
[M::mem_pestat] # candidate unique pairs for (FF, FR, RF, RR): (23, 227350, 63, 25)
[M::mem_pestat] analyzing insert size distribution for orientation FF...
[M::mem_pestat] (25, 50, 75) percentile: (217, 402, 2425)
[M::mem_pestat] low and high boundaries for computing mean and std.dev: (1, 6841)
[M::mem_pestat] mean and std.dev: (1514.18, 1903.36)
[M::mem_pestat] low and high boundaries for proper pairs: (1, 9128)
[M::mem_pestat] analyzing insert size distribution for orientation FR...
[M::mem_pestat] (25, 50, 75) percentile: (213, 285, 368)
[M::mem_pestat] low and high boundaries for computing mean and std.dev: (1, 678)
[M::mem_pestat] mean and std.dev: (293.83, 115.24)
[M::mem_pestat] low and high boundaries for proper pairs: (1, 833)
[M::mem_pestat] analyzing insert size distribution for orientation RF...
[M::mem_pestat] (25, 50, 75) percentile: (184, 812, 6095)
[M::mem_pestat] low and high boundaries for computing mean and std.dev: (1, 17917)
[M::mem_pestat] mean and std.dev: (2796.92, 3293.66)
[M::mem_pestat] low and high boundaries for proper pairs: (1, 23828)
[M::mem_pestat] analyzing insert size distribution for orientation RR...
[M::mem_pestat] (25, 50, 75) percentile: (324, 686, 1927)
[M::mem_pestat] low and high boundaries for computing mean and std.dev: (1, 5133)
[M::mem_pestat] mean and std.dev: (919.65, 830.15)
[M::mem_pestat] low and high boundaries for proper pairs: (1, 6736)
[M::mem_pestat] skip orientation FF
[M::mem_pestat] skip orientation RF
[M::mem_pestat] skip orientation RR
[M::process] read 1066668 sequences (160000200 bp)...
[M::mem_process_seqs] Processed 1066668 reads in 765.352 CPU sec, 49.975 real sec
[M::mem_pestat] # candidate unique pairs for (FF, FR, RF, RR): (14, 227134, 57, 25)
[M::mem_pestat] analyzing insert size distribution for orientation FF...
[M::mem_pestat] (25, 50, 75) percentile: (239, 705, 4533)
[M::mem_pestat] low and high boundaries for computing mean and std.dev: (1, 13121)
[M::mem_pestat] mean and std.dev: (2343.21, 2832.46)
[M::mem_pestat] low and high boundaries for proper pairs: (1, 17415)
[M::mem_pestat] analyzing insert size distribution for orientation FR...
[M::mem_pestat] (25, 50, 75) percentile: (208, 281, 367)
[M::mem_pestat] low and high boundaries for computing mean and std.dev: (1, 685)
[M::mem_pestat] mean and std.dev: (291.55, 118.36)
[M::mem_pestat] low and high boundaries for proper pairs: (1, 844)
[M::mem_pestat] analyzing insert size distribution for orientation RF...
[M::mem_pestat] (25, 50, 75) percentile: (193, 536, 1433)
[M::mem_pestat] low and high boundaries for computing mean and std.dev: (1, 3913)
[M::mem_pestat] mean and std.dev: (650.71, 773.23)
[M::mem_pestat] low and high boundaries for proper pairs: (1, 5153)
[M::mem_pestat] analyzing insert size distribution for orientation RR...
[M::mem_pestat] (25, 50, 75) percentile: (363, 457, 1226)
[M::mem_pestat] low and high boundaries for computing mean and std.dev: (1, 2952)
[M::mem_pestat] mean and std.dev: (533.86, 333.95)
[M::mem_pestat] low and high boundaries for proper pairs: (1, 3815)
[M::mem_pestat] skip orientation FF
[M::mem_pestat] skip orientation RF
[M::mem_pestat] skip orientation RR
[M::process] read 1066668 sequences (160000200 bp)...
[M::mem_process_seqs] Processed 1066668 reads in 757.144 CPU sec, 49.776 real sec
[M::mem_pestat] # candidate unique pairs for (FF, FR, RF, RR): (26, 225984, 72, 23)
[M::mem_pestat] analyzing insert size distribution for orientation FF...
[M::mem_pestat] (25, 50, 75) percentile: (244, 331, 1314)
[M::mem_pestat] low and high boundaries for computing mean and std.dev: (1, 3454)
[M::mem_pestat] mean and std.dev: (610.04, 579.49)
[M::mem_pestat] low and high boundaries for proper pairs: (1, 4524)
[M::mem_pestat] analyzing insert size distribution for orientation FR...
[M::mem_pestat] (25, 50, 75) percentile: (208, 282, 368)
[M::mem_pestat] low and high boundaries for computing mean and std.dev: (1, 688)
[M::mem_pestat] mean and std.dev: (292.12, 118.36)
[M::mem_pestat] low and high boundaries for proper pairs: (1, 848)
[M::mem_pestat] analyzing insert size distribution for orientation RF...
[M::mem_pestat] (25, 50, 75) percentile: (191, 919, 5006)
[M::mem_pestat] low and high boundaries for computing mean and std.dev: (1, 14636)
[M::mem_pestat] mean and std.dev: (2334.65, 2733.04)
[M::mem_pestat] low and high boundaries for proper pairs: (1, 19451)
[M::mem_pestat] analyzing insert size distribution for orientation RR...
[M::mem_pestat] (25, 50, 75) percentile: (282, 698, 1246)
[M::mem_pestat] low and high boundaries for computing mean and std.dev: (1, 3174)
[M::mem_pestat] mean and std.dev: (685.71, 616.71)
[M::mem_pestat] low and high boundaries for proper pairs: (1, 4138)
[M::mem_pestat] skip orientation FF
[M::mem_pestat] skip orientation RF
[M::mem_pestat] skip orientation RR
[M::process] read 1066668 sequences (160000200 bp)...
[M::mem_process_seqs] Processed 1066668 reads in 770.071 CPU sec, 50.385 real sec
[M::mem_pestat] # candidate unique pairs for (FF, FR, RF, RR): (31, 227278, 72, 23)
[M::mem_pestat] analyzing insert size distribution for orientation FF...
[M::mem_pestat] (25, 50, 75) percentile: (275, 579, 1982)
[M::mem_pestat] low and high boundaries for computing mean and std.dev: (1, 5396)
[M::mem_pestat] mean and std.dev: (1127.90, 1050.58)
[M::mem_pestat] low and high boundaries for proper pairs: (1, 7103)
[M::mem_pestat] analyzing insert size distribution for orientation FR...
[M::mem_pestat] (25, 50, 75) percentile: (211, 285, 371)
[M::mem_pestat] low and high boundaries for computing mean and std.dev: (1, 691)
[M::mem_pestat] mean and std.dev: (295.16, 118.48)
[M::mem_pestat] low and high boundaries for proper pairs: (1, 851)
[M::mem_pestat] analyzing insert size distribution for orientation RF...
[M::mem_pestat] (25, 50, 75) percentile: (225, 1321, 4255)
[M::mem_pestat] low and high boundaries for computing mean and std.dev: (1, 12315)
[M::mem_pestat] mean and std.dev: (2819.18, 3158.22)
[M::mem_pestat] low and high boundaries for proper pairs: (1, 16345)
[M::mem_pestat] analyzing insert size distribution for orientation RR...
[M::mem_pestat] (25, 50, 75) percentile: (252, 824, 1630)
[M::mem_pestat] low and high boundaries for computing mean and std.dev: (1, 4386)
[M::mem_pestat] mean and std.dev: (724.40, 642.19)
[M::mem_pestat] low and high boundaries for proper pairs: (1, 5764)
[M::mem_pestat] skip orientation FF
[M::mem_pestat] skip orientation RF
[M::mem_pestat] skip orientation RR
[M::process] read 1066668 sequences (160000200 bp)...
[M::mem_process_seqs] Processed 1066668 reads in 766.182 CPU sec, 50.805 real sec
[M::mem_pestat] # candidate unique pairs for (FF, FR, RF, RR): (29, 228399, 54, 24)
[M::mem_pestat] analyzing insert size distribution for orientation FF...
[M::mem_pestat] (25, 50, 75) percentile: (153, 311, 724)
[M::mem_pestat] low and high boundaries for computing mean and std.dev: (1, 1866)
[M::mem_pestat] mean and std.dev: (466.66, 443.27)
[M::mem_pestat] low and high boundaries for proper pairs: (1, 2437)
[M::mem_pestat] analyzing insert size distribution for orientation FR...
[M::mem_pestat] (25, 50, 75) percentile: (214, 287, 373)
[M::mem_pestat] low and high boundaries for computing mean and std.dev: (1, 691)
[M::mem_pestat] mean and std.dev: (296.81, 117.76)
[M::mem_pestat] low and high boundaries for proper pairs: (1, 850)
[M::mem_pestat] analyzing insert size distribution for orientation RF...
[M::mem_pestat] (25, 50, 75) percentile: (101, 668, 2215)
[M::mem_pestat] low and high boundaries for computing mean and std.dev: (1, 6443)
[M::mem_pestat] mean and std.dev: (1062.76, 1511.35)
[M::mem_pestat] low and high boundaries for proper pairs: (1, 8557)
[M::mem_pestat] analyzing insert size distribution for orientation RR...
[M::mem_pestat] (25, 50, 75) percentile: (209, 679, 1042)
[M::mem_pestat] low and high boundaries for computing mean and std.dev: (1, 2708)
[M::mem_pestat] mean and std.dev: (580.77, 350.89)
[M::mem_pestat] low and high boundaries for proper pairs: (1, 3541)
[M::mem_pestat] skip orientation FF
[M::mem_pestat] skip orientation RF
[M::mem_pestat] skip orientation RR
[M::process] read 1066668 sequences (160000200 bp)...
[M::mem_process_seqs] Processed 1066668 reads in 759.878 CPU sec, 50.479 real sec
[M::mem_pestat] # candidate unique pairs for (FF, FR, RF, RR): (28, 227493, 85, 24)
[M::mem_pestat] analyzing insert size distribution for orientation FF...
[M::mem_pestat] (25, 50, 75) percentile: (279, 1040, 1503)
[M::mem_pestat] low and high boundaries for computing mean and std.dev: (1, 3951)
[M::mem_pestat] mean and std.dev: (856.50, 617.84)
[M::mem_pestat] low and high boundaries for proper pairs: (1, 5175)
[M::mem_pestat] analyzing insert size distribution for orientation FR...
[M::mem_pestat] (25, 50, 75) percentile: (212, 283, 368)
[M::mem_pestat] low and high boundaries for computing mean and std.dev: (1, 680)
[M::mem_pestat] mean and std.dev: (293.38, 116.64)
[M::mem_pestat] low and high boundaries for proper pairs: (1, 836)
[M::mem_pestat] analyzing insert size distribution for orientation RF...
[M::mem_pestat] (25, 50, 75) percentile: (176, 705, 5449)
[M::mem_pestat] low and high boundaries for computing mean and std.dev: (1, 15995)
[M::mem_pestat] mean and std.dev: (2701.41, 3196.45)
[M::mem_pestat] low and high boundaries for proper pairs: (1, 21268)
[M::mem_pestat] analyzing insert size distribution for orientation RR...
[M::mem_pestat] (25, 50, 75) percentile: (321, 492, 1029)
[M::mem_pestat] low and high boundaries for computing mean and std.dev: (1, 2445)
[M::mem_pestat] mean and std.dev: (533.14, 417.62)
[M::mem_pestat] low and high boundaries for proper pairs: (1, 3153)
[M::mem_pestat] skip orientation FF
[M::mem_pestat] skip orientation RF
[M::mem_pestat] skip orientation RR
[M::process] read 1066668 sequences (160000200 bp)...
[M::mem_process_seqs] Processed 1066668 reads in 767.730 CPU sec, 50.684 real sec
[M::mem_pestat] # candidate unique pairs for (FF, FR, RF, RR): (27, 226309, 53, 15)
[M::mem_pestat] analyzing insert size distribution for orientation FF...
[M::mem_pestat] (25, 50, 75) percentile: (320, 584, 3127)
[M::mem_pestat] low and high boundaries for computing mean and std.dev: (1, 8741)
[M::mem_pestat] mean and std.dev: (1575.63, 2004.10)
[M::mem_pestat] low and high boundaries for proper pairs: (1, 11548)
[M::mem_pestat] analyzing insert size distribution for orientation FR...
[M::mem_pestat] (25, 50, 75) percentile: (207, 279, 365)
[M::mem_pestat] low and high boundaries for computing mean and std.dev: (1, 681)
[M::mem_pestat] mean and std.dev: (289.79, 117.26)
[M::mem_pestat] low and high boundaries for proper pairs: (1, 839)
[M::mem_pestat] analyzing insert size distribution for orientation RF...
[M::mem_pestat] (25, 50, 75) percentile: (264, 1110, 6956)
[M::mem_pestat] low and high boundaries for computing mean and std.dev: (1, 20340)
[M::mem_pestat] mean and std.dev: (2948.89, 3453.04)
[M::mem_pestat] low and high boundaries for proper pairs: (1, 27032)
[M::mem_pestat] analyzing insert size distribution for orientation RR...
[M::mem_pestat] (25, 50, 75) percentile: (295, 387, 1127)
[M::mem_pestat] low and high boundaries for computing mean and std.dev: (1, 2791)
[M::mem_pestat] mean and std.dev: (665.07, 730.49)
[M::mem_pestat] low and high boundaries for proper pairs: (1, 3623)
[M::mem_pestat] skip orientation FF
[M::mem_pestat] skip orientation RF
[M::mem_pestat] skip orientation RR
[M::process] read 1066668 sequences (160000200 bp)...
[M::mem_process_seqs] Processed 1066668 reads in 755.051 CPU sec, 49.705 real sec
[M::mem_pestat] # candidate unique pairs for (FF, FR, RF, RR): (26, 225843, 61, 36)
[M::mem_pestat] analyzing insert size distribution for orientation FF...
[M::mem_pestat] (25, 50, 75) percentile: (286, 480, 773)
[M::mem_pestat] low and high boundaries for computing mean and std.dev: (1, 1747)
[M::mem_pestat] mean and std.dev: (513.26, 321.76)
[M::mem_pestat] low and high boundaries for proper pairs: (1, 2234)
[M::mem_pestat] analyzing insert size distribution for orientation FR...
[M::mem_pestat] (25, 50, 75) percentile: (205, 277, 361)
[M::mem_pestat] low and high boundaries for computing mean and std.dev: (1, 673)
[M::mem_pestat] mean and std.dev: (287.12, 116.34)
[M::mem_pestat] low and high boundaries for proper pairs: (1, 829)
[M::mem_pestat] analyzing insert size distribution for orientation RF...
[M::mem_pestat] (25, 50, 75) percentile: (201, 794, 3504)
[M::mem_pestat] low and high boundaries for computing mean and std.dev: (1, 10110)
[M::mem_pestat] mean and std.dev: (2225.44, 2958.48)
[M::mem_pestat] low and high boundaries for proper pairs: (1, 14059)
[M::mem_pestat] analyzing insert size distribution for orientation RR...
[M::mem_pestat] (25, 50, 75) percentile: (207, 570, 2953)
[M::mem_pestat] low and high boundaries for computing mean and std.dev: (1, 8445)
[M::mem_pestat] mean and std.dev: (1499.21, 2027.63)
[M::mem_pestat] low and high boundaries for proper pairs: (1, 11191)
[M::mem_pestat] skip orientation FF
[M::mem_pestat] skip orientation RF
[M::mem_pestat] skip orientation RR
[M::process] read 1066668 sequences (160000200 bp)...
[M::mem_process_seqs] Processed 1066668 reads in 755.535 CPU sec, 49.483 real sec
[M::mem_pestat] # candidate unique pairs for (FF, FR, RF, RR): (36, 227829, 62, 21)
[M::mem_pestat] analyzing insert size distribution for orientation FF...
[M::mem_pestat] (25, 50, 75) percentile: (234, 335, 2653)
[M::mem_pestat] low and high boundaries for computing mean and std.dev: (1, 7491)
[M::mem_pestat] mean and std.dev: (1198.61, 1344.70)
[M::mem_pestat] low and high boundaries for proper pairs: (1, 9910)
[M::mem_pestat] analyzing insert size distribution for orientation FR...
[M::mem_pestat] (25, 50, 75) percentile: (209, 282, 368)
[M::mem_pestat] low and high boundaries for computing mean and std.dev: (1, 686)
[M::mem_pestat] mean and std.dev: (292.33, 117.92)
[M::mem_pestat] low and high boundaries for proper pairs: (1, 845)
[M::mem_pestat] analyzing insert size distribution for orientation RF...
[M::mem_pestat] (25, 50, 75) percentile: (175, 1422, 4086)
[M::mem_pestat] low and high boundaries for computing mean and std.dev: (1, 11908)
[M::mem_pestat] mean and std.dev: (2548.11, 2979.34)
[M::mem_pestat] low and high boundaries for proper pairs: (1, 15819)
[M::mem_pestat] analyzing insert size distribution for orientation RR...
[M::mem_pestat] (25, 50, 75) percentile: (333, 573, 4101)
[M::mem_pestat] low and high boundaries for computing mean and std.dev: (1, 11637)
[M::mem_pestat] mean and std.dev: (1999.90, 2557.23)
[M::mem_pestat] low and high boundaries for proper pairs: (1, 15405)
[M::mem_pestat] skip orientation FF
[M::mem_pestat] skip orientation RF
[M::mem_pestat] skip orientation RR
[M::process] read 1066668 sequences (160000200 bp)...
[M::mem_process_seqs] Processed 1066668 reads in 753.859 CPU sec, 49.835 real sec
[M::mem_pestat] # candidate unique pairs for (FF, FR, RF, RR): (19, 227590, 92, 27)
[M::mem_pestat] analyzing insert size distribution for orientation FF...
[M::mem_pestat] (25, 50, 75) percentile: (388, 470, 1601)
[M::mem_pestat] low and high boundaries for computing mean and std.dev: (1, 4027)
[M::mem_pestat] mean and std.dev: (957.95, 788.40)
[M::mem_pestat] low and high boundaries for proper pairs: (1, 5240)
[M::mem_pestat] analyzing insert size distribution for orientation FR...
[M::mem_pestat] (25, 50, 75) percentile: (212, 285, 370)
[M::mem_pestat] low and high boundaries for computing mean and std.dev: (1, 686)
[M::mem_pestat] mean and std.dev: (294.71, 117.53)
[M::mem_pestat] low and high boundaries for proper pairs: (1, 844)
[M::mem_pestat] analyzing insert size distribution for orientation RF...
[M::mem_pestat] (25, 50, 75) percentile: (191, 656, 5891)
[M::mem_pestat] low and high boundaries for computing mean and std.dev: (1, 17291)
[M::mem_pestat] mean and std.dev: (2631.74, 3315.40)
[M::mem_pestat] low and high boundaries for proper pairs: (1, 22991)
[M::mem_pestat] analyzing insert size distribution for orientation RR...
[M::mem_pestat] (25, 50, 75) percentile: (183, 260, 1718)
[M::mem_pestat] low and high boundaries for computing mean and std.dev: (1, 4788)
[M::mem_pestat] mean and std.dev: (818.44, 984.03)
[M::mem_pestat] low and high boundaries for proper pairs: (1, 6323)
[M::mem_pestat] skip orientation FF
[M::mem_pestat] skip orientation RF
[M::mem_pestat] skip orientation RR
[M::process] read 1066668 sequences (160000200 bp)...
[M::mem_process_seqs] Processed 1066668 reads in 760.204 CPU sec, 54.424 real sec
[M::mem_pestat] # candidate unique pairs for (FF, FR, RF, RR): (22, 227476, 79, 22)
[M::mem_pestat] analyzing insert size distribution for orientation FF...
[M::mem_pestat] (25, 50, 75) percentile: (227, 321, 1482)
[M::mem_pestat] low and high boundaries for computing mean and std.dev: (1, 3992)
[M::mem_pestat] mean and std.dev: (725.14, 738.82)
[M::mem_pestat] low and high boundaries for proper pairs: (1, 5247)
[M::mem_pestat] analyzing insert size distribution for orientation FR...
[M::mem_pestat] (25, 50, 75) percentile: (212, 285, 368)
[M::mem_pestat] low and high boundaries for computing mean and std.dev: (1, 680)
[M::mem_pestat] mean and std.dev: (293.78, 115.96)
[M::mem_pestat] low and high boundaries for proper pairs: (1, 836)
[M::mem_pestat] analyzing insert size distribution for orientation RF...
[M::mem_pestat] (25, 50, 75) percentile: (165, 886, 4451)
[M::mem_pestat] low and high boundaries for computing mean and std.dev: (1, 13023)
[M::mem_pestat] mean and std.dev: (2542.56, 3049.05)
[M::mem_pestat] low and high boundaries for proper pairs: (1, 17309)
[M::mem_pestat] analyzing insert size distribution for orientation RR...
[M::mem_pestat] (25, 50, 75) percentile: (254, 603, 1298)
[M::mem_pestat] low and high boundaries for computing mean and std.dev: (1, 3386)
[M::mem_pestat] mean and std.dev: (879.86, 804.79)
[M::mem_pestat] low and high boundaries for proper pairs: (1, 4430)
[M::mem_pestat] skip orientation FF
[M::mem_pestat] skip orientation RF
[M::mem_pestat] skip orientation RR
[M::process] read 1066668 sequences (160000200 bp)...
[M::mem_process_seqs] Processed 1066668 reads in 772.712 CPU sec, 51.136 real sec
[M::mem_pestat] # candidate unique pairs for (FF, FR, RF, RR): (18, 225287, 70, 24)
[M::mem_pestat] analyzing insert size distribution for orientation FF...
[M::mem_pestat] (25, 50, 75) percentile: (228, 327, 1019)
[M::mem_pestat] low and high boundaries for computing mean and std.dev: (1, 2601)
[M::mem_pestat] mean and std.dev: (569.41, 580.31)
[M::mem_pestat] low and high boundaries for proper pairs: (1, 3392)
[M::mem_pestat] analyzing insert size distribution for orientation FR...
[M::mem_pestat] (25, 50, 75) percentile: (207, 281, 366)
[M::mem_pestat] low and high boundaries for computing mean and std.dev: (1, 684)
[M::mem_pestat] mean and std.dev: (290.82, 118.12)
[M::mem_pestat] low and high boundaries for proper pairs: (1, 843)
[M::mem_pestat] analyzing insert size distribution for orientation RF...
[M::mem_pestat] (25, 50, 75) percentile: (342, 1782, 6278)
[M::mem_pestat] low and high boundaries for computing mean and std.dev: (1, 18150)
[M::mem_pestat] mean and std.dev: (3154.77, 3262.91)
[M::mem_pestat] low and high boundaries for proper pairs: (1, 24086)
[M::mem_pestat] analyzing insert size distribution for orientation RR...
[M::mem_pestat] (25, 50, 75) percentile: (252, 515, 1851)
[M::mem_pestat] low and high boundaries for computing mean and std.dev: (1, 5049)
[M::mem_pestat] mean and std.dev: (918.23, 1155.04)
[M::mem_pestat] low and high boundaries for proper pairs: (1, 6648)
[M::mem_pestat] skip orientation FF
[M::mem_pestat] skip orientation RF
[M::mem_pestat] skip orientation RR
[M::process] read 1066668 sequences (160000200 bp)...
[M::mem_process_seqs] Processed 1066668 reads in 762.442 CPU sec, 50.293 real sec
[M::mem_pestat] # candidate unique pairs for (FF, FR, RF, RR): (34, 225884, 68, 15)
[M::mem_pestat] analyzing insert size distribution for orientation FF...
[M::mem_pestat] (25, 50, 75) percentile: (347, 496, 646)
[M::mem_pestat] low and high boundaries for computing mean and std.dev: (1, 1244)
[M::mem_pestat] mean and std.dev: (428.50, 160.30)
[M::mem_pestat] low and high boundaries for proper pairs: (1, 1543)
[M::mem_pestat] analyzing insert size distribution for orientation FR...
[M::mem_pestat] (25, 50, 75) percentile: (206, 279, 365)
[M::mem_pestat] low and high boundaries for computing mean and std.dev: (1, 683)
[M::mem_pestat] mean and std.dev: (289.31, 117.27)
[M::mem_pestat] low and high boundaries for proper pairs: (1, 842)
[M::mem_pestat] analyzing insert size distribution for orientation RF...
[M::mem_pestat] (25, 50, 75) percentile: (195, 653, 5127)
[M::mem_pestat] low and high boundaries for computing mean and std.dev: (1, 14991)
[M::mem_pestat] mean and std.dev: (2613.09, 3327.10)
[M::mem_pestat] low and high boundaries for proper pairs: (1, 19923)
[M::mem_pestat] analyzing insert size distribution for orientation RR...
[M::mem_pestat] (25, 50, 75) percentile: (283, 478, 1561)
[M::mem_pestat] low and high boundaries for computing mean and std.dev: (1, 4117)
[M::mem_pestat] mean and std.dev: (697.15, 812.58)
[M::mem_pestat] low and high boundaries for proper pairs: (1, 5395)
[M::mem_pestat] skip orientation FF
[M::mem_pestat] skip orientation RF
[M::mem_pestat] skip orientation RR
[M::process] read 1066668 sequences (160000200 bp)...
[M::mem_process_seqs] Processed 1066668 reads in 765.911 CPU sec, 50.126 real sec
[M::mem_pestat] # candidate unique pairs for (FF, FR, RF, RR): (22, 227532, 49, 24)
[M::mem_pestat] analyzing insert size distribution for orientation FF...
[M::mem_pestat] (25, 50, 75) percentile: (197, 547, 1024)
[M::mem_pestat] low and high boundaries for computing mean and std.dev: (1, 2678)
[M::mem_pestat] mean and std.dev: (603.79, 563.51)
[M::mem_pestat] low and high boundaries for proper pairs: (1, 3505)
[M::mem_pestat] analyzing insert size distribution for orientation FR...
[M::mem_pestat] (25, 50, 75) percentile: (209, 282, 366)
[M::mem_pestat] low and high boundaries for computing mean and std.dev: (1, 680)
[M::mem_pestat] mean and std.dev: (290.90, 116.08)
[M::mem_pestat] low and high boundaries for proper pairs: (1, 837)
[M::mem_pestat] analyzing insert size distribution for orientation RF...
[M::mem_pestat] (25, 50, 75) percentile: (182, 236, 1320)
[M::mem_pestat] low and high boundaries for computing mean and std.dev: (1, 3596)
[M::mem_pestat] mean and std.dev: (552.35, 744.59)
[M::mem_pestat] low and high boundaries for proper pairs: (1, 4734)
[M::mem_pestat] analyzing insert size distribution for orientation RR...
[M::mem_pestat] (25, 50, 75) percentile: (131, 338, 2507)
[M::mem_pestat] low and high boundaries for computing mean and std.dev: (1, 7259)
[M::mem_pestat] mean and std.dev: (620.05, 926.35)
[M::mem_pestat] low and high boundaries for proper pairs: (1, 9635)
[M::mem_pestat] skip orientation FF
[M::mem_pestat] skip orientation RF
[M::mem_pestat] skip orientation RR
[M::process] read 1066668 sequences (160000200 bp)...
[M::mem_process_seqs] Processed 1066668 reads in 756.985 CPU sec, 50.222 real sec
[M::mem_pestat] # candidate unique pairs for (FF, FR, RF, RR): (31, 227455, 66, 20)
[M::mem_pestat] analyzing insert size distribution for orientation FF...
[M::mem_pestat] (25, 50, 75) percentile: (247, 741, 1589)
[M::mem_pestat] low and high boundaries for computing mean and std.dev: (1, 4273)
[M::mem_pestat] mean and std.dev: (1002.17, 926.73)
[M::mem_pestat] low and high boundaries for proper pairs: (1, 5615)
[M::mem_pestat] analyzing insert size distribution for orientation FR...
[M::mem_pestat] (25, 50, 75) percentile: (213, 285, 368)
[M::mem_pestat] low and high boundaries for computing mean and std.dev: (1, 678)
[M::mem_pestat] mean and std.dev: (293.91, 115.51)
[M::mem_pestat] low and high boundaries for proper pairs: (1, 833)
[M::mem_pestat] analyzing insert size distribution for orientation RF...
[M::mem_pestat] (25, 50, 75) percentile: (174, 1105, 4338)
[M::mem_pestat] low and high boundaries for computing mean and std.dev: (1, 12666)
[M::mem_pestat] mean and std.dev: (2751.33, 3161.02)
[M::mem_pestat] low and high boundaries for proper pairs: (1, 16830)
[M::mem_pestat] analyzing insert size distribution for orientation RR...
[M::mem_pestat] (25, 50, 75) percentile: (330, 432, 1306)
[M::mem_pestat] low and high boundaries for computing mean and std.dev: (1, 3258)
[M::mem_pestat] mean and std.dev: (706.55, 695.11)
[M::mem_pestat] low and high boundaries for proper pairs: (1, 4234)
[M::mem_pestat] skip orientation FF
[M::mem_pestat] skip orientation RF
[M::mem_pestat] skip orientation RR
[M::process] read 1066668 sequences (160000200 bp)...
[M::mem_process_seqs] Processed 1066668 reads in 762.806 CPU sec, 49.447 real sec
[M::mem_pestat] # candidate unique pairs for (FF, FR, RF, RR): (12, 227474, 67, 23)
[M::mem_pestat] analyzing insert size distribution for orientation FF...
[M::mem_pestat] (25, 50, 75) percentile: (183, 415, 800)
[M::mem_pestat] low and high boundaries for computing mean and std.dev: (1, 2034)
[M::mem_pestat] mean and std.dev: (318.20, 208.77)
[M::mem_pestat] low and high boundaries for proper pairs: (1, 2651)
[M::mem_pestat] analyzing insert size distribution for orientation FR...
[M::mem_pestat] (25, 50, 75) percentile: (214, 285, 368)
[M::mem_pestat] low and high boundaries for computing mean and std.dev: (1, 676)
[M::mem_pestat] mean and std.dev: (293.84, 115.00)
[M::mem_pestat] low and high boundaries for proper pairs: (1, 830)
[M::mem_pestat] analyzing insert size distribution for orientation RF...
[M::mem_pestat] (25, 50, 75) percentile: (329, 1029, 3527)
[M::mem_pestat] low and high boundaries for computing mean and std.dev: (1, 9923)
[M::mem_pestat] mean and std.dev: (2249.82, 2550.80)
[M::mem_pestat] low and high boundaries for proper pairs: (1, 13121)
[M::mem_pestat] analyzing insert size distribution for orientation RR...
[M::mem_pestat] (25, 50, 75) percentile: (425, 518, 1512)
[M::mem_pestat] low and high boundaries for computing mean and std.dev: (1, 3686)
[M::mem_pestat] mean and std.dev: (677.79, 743.02)
[M::mem_pestat] low and high boundaries for proper pairs: (1, 4773)
[M::mem_pestat] skip orientation FF
[M::mem_pestat] skip orientation RF
[M::mem_pestat] skip orientation RR
[M::process] read 193038 sequences (28955700 bp)...
[M::mem_process_seqs] Processed 1066668 reads in 757.048 CPU sec, 49.528 real sec
[M::mem_pestat] # candidate unique pairs for (FF, FR, RF, RR): (2, 41145, 11, 4)
[M::mem_pestat] skip orientation FF as there are not enough pairs
[M::mem_pestat] analyzing insert size distribution for orientation FR...
[M::mem_pestat] (25, 50, 75) percentile: (215, 286, 370)
[M::mem_pestat] low and high boundaries for computing mean and std.dev: (1, 680)
[M::mem_pestat] mean and std.dev: (295.68, 115.63)
[M::mem_pestat] low and high boundaries for proper pairs: (1, 835)
[M::mem_pestat] analyzing insert size distribution for orientation RF...
[M::mem_pestat] (25, 50, 75) percentile: (896, 2281, 3445)
[M::mem_pestat] low and high boundaries for computing mean and std.dev: (1, 8543)
[M::mem_pestat] mean and std.dev: (2492.45, 1908.35)
[M::mem_pestat] low and high boundaries for proper pairs: (1, 11092)
[M::mem_pestat] skip orientation RR as there are not enough pairs
[M::mem_pestat] skip orientation RF
[M::mem_process_seqs] Processed 193038 reads in 138.331 CPU sec, 10.099 real sec
[main] Version: 0.7.19-r1273
[main] CMD: bwa mem -t 16 -R @RG\tID:NS18_Disco_Wild_14\tSM:NS18_Disco_Wild_14\tLB:NS18_Disco_Wild_14\tPL:ILLUMINA output/05_realign_xbOstLuri2/reference/GCA_061535525.1_xbOstLuri2_USDA-ARS_PSRF_primary_genomic.fna data/raw/NS18_Disco_Wild_14_S25_L004_R1_001.fastq.gz data/raw/NS18_Disco_Wild_14_S25_L004_R2_001.fastq.gz
[main] Real time: 2176.308 sec; CPU: 32561.727 sec
[bam_sort_core] merging from 2 files and 8 in-memory blocks...
end 2026-09-27T14:32:16Z sample=NS18_Disco_Wild_14
