/opt/ohpc/admin/lmod/lmod/init/bash: line 93: LD_LIBRARY_PATH: unbound variable
start 2026-09-27T13:50:52Z host n3432 sample=NS18_Disco_Wild_13 location=NS18_Disco_Wild
[M::bwa_idx_load_from_disk] read 0 ALT contigs
[M::process] read 1066668 sequences (160000200 bp)...
[M::process] read 1066668 sequences (160000200 bp)...
[M::mem_pestat] # candidate unique pairs for (FF, FR, RF, RR): (28, 224092, 67, 29)
[M::mem_pestat] analyzing insert size distribution for orientation FF...
[M::mem_pestat] (25, 50, 75) percentile: (237, 779, 2401)
[M::mem_pestat] low and high boundaries for computing mean and std.dev: (1, 6729)
[M::mem_pestat] mean and std.dev: (1385.85, 1549.02)
[M::mem_pestat] low and high boundaries for proper pairs: (1, 8893)
[M::mem_pestat] analyzing insert size distribution for orientation FR...
[M::mem_pestat] (25, 50, 75) percentile: (241, 318, 400)
[M::mem_pestat] low and high boundaries for computing mean and std.dev: (1, 718)
[M::mem_pestat] mean and std.dev: (321.24, 120.02)
[M::mem_pestat] low and high boundaries for proper pairs: (1, 877)
[M::mem_pestat] analyzing insert size distribution for orientation RF...
[M::mem_pestat] (25, 50, 75) percentile: (822, 2253, 3581)
[M::mem_pestat] low and high boundaries for computing mean and std.dev: (1, 9099)
[M::mem_pestat] mean and std.dev: (2457.96, 2144.72)
[M::mem_pestat] low and high boundaries for proper pairs: (1, 11858)
[M::mem_pestat] analyzing insert size distribution for orientation RR...
[M::mem_pestat] (25, 50, 75) percentile: (407, 848, 2311)
[M::mem_pestat] low and high boundaries for computing mean and std.dev: (1, 6119)
[M::mem_pestat] mean and std.dev: (1102.32, 872.22)
[M::mem_pestat] low and high boundaries for proper pairs: (1, 8023)
[M::mem_pestat] skip orientation FF
[M::mem_pestat] skip orientation RF
[M::mem_pestat] skip orientation RR
[M::mem_process_seqs] Processed 1066668 reads in 747.196 CPU sec, 58.595 real sec
[M::mem_pestat] # candidate unique pairs for (FF, FR, RF, RR): (34, 225213, 68, 31)
[M::mem_pestat] analyzing insert size distribution for orientation FF...
[M::mem_pestat] (25, 50, 75) percentile: (194, 331, 1316)
[M::mem_pestat] low and high boundaries for computing mean and std.dev: (1, 3560)
[M::mem_pestat] mean and std.dev: (606.06, 608.81)
[M::mem_pestat] low and high boundaries for proper pairs: (1, 4682)
[M::mem_pestat] analyzing insert size distribution for orientation FR...
[M::mem_pestat] (25, 50, 75) percentile: (245, 322, 407)
[M::mem_pestat] low and high boundaries for computing mean and std.dev: (1, 731)
[M::mem_pestat] mean and std.dev: (326.44, 121.37)
[M::mem_pestat] low and high boundaries for proper pairs: (1, 893)
[M::mem_pestat] analyzing insert size distribution for orientation RF...
[M::mem_pestat] (25, 50, 75) percentile: (117, 938, 4049)
[M::mem_pestat] low and high boundaries for computing mean and std.dev: (1, 11913)
[M::mem_pestat] mean and std.dev: (2259.56, 2624.87)
[M::mem_pestat] low and high boundaries for proper pairs: (1, 15845)
[M::mem_pestat] analyzing insert size distribution for orientation RR...
[M::mem_pestat] (25, 50, 75) percentile: (459, 740, 1300)
[M::mem_pestat] low and high boundaries for computing mean and std.dev: (1, 2982)
[M::mem_pestat] mean and std.dev: (820.82, 683.37)
[M::mem_pestat] low and high boundaries for proper pairs: (1, 3823)
[M::mem_pestat] skip orientation FF
[M::mem_pestat] skip orientation RF
[M::mem_pestat] skip orientation RR
[M::process] read 1066668 sequences (160000200 bp)...
[M::mem_process_seqs] Processed 1066668 reads in 742.089 CPU sec, 51.059 real sec
[M::mem_pestat] # candidate unique pairs for (FF, FR, RF, RR): (23, 224933, 77, 38)
[M::mem_pestat] analyzing insert size distribution for orientation FF...
[M::mem_pestat] (25, 50, 75) percentile: (258, 429, 2335)
[M::mem_pestat] low and high boundaries for computing mean and std.dev: (1, 6489)
[M::mem_pestat] mean and std.dev: (1369.39, 1797.46)
[M::mem_pestat] low and high boundaries for proper pairs: (1, 8566)
[M::mem_pestat] analyzing insert size distribution for orientation FR...
[M::mem_pestat] (25, 50, 75) percentile: (241, 318, 403)
[M::mem_pestat] low and high boundaries for computing mean and std.dev: (1, 727)
[M::mem_pestat] mean and std.dev: (322.64, 121.30)
[M::mem_pestat] low and high boundaries for proper pairs: (1, 889)
[M::mem_pestat] analyzing insert size distribution for orientation RF...
[M::mem_pestat] (25, 50, 75) percentile: (278, 974, 5633)
[M::mem_pestat] low and high boundaries for computing mean and std.dev: (1, 16343)
[M::mem_pestat] mean and std.dev: (2704.82, 3147.96)
[M::mem_pestat] low and high boundaries for proper pairs: (1, 21698)
[M::mem_pestat] analyzing insert size distribution for orientation RR...
[M::mem_pestat] (25, 50, 75) percentile: (219, 711, 1479)
[M::mem_pestat] low and high boundaries for computing mean and std.dev: (1, 3999)
[M::mem_pestat] mean and std.dev: (747.74, 669.88)
[M::mem_pestat] low and high boundaries for proper pairs: (1, 5259)
[M::mem_pestat] skip orientation FF
[M::mem_pestat] skip orientation RF
[M::mem_pestat] skip orientation RR
[M::process] read 1066668 sequences (160000200 bp)...
[M::mem_process_seqs] Processed 1066668 reads in 750.352 CPU sec, 51.684 real sec
[M::mem_pestat] # candidate unique pairs for (FF, FR, RF, RR): (33, 225472, 79, 28)
[M::mem_pestat] analyzing insert size distribution for orientation FF...
[M::mem_pestat] (25, 50, 75) percentile: (313, 592, 1673)
[M::mem_pestat] low and high boundaries for computing mean and std.dev: (1, 4393)
[M::mem_pestat] mean and std.dev: (602.08, 436.97)
[M::mem_pestat] low and high boundaries for proper pairs: (1, 5753)
[M::mem_pestat] analyzing insert size distribution for orientation FR...
[M::mem_pestat] (25, 50, 75) percentile: (241, 318, 404)
[M::mem_pestat] low and high boundaries for computing mean and std.dev: (1, 730)
[M::mem_pestat] mean and std.dev: (323.56, 122.01)
[M::mem_pestat] low and high boundaries for proper pairs: (1, 893)
[M::mem_pestat] analyzing insert size distribution for orientation RF...
[M::mem_pestat] (25, 50, 75) percentile: (337, 1060, 4335)
[M::mem_pestat] low and high boundaries for computing mean and std.dev: (1, 12331)
[M::mem_pestat] mean and std.dev: (2557.00, 2877.19)
[M::mem_pestat] low and high boundaries for proper pairs: (1, 16329)
[M::mem_pestat] analyzing insert size distribution for orientation RR...
[M::mem_pestat] (25, 50, 75) percentile: (462, 674, 1710)
[M::mem_pestat] low and high boundaries for computing mean and std.dev: (1, 4206)
[M::mem_pestat] mean and std.dev: (1063.44, 1081.05)
[M::mem_pestat] low and high boundaries for proper pairs: (1, 5454)
[M::mem_pestat] skip orientation FF
[M::mem_pestat] skip orientation RF
[M::mem_pestat] skip orientation RR
[M::process] read 1066668 sequences (160000200 bp)...
[M::mem_process_seqs] Processed 1066668 reads in 754.993 CPU sec, 51.521 real sec
[M::mem_pestat] # candidate unique pairs for (FF, FR, RF, RR): (27, 226245, 68, 26)
[M::mem_pestat] analyzing insert size distribution for orientation FF...
[M::mem_pestat] (25, 50, 75) percentile: (174, 339, 496)
[M::mem_pestat] low and high boundaries for computing mean and std.dev: (1, 1140)
[M::mem_pestat] mean and std.dev: (306.61, 169.99)
[M::mem_pestat] low and high boundaries for proper pairs: (1, 1462)
[M::mem_pestat] analyzing insert size distribution for orientation FR...
[M::mem_pestat] (25, 50, 75) percentile: (241, 318, 403)
[M::mem_pestat] low and high boundaries for computing mean and std.dev: (1, 727)
[M::mem_pestat] mean and std.dev: (323.09, 121.39)
[M::mem_pestat] low and high boundaries for proper pairs: (1, 889)
[M::mem_pestat] analyzing insert size distribution for orientation RF...
[M::mem_pestat] (25, 50, 75) percentile: (315, 1256, 3384)
[M::mem_pestat] low and high boundaries for computing mean and std.dev: (1, 9522)
[M::mem_pestat] mean and std.dev: (2246.27, 2523.88)
[M::mem_pestat] low and high boundaries for proper pairs: (1, 12591)
[M::mem_pestat] analyzing insert size distribution for orientation RR...
[M::mem_pestat] (25, 50, 75) percentile: (372, 661, 1722)
[M::mem_pestat] low and high boundaries for computing mean and std.dev: (1, 4422)
[M::mem_pestat] mean and std.dev: (956.67, 1033.97)
[M::mem_pestat] low and high boundaries for proper pairs: (1, 5772)
[M::mem_pestat] skip orientation FF
[M::mem_pestat] skip orientation RF
[M::mem_pestat] skip orientation RR
[M::process] read 1066668 sequences (160000200 bp)...
[M::mem_process_seqs] Processed 1066668 reads in 754.658 CPU sec, 51.760 real sec
[M::mem_pestat] # candidate unique pairs for (FF, FR, RF, RR): (29, 224780, 93, 35)
[M::mem_pestat] analyzing insert size distribution for orientation FF...
[M::mem_pestat] (25, 50, 75) percentile: (254, 291, 1590)
[M::mem_pestat] low and high boundaries for computing mean and std.dev: (1, 4262)
[M::mem_pestat] mean and std.dev: (780.04, 783.65)
[M::mem_pestat] low and high boundaries for proper pairs: (1, 5598)
[M::mem_pestat] analyzing insert size distribution for orientation FR...
[M::mem_pestat] (25, 50, 75) percentile: (238, 314, 397)
[M::mem_pestat] low and high boundaries for computing mean and std.dev: (1, 715)
[M::mem_pestat] mean and std.dev: (318.64, 119.17)
[M::mem_pestat] low and high boundaries for proper pairs: (1, 874)
[M::mem_pestat] analyzing insert size distribution for orientation RF...
[M::mem_pestat] (25, 50, 75) percentile: (299, 1292, 5761)
[M::mem_pestat] low and high boundaries for computing mean and std.dev: (1, 16685)
[M::mem_pestat] mean and std.dev: (2937.10, 3158.60)
[M::mem_pestat] low and high boundaries for proper pairs: (1, 22147)
[M::mem_pestat] analyzing insert size distribution for orientation RR...
[M::mem_pestat] (25, 50, 75) percentile: (286, 418, 1705)
[M::mem_pestat] low and high boundaries for computing mean and std.dev: (1, 4543)
[M::mem_pestat] mean and std.dev: (699.29, 691.33)
[M::mem_pestat] low and high boundaries for proper pairs: (1, 5962)
[M::mem_pestat] skip orientation FF
[M::mem_pestat] skip orientation RF
[M::mem_pestat] skip orientation RR
[M::process] read 1066668 sequences (160000200 bp)...
[M::mem_process_seqs] Processed 1066668 reads in 775.008 CPU sec, 52.648 real sec
[M::mem_pestat] # candidate unique pairs for (FF, FR, RF, RR): (25, 225292, 78, 39)
[M::mem_pestat] analyzing insert size distribution for orientation FF...
[M::mem_pestat] (25, 50, 75) percentile: (121, 323, 861)
[M::mem_pestat] low and high boundaries for computing mean and std.dev: (1, 2341)
[M::mem_pestat] mean and std.dev: (406.92, 316.00)
[M::mem_pestat] low and high boundaries for proper pairs: (1, 3081)
[M::mem_pestat] analyzing insert size distribution for orientation FR...
[M::mem_pestat] (25, 50, 75) percentile: (238, 313, 397)
[M::mem_pestat] low and high boundaries for computing mean and std.dev: (1, 715)
[M::mem_pestat] mean and std.dev: (318.44, 119.40)
[M::mem_pestat] low and high boundaries for proper pairs: (1, 874)
[M::mem_pestat] analyzing insert size distribution for orientation RF...
[M::mem_pestat] (25, 50, 75) percentile: (192, 657, 5686)
[M::mem_pestat] low and high boundaries for computing mean and std.dev: (1, 16674)
[M::mem_pestat] mean and std.dev: (2522.55, 3186.22)
[M::mem_pestat] low and high boundaries for proper pairs: (1, 22168)
[M::mem_pestat] analyzing insert size distribution for orientation RR...
[M::mem_pestat] (25, 50, 75) percentile: (195, 504, 3215)
[M::mem_pestat] low and high boundaries for computing mean and std.dev: (1, 9255)
[M::mem_pestat] mean and std.dev: (1794.33, 2466.30)
[M::mem_pestat] low and high boundaries for proper pairs: (1, 12275)
[M::mem_pestat] skip orientation FF
[M::mem_pestat] skip orientation RF
[M::mem_pestat] skip orientation RR
[M::process] read 1066668 sequences (160000200 bp)...
[M::mem_process_seqs] Processed 1066668 reads in 754.489 CPU sec, 51.802 real sec
[M::mem_pestat] # candidate unique pairs for (FF, FR, RF, RR): (36, 224310, 80, 30)
[M::mem_pestat] analyzing insert size distribution for orientation FF...
[M::mem_pestat] (25, 50, 75) percentile: (323, 329, 915)
[M::mem_pestat] low and high boundaries for computing mean and std.dev: (1, 2099)
[M::mem_pestat] mean and std.dev: (431.07, 303.39)
[M::mem_pestat] low and high boundaries for proper pairs: (1, 2691)
[M::mem_pestat] analyzing insert size distribution for orientation FR...
[M::mem_pestat] (25, 50, 75) percentile: (237, 314, 399)
[M::mem_pestat] low and high boundaries for computing mean and std.dev: (1, 723)
[M::mem_pestat] mean and std.dev: (319.40, 120.93)
[M::mem_pestat] low and high boundaries for proper pairs: (1, 885)
[M::mem_pestat] analyzing insert size distribution for orientation RF...
[M::mem_pestat] (25, 50, 75) percentile: (204, 1052, 3522)
[M::mem_pestat] low and high boundaries for computing mean and std.dev: (1, 10158)
[M::mem_pestat] mean and std.dev: (2352.91, 2788.41)
[M::mem_pestat] low and high boundaries for proper pairs: (1, 13507)
[M::mem_pestat] analyzing insert size distribution for orientation RR...
[M::mem_pestat] (25, 50, 75) percentile: (306, 417, 2419)
[M::mem_pestat] low and high boundaries for computing mean and std.dev: (1, 6645)
[M::mem_pestat] mean and std.dev: (1118.52, 1346.02)
[M::mem_pestat] low and high boundaries for proper pairs: (1, 8758)
[M::mem_pestat] skip orientation FF
[M::mem_pestat] skip orientation RF
[M::mem_pestat] skip orientation RR
[M::process] read 1066668 sequences (160000200 bp)...
[M::mem_process_seqs] Processed 1066668 reads in 764.822 CPU sec, 50.787 real sec
[M::mem_pestat] # candidate unique pairs for (FF, FR, RF, RR): (30, 224814, 86, 28)
[M::mem_pestat] analyzing insert size distribution for orientation FF...
[M::mem_pestat] (25, 50, 75) percentile: (243, 487, 1058)
[M::mem_pestat] low and high boundaries for computing mean and std.dev: (1, 2688)
[M::mem_pestat] mean and std.dev: (586.96, 557.53)
[M::mem_pestat] low and high boundaries for proper pairs: (1, 3503)
[M::mem_pestat] analyzing insert size distribution for orientation FR...
[M::mem_pestat] (25, 50, 75) percentile: (242, 322, 408)
[M::mem_pestat] low and high boundaries for computing mean and std.dev: (1, 740)
[M::mem_pestat] mean and std.dev: (325.91, 124.15)
[M::mem_pestat] low and high boundaries for proper pairs: (1, 906)
[M::mem_pestat] analyzing insert size distribution for orientation RF...
[M::mem_pestat] (25, 50, 75) percentile: (207, 842, 5050)
[M::mem_pestat] low and high boundaries for computing mean and std.dev: (1, 14736)
[M::mem_pestat] mean and std.dev: (2729.21, 3241.34)
[M::mem_pestat] low and high boundaries for proper pairs: (1, 19579)
[M::mem_pestat] analyzing insert size distribution for orientation RR...
[M::mem_pestat] (25, 50, 75) percentile: (180, 250, 1212)
[M::mem_pestat] low and high boundaries for computing mean and std.dev: (1, 3276)
[M::mem_pestat] mean and std.dev: (446.44, 466.08)
[M::mem_pestat] low and high boundaries for proper pairs: (1, 4308)
[M::mem_pestat] skip orientation FF
[M::mem_pestat] skip orientation RF
[M::mem_pestat] skip orientation RR
[M::process] read 1066668 sequences (160000200 bp)...
[M::mem_process_seqs] Processed 1066668 reads in 745.317 CPU sec, 50.476 real sec
[M::mem_pestat] # candidate unique pairs for (FF, FR, RF, RR): (33, 224497, 67, 26)
[M::mem_pestat] analyzing insert size distribution for orientation FF...
[M::mem_pestat] (25, 50, 75) percentile: (193, 292, 757)
[M::mem_pestat] low and high boundaries for computing mean and std.dev: (1, 1885)
[M::mem_pestat] mean and std.dev: (378.66, 336.81)
[M::mem_pestat] low and high boundaries for proper pairs: (1, 2449)
[M::mem_pestat] analyzing insert size distribution for orientation FR...
[M::mem_pestat] (25, 50, 75) percentile: (245, 324, 412)
[M::mem_pestat] low and high boundaries for computing mean and std.dev: (1, 746)
[M::mem_pestat] mean and std.dev: (329.18, 124.51)
[M::mem_pestat] low and high boundaries for proper pairs: (1, 913)
[M::mem_pestat] analyzing insert size distribution for orientation RF...
[M::mem_pestat] (25, 50, 75) percentile: (192, 1221, 3373)
[M::mem_pestat] low and high boundaries for computing mean and std.dev: (1, 9735)
[M::mem_pestat] mean and std.dev: (2251.73, 2670.62)
[M::mem_pestat] low and high boundaries for proper pairs: (1, 12934)
[M::mem_pestat] analyzing insert size distribution for orientation RR...
[M::mem_pestat] (25, 50, 75) percentile: (264, 720, 1348)
[M::mem_pestat] low and high boundaries for computing mean and std.dev: (1, 3516)
[M::mem_pestat] mean and std.dev: (1045.00, 1026.91)
[M::mem_pestat] low and high boundaries for proper pairs: (1, 5153)
[M::mem_pestat] skip orientation FF
[M::mem_pestat] skip orientation RF
[M::mem_pestat] skip orientation RR
[M::process] read 1066668 sequences (160000200 bp)...
[M::mem_process_seqs] Processed 1066668 reads in 752.290 CPU sec, 50.262 real sec
[M::mem_pestat] # candidate unique pairs for (FF, FR, RF, RR): (30, 225257, 104, 43)
[M::mem_pestat] analyzing insert size distribution for orientation FF...
[M::mem_pestat] (25, 50, 75) percentile: (170, 311, 610)
[M::mem_pestat] low and high boundaries for computing mean and std.dev: (1, 1490)
[M::mem_pestat] mean and std.dev: (273.43, 171.12)
[M::mem_pestat] low and high boundaries for proper pairs: (1, 1930)
[M::mem_pestat] analyzing insert size distribution for orientation FR...
[M::mem_pestat] (25, 50, 75) percentile: (241, 320, 407)
[M::mem_pestat] low and high boundaries for computing mean and std.dev: (1, 739)
[M::mem_pestat] mean and std.dev: (325.44, 123.91)
[M::mem_pestat] low and high boundaries for proper pairs: (1, 905)
[M::mem_pestat] analyzing insert size distribution for orientation RF...
[M::mem_pestat] (25, 50, 75) percentile: (290, 1194, 3618)
[M::mem_pestat] low and high boundaries for computing mean and std.dev: (1, 10274)
[M::mem_pestat] mean and std.dev: (2358.14, 2721.10)
[M::mem_pestat] low and high boundaries for proper pairs: (1, 13602)
[M::mem_pestat] analyzing insert size distribution for orientation RR...
[M::mem_pestat] (25, 50, 75) percentile: (285, 424, 647)
[M::mem_pestat] low and high boundaries for computing mean and std.dev: (1, 1371)
[M::mem_pestat] mean and std.dev: (431.13, 278.39)
[M::mem_pestat] low and high boundaries for proper pairs: (1, 1733)
[M::mem_pestat] skip orientation FF
[M::mem_pestat] skip orientation RF
[M::mem_pestat] skip orientation RR
[M::process] read 1066668 sequences (160000200 bp)...
[M::mem_process_seqs] Processed 1066668 reads in 756.569 CPU sec, 50.434 real sec
[M::mem_pestat] # candidate unique pairs for (FF, FR, RF, RR): (42, 225581, 81, 37)
[M::mem_pestat] analyzing insert size distribution for orientation FF...
[M::mem_pestat] (25, 50, 75) percentile: (259, 490, 1720)
[M::mem_pestat] low and high boundaries for computing mean and std.dev: (1, 4642)
[M::mem_pestat] mean and std.dev: (1208.98, 1422.67)
[M::mem_pestat] low and high boundaries for proper pairs: (1, 6900)
[M::mem_pestat] analyzing insert size distribution for orientation FR...
[M::mem_pestat] (25, 50, 75) percentile: (242, 319, 406)
[M::mem_pestat] low and high boundaries for computing mean and std.dev: (1, 734)
[M::mem_pestat] mean and std.dev: (324.89, 122.84)
[M::mem_pestat] low and high boundaries for proper pairs: (1, 898)
[M::mem_pestat] analyzing insert size distribution for orientation RF...
[M::mem_pestat] (25, 50, 75) percentile: (292, 1323, 4249)
[M::mem_pestat] low and high boundaries for computing mean and std.dev: (1, 12163)
[M::mem_pestat] mean and std.dev: (2847.00, 3135.17)
[M::mem_pestat] low and high boundaries for proper pairs: (1, 16120)
[M::mem_pestat] analyzing insert size distribution for orientation RR...
[M::mem_pestat] (25, 50, 75) percentile: (379, 613, 1044)
[M::mem_pestat] low and high boundaries for computing mean and std.dev: (1, 2374)
[M::mem_pestat] mean and std.dev: (635.73, 434.62)
[M::mem_pestat] low and high boundaries for proper pairs: (1, 3039)
[M::mem_pestat] skip orientation FF
[M::mem_pestat] skip orientation RF
[M::mem_pestat] skip orientation RR
[M::process] read 1066668 sequences (160000200 bp)...
[M::mem_process_seqs] Processed 1066668 reads in 756.587 CPU sec, 51.360 real sec
[M::mem_pestat] # candidate unique pairs for (FF, FR, RF, RR): (34, 225782, 73, 24)
[M::mem_pestat] analyzing insert size distribution for orientation FF...
[M::mem_pestat] (25, 50, 75) percentile: (331, 718, 2139)
[M::mem_pestat] low and high boundaries for computing mean and std.dev: (1, 5755)
[M::mem_pestat] mean and std.dev: (1227.84, 1349.18)
[M::mem_pestat] low and high boundaries for proper pairs: (1, 7563)
[M::mem_pestat] analyzing insert size distribution for orientation FR...
[M::mem_pestat] (25, 50, 75) percentile: (241, 319, 405)
[M::mem_pestat] low and high boundaries for computing mean and std.dev: (1, 733)
[M::mem_pestat] mean and std.dev: (324.37, 122.32)
[M::mem_pestat] low and high boundaries for proper pairs: (1, 897)
[M::mem_pestat] analyzing insert size distribution for orientation RF...
[M::mem_pestat] (25, 50, 75) percentile: (274, 971, 5740)
[M::mem_pestat] low and high boundaries for computing mean and std.dev: (1, 16672)
[M::mem_pestat] mean and std.dev: (2729.25, 3170.65)
[M::mem_pestat] low and high boundaries for proper pairs: (1, 22138)
[M::mem_pestat] analyzing insert size distribution for orientation RR...
[M::mem_pestat] (25, 50, 75) percentile: (214, 509, 3503)
[M::mem_pestat] low and high boundaries for computing mean and std.dev: (1, 10081)
[M::mem_pestat] mean and std.dev: (1827.33, 2484.25)
[M::mem_pestat] low and high boundaries for proper pairs: (1, 13370)
[M::mem_pestat] skip orientation FF
[M::mem_pestat] skip orientation RF
[M::mem_pestat] skip orientation RR
[M::process] read 1066668 sequences (160000200 bp)...
[M::mem_process_seqs] Processed 1066668 reads in 754.452 CPU sec, 50.730 real sec
[M::mem_pestat] # candidate unique pairs for (FF, FR, RF, RR): (31, 225405, 57, 27)
[M::mem_pestat] analyzing insert size distribution for orientation FF...
[M::mem_pestat] (25, 50, 75) percentile: (257, 372, 2127)
[M::mem_pestat] low and high boundaries for computing mean and std.dev: (1, 5867)
[M::mem_pestat] mean and std.dev: (1150.66, 1357.62)
[M::mem_pestat] low and high boundaries for proper pairs: (1, 7737)
[M::mem_pestat] analyzing insert size distribution for orientation FR...
[M::mem_pestat] (25, 50, 75) percentile: (239, 316, 402)
[M::mem_pestat] low and high boundaries for computing mean and std.dev: (1, 728)
[M::mem_pestat] mean and std.dev: (322.02, 122.33)
[M::mem_pestat] low and high boundaries for proper pairs: (1, 891)
[M::mem_pestat] analyzing insert size distribution for orientation RF...
[M::mem_pestat] (25, 50, 75) percentile: (125, 592, 3171)
[M::mem_pestat] low and high boundaries for computing mean and std.dev: (1, 9263)
[M::mem_pestat] mean and std.dev: (1671.58, 2226.01)
[M::mem_pestat] low and high boundaries for proper pairs: (1, 12309)
[M::mem_pestat] analyzing insert size distribution for orientation RR...
[M::mem_pestat] (25, 50, 75) percentile: (215, 437, 1025)
[M::mem_pestat] low and high boundaries for computing mean and std.dev: (1, 2645)
[M::mem_pestat] mean and std.dev: (647.00, 660.23)
[M::mem_pestat] low and high boundaries for proper pairs: (1, 3455)
[M::mem_pestat] skip orientation FF
[M::mem_pestat] skip orientation RF
[M::mem_pestat] skip orientation RR
[M::process] read 1066668 sequences (160000200 bp)...
[M::mem_process_seqs] Processed 1066668 reads in 761.896 CPU sec, 51.790 real sec
[M::mem_pestat] # candidate unique pairs for (FF, FR, RF, RR): (32, 225574, 78, 26)
[M::mem_pestat] analyzing insert size distribution for orientation FF...
[M::mem_pestat] (25, 50, 75) percentile: (202, 371, 1555)
[M::mem_pestat] low and high boundaries for computing mean and std.dev: (1, 4261)
[M::mem_pestat] mean and std.dev: (683.34, 786.31)
[M::mem_pestat] low and high boundaries for proper pairs: (1, 5614)
[M::mem_pestat] analyzing insert size distribution for orientation FR...
[M::mem_pestat] (25, 50, 75) percentile: (238, 315, 400)
[M::mem_pestat] low and high boundaries for computing mean and std.dev: (1, 724)
[M::mem_pestat] mean and std.dev: (320.54, 121.69)
[M::mem_pestat] low and high boundaries for proper pairs: (1, 886)
[M::mem_pestat] analyzing insert size distribution for orientation RF...
[M::mem_pestat] (25, 50, 75) percentile: (87, 627, 3615)
[M::mem_pestat] low and high boundaries for computing mean and std.dev: (1, 10671)
[M::mem_pestat] mean and std.dev: (2183.23, 2835.12)
[M::mem_pestat] low and high boundaries for proper pairs: (1, 14199)
[M::mem_pestat] analyzing insert size distribution for orientation RR...
[M::mem_pestat] (25, 50, 75) percentile: (205, 490, 1197)
[M::mem_pestat] low and high boundaries for computing mean and std.dev: (1, 3181)
[M::mem_pestat] mean and std.dev: (571.39, 508.93)
[M::mem_pestat] low and high boundaries for proper pairs: (1, 4173)
[M::mem_pestat] skip orientation FF
[M::mem_pestat] skip orientation RF
[M::mem_pestat] skip orientation RR
[M::process] read 1066668 sequences (160000200 bp)...
[M::mem_process_seqs] Processed 1066668 reads in 766.260 CPU sec, 51.477 real sec
[M::mem_pestat] # candidate unique pairs for (FF, FR, RF, RR): (30, 224110, 83, 26)
[M::mem_pestat] analyzing insert size distribution for orientation FF...
[M::mem_pestat] (25, 50, 75) percentile: (264, 305, 380)
[M::mem_pestat] low and high boundaries for computing mean and std.dev: (32, 612)
[M::mem_pestat] mean and std.dev: (278.24, 92.13)
[M::mem_pestat] low and high boundaries for proper pairs: (1, 728)
[M::mem_pestat] analyzing insert size distribution for orientation FR...
[M::mem_pestat] (25, 50, 75) percentile: (236, 314, 400)
[M::mem_pestat] low and high boundaries for computing mean and std.dev: (1, 728)
[M::mem_pestat] mean and std.dev: (318.98, 121.90)
[M::mem_pestat] low and high boundaries for proper pairs: (1, 892)
[M::mem_pestat] analyzing insert size distribution for orientation RF...
[M::mem_pestat] (25, 50, 75) percentile: (235, 1232, 4399)
[M::mem_pestat] low and high boundaries for computing mean and std.dev: (1, 12727)
[M::mem_pestat] mean and std.dev: (2543.53, 2834.00)
[M::mem_pestat] low and high boundaries for proper pairs: (1, 16891)
[M::mem_pestat] analyzing insert size distribution for orientation RR...
[M::mem_pestat] (25, 50, 75) percentile: (221, 654, 1076)
[M::mem_pestat] low and high boundaries for computing mean and std.dev: (1, 2786)
[M::mem_pestat] mean and std.dev: (658.38, 513.62)
[M::mem_pestat] low and high boundaries for proper pairs: (1, 3641)
[M::mem_pestat] skip orientation FF
[M::mem_pestat] skip orientation RF
[M::mem_pestat] skip orientation RR
[M::process] read 1066668 sequences (160000200 bp)...
[M::mem_process_seqs] Processed 1066668 reads in 763.623 CPU sec, 51.625 real sec
[M::mem_pestat] # candidate unique pairs for (FF, FR, RF, RR): (24, 224769, 66, 43)
[M::mem_pestat] analyzing insert size distribution for orientation FF...
[M::mem_pestat] (25, 50, 75) percentile: (262, 792, 894)
[M::mem_pestat] low and high boundaries for computing mean and std.dev: (1, 2158)
[M::mem_pestat] mean and std.dev: (695.27, 588.97)
[M::mem_pestat] low and high boundaries for proper pairs: (1, 3051)
[M::mem_pestat] analyzing insert size distribution for orientation FR...
[M::mem_pestat] (25, 50, 75) percentile: (241, 321, 408)
[M::mem_pestat] low and high boundaries for computing mean and std.dev: (1, 742)
[M::mem_pestat] mean and std.dev: (325.39, 124.50)
[M::mem_pestat] low and high boundaries for proper pairs: (1, 909)
[M::mem_pestat] analyzing insert size distribution for orientation RF...
[M::mem_pestat] (25, 50, 75) percentile: (394, 1826, 4282)
[M::mem_pestat] low and high boundaries for computing mean and std.dev: (1, 12058)
[M::mem_pestat] mean and std.dev: (2770.53, 2799.69)
[M::mem_pestat] low and high boundaries for proper pairs: (1, 15946)
[M::mem_pestat] analyzing insert size distribution for orientation RR...
[M::mem_pestat] (25, 50, 75) percentile: (169, 375, 890)
[M::mem_pestat] low and high boundaries for computing mean and std.dev: (1, 2332)
[M::mem_pestat] mean and std.dev: (435.68, 414.85)
[M::mem_pestat] low and high boundaries for proper pairs: (1, 3053)
[M::mem_pestat] skip orientation FF
[M::mem_pestat] skip orientation RF
[M::mem_pestat] skip orientation RR
[M::process] read 1066668 sequences (160000200 bp)...
[M::mem_process_seqs] Processed 1066668 reads in 752.942 CPU sec, 50.560 real sec
[M::mem_pestat] # candidate unique pairs for (FF, FR, RF, RR): (43, 225612, 65, 29)
[M::mem_pestat] analyzing insert size distribution for orientation FF...
[M::mem_pestat] (25, 50, 75) percentile: (189, 330, 1406)
[M::mem_pestat] low and high boundaries for computing mean and std.dev: (1, 3840)
[M::mem_pestat] mean and std.dev: (602.38, 579.42)
[M::mem_pestat] low and high boundaries for proper pairs: (1, 5057)
[M::mem_pestat] analyzing insert size distribution for orientation FR...
[M::mem_pestat] (25, 50, 75) percentile: (240, 318, 404)
[M::mem_pestat] low and high boundaries for computing mean and std.dev: (1, 732)
[M::mem_pestat] mean and std.dev: (322.78, 122.16)
[M::mem_pestat] low and high boundaries for proper pairs: (1, 896)
[M::mem_pestat] analyzing insert size distribution for orientation RF...
[M::mem_pestat] (25, 50, 75) percentile: (235, 1007, 3462)
[M::mem_pestat] low and high boundaries for computing mean and std.dev: (1, 9916)
[M::mem_pestat] mean and std.dev: (2289.71, 2765.35)
[M::mem_pestat] low and high boundaries for proper pairs: (1, 13351)
[M::mem_pestat] analyzing insert size distribution for orientation RR...
[M::mem_pestat] (25, 50, 75) percentile: (201, 370, 739)
[M::mem_pestat] low and high boundaries for computing mean and std.dev: (1, 1815)
[M::mem_pestat] mean and std.dev: (406.88, 287.69)
[M::mem_pestat] low and high boundaries for proper pairs: (1, 2353)
[M::mem_pestat] skip orientation FF
[M::mem_pestat] skip orientation RF
[M::mem_pestat] skip orientation RR
[M::process] read 1066668 sequences (160000200 bp)...
[M::mem_process_seqs] Processed 1066668 reads in 748.614 CPU sec, 49.842 real sec
[M::mem_pestat] # candidate unique pairs for (FF, FR, RF, RR): (26, 224989, 64, 23)
[M::mem_pestat] analyzing insert size distribution for orientation FF...
[M::mem_pestat] (25, 50, 75) percentile: (441, 923, 2170)
[M::mem_pestat] low and high boundaries for computing mean and std.dev: (1, 5628)
[M::mem_pestat] mean and std.dev: (1278.29, 1322.78)
[M::mem_pestat] low and high boundaries for proper pairs: (1, 7357)
[M::mem_pestat] analyzing insert size distribution for orientation FR...
[M::mem_pestat] (25, 50, 75) percentile: (238, 316, 403)
[M::mem_pestat] low and high boundaries for computing mean and std.dev: (1, 733)
[M::mem_pestat] mean and std.dev: (321.66, 123.50)
[M::mem_pestat] low and high boundaries for proper pairs: (1, 898)
[M::mem_pestat] analyzing insert size distribution for orientation RF...
[M::mem_pestat] (25, 50, 75) percentile: (185, 1123, 3251)
[M::mem_pestat] low and high boundaries for computing mean and std.dev: (1, 9383)
[M::mem_pestat] mean and std.dev: (1830.56, 2159.09)
[M::mem_pestat] low and high boundaries for proper pairs: (1, 12449)
[M::mem_pestat] analyzing insert size distribution for orientation RR...
[M::mem_pestat] (25, 50, 75) percentile: (240, 440, 666)
[M::mem_pestat] low and high boundaries for computing mean and std.dev: (1, 1518)
[M::mem_pestat] mean and std.dev: (461.33, 271.72)
[M::mem_pestat] low and high boundaries for proper pairs: (1, 1944)
[M::mem_pestat] skip orientation FF
[M::mem_pestat] skip orientation RF
[M::mem_pestat] skip orientation RR
[M::mem_process_seqs] Processed 1066668 reads in 750.639 CPU sec, 52.774 real sec
[M::process] read 1066668 sequences (160000200 bp)...
[M::process] read 1066668 sequences (160000200 bp)...
[M::mem_pestat] # candidate unique pairs for (FF, FR, RF, RR): (41, 225486, 69, 29)
[M::mem_pestat] analyzing insert size distribution for orientation FF...
[M::mem_pestat] (25, 50, 75) percentile: (169, 329, 1592)
[M::mem_pestat] low and high boundaries for computing mean and std.dev: (1, 4438)
[M::mem_pestat] mean and std.dev: (653.18, 774.35)
[M::mem_pestat] low and high boundaries for proper pairs: (1, 5861)
[M::mem_pestat] analyzing insert size distribution for orientation FR...
[M::mem_pestat] (25, 50, 75) percentile: (238, 316, 403)
[M::mem_pestat] low and high boundaries for computing mean and std.dev: (1, 733)
[M::mem_pestat] mean and std.dev: (321.88, 123.01)
[M::mem_pestat] low and high boundaries for proper pairs: (1, 898)
[M::mem_pestat] analyzing insert size distribution for orientation RF...
[M::mem_pestat] (25, 50, 75) percentile: (192, 1257, 4104)
[M::mem_pestat] low and high boundaries for computing mean and std.dev: (1, 11928)
[M::mem_pestat] mean and std.dev: (2553.80, 2927.84)
[M::mem_pestat] low and high boundaries for proper pairs: (1, 15840)
[M::mem_pestat] analyzing insert size distribution for orientation RR...
[M::mem_pestat] (25, 50, 75) percentile: (208, 373, 1153)
[M::mem_pestat] low and high boundaries for computing mean and std.dev: (1, 3043)
[M::mem_pestat] mean and std.dev: (602.32, 661.64)
[M::mem_pestat] low and high boundaries for proper pairs: (1, 3988)
[M::mem_pestat] skip orientation FF
[M::mem_pestat] skip orientation RF
[M::mem_pestat] skip orientation RR
[M::mem_process_seqs] Processed 1066668 reads in 749.144 CPU sec, 50.381 real sec
[M::process] read 1066668 sequences (160000200 bp)...
[M::mem_pestat] # candidate unique pairs for (FF, FR, RF, RR): (29, 225353, 87, 34)
[M::mem_pestat] analyzing insert size distribution for orientation FF...
[M::mem_pestat] (25, 50, 75) percentile: (184, 256, 1228)
[M::mem_pestat] low and high boundaries for computing mean and std.dev: (1, 3316)
[M::mem_pestat] mean and std.dev: (550.46, 574.26)
[M::mem_pestat] low and high boundaries for proper pairs: (1, 4360)
[M::mem_pestat] analyzing insert size distribution for orientation FR...
[M::mem_pestat] (25, 50, 75) percentile: (240, 316, 403)
[M::mem_pestat] low and high boundaries for computing mean and std.dev: (1, 729)
[M::mem_pestat] mean and std.dev: (322.39, 122.34)
[M::mem_pestat] low and high boundaries for proper pairs: (1, 892)
[M::mem_pestat] analyzing insert size distribution for orientation RF...
[M::mem_pestat] (25, 50, 75) percentile: (186, 1094, 4995)
[M::mem_pestat] low and high boundaries for computing mean and std.dev: (1, 14613)
[M::mem_pestat] mean and std.dev: (2542.82, 2931.58)
[M::mem_pestat] low and high boundaries for proper pairs: (1, 19422)
[M::mem_pestat] analyzing insert size distribution for orientation RR...
[M::mem_pestat] (25, 50, 75) percentile: (246, 378, 1931)
[M::mem_pestat] low and high boundaries for computing mean and std.dev: (1, 5301)
[M::mem_pestat] mean and std.dev: (933.00, 1003.91)
[M::mem_pestat] low and high boundaries for proper pairs: (1, 6986)
[M::mem_pestat] skip orientation FF
[M::mem_pestat] skip orientation RF
[M::mem_pestat] skip orientation RR
[M::mem_process_seqs] Processed 1066668 reads in 754.406 CPU sec, 50.933 real sec
[M::mem_pestat] # candidate unique pairs for (FF, FR, RF, RR): (44, 224529, 91, 27)
[M::mem_pestat] analyzing insert size distribution for orientation FF...
[M::mem_pestat] (25, 50, 75) percentile: (202, 439, 1822)
[M::mem_pestat] low and high boundaries for computing mean and std.dev: (1, 5062)
[M::mem_pestat] mean and std.dev: (952.83, 1134.52)
[M::mem_pestat] low and high boundaries for proper pairs: (1, 6682)
[M::mem_pestat] analyzing insert size distribution for orientation FR...
[M::mem_pestat] (25, 50, 75) percentile: (238, 315, 402)
[M::mem_pestat] low and high boundaries for computing mean and std.dev: (1, 730)
[M::mem_pestat] mean and std.dev: (321.37, 122.56)
[M::mem_pestat] low and high boundaries for proper pairs: (1, 894)
[M::mem_pestat] analyzing insert size distribution for orientation RF...
[M::mem_pestat] (25, 50, 75) percentile: (188, 1087, 4824)
[M::mem_pestat] low and high boundaries for computing mean and std.dev: (1, 14096)
[M::mem_pestat] mean and std.dev: (2672.31, 2938.55)
[M::mem_pestat] low and high boundaries for proper pairs: (1, 18732)
[M::mem_pestat] analyzing insert size distribution for orientation RR...
[M::mem_pestat] (25, 50, 75) percentile: (195, 266, 506)
[M::mem_pestat] low and high boundaries for computing mean and std.dev: (1, 1128)
[M::mem_pestat] mean and std.dev: (293.87, 167.80)
[M::mem_pestat] low and high boundaries for proper pairs: (1, 1439)
[M::mem_pestat] skip orientation FF
[M::mem_pestat] skip orientation RF
[M::mem_pestat] skip orientation RR
[M::process] read 1066668 sequences (160000200 bp)...
[M::mem_process_seqs] Processed 1066668 reads in 763.559 CPU sec, 50.808 real sec
[M::mem_pestat] # candidate unique pairs for (FF, FR, RF, RR): (38, 224945, 88, 30)
[M::mem_pestat] analyzing insert size distribution for orientation FF...
[M::mem_pestat] (25, 50, 75) percentile: (241, 310, 495)
[M::mem_pestat] low and high boundaries for computing mean and std.dev: (1, 1003)
[M::mem_pestat] mean and std.dev: (342.32, 197.56)
[M::mem_pestat] low and high boundaries for proper pairs: (1, 1257)
[M::mem_pestat] analyzing insert size distribution for orientation FR...
[M::mem_pestat] (25, 50, 75) percentile: (238, 315, 400)
[M::mem_pestat] low and high boundaries for computing mean and std.dev: (1, 724)
[M::mem_pestat] mean and std.dev: (320.85, 121.96)
[M::mem_pestat] low and high boundaries for proper pairs: (1, 886)
[M::mem_pestat] analyzing insert size distribution for orientation RF...
[M::mem_pestat] (25, 50, 75) percentile: (98, 939, 4707)
[M::mem_pestat] low and high boundaries for computing mean and std.dev: (1, 13925)
[M::mem_pestat] mean and std.dev: (2450.18, 3049.03)
[M::mem_pestat] low and high boundaries for proper pairs: (1, 18534)
[M::mem_pestat] analyzing insert size distribution for orientation RR...
[M::mem_pestat] (25, 50, 75) percentile: (144, 635, 894)
[M::mem_pestat] low and high boundaries for computing mean and std.dev: (1, 2394)
[M::mem_pestat] mean and std.dev: (679.79, 563.78)
[M::mem_pestat] low and high boundaries for proper pairs: (1, 3144)
[M::mem_pestat] skip orientation FF
[M::mem_pestat] skip orientation RF
[M::mem_pestat] skip orientation RR
[M::process] read 1066668 sequences (160000200 bp)...
[M::mem_process_seqs] Processed 1066668 reads in 764.400 CPU sec, 51.215 real sec
[M::mem_pestat] # candidate unique pairs for (FF, FR, RF, RR): (26, 225043, 61, 33)
[M::mem_pestat] analyzing insert size distribution for orientation FF...
[M::mem_pestat] (25, 50, 75) percentile: (243, 638, 1032)
[M::mem_pestat] low and high boundaries for computing mean and std.dev: (1, 2610)
[M::mem_pestat] mean and std.dev: (594.52, 498.71)
[M::mem_pestat] low and high boundaries for proper pairs: (1, 3399)
[M::mem_pestat] analyzing insert size distribution for orientation FR...
[M::mem_pestat] (25, 50, 75) percentile: (238, 316, 402)
[M::mem_pestat] low and high boundaries for computing mean and std.dev: (1, 730)
[M::mem_pestat] mean and std.dev: (320.93, 122.41)
[M::mem_pestat] low and high boundaries for proper pairs: (1, 894)
[M::mem_pestat] analyzing insert size distribution for orientation RF...
[M::mem_pestat] (25, 50, 75) percentile: (477, 1489, 6531)
[M::mem_pestat] low and high boundaries for computing mean and std.dev: (1, 18639)
[M::mem_pestat] mean and std.dev: (3045.41, 3144.46)
[M::mem_pestat] low and high boundaries for proper pairs: (1, 24693)
[M::mem_pestat] analyzing insert size distribution for orientation RR...
[M::mem_pestat] (25, 50, 75) percentile: (242, 398, 1383)
[M::mem_pestat] low and high boundaries for computing mean and std.dev: (1, 3665)
[M::mem_pestat] mean and std.dev: (394.23, 318.23)
[M::mem_pestat] low and high boundaries for proper pairs: (1, 4806)
[M::mem_pestat] skip orientation FF
[M::mem_pestat] skip orientation RF
[M::mem_pestat] skip orientation RR
[M::process] read 1066668 sequences (160000200 bp)...
[M::mem_process_seqs] Processed 1066668 reads in 751.051 CPU sec, 50.696 real sec
[M::mem_pestat] # candidate unique pairs for (FF, FR, RF, RR): (30, 224759, 94, 27)
[M::mem_pestat] analyzing insert size distribution for orientation FF...
[M::mem_pestat] (25, 50, 75) percentile: (263, 714, 1875)
[M::mem_pestat] low and high boundaries for computing mean and std.dev: (1, 5099)
[M::mem_pestat] mean and std.dev: (1016.44, 1203.50)
[M::mem_pestat] low and high boundaries for proper pairs: (1, 6711)
[M::mem_pestat] analyzing insert size distribution for orientation FR...
[M::mem_pestat] (25, 50, 75) percentile: (242, 321, 408)
[M::mem_pestat] low and high boundaries for computing mean and std.dev: (1, 740)
[M::mem_pestat] mean and std.dev: (325.55, 123.41)
[M::mem_pestat] low and high boundaries for proper pairs: (1, 906)
[M::mem_pestat] analyzing insert size distribution for orientation RF...
[M::mem_pestat] (25, 50, 75) percentile: (273, 1480, 5339)
[M::mem_pestat] low and high boundaries for computing mean and std.dev: (1, 15471)
[M::mem_pestat] mean and std.dev: (2930.46, 3085.19)
[M::mem_pestat] low and high boundaries for proper pairs: (1, 20537)
[M::mem_pestat] analyzing insert size distribution for orientation RR...
[M::mem_pestat] (25, 50, 75) percentile: (324, 576, 3959)
[M::mem_pestat] low and high boundaries for computing mean and std.dev: (1, 11229)
[M::mem_pestat] mean and std.dev: (2074.15, 2487.23)
[M::mem_pestat] low and high boundaries for proper pairs: (1, 14864)
[M::mem_pestat] skip orientation FF
[M::mem_pestat] skip orientation RF
[M::mem_pestat] skip orientation RR
[M::process] read 1066668 sequences (160000200 bp)...
[M::mem_process_seqs] Processed 1066668 reads in 744.050 CPU sec, 50.457 real sec
[M::mem_pestat] # candidate unique pairs for (FF, FR, RF, RR): (25, 225823, 69, 45)
[M::mem_pestat] analyzing insert size distribution for orientation FF...
[M::mem_pestat] (25, 50, 75) percentile: (148, 377, 1603)
[M::mem_pestat] low and high boundaries for computing mean and std.dev: (1, 4513)
[M::mem_pestat] mean and std.dev: (888.71, 982.68)
[M::mem_pestat] low and high boundaries for proper pairs: (1, 5968)
[M::mem_pestat] analyzing insert size distribution for orientation FR...
[M::mem_pestat] (25, 50, 75) percentile: (239, 317, 403)
[M::mem_pestat] low and high boundaries for computing mean and std.dev: (1, 731)
[M::mem_pestat] mean and std.dev: (321.46, 122.05)
[M::mem_pestat] low and high boundaries for proper pairs: (1, 895)
[M::mem_pestat] analyzing insert size distribution for orientation RF...
[M::mem_pestat] (25, 50, 75) percentile: (178, 713, 2884)
[M::mem_pestat] low and high boundaries for computing mean and std.dev: (1, 8296)
[M::mem_pestat] mean and std.dev: (1350.42, 1901.81)
[M::mem_pestat] low and high boundaries for proper pairs: (1, 11002)
[M::mem_pestat] analyzing insert size distribution for orientation RR...
[M::mem_pestat] (25, 50, 75) percentile: (243, 327, 2046)
[M::mem_pestat] low and high boundaries for computing mean and std.dev: (1, 5652)
[M::mem_pestat] mean and std.dev: (836.93, 1227.84)
[M::mem_pestat] low and high boundaries for proper pairs: (1, 7455)
[M::mem_pestat] skip orientation FF
[M::mem_pestat] skip orientation RF
[M::mem_pestat] skip orientation RR
[M::process] read 1066668 sequences (160000200 bp)...
[M::mem_process_seqs] Processed 1066668 reads in 747.719 CPU sec, 49.425 real sec
[M::mem_pestat] # candidate unique pairs for (FF, FR, RF, RR): (29, 224800, 64, 37)
[M::mem_pestat] analyzing insert size distribution for orientation FF...
[M::mem_pestat] (25, 50, 75) percentile: (273, 404, 1028)
[M::mem_pestat] low and high boundaries for computing mean and std.dev: (1, 2538)
[M::mem_pestat] mean and std.dev: (563.31, 481.45)
[M::mem_pestat] low and high boundaries for proper pairs: (1, 3293)
[M::mem_pestat] analyzing insert size distribution for orientation FR...
[M::mem_pestat] (25, 50, 75) percentile: (240, 318, 404)
[M::mem_pestat] low and high boundaries for computing mean and std.dev: (1, 732)
[M::mem_pestat] mean and std.dev: (323.32, 122.71)
[M::mem_pestat] low and high boundaries for proper pairs: (1, 896)
[M::mem_pestat] analyzing insert size distribution for orientation RF...
[M::mem_pestat] (25, 50, 75) percentile: (349, 1965, 4231)
[M::mem_pestat] low and high boundaries for computing mean and std.dev: (1, 11995)
[M::mem_pestat] mean and std.dev: (2715.66, 2608.90)
[M::mem_pestat] low and high boundaries for proper pairs: (1, 15877)
[M::mem_pestat] analyzing insert size distribution for orientation RR...
[M::mem_pestat] (25, 50, 75) percentile: (280, 357, 1396)
[M::mem_pestat] low and high boundaries for computing mean and std.dev: (1, 3628)
[M::mem_pestat] mean and std.dev: (560.25, 518.09)
[M::mem_pestat] low and high boundaries for proper pairs: (1, 4744)
[M::mem_pestat] skip orientation FF
[M::mem_pestat] skip orientation RF
[M::mem_pestat] skip orientation RR
[M::process] read 1066668 sequences (160000200 bp)...
[M::mem_process_seqs] Processed 1066668 reads in 752.795 CPU sec, 51.133 real sec
[M::mem_pestat] # candidate unique pairs for (FF, FR, RF, RR): (20, 225532, 68, 24)
[M::mem_pestat] analyzing insert size distribution for orientation FF...
[M::mem_pestat] (25, 50, 75) percentile: (224, 324, 785)
[M::mem_pestat] low and high boundaries for computing mean and std.dev: (1, 1907)
[M::mem_pestat] mean and std.dev: (424.53, 312.79)
[M::mem_pestat] low and high boundaries for proper pairs: (1, 2468)
[M::mem_pestat] analyzing insert size distribution for orientation FR...
[M::mem_pestat] (25, 50, 75) percentile: (239, 316, 402)
[M::mem_pestat] low and high boundaries for computing mean and std.dev: (1, 728)
[M::mem_pestat] mean and std.dev: (321.68, 122.08)
[M::mem_pestat] low and high boundaries for proper pairs: (1, 891)
[M::mem_pestat] analyzing insert size distribution for orientation RF...
[M::mem_pestat] (25, 50, 75) percentile: (654, 1669, 3343)
[M::mem_pestat] low and high boundaries for computing mean and std.dev: (1, 8721)
[M::mem_pestat] mean and std.dev: (2188.67, 2175.50)
[M::mem_pestat] low and high boundaries for proper pairs: (1, 11410)
[M::mem_pestat] analyzing insert size distribution for orientation RR...
[M::mem_pestat] (25, 50, 75) percentile: (235, 1298, 3831)
[M::mem_pestat] low and high boundaries for computing mean and std.dev: (1, 11023)
[M::mem_pestat] mean and std.dev: (2222.92, 2690.51)
[M::mem_pestat] low and high boundaries for proper pairs: (1, 14619)
[M::mem_pestat] skip orientation FF
[M::mem_pestat] skip orientation RF
[M::mem_pestat] skip orientation RR
[M::process] read 1066668 sequences (160000200 bp)...
[M::mem_process_seqs] Processed 1066668 reads in 764.184 CPU sec, 50.726 real sec
[M::mem_pestat] # candidate unique pairs for (FF, FR, RF, RR): (19, 225579, 72, 40)
[M::mem_pestat] analyzing insert size distribution for orientation FF...
[M::mem_pestat] (25, 50, 75) percentile: (229, 388, 639)
[M::mem_pestat] low and high boundaries for computing mean and std.dev: (1, 1459)
[M::mem_pestat] mean and std.dev: (384.75, 292.33)
[M::mem_pestat] low and high boundaries for proper pairs: (1, 1869)
[M::mem_pestat] analyzing insert size distribution for orientation FR...
[M::mem_pestat] (25, 50, 75) percentile: (238, 315, 401)
[M::mem_pestat] low and high boundaries for computing mean and std.dev: (1, 727)
[M::mem_pestat] mean and std.dev: (320.64, 121.82)
[M::mem_pestat] low and high boundaries for proper pairs: (1, 890)
[M::mem_pestat] analyzing insert size distribution for orientation RF...
[M::mem_pestat] (25, 50, 75) percentile: (141, 1399, 4151)
[M::mem_pestat] low and high boundaries for computing mean and std.dev: (1, 12171)
[M::mem_pestat] mean and std.dev: (2447.11, 2766.64)
[M::mem_pestat] low and high boundaries for proper pairs: (1, 16181)
[M::mem_pestat] analyzing insert size distribution for orientation RR...
[M::mem_pestat] (25, 50, 75) percentile: (165, 488, 1402)
[M::mem_pestat] low and high boundaries for computing mean and std.dev: (1, 3876)
[M::mem_pestat] mean and std.dev: (713.00, 730.80)
[M::mem_pestat] low and high boundaries for proper pairs: (1, 5113)
[M::mem_pestat] skip orientation FF
[M::mem_pestat] skip orientation RF
[M::mem_pestat] skip orientation RR
[M::process] read 1066668 sequences (160000200 bp)...
[M::mem_process_seqs] Processed 1066668 reads in 764.461 CPU sec, 51.157 real sec
[M::mem_pestat] # candidate unique pairs for (FF, FR, RF, RR): (45, 225304, 79, 33)
[M::mem_pestat] analyzing insert size distribution for orientation FF...
[M::mem_pestat] (25, 50, 75) percentile: (233, 481, 1992)
[M::mem_pestat] low and high boundaries for computing mean and std.dev: (1, 5510)
[M::mem_pestat] mean and std.dev: (1261.68, 1584.13)
[M::mem_pestat] low and high boundaries for proper pairs: (1, 7598)
[M::mem_pestat] analyzing insert size distribution for orientation FR...
[M::mem_pestat] (25, 50, 75) percentile: (236, 313, 399)
[M::mem_pestat] low and high boundaries for computing mean and std.dev: (1, 725)
[M::mem_pestat] mean and std.dev: (319.12, 122.36)
[M::mem_pestat] low and high boundaries for proper pairs: (1, 888)
[M::mem_pestat] analyzing insert size distribution for orientation RF...
[M::mem_pestat] (25, 50, 75) percentile: (556, 1394, 4813)
[M::mem_pestat] low and high boundaries for computing mean and std.dev: (1, 13327)
[M::mem_pestat] mean and std.dev: (2795.19, 2882.02)
[M::mem_pestat] low and high boundaries for proper pairs: (1, 17584)
[M::mem_pestat] analyzing insert size distribution for orientation RR...
[M::mem_pestat] (25, 50, 75) percentile: (225, 351, 1469)
[M::mem_pestat] low and high boundaries for computing mean and std.dev: (1, 3957)
[M::mem_pestat] mean and std.dev: (771.00, 821.53)
[M::mem_pestat] low and high boundaries for proper pairs: (1, 5201)
[M::mem_pestat] skip orientation FF
[M::mem_pestat] skip orientation RF
[M::mem_pestat] skip orientation RR
[M::process] read 1066668 sequences (160000200 bp)...
[M::mem_process_seqs] Processed 1066668 reads in 766.953 CPU sec, 51.673 real sec
[M::mem_pestat] # candidate unique pairs for (FF, FR, RF, RR): (20, 223704, 61, 29)
[M::mem_pestat] analyzing insert size distribution for orientation FF...
[M::mem_pestat] (25, 50, 75) percentile: (231, 258, 481)
[M::mem_pestat] low and high boundaries for computing mean and std.dev: (1, 981)
[M::mem_pestat] mean and std.dev: (284.56, 134.88)
[M::mem_pestat] low and high boundaries for proper pairs: (1, 1231)
[M::mem_pestat] analyzing insert size distribution for orientation FR...
[M::mem_pestat] (25, 50, 75) percentile: (237, 316, 403)
[M::mem_pestat] low and high boundaries for computing mean and std.dev: (1, 735)
[M::mem_pestat] mean and std.dev: (322.08, 123.91)
[M::mem_pestat] low and high boundaries for proper pairs: (1, 901)
[M::mem_pestat] analyzing insert size distribution for orientation RF...
[M::mem_pestat] (25, 50, 75) percentile: (211, 550, 3010)
[M::mem_pestat] low and high boundaries for computing mean and std.dev: (1, 8608)
[M::mem_pestat] mean and std.dev: (1592.68, 2228.60)
[M::mem_pestat] low and high boundaries for proper pairs: (1, 11407)
[M::mem_pestat] analyzing insert size distribution for orientation RR...
[M::mem_pestat] (25, 50, 75) percentile: (243, 302, 482)
[M::mem_pestat] low and high boundaries for computing mean and std.dev: (1, 960)
[M::mem_pestat] mean and std.dev: (351.37, 201.32)
[M::mem_pestat] low and high boundaries for proper pairs: (1, 1199)
[M::mem_pestat] skip orientation FF
[M::mem_pestat] skip orientation RF
[M::mem_pestat] skip orientation RR
[M::process] read 1066668 sequences (160000200 bp)...
[M::mem_process_seqs] Processed 1066668 reads in 781.197 CPU sec, 52.252 real sec
[M::mem_pestat] # candidate unique pairs for (FF, FR, RF, RR): (37, 223127, 87, 36)
[M::mem_pestat] analyzing insert size distribution for orientation FF...
[M::mem_pestat] (25, 50, 75) percentile: (507, 1210, 3378)
[M::mem_pestat] low and high boundaries for computing mean and std.dev: (1, 9120)
[M::mem_pestat] mean and std.dev: (1613.14, 1407.94)
[M::mem_pestat] low and high boundaries for proper pairs: (1, 11991)
[M::mem_pestat] analyzing insert size distribution for orientation FR...
[M::mem_pestat] (25, 50, 75) percentile: (243, 328, 426)
[M::mem_pestat] low and high boundaries for computing mean and std.dev: (1, 792)
[M::mem_pestat] mean and std.dev: (335.54, 132.40)
[M::mem_pestat] low and high boundaries for proper pairs: (1, 975)
[M::mem_pestat] analyzing insert size distribution for orientation RF...
[M::mem_pestat] (25, 50, 75) percentile: (138, 1199, 2277)
[M::mem_pestat] low and high boundaries for computing mean and std.dev: (1, 6555)
[M::mem_pestat] mean and std.dev: (1245.95, 1338.97)
[M::mem_pestat] low and high boundaries for proper pairs: (1, 8694)
[M::mem_pestat] analyzing insert size distribution for orientation RR...
[M::mem_pestat] (25, 50, 75) percentile: (180, 400, 1307)
[M::mem_pestat] low and high boundaries for computing mean and std.dev: (1, 3561)
[M::mem_pestat] mean and std.dev: (485.84, 485.02)
[M::mem_pestat] low and high boundaries for proper pairs: (1, 4688)
[M::mem_pestat] skip orientation FF
[M::mem_pestat] skip orientation RF
[M::mem_pestat] skip orientation RR
[M::process] read 1066668 sequences (160000200 bp)...
[M::mem_process_seqs] Processed 1066668 reads in 779.545 CPU sec, 52.444 real sec
[M::mem_pestat] # candidate unique pairs for (FF, FR, RF, RR): (44, 222330, 102, 32)
[M::mem_pestat] analyzing insert size distribution for orientation FF...
[M::mem_pestat] (25, 50, 75) percentile: (246, 405, 1285)
[M::mem_pestat] low and high boundaries for computing mean and std.dev: (1, 3363)
[M::mem_pestat] mean and std.dev: (582.95, 611.35)
[M::mem_pestat] low and high boundaries for proper pairs: (1, 4402)
[M::mem_pestat] analyzing insert size distribution for orientation FR...
[M::mem_pestat] (25, 50, 75) percentile: (242, 325, 420)
[M::mem_pestat] low and high boundaries for computing mean and std.dev: (1, 776)
[M::mem_pestat] mean and std.dev: (332.35, 130.43)
[M::mem_pestat] low and high boundaries for proper pairs: (1, 954)
[M::mem_pestat] analyzing insert size distribution for orientation RF...
[M::mem_pestat] (25, 50, 75) percentile: (170, 1133, 5310)
[M::mem_pestat] low and high boundaries for computing mean and std.dev: (1, 15590)
[M::mem_pestat] mean and std.dev: (2587.18, 3060.48)
[M::mem_pestat] low and high boundaries for proper pairs: (1, 20730)
[M::mem_pestat] analyzing insert size distribution for orientation RR...
[M::mem_pestat] (25, 50, 75) percentile: (365, 491, 1585)
[M::mem_pestat] low and high boundaries for computing mean and std.dev: (1, 4025)
[M::mem_pestat] mean and std.dev: (809.34, 679.12)
[M::mem_pestat] low and high boundaries for proper pairs: (1, 5245)
[M::mem_pestat] skip orientation FF
[M::mem_pestat] skip orientation RF
[M::mem_pestat] skip orientation RR
[M::process] read 1066668 sequences (160000200 bp)...
[M::mem_process_seqs] Processed 1066668 reads in 773.719 CPU sec, 51.694 real sec
[M::mem_pestat] # candidate unique pairs for (FF, FR, RF, RR): (23, 223664, 68, 45)
[M::mem_pestat] analyzing insert size distribution for orientation FF...
[M::mem_pestat] (25, 50, 75) percentile: (194, 325, 1263)
[M::mem_pestat] low and high boundaries for computing mean and std.dev: (1, 3401)
[M::mem_pestat] mean and std.dev: (551.52, 713.57)
[M::mem_pestat] low and high boundaries for proper pairs: (1, 4470)
[M::mem_pestat] analyzing insert size distribution for orientation FR...
[M::mem_pestat] (25, 50, 75) percentile: (240, 321, 414)
[M::mem_pestat] low and high boundaries for computing mean and std.dev: (1, 762)
[M::mem_pestat] mean and std.dev: (328.35, 128.41)
[M::mem_pestat] low and high boundaries for proper pairs: (1, 936)
[M::mem_pestat] analyzing insert size distribution for orientation RF...
[M::mem_pestat] (25, 50, 75) percentile: (253, 934, 3826)
[M::mem_pestat] low and high boundaries for computing mean and std.dev: (1, 10972)
[M::mem_pestat] mean and std.dev: (2329.22, 2873.06)
[M::mem_pestat] low and high boundaries for proper pairs: (1, 14545)
[M::mem_pestat] analyzing insert size distribution for orientation RR...
[M::mem_pestat] (25, 50, 75) percentile: (320, 651, 1601)
[M::mem_pestat] low and high boundaries for computing mean and std.dev: (1, 4163)
[M::mem_pestat] mean and std.dev: (787.08, 653.36)
[M::mem_pestat] low and high boundaries for proper pairs: (1, 5444)
[M::mem_pestat] skip orientation FF
[M::mem_pestat] skip orientation RF
[M::mem_pestat] skip orientation RR
[M::process] read 1066668 sequences (160000200 bp)...
[M::mem_process_seqs] Processed 1066668 reads in 779.489 CPU sec, 51.675 real sec
[M::mem_pestat] # candidate unique pairs for (FF, FR, RF, RR): (42, 222718, 65, 22)
[M::mem_pestat] analyzing insert size distribution for orientation FF...
[M::mem_pestat] (25, 50, 75) percentile: (289, 587, 1701)
[M::mem_pestat] low and high boundaries for computing mean and std.dev: (1, 4525)
[M::mem_pestat] mean and std.dev: (1142.53, 1292.98)
[M::mem_pestat] low and high boundaries for proper pairs: (1, 6314)
[M::mem_pestat] analyzing insert size distribution for orientation FR...
[M::mem_pestat] (25, 50, 75) percentile: (239, 320, 412)
[M::mem_pestat] low and high boundaries for computing mean and std.dev: (1, 758)
[M::mem_pestat] mean and std.dev: (326.90, 127.31)
[M::mem_pestat] low and high boundaries for proper pairs: (1, 931)
[M::mem_pestat] analyzing insert size distribution for orientation RF...
[M::mem_pestat] (25, 50, 75) percentile: (243, 1797, 5524)
[M::mem_pestat] low and high boundaries for computing mean and std.dev: (1, 16086)
[M::mem_pestat] mean and std.dev: (2770.58, 2993.98)
[M::mem_pestat] low and high boundaries for proper pairs: (1, 21367)
[M::mem_pestat] analyzing insert size distribution for orientation RR...
[M::mem_pestat] (25, 50, 75) percentile: (278, 886, 1601)
[M::mem_pestat] low and high boundaries for computing mean and std.dev: (1, 4247)
[M::mem_pestat] mean and std.dev: (856.84, 705.35)
[M::mem_pestat] low and high boundaries for proper pairs: (1, 5570)
[M::mem_pestat] skip orientation FF
[M::mem_pestat] skip orientation RF
[M::mem_pestat] skip orientation RR
[M::process] read 1066668 sequences (160000200 bp)...
[M::mem_process_seqs] Processed 1066668 reads in 775.126 CPU sec, 51.976 real sec
[M::mem_pestat] # candidate unique pairs for (FF, FR, RF, RR): (35, 224604, 69, 38)
[M::mem_pestat] analyzing insert size distribution for orientation FF...
[M::mem_pestat] (25, 50, 75) percentile: (314, 432, 1304)
[M::mem_pestat] low and high boundaries for computing mean and std.dev: (1, 3284)
[M::mem_pestat] mean and std.dev: (669.28, 639.68)
[M::mem_pestat] low and high boundaries for proper pairs: (1, 4274)
[M::mem_pestat] analyzing insert size distribution for orientation FR...
[M::mem_pestat] (25, 50, 75) percentile: (242, 322, 412)
[M::mem_pestat] low and high boundaries for computing mean and std.dev: (1, 752)
[M::mem_pestat] mean and std.dev: (328.67, 126.18)
[M::mem_pestat] low and high boundaries for proper pairs: (1, 922)
[M::mem_pestat] analyzing insert size distribution for orientation RF...
[M::mem_pestat] (25, 50, 75) percentile: (166, 1988, 6217)
[M::mem_pestat] low and high boundaries for computing mean and std.dev: (1, 18319)
[M::mem_pestat] mean and std.dev: (3033.20, 3129.26)
[M::mem_pestat] low and high boundaries for proper pairs: (1, 24370)
[M::mem_pestat] analyzing insert size distribution for orientation RR...
[M::mem_pestat] (25, 50, 75) percentile: (260, 482, 1133)
[M::mem_pestat] low and high boundaries for computing mean and std.dev: (1, 2879)
[M::mem_pestat] mean and std.dev: (599.21, 512.72)
[M::mem_pestat] low and high boundaries for proper pairs: (1, 3752)
[M::mem_pestat] skip orientation FF
[M::mem_pestat] skip orientation RF
[M::mem_pestat] skip orientation RR
[M::process] read 1066668 sequences (160000200 bp)...
[M::mem_process_seqs] Processed 1066668 reads in 780.514 CPU sec, 51.828 real sec
[M::mem_pestat] # candidate unique pairs for (FF, FR, RF, RR): (29, 223896, 87, 44)
[M::mem_pestat] analyzing insert size distribution for orientation FF...
[M::mem_pestat] (25, 50, 75) percentile: (168, 410, 649)
[M::mem_pestat] low and high boundaries for computing mean and std.dev: (1, 1611)
[M::mem_pestat] mean and std.dev: (404.96, 305.74)
[M::mem_pestat] low and high boundaries for proper pairs: (1, 2092)
[M::mem_pestat] analyzing insert size distribution for orientation FR...
[M::mem_pestat] (25, 50, 75) percentile: (242, 321, 411)
[M::mem_pestat] low and high boundaries for computing mean and std.dev: (1, 749)
[M::mem_pestat] mean and std.dev: (327.70, 125.60)
[M::mem_pestat] low and high boundaries for proper pairs: (1, 918)
[M::mem_pestat] analyzing insert size distribution for orientation RF...
[M::mem_pestat] (25, 50, 75) percentile: (135, 824, 4877)
[M::mem_pestat] low and high boundaries for computing mean and std.dev: (1, 14361)
[M::mem_pestat] mean and std.dev: (2746.37, 3272.82)
[M::mem_pestat] low and high boundaries for proper pairs: (1, 19103)
[M::mem_pestat] analyzing insert size distribution for orientation RR...
[M::mem_pestat] (25, 50, 75) percentile: (452, 929, 1870)
[M::mem_pestat] low and high boundaries for computing mean and std.dev: (1, 4706)
[M::mem_pestat] mean and std.dev: (1030.08, 865.37)
[M::mem_pestat] low and high boundaries for proper pairs: (1, 6124)
[M::mem_pestat] skip orientation FF
[M::mem_pestat] skip orientation RF
[M::mem_pestat] skip orientation RR
[M::mem_process_seqs] Processed 1066668 reads in 781.414 CPU sec, 58.493 real sec
[M::process] read 1066668 sequences (160000200 bp)...
[M::mem_pestat] # candidate unique pairs for (FF, FR, RF, RR): (41, 224365, 67, 33)
[M::mem_pestat] analyzing insert size distribution for orientation FF...
[M::mem_pestat] (25, 50, 75) percentile: (193, 255, 1070)
[M::mem_pestat] low and high boundaries for computing mean and std.dev: (1, 2824)
[M::mem_pestat] mean and std.dev: (468.92, 440.53)
[M::mem_pestat] low and high boundaries for proper pairs: (1, 3701)
[M::mem_pestat] analyzing insert size distribution for orientation FR...
[M::mem_pestat] (25, 50, 75) percentile: (241, 319, 409)
[M::mem_pestat] low and high boundaries for computing mean and std.dev: (1, 745)
[M::mem_pestat] mean and std.dev: (326.47, 125.44)
[M::mem_pestat] low and high boundaries for proper pairs: (1, 913)
[M::mem_pestat] analyzing insert size distribution for orientation RF...
[M::mem_pestat] (25, 50, 75) percentile: (187, 647, 2616)
[M::mem_pestat] low and high boundaries for computing mean and std.dev: (1, 7474)
[M::mem_pestat] mean and std.dev: (1637.57, 2130.70)
[M::mem_pestat] low and high boundaries for proper pairs: (1, 10160)
[M::mem_pestat] analyzing insert size distribution for orientation RR...
[M::mem_pestat] (25, 50, 75) percentile: (268, 723, 1152)
[M::mem_pestat] low and high boundaries for computing mean and std.dev: (1, 2920)
[M::mem_pestat] mean and std.dev: (735.70, 609.52)
[M::mem_pestat] low and high boundaries for proper pairs: (1, 3804)
[M::mem_pestat] skip orientation FF
[M::mem_pestat] skip orientation RF
[M::mem_pestat] skip orientation RR
[M::process] read 1066668 sequences (160000200 bp)...
[M::mem_process_seqs] Processed 1066668 reads in 791.413 CPU sec, 52.059 real sec
[M::mem_pestat] # candidate unique pairs for (FF, FR, RF, RR): (22, 222273, 81, 33)
[M::mem_pestat] analyzing insert size distribution for orientation FF...
[M::mem_pestat] (25, 50, 75) percentile: (145, 297, 2005)
[M::mem_pestat] low and high boundaries for computing mean and std.dev: (1, 5725)
[M::mem_pestat] mean and std.dev: (582.00, 838.08)
[M::mem_pestat] low and high boundaries for proper pairs: (1, 7585)
[M::mem_pestat] analyzing insert size distribution for orientation FR...
[M::mem_pestat] (25, 50, 75) percentile: (235, 317, 412)
[M::mem_pestat] low and high boundaries for computing mean and std.dev: (1, 766)
[M::mem_pestat] mean and std.dev: (325.75, 130.12)
[M::mem_pestat] low and high boundaries for proper pairs: (1, 943)
[M::mem_pestat] analyzing insert size distribution for orientation RF...
[M::mem_pestat] (25, 50, 75) percentile: (359, 762, 2147)
[M::mem_pestat] low and high boundaries for computing mean and std.dev: (1, 5723)
[M::mem_pestat] mean and std.dev: (1134.16, 1362.95)
[M::mem_pestat] low and high boundaries for proper pairs: (1, 7511)
[M::mem_pestat] analyzing insert size distribution for orientation RR...
[M::mem_pestat] (25, 50, 75) percentile: (160, 290, 791)
[M::mem_pestat] low and high boundaries for computing mean and std.dev: (1, 2053)
[M::mem_pestat] mean and std.dev: (435.07, 415.34)
[M::mem_pestat] low and high boundaries for proper pairs: (1, 2684)
[M::mem_pestat] skip orientation FF
[M::mem_pestat] skip orientation RF
[M::mem_pestat] skip orientation RR
[M::process] read 1066668 sequences (160000200 bp)...
[M::mem_process_seqs] Processed 1066668 reads in 777.943 CPU sec, 51.317 real sec
[M::mem_pestat] # candidate unique pairs for (FF, FR, RF, RR): (42, 222740, 52, 33)
[M::mem_pestat] analyzing insert size distribution for orientation FF...
[M::mem_pestat] (25, 50, 75) percentile: (226, 476, 746)
[M::mem_pestat] low and high boundaries for computing mean and std.dev: (1, 1786)
[M::mem_pestat] mean and std.dev: (474.20, 267.11)
[M::mem_pestat] low and high boundaries for proper pairs: (1, 2306)
[M::mem_pestat] analyzing insert size distribution for orientation FR...
[M::mem_pestat] (25, 50, 75) percentile: (236, 319, 415)
[M::mem_pestat] low and high boundaries for computing mean and std.dev: (1, 773)
[M::mem_pestat] mean and std.dev: (327.57, 130.54)
[M::mem_pestat] low and high boundaries for proper pairs: (1, 952)
[M::mem_pestat] analyzing insert size distribution for orientation RF...
[M::mem_pestat] (25, 50, 75) percentile: (324, 1018, 6043)
[M::mem_pestat] low and high boundaries for computing mean and std.dev: (1, 17481)
[M::mem_pestat] mean and std.dev: (2588.12, 2926.99)
[M::mem_pestat] low and high boundaries for proper pairs: (1, 23200)
[M::mem_pestat] analyzing insert size distribution for orientation RR...
[M::mem_pestat] (25, 50, 75) percentile: (248, 326, 586)
[M::mem_pestat] low and high boundaries for computing mean and std.dev: (1, 1262)
[M::mem_pestat] mean and std.dev: (313.19, 163.95)
[M::mem_pestat] low and high boundaries for proper pairs: (1, 1600)
[M::mem_pestat] skip orientation FF
[M::mem_pestat] skip orientation RF
[M::mem_pestat] skip orientation RR
[M::process] read 1066668 sequences (160000200 bp)...
[M::mem_process_seqs] Processed 1066668 reads in 777.350 CPU sec, 51.545 real sec
[M::mem_pestat] # candidate unique pairs for (FF, FR, RF, RR): (20, 223199, 80, 38)
[M::mem_pestat] analyzing insert size distribution for orientation FF...
[M::mem_pestat] (25, 50, 75) percentile: (219, 296, 2516)
[M::mem_pestat] low and high boundaries for computing mean and std.dev: (1, 7110)
[M::mem_pestat] mean and std.dev: (1148.45, 1305.13)
[M::mem_pestat] low and high boundaries for proper pairs: (1, 9407)
[M::mem_pestat] analyzing insert size distribution for orientation FR...
[M::mem_pestat] (25, 50, 75) percentile: (239, 321, 417)
[M::mem_pestat] low and high boundaries for computing mean and std.dev: (1, 773)
[M::mem_pestat] mean and std.dev: (329.56, 130.54)
[M::mem_pestat] low and high boundaries for proper pairs: (1, 951)
[M::mem_pestat] analyzing insert size distribution for orientation RF...
[M::mem_pestat] (25, 50, 75) percentile: (278, 648, 4528)
[M::mem_pestat] low and high boundaries for computing mean and std.dev: (1, 13028)
[M::mem_pestat] mean and std.dev: (2289.54, 2990.16)
[M::mem_pestat] low and high boundaries for proper pairs: (1, 17278)
[M::mem_pestat] analyzing insert size distribution for orientation RR...
[M::mem_pestat] (25, 50, 75) percentile: (180, 379, 1069)
[M::mem_pestat] low and high boundaries for computing mean and std.dev: (1, 2847)
[M::mem_pestat] mean and std.dev: (547.73, 620.01)
[M::mem_pestat] low and high boundaries for proper pairs: (1, 3736)
[M::mem_pestat] skip orientation FF
[M::mem_pestat] skip orientation RF
[M::mem_pestat] skip orientation RR
[M::process] read 1066668 sequences (160000200 bp)...
[M::mem_process_seqs] Processed 1066668 reads in 776.539 CPU sec, 51.086 real sec
[M::mem_pestat] # candidate unique pairs for (FF, FR, RF, RR): (32, 223785, 73, 32)
[M::mem_pestat] analyzing insert size distribution for orientation FF...
[M::mem_pestat] (25, 50, 75) percentile: (149, 205, 451)
[M::mem_pestat] low and high boundaries for computing mean and std.dev: (1, 1055)
[M::mem_pestat] mean and std.dev: (251.29, 203.71)
[M::mem_pestat] low and high boundaries for proper pairs: (1, 1357)
[M::mem_pestat] analyzing insert size distribution for orientation FR...
[M::mem_pestat] (25, 50, 75) percentile: (239, 320, 415)
[M::mem_pestat] low and high boundaries for computing mean and std.dev: (1, 767)
[M::mem_pestat] mean and std.dev: (328.43, 129.14)
[M::mem_pestat] low and high boundaries for proper pairs: (1, 943)
[M::mem_pestat] analyzing insert size distribution for orientation RF...
[M::mem_pestat] (25, 50, 75) percentile: (233, 1587, 4173)
[M::mem_pestat] low and high boundaries for computing mean and std.dev: (1, 12053)
[M::mem_pestat] mean and std.dev: (2454.52, 2653.25)
[M::mem_pestat] low and high boundaries for proper pairs: (1, 15993)
[M::mem_pestat] analyzing insert size distribution for orientation RR...
[M::mem_pestat] (25, 50, 75) percentile: (215, 538, 2225)
[M::mem_pestat] low and high boundaries for computing mean and std.dev: (1, 6245)
[M::mem_pestat] mean and std.dev: (1334.84, 1521.93)
[M::mem_pestat] low and high boundaries for proper pairs: (1, 8255)
[M::mem_pestat] skip orientation FF
[M::mem_pestat] skip orientation RF
[M::mem_pestat] skip orientation RR
[M::process] read 1066668 sequences (160000200 bp)...
[M::mem_process_seqs] Processed 1066668 reads in 780.626 CPU sec, 51.420 real sec
[M::mem_pestat] # candidate unique pairs for (FF, FR, RF, RR): (35, 223548, 65, 47)
[M::mem_pestat] analyzing insert size distribution for orientation FF...
[M::mem_pestat] (25, 50, 75) percentile: (223, 324, 563)
[M::mem_pestat] low and high boundaries for computing mean and std.dev: (1, 1243)
[M::mem_pestat] mean and std.dev: (344.93, 215.66)
[M::mem_pestat] low and high boundaries for proper pairs: (1, 1583)
[M::mem_pestat] analyzing insert size distribution for orientation FR...
[M::mem_pestat] (25, 50, 75) percentile: (242, 325, 419)
[M::mem_pestat] low and high boundaries for computing mean and std.dev: (1, 773)
[M::mem_pestat] mean and std.dev: (332.39, 130.14)
[M::mem_pestat] low and high boundaries for proper pairs: (1, 950)
[M::mem_pestat] analyzing insert size distribution for orientation RF...
[M::mem_pestat] (25, 50, 75) percentile: (164, 3040, 6804)
[M::mem_pestat] low and high boundaries for computing mean and std.dev: (1, 20084)
[M::mem_pestat] mean and std.dev: (3617.88, 3522.03)
[M::mem_pestat] low and high boundaries for proper pairs: (1, 26724)
[M::mem_pestat] analyzing insert size distribution for orientation RR...
[M::mem_pestat] (25, 50, 75) percentile: (252, 402, 775)
[M::mem_pestat] low and high boundaries for computing mean and std.dev: (1, 1821)
[M::mem_pestat] mean and std.dev: (509.71, 488.35)
[M::mem_pestat] low and high boundaries for proper pairs: (1, 2463)
[M::mem_pestat] skip orientation FF
[M::mem_pestat] skip orientation RF
[M::mem_pestat] skip orientation RR
[M::process] read 1066668 sequences (160000200 bp)...
[M::mem_process_seqs] Processed 1066668 reads in 777.841 CPU sec, 51.821 real sec
[M::mem_pestat] # candidate unique pairs for (FF, FR, RF, RR): (37, 223868, 76, 37)
[M::mem_pestat] analyzing insert size distribution for orientation FF...
[M::mem_pestat] (25, 50, 75) percentile: (298, 640, 4521)
[M::mem_pestat] low and high boundaries for computing mean and std.dev: (1, 12967)
[M::mem_pestat] mean and std.dev: (2028.57, 2677.24)
[M::mem_pestat] low and high boundaries for proper pairs: (1, 17190)
[M::mem_pestat] analyzing insert size distribution for orientation FR...
[M::mem_pestat] (25, 50, 75) percentile: (241, 320, 413)
[M::mem_pestat] low and high boundaries for computing mean and std.dev: (1, 757)
[M::mem_pestat] mean and std.dev: (328.53, 127.92)
[M::mem_pestat] low and high boundaries for proper pairs: (1, 929)
[M::mem_pestat] analyzing insert size distribution for orientation RF...
[M::mem_pestat] (25, 50, 75) percentile: (415, 976, 3280)
[M::mem_pestat] low and high boundaries for computing mean and std.dev: (1, 9010)
[M::mem_pestat] mean and std.dev: (1930.66, 2298.72)
[M::mem_pestat] low and high boundaries for proper pairs: (1, 11875)
[M::mem_pestat] analyzing insert size distribution for orientation RR...
[M::mem_pestat] (25, 50, 75) percentile: (297, 423, 652)
[M::mem_pestat] low and high boundaries for computing mean and std.dev: (1, 1362)
[M::mem_pestat] mean and std.dev: (371.48, 146.46)
[M::mem_pestat] low and high boundaries for proper pairs: (1, 1717)
[M::mem_pestat] skip orientation FF
[M::mem_pestat] skip orientation RF
[M::mem_pestat] skip orientation RR
[M::process] read 1066668 sequences (160000200 bp)...
[M::mem_process_seqs] Processed 1066668 reads in 778.850 CPU sec, 51.509 real sec
[M::mem_pestat] # candidate unique pairs for (FF, FR, RF, RR): (29, 224055, 56, 35)
[M::mem_pestat] analyzing insert size distribution for orientation FF...
[M::mem_pestat] (25, 50, 75) percentile: (120, 282, 1051)
[M::mem_pestat] low and high boundaries for computing mean and std.dev: (1, 2913)
[M::mem_pestat] mean and std.dev: (512.74, 594.43)
[M::mem_pestat] low and high boundaries for proper pairs: (1, 3844)
[M::mem_pestat] analyzing insert size distribution for orientation FR...
[M::mem_pestat] (25, 50, 75) percentile: (240, 320, 413)
[M::mem_pestat] low and high boundaries for computing mean and std.dev: (1, 759)
[M::mem_pestat] mean and std.dev: (328.61, 128.47)
[M::mem_pestat] low and high boundaries for proper pairs: (1, 932)
[M::mem_pestat] analyzing insert size distribution for orientation RF...
[M::mem_pestat] (25, 50, 75) percentile: (226, 829, 5092)
[M::mem_pestat] low and high boundaries for computing mean and std.dev: (1, 14824)
[M::mem_pestat] mean and std.dev: (2321.32, 2815.24)
[M::mem_pestat] low and high boundaries for proper pairs: (1, 19690)
[M::mem_pestat] analyzing insert size distribution for orientation RR...
[M::mem_pestat] (25, 50, 75) percentile: (237, 265, 617)
[M::mem_pestat] low and high boundaries for computing mean and std.dev: (1, 1377)
[M::mem_pestat] mean and std.dev: (423.06, 336.22)
[M::mem_pestat] low and high boundaries for proper pairs: (1, 1768)
[M::mem_pestat] skip orientation FF
[M::mem_pestat] skip orientation RF
[M::mem_pestat] skip orientation RR
[M::process] read 1066668 sequences (160000200 bp)...
[M::mem_process_seqs] Processed 1066668 reads in 779.307 CPU sec, 51.463 real sec
[M::mem_pestat] # candidate unique pairs for (FF, FR, RF, RR): (17, 222582, 67, 30)
[M::mem_pestat] analyzing insert size distribution for orientation FF...
[M::mem_pestat] (25, 50, 75) percentile: (203, 271, 1609)
[M::mem_pestat] low and high boundaries for computing mean and std.dev: (1, 4421)
[M::mem_pestat] mean and std.dev: (541.40, 588.69)
[M::mem_pestat] low and high boundaries for proper pairs: (1, 5827)
[M::mem_pestat] analyzing insert size distribution for orientation FR...
[M::mem_pestat] (25, 50, 75) percentile: (231, 313, 406)
[M::mem_pestat] low and high boundaries for computing mean and std.dev: (1, 756)
[M::mem_pestat] mean and std.dev: (321.73, 129.33)
[M::mem_pestat] low and high boundaries for proper pairs: (1, 931)
[M::mem_pestat] analyzing insert size distribution for orientation RF...
[M::mem_pestat] (25, 50, 75) percentile: (175, 1464, 6986)
[M::mem_pestat] low and high boundaries for computing mean and std.dev: (1, 20608)
[M::mem_pestat] mean and std.dev: (3391.99, 3553.71)
[M::mem_pestat] low and high boundaries for proper pairs: (1, 27419)
[M::mem_pestat] analyzing insert size distribution for orientation RR...
[M::mem_pestat] (25, 50, 75) percentile: (233, 552, 1366)
[M::mem_pestat] low and high boundaries for computing mean and std.dev: (1, 3632)
[M::mem_pestat] mean and std.dev: (603.04, 603.90)
[M::mem_pestat] low and high boundaries for proper pairs: (1, 4765)
[M::mem_pestat] skip orientation FF
[M::mem_pestat] skip orientation RF
[M::mem_pestat] skip orientation RR
[M::process] read 1066668 sequences (160000200 bp)...
[M::mem_process_seqs] Processed 1066668 reads in 776.945 CPU sec, 51.368 real sec
[M::mem_pestat] # candidate unique pairs for (FF, FR, RF, RR): (39, 222317, 83, 24)
[M::mem_pestat] analyzing insert size distribution for orientation FF...
[M::mem_pestat] (25, 50, 75) percentile: (246, 573, 1078)
[M::mem_pestat] low and high boundaries for computing mean and std.dev: (1, 2742)
[M::mem_pestat] mean and std.dev: (568.76, 468.94)
[M::mem_pestat] low and high boundaries for proper pairs: (1, 3574)
[M::mem_pestat] analyzing insert size distribution for orientation FR...
[M::mem_pestat] (25, 50, 75) percentile: (234, 317, 413)
[M::mem_pestat] low and high boundaries for computing mean and std.dev: (1, 771)
[M::mem_pestat] mean and std.dev: (325.72, 130.78)
[M::mem_pestat] low and high boundaries for proper pairs: (1, 950)
[M::mem_pestat] analyzing insert size distribution for orientation RF...
[M::mem_pestat] (25, 50, 75) percentile: (374, 1285, 3027)
[M::mem_pestat] low and high boundaries for computing mean and std.dev: (1, 8333)
[M::mem_pestat] mean and std.dev: (1785.22, 1899.57)
[M::mem_pestat] low and high boundaries for proper pairs: (1, 10986)
[M::mem_pestat] analyzing insert size distribution for orientation RR...
[M::mem_pestat] (25, 50, 75) percentile: (235, 346, 1294)
[M::mem_pestat] low and high boundaries for computing mean and std.dev: (1, 3412)
[M::mem_pestat] mean and std.dev: (668.17, 569.26)
[M::mem_pestat] low and high boundaries for proper pairs: (1, 4471)
[M::mem_pestat] skip orientation FF
[M::mem_pestat] skip orientation RF
[M::mem_pestat] skip orientation RR
[M::process] read 1066668 sequences (160000200 bp)...
[M::mem_process_seqs] Processed 1066668 reads in 779.576 CPU sec, 51.814 real sec
[M::mem_pestat] # candidate unique pairs for (FF, FR, RF, RR): (20, 221518, 45, 44)
[M::mem_pestat] analyzing insert size distribution for orientation FF...
[M::mem_pestat] (25, 50, 75) percentile: (229, 538, 811)
[M::mem_pestat] low and high boundaries for computing mean and std.dev: (1, 1975)
[M::mem_pestat] mean and std.dev: (461.89, 384.78)
[M::mem_pestat] low and high boundaries for proper pairs: (1, 2557)
[M::mem_pestat] analyzing insert size distribution for orientation FR...
[M::mem_pestat] (25, 50, 75) percentile: (232, 314, 407)
[M::mem_pestat] low and high boundaries for computing mean and std.dev: (1, 757)
[M::mem_pestat] mean and std.dev: (321.55, 128.36)
[M::mem_pestat] low and high boundaries for proper pairs: (1, 932)
[M::mem_pestat] analyzing insert size distribution for orientation RF...
[M::mem_pestat] (25, 50, 75) percentile: (47, 274, 995)
[M::mem_pestat] low and high boundaries for computing mean and std.dev: (1, 2891)
[M::mem_pestat] mean and std.dev: (435.65, 580.70)
[M::mem_pestat] low and high boundaries for proper pairs: (1, 3839)
[M::mem_pestat] analyzing insert size distribution for orientation RR...
[M::mem_pestat] (25, 50, 75) percentile: (188, 357, 819)
[M::mem_pestat] low and high boundaries for computing mean and std.dev: (1, 2081)
[M::mem_pestat] mean and std.dev: (390.28, 335.67)
[M::mem_pestat] low and high boundaries for proper pairs: (1, 2712)
[M::mem_pestat] skip orientation FF
[M::mem_pestat] skip orientation RF
[M::mem_pestat] skip orientation RR
[M::process] read 1066668 sequences (160000200 bp)...
[M::mem_process_seqs] Processed 1066668 reads in 784.641 CPU sec, 51.679 real sec
[M::mem_pestat] # candidate unique pairs for (FF, FR, RF, RR): (34, 223775, 70, 32)
[M::mem_pestat] analyzing insert size distribution for orientation FF...
[M::mem_pestat] (25, 50, 75) percentile: (247, 452, 846)
[M::mem_pestat] low and high boundaries for computing mean and std.dev: (1, 2044)
[M::mem_pestat] mean and std.dev: (566.57, 501.71)
[M::mem_pestat] low and high boundaries for proper pairs: (1, 2643)
[M::mem_pestat] analyzing insert size distribution for orientation FR...
[M::mem_pestat] (25, 50, 75) percentile: (236, 317, 411)
[M::mem_pestat] low and high boundaries for computing mean and std.dev: (1, 761)
[M::mem_pestat] mean and std.dev: (325.09, 128.56)
[M::mem_pestat] low and high boundaries for proper pairs: (1, 936)
[M::mem_pestat] analyzing insert size distribution for orientation RF...
[M::mem_pestat] (25, 50, 75) percentile: (345, 1801, 4944)
[M::mem_pestat] low and high boundaries for computing mean and std.dev: (1, 14142)
[M::mem_pestat] mean and std.dev: (2789.83, 3051.13)
[M::mem_pestat] low and high boundaries for proper pairs: (1, 18741)
[M::mem_pestat] analyzing insert size distribution for orientation RR...
[M::mem_pestat] (25, 50, 75) percentile: (180, 275, 936)
[M::mem_pestat] low and high boundaries for computing mean and std.dev: (1, 2448)
[M::mem_pestat] mean and std.dev: (494.23, 529.55)
[M::mem_pestat] low and high boundaries for proper pairs: (1, 3204)
[M::mem_pestat] skip orientation FF
[M::mem_pestat] skip orientation RF
[M::mem_pestat] skip orientation RR
[M::process] read 1066668 sequences (160000200 bp)...
[M::mem_process_seqs] Processed 1066668 reads in 781.591 CPU sec, 52.385 real sec
[M::mem_pestat] # candidate unique pairs for (FF, FR, RF, RR): (36, 224232, 107, 36)
[M::mem_pestat] analyzing insert size distribution for orientation FF...
[M::mem_pestat] (25, 50, 75) percentile: (278, 601, 1635)
[M::mem_pestat] low and high boundaries for computing mean and std.dev: (1, 4349)
[M::mem_pestat] mean and std.dev: (1029.65, 1251.52)
[M::mem_pestat] low and high boundaries for proper pairs: (1, 6036)
[M::mem_pestat] analyzing insert size distribution for orientation FR...
[M::mem_pestat] (25, 50, 75) percentile: (242, 324, 419)
[M::mem_pestat] low and high boundaries for computing mean and std.dev: (1, 773)
[M::mem_pestat] mean and std.dev: (331.95, 130.55)
[M::mem_pestat] low and high boundaries for proper pairs: (1, 950)
[M::mem_pestat] analyzing insert size distribution for orientation RF...
[M::mem_pestat] (25, 50, 75) percentile: (131, 847, 3412)
[M::mem_pestat] low and high boundaries for computing mean and std.dev: (1, 9974)
[M::mem_pestat] mean and std.dev: (1938.94, 2409.22)
[M::mem_pestat] low and high boundaries for proper pairs: (1, 13255)
[M::mem_pestat] analyzing insert size distribution for orientation RR...
[M::mem_pestat] (25, 50, 75) percentile: (234, 388, 1014)
[M::mem_pestat] low and high boundaries for computing mean and std.dev: (1, 2574)
[M::mem_pestat] mean and std.dev: (537.31, 477.91)
[M::mem_pestat] low and high boundaries for proper pairs: (1, 3354)
[M::mem_pestat] skip orientation FF
[M::mem_pestat] skip orientation RF
[M::mem_pestat] skip orientation RR
[M::process] read 1066668 sequences (160000200 bp)...
[M::mem_process_seqs] Processed 1066668 reads in 783.637 CPU sec, 51.708 real sec
[M::mem_pestat] # candidate unique pairs for (FF, FR, RF, RR): (53, 224065, 104, 38)
[M::mem_pestat] analyzing insert size distribution for orientation FF...
[M::mem_pestat] (25, 50, 75) percentile: (144, 519, 2518)
[M::mem_pestat] low and high boundaries for computing mean and std.dev: (1, 7266)
[M::mem_pestat] mean and std.dev: (1361.94, 1800.50)
[M::mem_pestat] low and high boundaries for proper pairs: (1, 9640)
[M::mem_pestat] analyzing insert size distribution for orientation FR...
[M::mem_pestat] (25, 50, 75) percentile: (241, 320, 412)
[M::mem_pestat] low and high boundaries for computing mean and std.dev: (1, 754)
[M::mem_pestat] mean and std.dev: (328.32, 127.55)
[M::mem_pestat] low and high boundaries for proper pairs: (1, 925)
[M::mem_pestat] analyzing insert size distribution for orientation RF...
[M::mem_pestat] (25, 50, 75) percentile: (290, 1076, 4155)
[M::mem_pestat] low and high boundaries for computing mean and std.dev: (1, 11885)
[M::mem_pestat] mean and std.dev: (2458.50, 2972.32)
[M::mem_pestat] low and high boundaries for proper pairs: (1, 15750)
[M::mem_pestat] analyzing insert size distribution for orientation RR...
[M::mem_pestat] (25, 50, 75) percentile: (332, 998, 2183)
[M::mem_pestat] low and high boundaries for computing mean and std.dev: (1, 5885)
[M::mem_pestat] mean and std.dev: (1074.03, 1294.78)
[M::mem_pestat] low and high boundaries for proper pairs: (1, 7736)
[M::mem_pestat] skip orientation FF
[M::mem_pestat] skip orientation RF
[M::mem_pestat] skip orientation RR
[M::process] read 1066668 sequences (160000200 bp)...
[M::mem_process_seqs] Processed 1066668 reads in 789.766 CPU sec, 52.302 real sec
[M::mem_pestat] # candidate unique pairs for (FF, FR, RF, RR): (27, 224151, 64, 44)
[M::mem_pestat] analyzing insert size distribution for orientation FF...
[M::mem_pestat] (25, 50, 75) percentile: (214, 259, 806)
[M::mem_pestat] low and high boundaries for computing mean and std.dev: (1, 1990)
[M::mem_pestat] mean and std.dev: (310.29, 231.37)
[M::mem_pestat] low and high boundaries for proper pairs: (1, 2582)
[M::mem_pestat] analyzing insert size distribution for orientation FR...
[M::mem_pestat] (25, 50, 75) percentile: (240, 320, 412)
[M::mem_pestat] low and high boundaries for computing mean and std.dev: (1, 756)
[M::mem_pestat] mean and std.dev: (327.56, 127.97)
[M::mem_pestat] low and high boundaries for proper pairs: (1, 928)
[M::mem_pestat] analyzing insert size distribution for orientation RF...
[M::mem_pestat] (25, 50, 75) percentile: (423, 1963, 6844)
[M::mem_pestat] low and high boundaries for computing mean and std.dev: (1, 19686)
[M::mem_pestat] mean and std.dev: (3310.52, 3285.45)
[M::mem_pestat] low and high boundaries for proper pairs: (1, 26107)
[M::mem_pestat] analyzing insert size distribution for orientation RR...
[M::mem_pestat] (25, 50, 75) percentile: (276, 467, 876)
[M::mem_pestat] low and high boundaries for computing mean and std.dev: (1, 2076)
[M::mem_pestat] mean and std.dev: (537.70, 466.16)
[M::mem_pestat] low and high boundaries for proper pairs: (1, 2676)
[M::mem_pestat] skip orientation FF
[M::mem_pestat] skip orientation RF
[M::mem_pestat] skip orientation RR
[M::process] read 1066668 sequences (160000200 bp)...
[M::mem_process_seqs] Processed 1066668 reads in 797.329 CPU sec, 53.312 real sec
[M::mem_pestat] # candidate unique pairs for (FF, FR, RF, RR): (41, 222198, 52, 44)
[M::mem_pestat] analyzing insert size distribution for orientation FF...
[M::mem_pestat] (25, 50, 75) percentile: (252, 439, 2111)
[M::mem_pestat] low and high boundaries for computing mean and std.dev: (1, 5829)
[M::mem_pestat] mean and std.dev: (1275.67, 1607.85)
[M::mem_pestat] low and high boundaries for proper pairs: (1, 7707)
[M::mem_pestat] analyzing insert size distribution for orientation FR...
[M::mem_pestat] (25, 50, 75) percentile: (235, 318, 414)
[M::mem_pestat] low and high boundaries for computing mean and std.dev: (1, 772)
[M::mem_pestat] mean and std.dev: (326.23, 130.73)
[M::mem_pestat] low and high boundaries for proper pairs: (1, 951)
[M::mem_pestat] analyzing insert size distribution for orientation RF...
[M::mem_pestat] (25, 50, 75) percentile: (145, 1830, 7177)
[M::mem_pestat] low and high boundaries for computing mean and std.dev: (1, 21241)
[M::mem_pestat] mean and std.dev: (3152.81, 3423.91)
[M::mem_pestat] low and high boundaries for proper pairs: (1, 28273)
[M::mem_pestat] analyzing insert size distribution for orientation RR...
[M::mem_pestat] (25, 50, 75) percentile: (239, 808, 2355)
[M::mem_pestat] low and high boundaries for computing mean and std.dev: (1, 6587)
[M::mem_pestat] mean and std.dev: (1496.05, 1544.09)
[M::mem_pestat] low and high boundaries for proper pairs: (1, 8703)
[M::mem_pestat] skip orientation FF
[M::mem_pestat] skip orientation RF
[M::mem_pestat] skip orientation RR
[M::process] read 1066668 sequences (160000200 bp)...
[M::mem_process_seqs] Processed 1066668 reads in 783.643 CPU sec, 51.647 real sec
[M::mem_pestat] # candidate unique pairs for (FF, FR, RF, RR): (49, 220854, 60, 20)
[M::mem_pestat] analyzing insert size distribution for orientation FF...
[M::mem_pestat] (25, 50, 75) percentile: (180, 334, 1428)
[M::mem_pestat] low and high boundaries for computing mean and std.dev: (1, 3924)
[M::mem_pestat] mean and std.dev: (624.41, 643.20)
[M::mem_pestat] low and high boundaries for proper pairs: (1, 5172)
[M::mem_pestat] analyzing insert size distribution for orientation FR...
[M::mem_pestat] (25, 50, 75) percentile: (235, 318, 412)
[M::mem_pestat] low and high boundaries for computing mean and std.dev: (1, 766)
[M::mem_pestat] mean and std.dev: (325.72, 129.82)
[M::mem_pestat] low and high boundaries for proper pairs: (1, 943)
[M::mem_pestat] analyzing insert size distribution for orientation RF...
[M::mem_pestat] (25, 50, 75) percentile: (322, 1424, 6505)
[M::mem_pestat] low and high boundaries for computing mean and std.dev: (1, 18871)
[M::mem_pestat] mean and std.dev: (2930.22, 3158.84)
[M::mem_pestat] low and high boundaries for proper pairs: (1, 25054)
[M::mem_pestat] analyzing insert size distribution for orientation RR...
[M::mem_pestat] (25, 50, 75) percentile: (172, 205, 641)
[M::mem_pestat] low and high boundaries for computing mean and std.dev: (1, 1579)
[M::mem_pestat] mean and std.dev: (342.00, 366.64)
[M::mem_pestat] low and high boundaries for proper pairs: (1, 2048)
[M::mem_pestat] skip orientation FF
[M::mem_pestat] skip orientation RF
[M::mem_pestat] skip orientation RR
[M::mem_process_seqs] Processed 1066668 reads in 785.195 CPU sec, 53.641 real sec
[M::process] read 1066668 sequences (160000200 bp)...
[M::process] read 1066668 sequences (160000200 bp)...
[M::mem_pestat] # candidate unique pairs for (FF, FR, RF, RR): (40, 222393, 53, 52)
[M::mem_pestat] analyzing insert size distribution for orientation FF...
[M::mem_pestat] (25, 50, 75) percentile: (210, 528, 1758)
[M::mem_pestat] low and high boundaries for computing mean and std.dev: (1, 4854)
[M::mem_pestat] mean and std.dev: (899.38, 1009.73)
[M::mem_pestat] low and high boundaries for proper pairs: (1, 6402)
[M::mem_pestat] analyzing insert size distribution for orientation FR...
[M::mem_pestat] (25, 50, 75) percentile: (236, 319, 413)
[M::mem_pestat] low and high boundaries for computing mean and std.dev: (1, 767)
[M::mem_pestat] mean and std.dev: (326.77, 129.94)
[M::mem_pestat] low and high boundaries for proper pairs: (1, 944)
[M::mem_pestat] analyzing insert size distribution for orientation RF...
[M::mem_pestat] (25, 50, 75) percentile: (109, 512, 3470)
[M::mem_pestat] low and high boundaries for computing mean and std.dev: (1, 10192)
[M::mem_pestat] mean and std.dev: (2236.30, 3005.55)
[M::mem_pestat] low and high boundaries for proper pairs: (1, 14259)
[M::mem_pestat] analyzing insert size distribution for orientation RR...
[M::mem_pestat] (25, 50, 75) percentile: (239, 359, 657)
[M::mem_pestat] low and high boundaries for computing mean and std.dev: (1, 1493)
[M::mem_pestat] mean and std.dev: (434.84, 298.20)
[M::mem_pestat] low and high boundaries for proper pairs: (1, 1911)
[M::mem_pestat] skip orientation FF
[M::mem_pestat] skip orientation RF
[M::mem_pestat] skip orientation RR
[M::mem_process_seqs] Processed 1066668 reads in 775.146 CPU sec, 51.556 real sec
[M::mem_pestat] # candidate unique pairs for (FF, FR, RF, RR): (40, 223684, 48, 29)
[M::mem_pestat] analyzing insert size distribution for orientation FF...
[M::mem_pestat] (25, 50, 75) percentile: (215, 714, 3609)
[M::mem_pestat] low and high boundaries for computing mean and std.dev: (1, 10397)
[M::mem_pestat] mean and std.dev: (1962.33, 2354.89)
[M::mem_pestat] low and high boundaries for proper pairs: (1, 13791)
[M::mem_pestat] analyzing insert size distribution for orientation FR...
[M::mem_pestat] (25, 50, 75) percentile: (237, 317, 409)
[M::mem_pestat] low and high boundaries for computing mean and std.dev: (1, 753)
[M::mem_pestat] mean and std.dev: (325.06, 127.70)
[M::mem_pestat] low and high boundaries for proper pairs: (1, 925)
[M::mem_pestat] analyzing insert size distribution for orientation RF...
[M::mem_pestat] (25, 50, 75) percentile: (228, 1484, 5661)
[M::mem_pestat] low and high boundaries for computing mean and std.dev: (1, 16527)
[M::mem_pestat] mean and std.dev: (2970.54, 3313.47)
[M::mem_pestat] low and high boundaries for proper pairs: (1, 21960)
[M::mem_pestat] analyzing insert size distribution for orientation RR...
[M::mem_pestat] (25, 50, 75) percentile: (233, 614, 1597)
[M::mem_pestat] low and high boundaries for computing mean and std.dev: (1, 4325)
[M::mem_pestat] mean and std.dev: (748.52, 747.57)
[M::mem_pestat] low and high boundaries for proper pairs: (1, 5689)
[M::mem_pestat] skip orientation FF
[M::mem_pestat] skip orientation RF
[M::mem_pestat] skip orientation RR
[M::process] read 1066668 sequences (160000200 bp)...
[M::mem_process_seqs] Processed 1066668 reads in 785.171 CPU sec, 51.500 real sec
[M::mem_pestat] # candidate unique pairs for (FF, FR, RF, RR): (42, 223872, 72, 34)
[M::mem_pestat] analyzing insert size distribution for orientation FF...
[M::mem_pestat] (25, 50, 75) percentile: (184, 347, 637)
[M::mem_pestat] low and high boundaries for computing mean and std.dev: (1, 1543)
[M::mem_pestat] mean and std.dev: (307.58, 179.31)
[M::mem_pestat] low and high boundaries for proper pairs: (1, 1996)
[M::mem_pestat] analyzing insert size distribution for orientation FR...
[M::mem_pestat] (25, 50, 75) percentile: (240, 319, 412)
[M::mem_pestat] low and high boundaries for computing mean and std.dev: (1, 756)
[M::mem_pestat] mean and std.dev: (327.59, 127.60)
[M::mem_pestat] low and high boundaries for proper pairs: (1, 928)
[M::mem_pestat] analyzing insert size distribution for orientation RF...
[M::mem_pestat] (25, 50, 75) percentile: (163, 677, 3482)
[M::mem_pestat] low and high boundaries for computing mean and std.dev: (1, 10120)
[M::mem_pestat] mean and std.dev: (2139.97, 2864.42)
[M::mem_pestat] low and high boundaries for proper pairs: (1, 13598)
[M::mem_pestat] analyzing insert size distribution for orientation RR...
[M::mem_pestat] (25, 50, 75) percentile: (359, 529, 1343)
[M::mem_pestat] low and high boundaries for computing mean and std.dev: (1, 3311)
[M::mem_pestat] mean and std.dev: (678.10, 541.69)
[M::mem_pestat] low and high boundaries for proper pairs: (1, 4295)
[M::mem_pestat] skip orientation FF
[M::mem_pestat] skip orientation RF
[M::mem_pestat] skip orientation RR
[M::process] read 1066668 sequences (160000200 bp)...
[M::mem_process_seqs] Processed 1066668 reads in 783.210 CPU sec, 52.497 real sec
[M::mem_pestat] # candidate unique pairs for (FF, FR, RF, RR): (37, 222433, 73, 32)
[M::mem_pestat] analyzing insert size distribution for orientation FF...
[M::mem_pestat] (25, 50, 75) percentile: (191, 350, 815)
[M::mem_pestat] low and high boundaries for computing mean and std.dev: (1, 2063)
[M::mem_pestat] mean and std.dev: (418.15, 341.81)
[M::mem_pestat] low and high boundaries for proper pairs: (1, 2687)
[M::mem_pestat] analyzing insert size distribution for orientation FR...
[M::mem_pestat] (25, 50, 75) percentile: (238, 317, 407)
[M::mem_pestat] low and high boundaries for computing mean and std.dev: (1, 745)
[M::mem_pestat] mean and std.dev: (324.37, 125.66)
[M::mem_pestat] low and high boundaries for proper pairs: (1, 914)
[M::mem_pestat] analyzing insert size distribution for orientation RF...
[M::mem_pestat] (25, 50, 75) percentile: (308, 1352, 4639)
[M::mem_pestat] low and high boundaries for computing mean and std.dev: (1, 13301)
[M::mem_pestat] mean and std.dev: (2723.18, 2972.33)
[M::mem_pestat] low and high boundaries for proper pairs: (1, 17632)
[M::mem_pestat] analyzing insert size distribution for orientation RR...
[M::mem_pestat] (25, 50, 75) percentile: (241, 324, 559)
[M::mem_pestat] low and high boundaries for computing mean and std.dev: (1, 1195)
[M::mem_pestat] mean and std.dev: (360.03, 201.28)
[M::mem_pestat] low and high boundaries for proper pairs: (1, 1513)
[M::mem_pestat] skip orientation FF
[M::mem_pestat] skip orientation RF
[M::mem_pestat] skip orientation RR
[M::process] read 1066668 sequences (160000200 bp)...
[M::mem_process_seqs] Processed 1066668 reads in 788.918 CPU sec, 52.088 real sec
[M::mem_pestat] # candidate unique pairs for (FF, FR, RF, RR): (22, 223952, 61, 43)
[M::mem_pestat] analyzing insert size distribution for orientation FF...
[M::mem_pestat] (25, 50, 75) percentile: (118, 355, 914)
[M::mem_pestat] low and high boundaries for computing mean and std.dev: (1, 2506)
[M::mem_pestat] mean and std.dev: (451.26, 513.77)
[M::mem_pestat] low and high boundaries for proper pairs: (1, 3302)
[M::mem_pestat] analyzing insert size distribution for orientation FR...
[M::mem_pestat] (25, 50, 75) percentile: (242, 320, 410)
[M::mem_pestat] low and high boundaries for computing mean and std.dev: (1, 746)
[M::mem_pestat] mean and std.dev: (327.15, 125.71)
[M::mem_pestat] low and high boundaries for proper pairs: (1, 914)
[M::mem_pestat] analyzing insert size distribution for orientation RF...
[M::mem_pestat] (25, 50, 75) percentile: (184, 967, 3741)
[M::mem_pestat] low and high boundaries for computing mean and std.dev: (1, 10855)
[M::mem_pestat] mean and std.dev: (2335.07, 2970.66)
[M::mem_pestat] low and high boundaries for proper pairs: (1, 14412)
[M::mem_pestat] analyzing insert size distribution for orientation RR...
[M::mem_pestat] (25, 50, 75) percentile: (249, 355, 1162)
[M::mem_pestat] low and high boundaries for computing mean and std.dev: (1, 2988)
[M::mem_pestat] mean and std.dev: (517.36, 480.28)
[M::mem_pestat] low and high boundaries for proper pairs: (1, 3901)
[M::mem_pestat] skip orientation FF
[M::mem_pestat] skip orientation RF
[M::mem_pestat] skip orientation RR
[M::process] read 2056 sequences (308400 bp)...
[M::mem_process_seqs] Processed 1066668 reads in 788.353 CPU sec, 51.709 real sec
[M::mem_pestat] # candidate unique pairs for (FF, FR, RF, RR): (0, 390, 0, 0)
[M::mem_pestat] skip orientation FF as there are not enough pairs
[M::mem_pestat] analyzing insert size distribution for orientation FR...
[M::mem_pestat] (25, 50, 75) percentile: (233, 313, 395)
[M::mem_pestat] low and high boundaries for computing mean and std.dev: (1, 719)
[M::mem_pestat] mean and std.dev: (325.67, 127.08)
[M::mem_pestat] low and high boundaries for proper pairs: (1, 881)
[M::mem_pestat] skip orientation RF as there are not enough pairs
[M::mem_pestat] skip orientation RR as there are not enough pairs
[M::mem_process_seqs] Processed 2056 reads in 1.617 CPU sec, 0.157 real sec
[main] Version: 0.7.19-r1273
[main] CMD: bwa mem -t 16 -R @RG\tID:NS18_Disco_Wild_13\tSM:NS18_Disco_Wild_13\tLB:NS18_Disco_Wild_13\tPL:ILLUMINA output/05_realign_xbOstLuri2/reference/GCA_061535525.1_xbOstLuri2_USDA-ARS_PSRF_primary_genomic.fna data/raw/NS18_Disco_Wild_13_S24_L004_R1_001.fastq.gz data/raw/NS18_Disco_Wild_13_S24_L004_R2_001.fastq.gz
[main] Real time: 3074.781 sec; CPU: 45357.730 sec
[bam_sort_core] merging from 3 files and 8 in-memory blocks...
end 2026-09-27T14:48:30Z sample=NS18_Disco_Wild_13
