/opt/ohpc/admin/lmod/lmod/init/bash: line 93: LD_LIBRARY_PATH: unbound variable
start 2026-09-27T12:57:13Z host n3437 sample=HC18_Triton_Wild_8 location=HC18_Triton_Wild
[M::bwa_idx_load_from_disk] read 0 ALT contigs
[M::process] read 1066668 sequences (160000200 bp)...
[M::process] read 1066668 sequences (160000200 bp)...
[M::mem_pestat] # candidate unique pairs for (FF, FR, RF, RR): (37, 234111, 41, 13)
[M::mem_pestat] analyzing insert size distribution for orientation FF...
[M::mem_pestat] (25, 50, 75) percentile: (138, 278, 747)
[M::mem_pestat] low and high boundaries for computing mean and std.dev: (1, 1965)
[M::mem_pestat] mean and std.dev: (359.37, 338.32)
[M::mem_pestat] low and high boundaries for proper pairs: (1, 2574)
[M::mem_pestat] analyzing insert size distribution for orientation FR...
[M::mem_pestat] (25, 50, 75) percentile: (167, 236, 308)
[M::mem_pestat] low and high boundaries for computing mean and std.dev: (1, 590)
[M::mem_pestat] mean and std.dev: (241.07, 99.11)
[M::mem_pestat] low and high boundaries for proper pairs: (1, 731)
[M::mem_pestat] analyzing insert size distribution for orientation RF...
[M::mem_pestat] (25, 50, 75) percentile: (243, 1542, 6209)
[M::mem_pestat] low and high boundaries for computing mean and std.dev: (1, 18141)
[M::mem_pestat] mean and std.dev: (2674.76, 2918.55)
[M::mem_pestat] low and high boundaries for proper pairs: (1, 24107)
[M::mem_pestat] analyzing insert size distribution for orientation RR...
[M::mem_pestat] (25, 50, 75) percentile: (96, 121, 310)
[M::mem_pestat] low and high boundaries for computing mean and std.dev: (1, 738)
[M::mem_pestat] mean and std.dev: (144.73, 79.33)
[M::mem_pestat] low and high boundaries for proper pairs: (1, 952)
[M::mem_pestat] skip orientation FF
[M::mem_pestat] skip orientation RF
[M::mem_pestat] skip orientation RR
[M::mem_process_seqs] Processed 1066668 reads in 747.808 CPU sec, 50.081 real sec
[M::mem_pestat] # candidate unique pairs for (FF, FR, RF, RR): (32, 235088, 67, 34)
[M::mem_pestat] analyzing insert size distribution for orientation FF...
[M::mem_pestat] (25, 50, 75) percentile: (172, 355, 1341)
[M::mem_pestat] low and high boundaries for computing mean and std.dev: (1, 3679)
[M::mem_pestat] mean and std.dev: (681.10, 614.24)
[M::mem_pestat] low and high boundaries for proper pairs: (1, 4848)
[M::mem_pestat] analyzing insert size distribution for orientation FR...
[M::mem_pestat] (25, 50, 75) percentile: (171, 241, 313)
[M::mem_pestat] low and high boundaries for computing mean and std.dev: (1, 597)
[M::mem_pestat] mean and std.dev: (245.32, 100.63)
[M::mem_pestat] low and high boundaries for proper pairs: (1, 739)
[M::mem_pestat] analyzing insert size distribution for orientation RF...
[M::mem_pestat] (25, 50, 75) percentile: (194, 1206, 3910)
[M::mem_pestat] low and high boundaries for computing mean and std.dev: (1, 11342)
[M::mem_pestat] mean and std.dev: (2798.33, 3218.55)
[M::mem_pestat] low and high boundaries for proper pairs: (1, 15673)
[M::mem_pestat] analyzing insert size distribution for orientation RR...
[M::mem_pestat] (25, 50, 75) percentile: (99, 170, 434)
[M::mem_pestat] low and high boundaries for computing mean and std.dev: (1, 1104)
[M::mem_pestat] mean and std.dev: (215.26, 176.48)
[M::mem_pestat] low and high boundaries for proper pairs: (1, 1439)
[M::mem_pestat] skip orientation FF
[M::mem_pestat] skip orientation RF
[M::mem_pestat] skip orientation RR
[M::process] read 1066668 sequences (160000200 bp)...
[M::mem_process_seqs] Processed 1066668 reads in 762.069 CPU sec, 49.347 real sec
[M::mem_pestat] # candidate unique pairs for (FF, FR, RF, RR): (21, 235389, 47, 21)
[M::mem_pestat] analyzing insert size distribution for orientation FF...
[M::mem_pestat] (25, 50, 75) percentile: (151, 347, 885)
[M::mem_pestat] low and high boundaries for computing mean and std.dev: (1, 2353)
[M::mem_pestat] mean and std.dev: (397.72, 312.60)
[M::mem_pestat] low and high boundaries for proper pairs: (1, 3087)
[M::mem_pestat] analyzing insert size distribution for orientation FR...
[M::mem_pestat] (25, 50, 75) percentile: (169, 237, 308)
[M::mem_pestat] low and high boundaries for computing mean and std.dev: (1, 586)
[M::mem_pestat] mean and std.dev: (242.29, 98.93)
[M::mem_pestat] low and high boundaries for proper pairs: (1, 725)
[M::mem_pestat] analyzing insert size distribution for orientation RF...
[M::mem_pestat] (25, 50, 75) percentile: (167, 3069, 5365)
[M::mem_pestat] low and high boundaries for computing mean and std.dev: (1, 15761)
[M::mem_pestat] mean and std.dev: (2984.83, 2773.33)
[M::mem_pestat] low and high boundaries for proper pairs: (1, 20959)
[M::mem_pestat] analyzing insert size distribution for orientation RR...
[M::mem_pestat] (25, 50, 75) percentile: (167, 316, 877)
[M::mem_pestat] low and high boundaries for computing mean and std.dev: (1, 2297)
[M::mem_pestat] mean and std.dev: (426.33, 398.81)
[M::mem_pestat] low and high boundaries for proper pairs: (1, 3007)
[M::mem_pestat] skip orientation FF
[M::mem_pestat] skip orientation RF
[M::mem_pestat] skip orientation RR
[M::process] read 1066668 sequences (160000200 bp)...
[M::mem_process_seqs] Processed 1066668 reads in 773.167 CPU sec, 50.036 real sec
[M::mem_pestat] # candidate unique pairs for (FF, FR, RF, RR): (21, 235540, 53, 22)
[M::mem_pestat] analyzing insert size distribution for orientation FF...
[M::mem_pestat] (25, 50, 75) percentile: (142, 232, 806)
[M::mem_pestat] low and high boundaries for computing mean and std.dev: (1, 2134)
[M::mem_pestat] mean and std.dev: (322.50, 299.30)
[M::mem_pestat] low and high boundaries for proper pairs: (1, 2798)
[M::mem_pestat] analyzing insert size distribution for orientation FR...
[M::mem_pestat] (25, 50, 75) percentile: (170, 238, 309)
[M::mem_pestat] low and high boundaries for computing mean and std.dev: (1, 587)
[M::mem_pestat] mean and std.dev: (243.05, 99.01)
[M::mem_pestat] low and high boundaries for proper pairs: (1, 726)
[M::mem_pestat] analyzing insert size distribution for orientation RF...
[M::mem_pestat] (25, 50, 75) percentile: (61, 358, 3443)
[M::mem_pestat] low and high boundaries for computing mean and std.dev: (1, 10207)
[M::mem_pestat] mean and std.dev: (1954.09, 2774.21)
[M::mem_pestat] low and high boundaries for proper pairs: (1, 13589)
[M::mem_pestat] analyzing insert size distribution for orientation RR...
[M::mem_pestat] (25, 50, 75) percentile: (158, 221, 453)
[M::mem_pestat] low and high boundaries for computing mean and std.dev: (1, 1043)
[M::mem_pestat] mean and std.dev: (205.35, 86.19)
[M::mem_pestat] low and high boundaries for proper pairs: (1, 1338)
[M::mem_pestat] skip orientation FF
[M::mem_pestat] skip orientation RF
[M::mem_pestat] skip orientation RR
[M::process] read 1066668 sequences (160000200 bp)...
[M::mem_process_seqs] Processed 1066668 reads in 776.316 CPU sec, 50.072 real sec
[M::mem_pestat] # candidate unique pairs for (FF, FR, RF, RR): (12, 234920, 52, 17)
[M::mem_pestat] analyzing insert size distribution for orientation FF...
[M::mem_pestat] (25, 50, 75) percentile: (136, 145, 1227)
[M::mem_pestat] low and high boundaries for computing mean and std.dev: (1, 3409)
[M::mem_pestat] mean and std.dev: (247.10, 330.74)
[M::mem_pestat] low and high boundaries for proper pairs: (1, 4500)
[M::mem_pestat] analyzing insert size distribution for orientation FR...
[M::mem_pestat] (25, 50, 75) percentile: (169, 237, 307)
[M::mem_pestat] low and high boundaries for computing mean and std.dev: (1, 583)
[M::mem_pestat] mean and std.dev: (242.02, 98.70)
[M::mem_pestat] low and high boundaries for proper pairs: (1, 721)
[M::mem_pestat] analyzing insert size distribution for orientation RF...
[M::mem_pestat] (25, 50, 75) percentile: (100, 1106, 2957)
[M::mem_pestat] low and high boundaries for computing mean and std.dev: (1, 8671)
[M::mem_pestat] mean and std.dev: (1919.69, 2148.28)
[M::mem_pestat] low and high boundaries for proper pairs: (1, 11528)
[M::mem_pestat] analyzing insert size distribution for orientation RR...
[M::mem_pestat] (25, 50, 75) percentile: (106, 244, 1085)
[M::mem_pestat] low and high boundaries for computing mean and std.dev: (1, 3043)
[M::mem_pestat] mean and std.dev: (488.47, 629.76)
[M::mem_pestat] low and high boundaries for proper pairs: (1, 4022)
[M::mem_pestat] skip orientation FF
[M::mem_pestat] skip orientation RF
[M::mem_pestat] skip orientation RR
[M::process] read 1066668 sequences (160000200 bp)...
[M::mem_process_seqs] Processed 1066668 reads in 777.752 CPU sec, 50.336 real sec
[M::mem_pestat] # candidate unique pairs for (FF, FR, RF, RR): (23, 235003, 42, 32)
[M::mem_pestat] analyzing insert size distribution for orientation FF...
[M::mem_pestat] (25, 50, 75) percentile: (210, 468, 907)
[M::mem_pestat] low and high boundaries for computing mean and std.dev: (1, 2301)
[M::mem_pestat] mean and std.dev: (503.70, 483.11)
[M::mem_pestat] low and high boundaries for proper pairs: (1, 2998)
[M::mem_pestat] analyzing insert size distribution for orientation FR...
[M::mem_pestat] (25, 50, 75) percentile: (170, 237, 306)
[M::mem_pestat] low and high boundaries for computing mean and std.dev: (1, 578)
[M::mem_pestat] mean and std.dev: (241.28, 97.32)
[M::mem_pestat] low and high boundaries for proper pairs: (1, 714)
[M::mem_pestat] analyzing insert size distribution for orientation RF...
[M::mem_pestat] (25, 50, 75) percentile: (372, 1576, 5230)
[M::mem_pestat] low and high boundaries for computing mean and std.dev: (1, 14946)
[M::mem_pestat] mean and std.dev: (2901.33, 2908.28)
[M::mem_pestat] low and high boundaries for proper pairs: (1, 19804)
[M::mem_pestat] analyzing insert size distribution for orientation RR...
[M::mem_pestat] (25, 50, 75) percentile: (186, 355, 1084)
[M::mem_pestat] low and high boundaries for computing mean and std.dev: (1, 2880)
[M::mem_pestat] mean and std.dev: (589.38, 667.38)
[M::mem_pestat] low and high boundaries for proper pairs: (1, 3778)
[M::mem_pestat] skip orientation FF
[M::mem_pestat] skip orientation RF
[M::mem_pestat] skip orientation RR
[M::process] read 1066668 sequences (160000200 bp)...
[M::mem_process_seqs] Processed 1066668 reads in 793.581 CPU sec, 51.258 real sec
[M::mem_pestat] # candidate unique pairs for (FF, FR, RF, RR): (30, 235166, 42, 29)
[M::mem_pestat] analyzing insert size distribution for orientation FF...
[M::mem_pestat] (25, 50, 75) percentile: (132, 261, 340)
[M::mem_pestat] low and high boundaries for computing mean and std.dev: (1, 756)
[M::mem_pestat] mean and std.dev: (228.69, 115.28)
[M::mem_pestat] low and high boundaries for proper pairs: (1, 964)
[M::mem_pestat] analyzing insert size distribution for orientation FR...
[M::mem_pestat] (25, 50, 75) percentile: (169, 235, 304)
[M::mem_pestat] low and high boundaries for computing mean and std.dev: (1, 574)
[M::mem_pestat] mean and std.dev: (239.83, 96.44)
[M::mem_pestat] low and high boundaries for proper pairs: (1, 709)
[M::mem_pestat] analyzing insert size distribution for orientation RF...
[M::mem_pestat] (25, 50, 75) percentile: (74, 435, 2506)
[M::mem_pestat] low and high boundaries for computing mean and std.dev: (1, 7370)
[M::mem_pestat] mean and std.dev: (1357.26, 1975.01)
[M::mem_pestat] low and high boundaries for proper pairs: (1, 9802)
[M::mem_pestat] analyzing insert size distribution for orientation RR...
[M::mem_pestat] (25, 50, 75) percentile: (182, 394, 1704)
[M::mem_pestat] low and high boundaries for computing mean and std.dev: (1, 4748)
[M::mem_pestat] mean and std.dev: (671.28, 844.18)
[M::mem_pestat] low and high boundaries for proper pairs: (1, 6270)
[M::mem_pestat] skip orientation FF
[M::mem_pestat] skip orientation RF
[M::mem_pestat] skip orientation RR
[M::process] read 1066668 sequences (160000200 bp)...
[M::mem_process_seqs] Processed 1066668 reads in 767.521 CPU sec, 49.649 real sec
[M::mem_pestat] # candidate unique pairs for (FF, FR, RF, RR): (33, 234438, 48, 33)
[M::mem_pestat] analyzing insert size distribution for orientation FF...
[M::mem_pestat] (25, 50, 75) percentile: (115, 202, 290)
[M::mem_pestat] low and high boundaries for computing mean and std.dev: (1, 640)
[M::mem_pestat] mean and std.dev: (188.79, 101.55)
[M::mem_pestat] low and high boundaries for proper pairs: (1, 815)
[M::mem_pestat] analyzing insert size distribution for orientation FR...
[M::mem_pestat] (25, 50, 75) percentile: (168, 235, 305)
[M::mem_pestat] low and high boundaries for computing mean and std.dev: (1, 579)
[M::mem_pestat] mean and std.dev: (240.26, 97.46)
[M::mem_pestat] low and high boundaries for proper pairs: (1, 716)
[M::mem_pestat] analyzing insert size distribution for orientation RF...
[M::mem_pestat] (25, 50, 75) percentile: (180, 635, 1985)
[M::mem_pestat] low and high boundaries for computing mean and std.dev: (1, 5595)
[M::mem_pestat] mean and std.dev: (953.49, 1035.51)
[M::mem_pestat] low and high boundaries for proper pairs: (1, 7400)
[M::mem_pestat] analyzing insert size distribution for orientation RR...
[M::mem_pestat] (25, 50, 75) percentile: (146, 279, 403)
[M::mem_pestat] low and high boundaries for computing mean and std.dev: (1, 917)
[M::mem_pestat] mean and std.dev: (251.55, 154.35)
[M::mem_pestat] low and high boundaries for proper pairs: (1, 1174)
[M::mem_pestat] skip orientation FF
[M::mem_pestat] skip orientation RF
[M::mem_pestat] skip orientation RR
[M::process] read 1066668 sequences (160000200 bp)...
[M::mem_process_seqs] Processed 1066668 reads in 776.350 CPU sec, 50.100 real sec
[M::mem_pestat] # candidate unique pairs for (FF, FR, RF, RR): (22, 234724, 78, 36)
[M::mem_pestat] analyzing insert size distribution for orientation FF...
[M::mem_pestat] (25, 50, 75) percentile: (108, 199, 236)
[M::mem_pestat] low and high boundaries for computing mean and std.dev: (1, 492)
[M::mem_pestat] mean and std.dev: (159.33, 68.08)
[M::mem_pestat] low and high boundaries for proper pairs: (1, 620)
[M::mem_pestat] analyzing insert size distribution for orientation FR...
[M::mem_pestat] (25, 50, 75) percentile: (165, 234, 307)
[M::mem_pestat] low and high boundaries for computing mean and std.dev: (1, 591)
[M::mem_pestat] mean and std.dev: (240.25, 100.32)
[M::mem_pestat] low and high boundaries for proper pairs: (1, 733)
[M::mem_pestat] analyzing insert size distribution for orientation RF...
[M::mem_pestat] (25, 50, 75) percentile: (108, 634, 3316)
[M::mem_pestat] low and high boundaries for computing mean and std.dev: (1, 9732)
[M::mem_pestat] mean and std.dev: (2075.62, 2661.32)
[M::mem_pestat] low and high boundaries for proper pairs: (1, 12940)
[M::mem_pestat] analyzing insert size distribution for orientation RR...
[M::mem_pestat] (25, 50, 75) percentile: (126, 214, 340)
[M::mem_pestat] low and high boundaries for computing mean and std.dev: (1, 768)
[M::mem_pestat] mean and std.dev: (232.91, 176.18)
[M::mem_pestat] low and high boundaries for proper pairs: (1, 982)
[M::mem_pestat] skip orientation FF
[M::mem_pestat] skip orientation RF
[M::mem_pestat] skip orientation RR
[M::process] read 1066668 sequences (160000200 bp)...
[M::mem_process_seqs] Processed 1066668 reads in 765.650 CPU sec, 49.537 real sec
[M::mem_pestat] # candidate unique pairs for (FF, FR, RF, RR): (26, 234179, 59, 34)
[M::mem_pestat] analyzing insert size distribution for orientation FF...
[M::mem_pestat] (25, 50, 75) percentile: (125, 277, 561)
[M::mem_pestat] low and high boundaries for computing mean and std.dev: (1, 1433)
[M::mem_pestat] mean and std.dev: (352.71, 302.85)
[M::mem_pestat] low and high boundaries for proper pairs: (1, 1869)
[M::mem_pestat] analyzing insert size distribution for orientation FR...
[M::mem_pestat] (25, 50, 75) percentile: (167, 237, 311)
[M::mem_pestat] low and high boundaries for computing mean and std.dev: (1, 599)
[M::mem_pestat] mean and std.dev: (243.31, 101.61)
[M::mem_pestat] low and high boundaries for proper pairs: (1, 743)
[M::mem_pestat] analyzing insert size distribution for orientation RF...
[M::mem_pestat] (25, 50, 75) percentile: (79, 359, 4178)
[M::mem_pestat] low and high boundaries for computing mean and std.dev: (1, 12376)
[M::mem_pestat] mean and std.dev: (1904.02, 2461.43)
[M::mem_pestat] low and high boundaries for proper pairs: (1, 16475)
[M::mem_pestat] analyzing insert size distribution for orientation RR...
[M::mem_pestat] (25, 50, 75) percentile: (82, 221, 567)
[M::mem_pestat] low and high boundaries for computing mean and std.dev: (1, 1537)
[M::mem_pestat] mean and std.dev: (233.79, 193.47)
[M::mem_pestat] low and high boundaries for proper pairs: (1, 2022)
[M::mem_pestat] skip orientation FF
[M::mem_pestat] skip orientation RF
[M::mem_pestat] skip orientation RR
[M::process] read 1066668 sequences (160000200 bp)...
[M::mem_process_seqs] Processed 1066668 reads in 766.257 CPU sec, 49.498 real sec
[M::mem_pestat] # candidate unique pairs for (FF, FR, RF, RR): (16, 235295, 43, 44)
[M::mem_pestat] analyzing insert size distribution for orientation FF...
[M::mem_pestat] (25, 50, 75) percentile: (98, 165, 593)
[M::mem_pestat] low and high boundaries for computing mean and std.dev: (1, 1583)
[M::mem_pestat] mean and std.dev: (282.67, 266.96)
[M::mem_pestat] low and high boundaries for proper pairs: (1, 2078)
[M::mem_pestat] analyzing insert size distribution for orientation FR...
[M::mem_pestat] (25, 50, 75) percentile: (168, 237, 309)
[M::mem_pestat] low and high boundaries for computing mean and std.dev: (1, 591)
[M::mem_pestat] mean and std.dev: (242.43, 99.94)
[M::mem_pestat] low and high boundaries for proper pairs: (1, 732)
[M::mem_pestat] analyzing insert size distribution for orientation RF...
[M::mem_pestat] (25, 50, 75) percentile: (282, 1180, 6110)
[M::mem_pestat] low and high boundaries for computing mean and std.dev: (1, 17766)
[M::mem_pestat] mean and std.dev: (2793.86, 2961.19)
[M::mem_pestat] low and high boundaries for proper pairs: (1, 23594)
[M::mem_pestat] analyzing insert size distribution for orientation RR...
[M::mem_pestat] (25, 50, 75) percentile: (148, 219, 1900)
[M::mem_pestat] low and high boundaries for computing mean and std.dev: (1, 5404)
[M::mem_pestat] mean and std.dev: (336.57, 456.93)
[M::mem_pestat] low and high boundaries for proper pairs: (1, 7156)
[M::mem_pestat] skip orientation FF
[M::mem_pestat] skip orientation RF
[M::mem_pestat] skip orientation RR
[M::process] read 1066668 sequences (160000200 bp)...
[M::mem_process_seqs] Processed 1066668 reads in 762.297 CPU sec, 49.210 real sec
[M::mem_pestat] # candidate unique pairs for (FF, FR, RF, RR): (28, 234502, 65, 37)
[M::mem_pestat] analyzing insert size distribution for orientation FF...
[M::mem_pestat] (25, 50, 75) percentile: (165, 455, 1405)
[M::mem_pestat] low and high boundaries for computing mean and std.dev: (1, 3885)
[M::mem_pestat] mean and std.dev: (803.31, 955.87)
[M::mem_pestat] low and high boundaries for proper pairs: (1, 5125)
[M::mem_pestat] analyzing insert size distribution for orientation FR...
[M::mem_pestat] (25, 50, 75) percentile: (168, 236, 308)
[M::mem_pestat] low and high boundaries for computing mean and std.dev: (1, 588)
[M::mem_pestat] mean and std.dev: (241.68, 99.27)
[M::mem_pestat] low and high boundaries for proper pairs: (1, 728)
[M::mem_pestat] analyzing insert size distribution for orientation RF...
[M::mem_pestat] (25, 50, 75) percentile: (250, 1033, 5556)
[M::mem_pestat] low and high boundaries for computing mean and std.dev: (1, 16168)
[M::mem_pestat] mean and std.dev: (2577.05, 2920.18)
[M::mem_pestat] low and high boundaries for proper pairs: (1, 21474)
[M::mem_pestat] analyzing insert size distribution for orientation RR...
[M::mem_pestat] (25, 50, 75) percentile: (147, 438, 1609)
[M::mem_pestat] low and high boundaries for computing mean and std.dev: (1, 4533)
[M::mem_pestat] mean and std.dev: (558.75, 563.62)
[M::mem_pestat] low and high boundaries for proper pairs: (1, 5995)
[M::mem_pestat] skip orientation FF
[M::mem_pestat] skip orientation RF
[M::mem_pestat] skip orientation RR
[M::process] read 1066668 sequences (160000200 bp)...
[M::mem_process_seqs] Processed 1066668 reads in 767.437 CPU sec, 49.551 real sec
[M::mem_pestat] # candidate unique pairs for (FF, FR, RF, RR): (23, 235113, 53, 24)
[M::mem_pestat] analyzing insert size distribution for orientation FF...
[M::mem_pestat] (25, 50, 75) percentile: (183, 223, 436)
[M::mem_pestat] low and high boundaries for computing mean and std.dev: (1, 942)
[M::mem_pestat] mean and std.dev: (306.95, 217.47)
[M::mem_pestat] low and high boundaries for proper pairs: (1, 1195)
[M::mem_pestat] analyzing insert size distribution for orientation FR...
[M::mem_pestat] (25, 50, 75) percentile: (169, 237, 309)
[M::mem_pestat] low and high boundaries for computing mean and std.dev: (1, 589)
[M::mem_pestat] mean and std.dev: (242.60, 99.38)
[M::mem_pestat] low and high boundaries for proper pairs: (1, 729)
[M::mem_pestat] analyzing insert size distribution for orientation RF...
[M::mem_pestat] (25, 50, 75) percentile: (109, 955, 3451)
[M::mem_pestat] low and high boundaries for computing mean and std.dev: (1, 10135)
[M::mem_pestat] mean and std.dev: (1932.75, 2326.97)
[M::mem_pestat] low and high boundaries for proper pairs: (1, 13477)
[M::mem_pestat] analyzing insert size distribution for orientation RR...
[M::mem_pestat] (25, 50, 75) percentile: (155, 261, 806)
[M::mem_pestat] low and high boundaries for computing mean and std.dev: (1, 2108)
[M::mem_pestat] mean and std.dev: (422.82, 453.40)
[M::mem_pestat] low and high boundaries for proper pairs: (1, 2759)
[M::mem_pestat] skip orientation FF
[M::mem_pestat] skip orientation RF
[M::mem_pestat] skip orientation RR
[M::process] read 1066668 sequences (160000200 bp)...
[M::mem_process_seqs] Processed 1066668 reads in 766.457 CPU sec, 49.568 real sec
[M::mem_pestat] # candidate unique pairs for (FF, FR, RF, RR): (21, 235724, 57, 27)
[M::mem_pestat] analyzing insert size distribution for orientation FF...
[M::mem_pestat] (25, 50, 75) percentile: (201, 415, 1227)
[M::mem_pestat] low and high boundaries for computing mean and std.dev: (1, 3279)
[M::mem_pestat] mean and std.dev: (544.89, 502.59)
[M::mem_pestat] low and high boundaries for proper pairs: (1, 4305)
[M::mem_pestat] analyzing insert size distribution for orientation FR...
[M::mem_pestat] (25, 50, 75) percentile: (169, 237, 308)
[M::mem_pestat] low and high boundaries for computing mean and std.dev: (1, 586)
[M::mem_pestat] mean and std.dev: (241.79, 99.03)
[M::mem_pestat] low and high boundaries for proper pairs: (1, 725)
[M::mem_pestat] analyzing insert size distribution for orientation RF...
[M::mem_pestat] (25, 50, 75) percentile: (74, 220, 3383)
[M::mem_pestat] low and high boundaries for computing mean and std.dev: (1, 10001)
[M::mem_pestat] mean and std.dev: (1724.18, 2466.91)
[M::mem_pestat] low and high boundaries for proper pairs: (1, 13310)
[M::mem_pestat] analyzing insert size distribution for orientation RR...
[M::mem_pestat] (25, 50, 75) percentile: (146, 218, 703)
[M::mem_pestat] low and high boundaries for computing mean and std.dev: (1, 1817)
[M::mem_pestat] mean and std.dev: (378.67, 398.99)
[M::mem_pestat] low and high boundaries for proper pairs: (1, 2374)
[M::mem_pestat] skip orientation FF
[M::mem_pestat] skip orientation RF
[M::mem_pestat] skip orientation RR
[M::process] read 1066668 sequences (160000200 bp)...
[M::mem_process_seqs] Processed 1066668 reads in 770.452 CPU sec, 49.788 real sec
[M::mem_pestat] # candidate unique pairs for (FF, FR, RF, RR): (24, 234896, 63, 20)
[M::mem_pestat] analyzing insert size distribution for orientation FF...
[M::mem_pestat] (25, 50, 75) percentile: (125, 293, 738)
[M::mem_pestat] low and high boundaries for computing mean and std.dev: (1, 1964)
[M::mem_pestat] mean and std.dev: (336.23, 325.60)
[M::mem_pestat] low and high boundaries for proper pairs: (1, 2577)
[M::mem_pestat] analyzing insert size distribution for orientation FR...
[M::mem_pestat] (25, 50, 75) percentile: (168, 235, 305)
[M::mem_pestat] low and high boundaries for computing mean and std.dev: (1, 579)
[M::mem_pestat] mean and std.dev: (239.94, 97.60)
[M::mem_pestat] low and high boundaries for proper pairs: (1, 716)
[M::mem_pestat] analyzing insert size distribution for orientation RF...
[M::mem_pestat] (25, 50, 75) percentile: (198, 381, 1937)
[M::mem_pestat] low and high boundaries for computing mean and std.dev: (1, 5415)
[M::mem_pestat] mean and std.dev: (894.88, 1205.46)
[M::mem_pestat] low and high boundaries for proper pairs: (1, 7154)
[M::mem_pestat] analyzing insert size distribution for orientation RR...
[M::mem_pestat] (25, 50, 75) percentile: (130, 258, 1238)
[M::mem_pestat] low and high boundaries for computing mean and std.dev: (1, 3454)
[M::mem_pestat] mean and std.dev: (502.83, 544.07)
[M::mem_pestat] low and high boundaries for proper pairs: (1, 4562)
[M::mem_pestat] skip orientation FF
[M::mem_pestat] skip orientation RF
[M::mem_pestat] skip orientation RR
[M::process] read 1066668 sequences (160000200 bp)...
[M::mem_process_seqs] Processed 1066668 reads in 771.787 CPU sec, 49.886 real sec
[M::mem_pestat] # candidate unique pairs for (FF, FR, RF, RR): (39, 234589, 46, 24)
[M::mem_pestat] analyzing insert size distribution for orientation FF...
[M::mem_pestat] (25, 50, 75) percentile: (144, 198, 474)
[M::mem_pestat] low and high boundaries for computing mean and std.dev: (1, 1134)
[M::mem_pestat] mean and std.dev: (218.52, 183.12)
[M::mem_pestat] low and high boundaries for proper pairs: (1, 1464)
[M::mem_pestat] analyzing insert size distribution for orientation FR...
[M::mem_pestat] (25, 50, 75) percentile: (168, 234, 304)
[M::mem_pestat] low and high boundaries for computing mean and std.dev: (1, 576)
[M::mem_pestat] mean and std.dev: (239.57, 97.07)
[M::mem_pestat] low and high boundaries for proper pairs: (1, 712)
[M::mem_pestat] analyzing insert size distribution for orientation RF...
[M::mem_pestat] (25, 50, 75) percentile: (116, 634, 4526)
[M::mem_pestat] low and high boundaries for computing mean and std.dev: (1, 13346)
[M::mem_pestat] mean and std.dev: (2206.39, 2816.92)
[M::mem_pestat] low and high boundaries for proper pairs: (1, 17756)
[M::mem_pestat] analyzing insert size distribution for orientation RR...
[M::mem_pestat] (25, 50, 75) percentile: (138, 347, 553)
[M::mem_pestat] low and high boundaries for computing mean and std.dev: (1, 1383)
[M::mem_pestat] mean and std.dev: (332.48, 297.79)
[M::mem_pestat] low and high boundaries for proper pairs: (1, 1798)
[M::mem_pestat] skip orientation FF
[M::mem_pestat] skip orientation RF
[M::mem_pestat] skip orientation RR
[M::process] read 1066668 sequences (160000200 bp)...
[M::mem_process_seqs] Processed 1066668 reads in 787.391 CPU sec, 50.834 real sec
