/opt/ohpc/admin/lmod/lmod/init/bash: line 93: LD_LIBRARY_PATH: unbound variable
start 2026-09-27T13:08:40Z host n3436 sample=LS_9a location=LS
[M::bwa_idx_load_from_disk] read 0 ALT contigs
[M::process] read 1066668 sequences (160000200 bp)...
[M::process] read 1066668 sequences (160000200 bp)...
[M::mem_pestat] # candidate unique pairs for (FF, FR, RF, RR): (43, 224273, 80, 34)
[M::mem_pestat] analyzing insert size distribution for orientation FF...
[M::mem_pestat] (25, 50, 75) percentile: (329, 466, 1680)
[M::mem_pestat] low and high boundaries for computing mean and std.dev: (1, 4382)
[M::mem_pestat] mean and std.dev: (940.12, 940.77)
[M::mem_pestat] low and high boundaries for proper pairs: (1, 5733)
[M::mem_pestat] analyzing insert size distribution for orientation FR...
[M::mem_pestat] (25, 50, 75) percentile: (269, 355, 453)
[M::mem_pestat] low and high boundaries for computing mean and std.dev: (1, 821)
[M::mem_pestat] mean and std.dev: (360.90, 139.44)
[M::mem_pestat] low and high boundaries for proper pairs: (1, 1005)
[M::mem_pestat] analyzing insert size distribution for orientation RF...
[M::mem_pestat] (25, 50, 75) percentile: (287, 2049, 6036)
[M::mem_pestat] low and high boundaries for computing mean and std.dev: (1, 17534)
[M::mem_pestat] mean and std.dev: (3091.53, 2986.35)
[M::mem_pestat] low and high boundaries for proper pairs: (1, 23283)
[M::mem_pestat] analyzing insert size distribution for orientation RR...
[M::mem_pestat] (25, 50, 75) percentile: (179, 485, 1899)
[M::mem_pestat] low and high boundaries for computing mean and std.dev: (1, 5339)
[M::mem_pestat] mean and std.dev: (897.90, 1039.31)
[M::mem_pestat] low and high boundaries for proper pairs: (1, 7059)
[M::mem_pestat] skip orientation FF
[M::mem_pestat] skip orientation RF
[M::mem_pestat] skip orientation RR
[M::mem_process_seqs] Processed 1066668 reads in 767.296 CPU sec, 51.736 real sec
[M::mem_pestat] # candidate unique pairs for (FF, FR, RF, RR): (30, 224352, 95, 50)
[M::mem_pestat] analyzing insert size distribution for orientation FF...
[M::mem_pestat] (25, 50, 75) percentile: (233, 530, 1535)
[M::mem_pestat] low and high boundaries for computing mean and std.dev: (1, 4139)
[M::mem_pestat] mean and std.dev: (559.71, 468.62)
[M::mem_pestat] low and high boundaries for proper pairs: (1, 5441)
[M::mem_pestat] analyzing insert size distribution for orientation FR...
[M::mem_pestat] (25, 50, 75) percentile: (274, 360, 461)
[M::mem_pestat] low and high boundaries for computing mean and std.dev: (1, 835)
[M::mem_pestat] mean and std.dev: (368.09, 141.83)
[M::mem_pestat] low and high boundaries for proper pairs: (1, 1022)
[M::mem_pestat] analyzing insert size distribution for orientation RF...
[M::mem_pestat] (25, 50, 75) percentile: (358, 1222, 5031)
[M::mem_pestat] low and high boundaries for computing mean and std.dev: (1, 14377)
[M::mem_pestat] mean and std.dev: (2833.23, 2998.60)
[M::mem_pestat] low and high boundaries for proper pairs: (1, 19050)
[M::mem_pestat] analyzing insert size distribution for orientation RR...
[M::mem_pestat] (25, 50, 75) percentile: (282, 605, 1192)
[M::mem_pestat] low and high boundaries for computing mean and std.dev: (1, 3012)
[M::mem_pestat] mean and std.dev: (678.62, 506.82)
[M::mem_pestat] low and high boundaries for proper pairs: (1, 3922)
[M::mem_pestat] skip orientation FF
[M::mem_pestat] skip orientation RF
[M::mem_pestat] skip orientation RR
[M::process] read 1066668 sequences (160000200 bp)...
[M::mem_process_seqs] Processed 1066668 reads in 775.009 CPU sec, 50.252 real sec
