/opt/ohpc/admin/lmod/lmod/init/bash: line 93: LD_LIBRARY_PATH: unbound variable
start 2026-09-27T14:49:37Z host n3502 sample=PGB18_Wild_8 location=PGB18_Wild
[M::bwa_idx_load_from_disk] read 0 ALT contigs
[M::process] read 1066668 sequences (160000200 bp)...
[M::process] read 1066668 sequences (160000200 bp)...
[M::mem_pestat] # candidate unique pairs for (FF, FR, RF, RR): (35, 225613, 57, 43)
[M::mem_pestat] analyzing insert size distribution for orientation FF...
[M::mem_pestat] (25, 50, 75) percentile: (144, 213, 914)
[M::mem_pestat] low and high boundaries for computing mean and std.dev: (1, 2454)
[M::mem_pestat] mean and std.dev: (499.88, 551.60)
[M::mem_pestat] low and high boundaries for proper pairs: (1, 3224)
[M::mem_pestat] analyzing insert size distribution for orientation FR...
[M::mem_pestat] (25, 50, 75) percentile: (181, 257, 335)
[M::mem_pestat] low and high boundaries for computing mean and std.dev: (1, 643)
[M::mem_pestat] mean and std.dev: (261.92, 108.96)
[M::mem_pestat] low and high boundaries for proper pairs: (1, 797)
[M::mem_pestat] analyzing insert size distribution for orientation RF...
[M::mem_pestat] (25, 50, 75) percentile: (326, 2193, 5947)
[M::mem_pestat] low and high boundaries for computing mean and std.dev: (1, 17189)
[M::mem_pestat] mean and std.dev: (3092.09, 3093.82)
[M::mem_pestat] low and high boundaries for proper pairs: (1, 22810)
[M::mem_pestat] analyzing insert size distribution for orientation RR...
[M::mem_pestat] (25, 50, 75) percentile: (155, 256, 897)
[M::mem_pestat] low and high boundaries for computing mean and std.dev: (1, 2381)
[M::mem_pestat] mean and std.dev: (427.43, 415.81)
[M::mem_pestat] low and high boundaries for proper pairs: (1, 3123)
[M::mem_pestat] skip orientation FF
[M::mem_pestat] skip orientation RF
[M::mem_pestat] skip orientation RR
[M::mem_process_seqs] Processed 1066668 reads in 743.214 CPU sec, 49.445 real sec
[M::mem_pestat] # candidate unique pairs for (FF, FR, RF, RR): (28, 226016, 61, 17)
[M::mem_pestat] analyzing insert size distribution for orientation FF...
[M::mem_pestat] (25, 50, 75) percentile: (310, 418, 1170)
[M::mem_pestat] low and high boundaries for computing mean and std.dev: (1, 2890)
[M::mem_pestat] mean and std.dev: (479.52, 538.09)
[M::mem_pestat] low and high boundaries for proper pairs: (1, 3750)
[M::mem_pestat] analyzing insert size distribution for orientation FR...
[M::mem_pestat] (25, 50, 75) percentile: (185, 261, 338)
[M::mem_pestat] low and high boundaries for computing mean and std.dev: (1, 644)
[M::mem_pestat] mean and std.dev: (265.78, 109.72)
[M::mem_pestat] low and high boundaries for proper pairs: (1, 797)
[M::mem_pestat] analyzing insert size distribution for orientation RF...
[M::mem_pestat] (25, 50, 75) percentile: (205, 1325, 6279)
[M::mem_pestat] low and high boundaries for computing mean and std.dev: (1, 18427)
[M::mem_pestat] mean and std.dev: (3271.33, 3374.45)
[M::mem_pestat] low and high boundaries for proper pairs: (1, 24501)
[M::mem_pestat] analyzing insert size distribution for orientation RR...
[M::mem_pestat] (25, 50, 75) percentile: (168, 429, 5497)
[M::mem_pestat] low and high boundaries for computing mean and std.dev: (1, 16155)
[M::mem_pestat] mean and std.dev: (2640.41, 3061.40)
[M::mem_pestat] low and high boundaries for proper pairs: (1, 21484)
[M::mem_pestat] skip orientation FF
[M::mem_pestat] skip orientation RF
[M::mem_pestat] skip orientation RR
[M::process] read 1066668 sequences (160000200 bp)...
[M::mem_process_seqs] Processed 1066668 reads in 746.272 CPU sec, 48.321 real sec
[M::mem_pestat] # candidate unique pairs for (FF, FR, RF, RR): (30, 225398, 50, 22)
[M::mem_pestat] analyzing insert size distribution for orientation FF...
[M::mem_pestat] (25, 50, 75) percentile: (227, 296, 1128)
[M::mem_pestat] low and high boundaries for computing mean and std.dev: (1, 2930)
[M::mem_pestat] mean and std.dev: (573.21, 656.68)
[M::mem_pestat] low and high boundaries for proper pairs: (1, 3831)
[M::mem_pestat] analyzing insert size distribution for orientation FR...
[M::mem_pestat] (25, 50, 75) percentile: (184, 258, 335)
[M::mem_pestat] low and high boundaries for computing mean and std.dev: (1, 637)
[M::mem_pestat] mean and std.dev: (263.42, 108.65)
[M::mem_pestat] low and high boundaries for proper pairs: (1, 788)
[M::mem_pestat] analyzing insert size distribution for orientation RF...
[M::mem_pestat] (25, 50, 75) percentile: (109, 910, 2432)
[M::mem_pestat] low and high boundaries for computing mean and std.dev: (1, 7078)
[M::mem_pestat] mean and std.dev: (1350.45, 1602.36)
[M::mem_pestat] low and high boundaries for proper pairs: (1, 9401)
[M::mem_pestat] analyzing insert size distribution for orientation RR...
[M::mem_pestat] (25, 50, 75) percentile: (154, 334, 466)
[M::mem_pestat] low and high boundaries for computing mean and std.dev: (1, 1090)
[M::mem_pestat] mean and std.dev: (263.56, 129.98)
[M::mem_pestat] low and high boundaries for proper pairs: (1, 1402)
[M::mem_pestat] skip orientation FF
[M::mem_pestat] skip orientation RF
[M::mem_pestat] skip orientation RR
[M::process] read 1066668 sequences (160000200 bp)...
[M::mem_process_seqs] Processed 1066668 reads in 755.948 CPU sec, 49.087 real sec
[M::mem_pestat] # candidate unique pairs for (FF, FR, RF, RR): (15, 226064, 65, 43)
[M::mem_pestat] analyzing insert size distribution for orientation FF...
[M::mem_pestat] (25, 50, 75) percentile: (170, 248, 355)
[M::mem_pestat] low and high boundaries for computing mean and std.dev: (1, 725)
[M::mem_pestat] mean and std.dev: (219.38, 119.46)
[M::mem_pestat] low and high boundaries for proper pairs: (1, 910)
[M::mem_pestat] analyzing insert size distribution for orientation FR...
[M::mem_pestat] (25, 50, 75) percentile: (183, 257, 334)
[M::mem_pestat] low and high boundaries for computing mean and std.dev: (1, 636)
[M::mem_pestat] mean and std.dev: (262.72, 108.25)
[M::mem_pestat] low and high boundaries for proper pairs: (1, 787)
[M::mem_pestat] analyzing insert size distribution for orientation RF...
[M::mem_pestat] (25, 50, 75) percentile: (101, 732, 1883)
[M::mem_pestat] low and high boundaries for computing mean and std.dev: (1, 5447)
[M::mem_pestat] mean and std.dev: (692.64, 774.38)
[M::mem_pestat] low and high boundaries for proper pairs: (1, 7229)
[M::mem_pestat] analyzing insert size distribution for orientation RR...
[M::mem_pestat] (25, 50, 75) percentile: (333, 675, 1487)
[M::mem_pestat] low and high boundaries for computing mean and std.dev: (1, 3795)
[M::mem_pestat] mean and std.dev: (902.54, 785.97)
[M::mem_pestat] low and high boundaries for proper pairs: (1, 4949)
[M::mem_pestat] skip orientation FF
[M::mem_pestat] skip orientation RF
[M::mem_pestat] skip orientation RR
[M::process] read 1066668 sequences (160000200 bp)...
[M::mem_process_seqs] Processed 1066668 reads in 758.493 CPU sec, 49.085 real sec
[M::mem_pestat] # candidate unique pairs for (FF, FR, RF, RR): (38, 226928, 50, 21)
[M::mem_pestat] analyzing insert size distribution for orientation FF...
[M::mem_pestat] (25, 50, 75) percentile: (222, 589, 6176)
[M::mem_pestat] low and high boundaries for computing mean and std.dev: (1, 18084)
[M::mem_pestat] mean and std.dev: (2504.66, 3195.32)
[M::mem_pestat] low and high boundaries for proper pairs: (1, 24038)
[M::mem_pestat] analyzing insert size distribution for orientation FR...
[M::mem_pestat] (25, 50, 75) percentile: (184, 258, 334)
[M::mem_pestat] low and high boundaries for computing mean and std.dev: (1, 634)
[M::mem_pestat] mean and std.dev: (263.04, 108.14)
[M::mem_pestat] low and high boundaries for proper pairs: (1, 784)
[M::mem_pestat] analyzing insert size distribution for orientation RF...
[M::mem_pestat] (25, 50, 75) percentile: (114, 591, 1905)
[M::mem_pestat] low and high boundaries for computing mean and std.dev: (1, 5487)
[M::mem_pestat] mean and std.dev: (840.43, 1178.98)
[M::mem_pestat] low and high boundaries for proper pairs: (1, 7278)
[M::mem_pestat] analyzing insert size distribution for orientation RR...
[M::mem_pestat] (25, 50, 75) percentile: (130, 283, 733)
[M::mem_pestat] low and high boundaries for computing mean and std.dev: (1, 1939)
[M::mem_pestat] mean and std.dev: (313.50, 323.09)
[M::mem_pestat] low and high boundaries for proper pairs: (1, 2542)
[M::mem_pestat] skip orientation FF
[M::mem_pestat] skip orientation RF
[M::mem_pestat] skip orientation RR
[M::process] read 1066668 sequences (160000200 bp)...
[M::mem_process_seqs] Processed 1066668 reads in 772.281 CPU sec, 50.103 real sec
[M::mem_pestat] # candidate unique pairs for (FF, FR, RF, RR): (23, 226691, 59, 26)
[M::mem_pestat] analyzing insert size distribution for orientation FF...
[M::mem_pestat] (25, 50, 75) percentile: (204, 222, 343)
[M::mem_pestat] low and high boundaries for computing mean and std.dev: (1, 621)
[M::mem_pestat] mean and std.dev: (224.65, 97.49)
[M::mem_pestat] low and high boundaries for proper pairs: (1, 760)
[M::mem_pestat] analyzing insert size distribution for orientation FR...
[M::mem_pestat] (25, 50, 75) percentile: (183, 254, 329)
[M::mem_pestat] low and high boundaries for computing mean and std.dev: (1, 621)
[M::mem_pestat] mean and std.dev: (259.66, 105.86)
[M::mem_pestat] low and high boundaries for proper pairs: (1, 767)
[M::mem_pestat] analyzing insert size distribution for orientation RF...
[M::mem_pestat] (25, 50, 75) percentile: (164, 771, 5265)
[M::mem_pestat] low and high boundaries for computing mean and std.dev: (1, 15467)
[M::mem_pestat] mean and std.dev: (2627.17, 3358.48)
[M::mem_pestat] low and high boundaries for proper pairs: (1, 20568)
[M::mem_pestat] analyzing insert size distribution for orientation RR...
[M::mem_pestat] (25, 50, 75) percentile: (200, 413, 616)
[M::mem_pestat] low and high boundaries for computing mean and std.dev: (1, 1448)
[M::mem_pestat] mean and std.dev: (352.55, 197.84)
[M::mem_pestat] low and high boundaries for proper pairs: (1, 1864)
[M::mem_pestat] skip orientation FF
[M::mem_pestat] skip orientation RF
[M::mem_pestat] skip orientation RR
[M::process] read 1066668 sequences (160000200 bp)...
[M::mem_process_seqs] Processed 1066668 reads in 760.478 CPU sec, 49.277 real sec
[M::mem_pestat] # candidate unique pairs for (FF, FR, RF, RR): (22, 225620, 57, 23)
[M::mem_pestat] analyzing insert size distribution for orientation FF...
[M::mem_pestat] (25, 50, 75) percentile: (166, 314, 645)
[M::mem_pestat] low and high boundaries for computing mean and std.dev: (1, 1603)
[M::mem_pestat] mean and std.dev: (391.85, 345.39)
[M::mem_pestat] low and high boundaries for proper pairs: (1, 2082)
[M::mem_pestat] analyzing insert size distribution for orientation FR...
[M::mem_pestat] (25, 50, 75) percentile: (182, 255, 330)
[M::mem_pestat] low and high boundaries for computing mean and std.dev: (1, 626)
[M::mem_pestat] mean and std.dev: (260.45, 106.62)
[M::mem_pestat] low and high boundaries for proper pairs: (1, 774)
[M::mem_pestat] analyzing insert size distribution for orientation RF...
[M::mem_pestat] (25, 50, 75) percentile: (76, 740, 4103)
[M::mem_pestat] low and high boundaries for computing mean and std.dev: (1, 12157)
[M::mem_pestat] mean and std.dev: (2217.19, 2763.75)
[M::mem_pestat] low and high boundaries for proper pairs: (1, 16184)
[M::mem_pestat] analyzing insert size distribution for orientation RR...
[M::mem_pestat] (25, 50, 75) percentile: (245, 341, 912)
[M::mem_pestat] low and high boundaries for computing mean and std.dev: (1, 2246)
[M::mem_pestat] mean and std.dev: (373.67, 258.14)
[M::mem_pestat] low and high boundaries for proper pairs: (1, 2913)
[M::mem_pestat] skip orientation FF
[M::mem_pestat] skip orientation RF
[M::mem_pestat] skip orientation RR
[M::process] read 1066668 sequences (160000200 bp)...
[M::mem_process_seqs] Processed 1066668 reads in 762.923 CPU sec, 49.443 real sec
[M::mem_pestat] # candidate unique pairs for (FF, FR, RF, RR): (34, 225925, 66, 25)
[M::mem_pestat] analyzing insert size distribution for orientation FF...
[M::mem_pestat] (25, 50, 75) percentile: (176, 277, 899)
[M::mem_pestat] low and high boundaries for computing mean and std.dev: (1, 2345)
[M::mem_pestat] mean and std.dev: (319.50, 257.80)
[M::mem_pestat] low and high boundaries for proper pairs: (1, 3068)
[M::mem_pestat] analyzing insert size distribution for orientation FR...
[M::mem_pestat] (25, 50, 75) percentile: (180, 255, 334)
[M::mem_pestat] low and high boundaries for computing mean and std.dev: (1, 642)
[M::mem_pestat] mean and std.dev: (261.23, 110.31)
[M::mem_pestat] low and high boundaries for proper pairs: (1, 796)
[M::mem_pestat] analyzing insert size distribution for orientation RF...
[M::mem_pestat] (25, 50, 75) percentile: (191, 1755, 3188)
[M::mem_pestat] low and high boundaries for computing mean and std.dev: (1, 9182)
[M::mem_pestat] mean and std.dev: (2077.65, 2443.19)
[M::mem_pestat] low and high boundaries for proper pairs: (1, 12179)
[M::mem_pestat] analyzing insert size distribution for orientation RR...
[M::mem_pestat] (25, 50, 75) percentile: (179, 389, 889)
[M::mem_pestat] low and high boundaries for computing mean and std.dev: (1, 2309)
[M::mem_pestat] mean and std.dev: (573.33, 592.36)
[M::mem_pestat] low and high boundaries for proper pairs: (1, 3019)
[M::mem_pestat] skip orientation FF
[M::mem_pestat] skip orientation RF
[M::mem_pestat] skip orientation RR
[M::process] read 1066668 sequences (160000200 bp)...
[M::mem_process_seqs] Processed 1066668 reads in 753.289 CPU sec, 48.671 real sec
[M::mem_pestat] # candidate unique pairs for (FF, FR, RF, RR): (37, 225859, 56, 28)
[M::mem_pestat] analyzing insert size distribution for orientation FF...
[M::mem_pestat] (25, 50, 75) percentile: (184, 340, 1446)
[M::mem_pestat] low and high boundaries for computing mean and std.dev: (1, 3970)
[M::mem_pestat] mean and std.dev: (400.83, 494.75)
[M::mem_pestat] low and high boundaries for proper pairs: (1, 5232)
[M::mem_pestat] analyzing insert size distribution for orientation FR...
[M::mem_pestat] (25, 50, 75) percentile: (184, 261, 340)
[M::mem_pestat] low and high boundaries for computing mean and std.dev: (1, 652)
[M::mem_pestat] mean and std.dev: (266.45, 111.94)
[M::mem_pestat] low and high boundaries for proper pairs: (1, 808)
[M::mem_pestat] analyzing insert size distribution for orientation RF...
[M::mem_pestat] (25, 50, 75) percentile: (226, 1759, 5937)
[M::mem_pestat] low and high boundaries for computing mean and std.dev: (1, 17359)
[M::mem_pestat] mean and std.dev: (3488.68, 3517.35)
[M::mem_pestat] low and high boundaries for proper pairs: (1, 23070)
[M::mem_pestat] analyzing insert size distribution for orientation RR...
[M::mem_pestat] (25, 50, 75) percentile: (259, 441, 2103)
[M::mem_pestat] low and high boundaries for computing mean and std.dev: (1, 5791)
[M::mem_pestat] mean and std.dev: (827.08, 845.37)
[M::mem_pestat] low and high boundaries for proper pairs: (1, 7635)
[M::mem_pestat] skip orientation FF
[M::mem_pestat] skip orientation RF
[M::mem_pestat] skip orientation RR
[M::process] read 1066668 sequences (160000200 bp)...
[M::mem_process_seqs] Processed 1066668 reads in 752.993 CPU sec, 48.739 real sec
[M::mem_pestat] # candidate unique pairs for (FF, FR, RF, RR): (34, 226084, 52, 26)
[M::mem_pestat] analyzing insert size distribution for orientation FF...
[M::mem_pestat] (25, 50, 75) percentile: (222, 292, 537)
[M::mem_pestat] low and high boundaries for computing mean and std.dev: (1, 1167)
[M::mem_pestat] mean and std.dev: (332.20, 203.58)
[M::mem_pestat] low and high boundaries for proper pairs: (1, 1482)
[M::mem_pestat] analyzing insert size distribution for orientation FR...
[M::mem_pestat] (25, 50, 75) percentile: (184, 258, 335)
[M::mem_pestat] low and high boundaries for computing mean and std.dev: (1, 637)
[M::mem_pestat] mean and std.dev: (263.56, 109.34)
[M::mem_pestat] low and high boundaries for proper pairs: (1, 788)
[M::mem_pestat] analyzing insert size distribution for orientation RF...
[M::mem_pestat] (25, 50, 75) percentile: (102, 648, 3108)
[M::mem_pestat] low and high boundaries for computing mean and std.dev: (1, 9120)
[M::mem_pestat] mean and std.dev: (2441.13, 3051.32)
[M::mem_pestat] low and high boundaries for proper pairs: (1, 14646)
[M::mem_pestat] analyzing insert size distribution for orientation RR...
[M::mem_pestat] (25, 50, 75) percentile: (181, 502, 1922)
[M::mem_pestat] low and high boundaries for computing mean and std.dev: (1, 5404)
[M::mem_pestat] mean and std.dev: (926.24, 1106.85)
[M::mem_pestat] low and high boundaries for proper pairs: (1, 7145)
[M::mem_pestat] skip orientation FF
[M::mem_pestat] skip orientation RF
[M::mem_pestat] skip orientation RR
[M::process] read 1066668 sequences (160000200 bp)...
[M::mem_process_seqs] Processed 1066668 reads in 753.665 CPU sec, 48.789 real sec
[M::mem_pestat] # candidate unique pairs for (FF, FR, RF, RR): (33, 225886, 48, 25)
[M::mem_pestat] analyzing insert size distribution for orientation FF...
[M::mem_pestat] (25, 50, 75) percentile: (147, 236, 617)
[M::mem_pestat] low and high boundaries for computing mean and std.dev: (1, 1557)
[M::mem_pestat] mean and std.dev: (335.57, 304.37)
[M::mem_pestat] low and high boundaries for proper pairs: (1, 2027)
[M::mem_pestat] analyzing insert size distribution for orientation FR...
[M::mem_pestat] (25, 50, 75) percentile: (183, 258, 335)
[M::mem_pestat] low and high boundaries for computing mean and std.dev: (1, 639)
[M::mem_pestat] mean and std.dev: (263.30, 109.24)
[M::mem_pestat] low and high boundaries for proper pairs: (1, 791)
[M::mem_pestat] analyzing insert size distribution for orientation RF...
[M::mem_pestat] (25, 50, 75) percentile: (363, 946, 3628)
[M::mem_pestat] low and high boundaries for computing mean and std.dev: (1, 10158)
[M::mem_pestat] mean and std.dev: (2360.10, 2796.67)
[M::mem_pestat] low and high boundaries for proper pairs: (1, 13547)
[M::mem_pestat] analyzing insert size distribution for orientation RR...
[M::mem_pestat] (25, 50, 75) percentile: (142, 452, 1406)
[M::mem_pestat] low and high boundaries for computing mean and std.dev: (1, 3934)
[M::mem_pestat] mean and std.dev: (606.00, 706.56)
[M::mem_pestat] low and high boundaries for proper pairs: (1, 5198)
[M::mem_pestat] skip orientation FF
[M::mem_pestat] skip orientation RF
[M::mem_pestat] skip orientation RR
[M::process] read 1066668 sequences (160000200 bp)...
[M::mem_process_seqs] Processed 1066668 reads in 753.909 CPU sec, 48.838 real sec
[M::mem_pestat] # candidate unique pairs for (FF, FR, RF, RR): (25, 226620, 36, 27)
[M::mem_pestat] analyzing insert size distribution for orientation FF...
[M::mem_pestat] (25, 50, 75) percentile: (217, 420, 1752)
[M::mem_pestat] low and high boundaries for computing mean and std.dev: (1, 4822)
[M::mem_pestat] mean and std.dev: (674.67, 648.57)
[M::mem_pestat] low and high boundaries for proper pairs: (1, 6357)
[M::mem_pestat] analyzing insert size distribution for orientation FR...
[M::mem_pestat] (25, 50, 75) percentile: (183, 257, 334)
[M::mem_pestat] low and high boundaries for computing mean and std.dev: (1, 636)
[M::mem_pestat] mean and std.dev: (262.96, 109.11)
[M::mem_pestat] low and high boundaries for proper pairs: (1, 787)
[M::mem_pestat] analyzing insert size distribution for orientation RF...
[M::mem_pestat] (25, 50, 75) percentile: (255, 2195, 8674)
[M::mem_pestat] low and high boundaries for computing mean and std.dev: (1, 25512)
[M::mem_pestat] mean and std.dev: (3689.47, 3862.60)
[M::mem_pestat] low and high boundaries for proper pairs: (1, 33931)
[M::mem_pestat] analyzing insert size distribution for orientation RR...
[M::mem_pestat] (25, 50, 75) percentile: (174, 483, 4127)
[M::mem_pestat] low and high boundaries for computing mean and std.dev: (1, 12033)
[M::mem_pestat] mean and std.dev: (1861.30, 2566.87)
[M::mem_pestat] low and high boundaries for proper pairs: (1, 15986)
[M::mem_pestat] skip orientation FF
[M::mem_pestat] skip orientation RF
[M::mem_pestat] skip orientation RR
[M::process] read 1066668 sequences (160000200 bp)...
[M::mem_process_seqs] Processed 1066668 reads in 762.484 CPU sec, 49.321 real sec
[M::mem_pestat] # candidate unique pairs for (FF, FR, RF, RR): (33, 226604, 62, 31)
[M::mem_pestat] analyzing insert size distribution for orientation FF...
[M::mem_pestat] (25, 50, 75) percentile: (220, 469, 2232)
[M::mem_pestat] low and high boundaries for computing mean and std.dev: (1, 6256)
[M::mem_pestat] mean and std.dev: (923.67, 1068.43)
[M::mem_pestat] low and high boundaries for proper pairs: (1, 8268)
[M::mem_pestat] analyzing insert size distribution for orientation FR...
[M::mem_pestat] (25, 50, 75) percentile: (182, 254, 331)
[M::mem_pestat] low and high boundaries for computing mean and std.dev: (1, 629)
[M::mem_pestat] mean and std.dev: (260.57, 107.64)
[M::mem_pestat] low and high boundaries for proper pairs: (1, 778)
[M::mem_pestat] analyzing insert size distribution for orientation RF...
[M::mem_pestat] (25, 50, 75) percentile: (446, 1212, 6870)
[M::mem_pestat] low and high boundaries for computing mean and std.dev: (1, 19718)
[M::mem_pestat] mean and std.dev: (3073.19, 3381.25)
[M::mem_pestat] low and high boundaries for proper pairs: (1, 26142)
[M::mem_pestat] analyzing insert size distribution for orientation RR...
[M::mem_pestat] (25, 50, 75) percentile: (145, 220, 1137)
[M::mem_pestat] low and high boundaries for computing mean and std.dev: (1, 3121)
[M::mem_pestat] mean and std.dev: (402.43, 460.22)
[M::mem_pestat] low and high boundaries for proper pairs: (1, 4113)
[M::mem_pestat] skip orientation FF
[M::mem_pestat] skip orientation RF
[M::mem_pestat] skip orientation RR
[M::process] read 1066668 sequences (160000200 bp)...
[M::mem_process_seqs] Processed 1066668 reads in 757.364 CPU sec, 49.176 real sec
[M::mem_pestat] # candidate unique pairs for (FF, FR, RF, RR): (32, 226586, 65, 34)
[M::mem_pestat] analyzing insert size distribution for orientation FF...
[M::mem_pestat] (25, 50, 75) percentile: (127, 337, 626)
[M::mem_pestat] low and high boundaries for computing mean and std.dev: (1, 1624)
[M::mem_pestat] mean and std.dev: (358.61, 336.43)
[M::mem_pestat] low and high boundaries for proper pairs: (1, 2123)
[M::mem_pestat] analyzing insert size distribution for orientation FR...
[M::mem_pestat] (25, 50, 75) percentile: (182, 255, 331)
[M::mem_pestat] low and high boundaries for computing mean and std.dev: (1, 629)
[M::mem_pestat] mean and std.dev: (260.73, 107.37)
[M::mem_pestat] low and high boundaries for proper pairs: (1, 778)
[M::mem_pestat] analyzing insert size distribution for orientation RF...
[M::mem_pestat] (25, 50, 75) percentile: (148, 618, 3933)
[M::mem_pestat] low and high boundaries for computing mean and std.dev: (1, 11503)
[M::mem_pestat] mean and std.dev: (2045.55, 2866.49)
[M::mem_pestat] low and high boundaries for proper pairs: (1, 15288)
[M::mem_pestat] analyzing insert size distribution for orientation RR...
[M::mem_pestat] (25, 50, 75) percentile: (150, 481, 1697)
[M::mem_pestat] low and high boundaries for computing mean and std.dev: (1, 4791)
[M::mem_pestat] mean and std.dev: (784.61, 979.52)
[M::mem_pestat] low and high boundaries for proper pairs: (1, 6338)
[M::mem_pestat] skip orientation FF
[M::mem_pestat] skip orientation RF
[M::mem_pestat] skip orientation RR
[M::process] read 1066668 sequences (160000200 bp)...
[M::mem_process_seqs] Processed 1066668 reads in 767.814 CPU sec, 49.624 real sec
[M::mem_pestat] # candidate unique pairs for (FF, FR, RF, RR): (26, 226075, 69, 35)
[M::mem_pestat] analyzing insert size distribution for orientation FF...
[M::mem_pestat] (25, 50, 75) percentile: (159, 508, 1827)
[M::mem_pestat] low and high boundaries for computing mean and std.dev: (1, 5163)
[M::mem_pestat] mean and std.dev: (1461.27, 1802.30)
[M::mem_pestat] low and high boundaries for proper pairs: (1, 8670)
[M::mem_pestat] analyzing insert size distribution for orientation FR...
[M::mem_pestat] (25, 50, 75) percentile: (178, 253, 332)
[M::mem_pestat] low and high boundaries for computing mean and std.dev: (1, 640)
[M::mem_pestat] mean and std.dev: (259.43, 109.75)
[M::mem_pestat] low and high boundaries for proper pairs: (1, 794)
[M::mem_pestat] analyzing insert size distribution for orientation RF...
[M::mem_pestat] (25, 50, 75) percentile: (367, 1846, 5331)
[M::mem_pestat] low and high boundaries for computing mean and std.dev: (1, 15259)
[M::mem_pestat] mean and std.dev: (2699.62, 2945.67)
[M::mem_pestat] low and high boundaries for proper pairs: (1, 20223)
[M::mem_pestat] analyzing insert size distribution for orientation RR...
[M::mem_pestat] (25, 50, 75) percentile: (196, 260, 395)
[M::mem_pestat] low and high boundaries for computing mean and std.dev: (1, 793)
[M::mem_pestat] mean and std.dev: (237.39, 133.07)
[M::mem_pestat] low and high boundaries for proper pairs: (1, 992)
[M::mem_pestat] skip orientation FF
[M::mem_pestat] skip orientation RF
[M::mem_pestat] skip orientation RR
[M::process] read 1066668 sequences (160000200 bp)...
[M::mem_process_seqs] Processed 1066668 reads in 743.119 CPU sec, 48.253 real sec
[M::mem_pestat] # candidate unique pairs for (FF, FR, RF, RR): (36, 226577, 60, 18)
[M::mem_pestat] analyzing insert size distribution for orientation FF...
[M::mem_pestat] (25, 50, 75) percentile: (133, 252, 1533)
[M::mem_pestat] low and high boundaries for computing mean and std.dev: (1, 4333)
[M::mem_pestat] mean and std.dev: (593.75, 785.80)
[M::mem_pestat] low and high boundaries for proper pairs: (1, 5733)
[M::mem_pestat] analyzing insert size distribution for orientation FR...
[M::mem_pestat] (25, 50, 75) percentile: (181, 258, 336)
[M::mem_pestat] low and high boundaries for computing mean and std.dev: (1, 646)
[M::mem_pestat] mean and std.dev: (263.72, 111.17)
[M::mem_pestat] low and high boundaries for proper pairs: (1, 801)
[M::mem_pestat] analyzing insert size distribution for orientation RF...
[M::mem_pestat] (25, 50, 75) percentile: (250, 691, 6936)
[M::mem_pestat] low and high boundaries for computing mean and std.dev: (1, 20308)
[M::mem_pestat] mean and std.dev: (2876.90, 3493.53)
[M::mem_pestat] low and high boundaries for proper pairs: (1, 26994)
[M::mem_pestat] analyzing insert size distribution for orientation RR...
[M::mem_pestat] (25, 50, 75) percentile: (130, 249, 488)
[M::mem_pestat] low and high boundaries for computing mean and std.dev: (1, 1204)
[M::mem_pestat] mean and std.dev: (242.31, 160.95)
[M::mem_pestat] low and high boundaries for proper pairs: (1, 1562)
[M::mem_pestat] skip orientation FF
[M::mem_pestat] skip orientation RF
[M::mem_pestat] skip orientation RR
[M::process] read 1066668 sequences (160000200 bp)...
[M::mem_process_seqs] Processed 1066668 reads in 746.072 CPU sec, 48.266 real sec
[M::mem_pestat] # candidate unique pairs for (FF, FR, RF, RR): (24, 227033, 60, 23)
[M::mem_pestat] analyzing insert size distribution for orientation FF...
[M::mem_pestat] (25, 50, 75) percentile: (183, 381, 1314)
[M::mem_pestat] low and high boundaries for computing mean and std.dev: (1, 3576)
[M::mem_pestat] mean and std.dev: (796.35, 910.47)
[M::mem_pestat] low and high boundaries for proper pairs: (1, 4707)
[M::mem_pestat] analyzing insert size distribution for orientation FR...
[M::mem_pestat] (25, 50, 75) percentile: (180, 254, 332)
[M::mem_pestat] low and high boundaries for computing mean and std.dev: (1, 636)
[M::mem_pestat] mean and std.dev: (260.33, 109.12)
[M::mem_pestat] low and high boundaries for proper pairs: (1, 788)
[M::mem_pestat] analyzing insert size distribution for orientation RF...
[M::mem_pestat] (25, 50, 75) percentile: (99, 840, 5279)
[M::mem_pestat] low and high boundaries for computing mean and std.dev: (1, 15639)
[M::mem_pestat] mean and std.dev: (2529.20, 3191.73)
[M::mem_pestat] low and high boundaries for proper pairs: (1, 20819)
[M::mem_pestat] analyzing insert size distribution for orientation RR...
[M::mem_pestat] (25, 50, 75) percentile: (158, 268, 903)
[M::mem_pestat] low and high boundaries for computing mean and std.dev: (1, 2393)
[M::mem_pestat] mean and std.dev: (334.84, 292.26)
[M::mem_pestat] low and high boundaries for proper pairs: (1, 3138)
[M::mem_pestat] skip orientation FF
[M::mem_pestat] skip orientation RF
[M::mem_pestat] skip orientation RR
[M::process] read 1066668 sequences (160000200 bp)...
[M::mem_process_seqs] Processed 1066668 reads in 751.712 CPU sec, 48.687 real sec
[M::mem_pestat] # candidate unique pairs for (FF, FR, RF, RR): (36, 227064, 53, 31)
[M::mem_pestat] analyzing insert size distribution for orientation FF...
[M::mem_pestat] (25, 50, 75) percentile: (250, 339, 1145)
[M::mem_pestat] low and high boundaries for computing mean and std.dev: (1, 2935)
[M::mem_pestat] mean and std.dev: (546.45, 477.80)
[M::mem_pestat] low and high boundaries for proper pairs: (1, 3830)
[M::mem_pestat] analyzing insert size distribution for orientation FR...
[M::mem_pestat] (25, 50, 75) percentile: (180, 254, 331)
[M::mem_pestat] low and high boundaries for computing mean and std.dev: (1, 633)
[M::mem_pestat] mean and std.dev: (260.22, 108.59)
[M::mem_pestat] low and high boundaries for proper pairs: (1, 784)
[M::mem_pestat] analyzing insert size distribution for orientation RF...
[M::mem_pestat] (25, 50, 75) percentile: (109, 499, 2235)
[M::mem_pestat] low and high boundaries for computing mean and std.dev: (1, 6487)
[M::mem_pestat] mean and std.dev: (1093.94, 1595.56)
[M::mem_pestat] low and high boundaries for proper pairs: (1, 8613)
[M::mem_pestat] analyzing insert size distribution for orientation RR...
[M::mem_pestat] (25, 50, 75) percentile: (146, 305, 1527)
[M::mem_pestat] low and high boundaries for computing mean and std.dev: (1, 4289)
[M::mem_pestat] mean and std.dev: (424.81, 483.77)
[M::mem_pestat] low and high boundaries for proper pairs: (1, 5670)
[M::mem_pestat] skip orientation FF
[M::mem_pestat] skip orientation RF
[M::mem_pestat] skip orientation RR
[M::process] read 1066668 sequences (160000200 bp)...
[M::mem_process_seqs] Processed 1066668 reads in 750.601 CPU sec, 48.601 real sec
[M::mem_pestat] # candidate unique pairs for (FF, FR, RF, RR): (27, 226762, 66, 24)
[M::mem_pestat] analyzing insert size distribution for orientation FF...
[M::mem_pestat] (25, 50, 75) percentile: (293, 457, 906)
[M::mem_pestat] low and high boundaries for computing mean and std.dev: (1, 2132)
[M::mem_pestat] mean and std.dev: (475.17, 341.81)
[M::mem_pestat] low and high boundaries for proper pairs: (1, 2745)
[M::mem_pestat] analyzing insert size distribution for orientation FR...
[M::mem_pestat] (25, 50, 75) percentile: (182, 256, 333)
[M::mem_pestat] low and high boundaries for computing mean and std.dev: (1, 635)
[M::mem_pestat] mean and std.dev: (261.76, 108.70)
[M::mem_pestat] low and high boundaries for proper pairs: (1, 786)
[M::mem_pestat] analyzing insert size distribution for orientation RF...
[M::mem_pestat] (25, 50, 75) percentile: (247, 1487, 5352)
[M::mem_pestat] low and high boundaries for computing mean and std.dev: (1, 15562)
[M::mem_pestat] mean and std.dev: (3121.24, 3395.87)
[M::mem_pestat] low and high boundaries for proper pairs: (1, 20667)
[M::mem_pestat] analyzing insert size distribution for orientation RR...
[M::mem_pestat] (25, 50, 75) percentile: (184, 293, 711)
[M::mem_pestat] low and high boundaries for computing mean and std.dev: (1, 1765)
[M::mem_pestat] mean and std.dev: (333.19, 255.75)
[M::mem_pestat] low and high boundaries for proper pairs: (1, 2292)
[M::mem_pestat] skip orientation FF
[M::mem_pestat] skip orientation RF
[M::mem_pestat] skip orientation RR
[M::mem_process_seqs] Processed 1066668 reads in 747.779 CPU sec, 49.499 real sec
[M::process] read 1066668 sequences (160000200 bp)...
[M::process] read 1066668 sequences (160000200 bp)...
[M::mem_pestat] # candidate unique pairs for (FF, FR, RF, RR): (26, 226754, 48, 34)
[M::mem_pestat] analyzing insert size distribution for orientation FF...
[M::mem_pestat] (25, 50, 75) percentile: (187, 648, 3015)
[M::mem_pestat] low and high boundaries for computing mean and std.dev: (1, 8671)
[M::mem_pestat] mean and std.dev: (1625.76, 2007.91)
[M::mem_pestat] low and high boundaries for proper pairs: (1, 11499)
[M::mem_pestat] analyzing insert size distribution for orientation FR...
[M::mem_pestat] (25, 50, 75) percentile: (181, 254, 331)
[M::mem_pestat] low and high boundaries for computing mean and std.dev: (1, 631)
[M::mem_pestat] mean and std.dev: (260.20, 107.99)
[M::mem_pestat] low and high boundaries for proper pairs: (1, 781)
[M::mem_pestat] analyzing insert size distribution for orientation RF...
[M::mem_pestat] (25, 50, 75) percentile: (102, 582, 1954)
[M::mem_pestat] low and high boundaries for computing mean and std.dev: (1, 5658)
[M::mem_pestat] mean and std.dev: (890.09, 1062.77)
[M::mem_pestat] low and high boundaries for proper pairs: (1, 7510)
[M::mem_pestat] analyzing insert size distribution for orientation RR...
[M::mem_pestat] (25, 50, 75) percentile: (175, 309, 1945)
[M::mem_pestat] low and high boundaries for computing mean and std.dev: (1, 5485)
[M::mem_pestat] mean and std.dev: (976.16, 1340.59)
[M::mem_pestat] low and high boundaries for proper pairs: (1, 7255)
[M::mem_pestat] skip orientation FF
[M::mem_pestat] skip orientation RF
[M::mem_pestat] skip orientation RR
[M::mem_process_seqs] Processed 1066668 reads in 748.940 CPU sec, 48.107 real sec
[M::mem_pestat] # candidate unique pairs for (FF, FR, RF, RR): (25, 225766, 54, 25)
[M::mem_pestat] analyzing insert size distribution for orientation FF...
[M::mem_pestat] (25, 50, 75) percentile: (119, 338, 948)
[M::mem_pestat] low and high boundaries for computing mean and std.dev: (1, 2606)
[M::mem_pestat] mean and std.dev: (468.91, 517.76)
[M::mem_pestat] low and high boundaries for proper pairs: (1, 3435)
[M::mem_pestat] analyzing insert size distribution for orientation FR...
[M::mem_pestat] (25, 50, 75) percentile: (182, 254, 330)
[M::mem_pestat] low and high boundaries for computing mean and std.dev: (1, 626)
[M::mem_pestat] mean and std.dev: (260.25, 107.03)
[M::mem_pestat] low and high boundaries for proper pairs: (1, 774)
[M::mem_pestat] analyzing insert size distribution for orientation RF...
[M::mem_pestat] (25, 50, 75) percentile: (115, 1271, 3500)
[M::mem_pestat] low and high boundaries for computing mean and std.dev: (1, 10270)
[M::mem_pestat] mean and std.dev: (2280.65, 2685.68)
[M::mem_pestat] low and high boundaries for proper pairs: (1, 13655)
[M::mem_pestat] analyzing insert size distribution for orientation RR...
[M::mem_pestat] (25, 50, 75) percentile: (185, 298, 854)
[M::mem_pestat] low and high boundaries for computing mean and std.dev: (1, 2192)
[M::mem_pestat] mean and std.dev: (449.30, 322.93)
[M::mem_pestat] low and high boundaries for proper pairs: (1, 2861)
[M::mem_pestat] skip orientation FF
[M::mem_pestat] skip orientation RF
[M::mem_pestat] skip orientation RR
[M::process] read 1066668 sequences (160000200 bp)...
[M::mem_process_seqs] Processed 1066668 reads in 759.319 CPU sec, 49.201 real sec
[M::mem_pestat] # candidate unique pairs for (FF, FR, RF, RR): (32, 225724, 64, 27)
[M::mem_pestat] analyzing insert size distribution for orientation FF...
[M::mem_pestat] (25, 50, 75) percentile: (172, 494, 1718)
[M::mem_pestat] low and high boundaries for computing mean and std.dev: (1, 4810)
[M::mem_pestat] mean and std.dev: (867.40, 968.64)
[M::mem_pestat] low and high boundaries for proper pairs: (1, 6356)
[M::mem_pestat] analyzing insert size distribution for orientation FR...
[M::mem_pestat] (25, 50, 75) percentile: (180, 255, 333)
[M::mem_pestat] low and high boundaries for computing mean and std.dev: (1, 639)
[M::mem_pestat] mean and std.dev: (260.76, 109.45)
[M::mem_pestat] low and high boundaries for proper pairs: (1, 792)
[M::mem_pestat] analyzing insert size distribution for orientation RF...
[M::mem_pestat] (25, 50, 75) percentile: (175, 1206, 5285)
[M::mem_pestat] low and high boundaries for computing mean and std.dev: (1, 15505)
[M::mem_pestat] mean and std.dev: (2874.08, 3369.69)
[M::mem_pestat] low and high boundaries for proper pairs: (1, 20615)
[M::mem_pestat] analyzing insert size distribution for orientation RR...
[M::mem_pestat] (25, 50, 75) percentile: (170, 226, 771)
[M::mem_pestat] low and high boundaries for computing mean and std.dev: (1, 1973)
[M::mem_pestat] mean and std.dev: (475.04, 491.78)
[M::mem_pestat] low and high boundaries for proper pairs: (1, 2574)
[M::mem_pestat] skip orientation FF
[M::mem_pestat] skip orientation RF
[M::mem_pestat] skip orientation RR
[M::process] read 1066668 sequences (160000200 bp)...
[M::mem_process_seqs] Processed 1066668 reads in 742.614 CPU sec, 48.180 real sec
[M::mem_pestat] # candidate unique pairs for (FF, FR, RF, RR): (22, 225891, 46, 21)
[M::mem_pestat] analyzing insert size distribution for orientation FF...
[M::mem_pestat] (25, 50, 75) percentile: (131, 264, 666)
[M::mem_pestat] low and high boundaries for computing mean and std.dev: (1, 1736)
[M::mem_pestat] mean and std.dev: (348.90, 302.85)
[M::mem_pestat] low and high boundaries for proper pairs: (1, 2271)
[M::mem_pestat] analyzing insert size distribution for orientation FR...
[M::mem_pestat] (25, 50, 75) percentile: (182, 258, 337)
[M::mem_pestat] low and high boundaries for computing mean and std.dev: (1, 647)
[M::mem_pestat] mean and std.dev: (263.40, 110.28)
[M::mem_pestat] low and high boundaries for proper pairs: (1, 802)
[M::mem_pestat] analyzing insert size distribution for orientation RF...
[M::mem_pestat] (25, 50, 75) percentile: (341, 1245, 6173)
[M::mem_pestat] low and high boundaries for computing mean and std.dev: (1, 17837)
[M::mem_pestat] mean and std.dev: (2787.91, 3180.20)
[M::mem_pestat] low and high boundaries for proper pairs: (1, 23669)
[M::mem_pestat] analyzing insert size distribution for orientation RR...
[M::mem_pestat] (25, 50, 75) percentile: (74, 114, 689)
[M::mem_pestat] low and high boundaries for computing mean and std.dev: (1, 1919)
[M::mem_pestat] mean and std.dev: (238.67, 370.88)
[M::mem_pestat] low and high boundaries for proper pairs: (1, 2534)
[M::mem_pestat] skip orientation FF
[M::mem_pestat] skip orientation RF
[M::mem_pestat] skip orientation RR
[M::process] read 1066668 sequences (160000200 bp)...
[M::mem_process_seqs] Processed 1066668 reads in 746.884 CPU sec, 48.290 real sec
[M::mem_pestat] # candidate unique pairs for (FF, FR, RF, RR): (30, 226604, 66, 31)
[M::mem_pestat] analyzing insert size distribution for orientation FF...
[M::mem_pestat] (25, 50, 75) percentile: (178, 369, 620)
[M::mem_pestat] low and high boundaries for computing mean and std.dev: (1, 1504)
[M::mem_pestat] mean and std.dev: (450.31, 381.73)
[M::mem_pestat] low and high boundaries for proper pairs: (1, 1977)
[M::mem_pestat] analyzing insert size distribution for orientation FR...
[M::mem_pestat] (25, 50, 75) percentile: (181, 256, 334)
[M::mem_pestat] low and high boundaries for computing mean and std.dev: (1, 640)
[M::mem_pestat] mean and std.dev: (261.80, 109.82)
[M::mem_pestat] low and high boundaries for proper pairs: (1, 793)
[M::mem_pestat] analyzing insert size distribution for orientation RF...
[M::mem_pestat] (25, 50, 75) percentile: (273, 1919, 4485)
[M::mem_pestat] low and high boundaries for computing mean and std.dev: (1, 12909)
[M::mem_pestat] mean and std.dev: (2731.77, 2906.75)
[M::mem_pestat] low and high boundaries for proper pairs: (1, 17121)
[M::mem_pestat] analyzing insert size distribution for orientation RR...
[M::mem_pestat] (25, 50, 75) percentile: (156, 380, 2755)
[M::mem_pestat] low and high boundaries for computing mean and std.dev: (1, 7953)
[M::mem_pestat] mean and std.dev: (1729.65, 2335.28)
[M::mem_pestat] low and high boundaries for proper pairs: (1, 11071)
[M::mem_pestat] skip orientation FF
[M::mem_pestat] skip orientation RF
[M::mem_pestat] skip orientation RR
[M::process] read 1066668 sequences (160000200 bp)...
[M::mem_process_seqs] Processed 1066668 reads in 743.856 CPU sec, 48.197 real sec
[M::mem_pestat] # candidate unique pairs for (FF, FR, RF, RR): (28, 226893, 56, 24)
[M::mem_pestat] analyzing insert size distribution for orientation FF...
[M::mem_pestat] (25, 50, 75) percentile: (153, 732, 1990)
[M::mem_pestat] low and high boundaries for computing mean and std.dev: (1, 5664)
[M::mem_pestat] mean and std.dev: (953.63, 1129.67)
[M::mem_pestat] low and high boundaries for proper pairs: (1, 7501)
[M::mem_pestat] analyzing insert size distribution for orientation FR...
[M::mem_pestat] (25, 50, 75) percentile: (182, 256, 333)
[M::mem_pestat] low and high boundaries for computing mean and std.dev: (1, 635)
[M::mem_pestat] mean and std.dev: (261.75, 109.04)
[M::mem_pestat] low and high boundaries for proper pairs: (1, 786)
[M::mem_pestat] analyzing insert size distribution for orientation RF...
[M::mem_pestat] (25, 50, 75) percentile: (216, 1937, 5500)
[M::mem_pestat] low and high boundaries for computing mean and std.dev: (1, 16068)
[M::mem_pestat] mean and std.dev: (2872.45, 2920.29)
[M::mem_pestat] low and high boundaries for proper pairs: (1, 21352)
[M::mem_pestat] analyzing insert size distribution for orientation RR...
[M::mem_pestat] (25, 50, 75) percentile: (232, 441, 5158)
[M::mem_pestat] low and high boundaries for computing mean and std.dev: (1, 15010)
[M::mem_pestat] mean and std.dev: (1933.12, 2742.07)
[M::mem_pestat] low and high boundaries for proper pairs: (1, 19936)
[M::mem_pestat] skip orientation FF
[M::mem_pestat] skip orientation RF
[M::mem_pestat] skip orientation RR
[M::process] read 1066668 sequences (160000200 bp)...
[M::mem_process_seqs] Processed 1066668 reads in 749.375 CPU sec, 48.639 real sec
[M::mem_pestat] # candidate unique pairs for (FF, FR, RF, RR): (26, 226447, 41, 43)
[M::mem_pestat] analyzing insert size distribution for orientation FF...
[M::mem_pestat] (25, 50, 75) percentile: (210, 424, 1458)
[M::mem_pestat] low and high boundaries for computing mean and std.dev: (1, 3954)
[M::mem_pestat] mean and std.dev: (670.17, 701.06)
[M::mem_pestat] low and high boundaries for proper pairs: (1, 5202)
[M::mem_pestat] analyzing insert size distribution for orientation FR...
[M::mem_pestat] (25, 50, 75) percentile: (182, 255, 331)
[M::mem_pestat] low and high boundaries for computing mean and std.dev: (1, 629)
[M::mem_pestat] mean and std.dev: (260.41, 107.34)
[M::mem_pestat] low and high boundaries for proper pairs: (1, 778)
[M::mem_pestat] analyzing insert size distribution for orientation RF...
[M::mem_pestat] (25, 50, 75) percentile: (225, 1018, 3201)
[M::mem_pestat] low and high boundaries for computing mean and std.dev: (1, 9153)
[M::mem_pestat] mean and std.dev: (1984.98, 2295.49)
[M::mem_pestat] low and high boundaries for proper pairs: (1, 12129)
[M::mem_pestat] analyzing insert size distribution for orientation RR...
[M::mem_pestat] (25, 50, 75) percentile: (140, 220, 856)
[M::mem_pestat] low and high boundaries for computing mean and std.dev: (1, 2288)
[M::mem_pestat] mean and std.dev: (378.00, 427.16)
[M::mem_pestat] low and high boundaries for proper pairs: (1, 3004)
[M::mem_pestat] skip orientation FF
[M::mem_pestat] skip orientation RF
[M::mem_pestat] skip orientation RR
[M::process] read 1066668 sequences (160000200 bp)...
[M::mem_process_seqs] Processed 1066668 reads in 748.295 CPU sec, 48.501 real sec
[M::mem_pestat] # candidate unique pairs for (FF, FR, RF, RR): (27, 227130, 47, 25)
[M::mem_pestat] analyzing insert size distribution for orientation FF...
[M::mem_pestat] (25, 50, 75) percentile: (159, 527, 1183)
[M::mem_pestat] low and high boundaries for computing mean and std.dev: (1, 3231)
[M::mem_pestat] mean and std.dev: (691.04, 754.20)
[M::mem_pestat] low and high boundaries for proper pairs: (1, 4255)
[M::mem_pestat] analyzing insert size distribution for orientation FR...
[M::mem_pestat] (25, 50, 75) percentile: (180, 253, 329)
[M::mem_pestat] low and high boundaries for computing mean and std.dev: (1, 627)
[M::mem_pestat] mean and std.dev: (258.91, 107.31)
[M::mem_pestat] low and high boundaries for proper pairs: (1, 776)
[M::mem_pestat] analyzing insert size distribution for orientation RF...
[M::mem_pestat] (25, 50, 75) percentile: (120, 1337, 4189)
[M::mem_pestat] low and high boundaries for computing mean and std.dev: (1, 12327)
[M::mem_pestat] mean and std.dev: (2410.77, 2757.21)
[M::mem_pestat] low and high boundaries for proper pairs: (1, 16396)
[M::mem_pestat] analyzing insert size distribution for orientation RR...
[M::mem_pestat] (25, 50, 75) percentile: (173, 398, 1680)
[M::mem_pestat] low and high boundaries for computing mean and std.dev: (1, 4694)
[M::mem_pestat] mean and std.dev: (886.25, 1148.24)
[M::mem_pestat] low and high boundaries for proper pairs: (1, 6201)
[M::mem_pestat] skip orientation FF
[M::mem_pestat] skip orientation RF
[M::mem_pestat] skip orientation RR
[M::process] read 1066668 sequences (160000200 bp)...
[M::mem_process_seqs] Processed 1066668 reads in 752.822 CPU sec, 48.877 real sec
[M::mem_pestat] # candidate unique pairs for (FF, FR, RF, RR): (24, 225369, 68, 25)
[M::mem_pestat] analyzing insert size distribution for orientation FF...
[M::mem_pestat] (25, 50, 75) percentile: (208, 289, 1029)
[M::mem_pestat] low and high boundaries for computing mean and std.dev: (1, 2671)
[M::mem_pestat] mean and std.dev: (406.65, 333.12)
[M::mem_pestat] low and high boundaries for proper pairs: (1, 3492)
[M::mem_pestat] analyzing insert size distribution for orientation FR...
[M::mem_pestat] (25, 50, 75) percentile: (181, 254, 330)
[M::mem_pestat] low and high boundaries for computing mean and std.dev: (1, 628)
[M::mem_pestat] mean and std.dev: (260.27, 107.73)
[M::mem_pestat] low and high boundaries for proper pairs: (1, 777)
[M::mem_pestat] analyzing insert size distribution for orientation RF...
[M::mem_pestat] (25, 50, 75) percentile: (74, 636, 2008)
[M::mem_pestat] low and high boundaries for computing mean and std.dev: (1, 5876)
[M::mem_pestat] mean and std.dev: (941.57, 1419.55)
[M::mem_pestat] low and high boundaries for proper pairs: (1, 7810)
[M::mem_pestat] analyzing insert size distribution for orientation RR...
[M::mem_pestat] (25, 50, 75) percentile: (137, 376, 1042)
[M::mem_pestat] low and high boundaries for computing mean and std.dev: (1, 2852)
[M::mem_pestat] mean and std.dev: (511.96, 517.15)
[M::mem_pestat] low and high boundaries for proper pairs: (1, 3757)
[M::mem_pestat] skip orientation FF
[M::mem_pestat] skip orientation RF
[M::mem_pestat] skip orientation RR
[M::process] read 1066668 sequences (160000200 bp)...
[M::mem_process_seqs] Processed 1066668 reads in 770.492 CPU sec, 49.982 real sec
[M::mem_pestat] # candidate unique pairs for (FF, FR, RF, RR): (26, 224268, 46, 26)
[M::mem_pestat] analyzing insert size distribution for orientation FF...
[M::mem_pestat] (25, 50, 75) percentile: (132, 241, 707)
[M::mem_pestat] low and high boundaries for computing mean and std.dev: (1, 1857)
[M::mem_pestat] mean and std.dev: (308.78, 263.46)
[M::mem_pestat] low and high boundaries for proper pairs: (1, 2432)
[M::mem_pestat] analyzing insert size distribution for orientation FR...
[M::mem_pestat] (25, 50, 75) percentile: (180, 255, 340)
[M::mem_pestat] low and high boundaries for computing mean and std.dev: (1, 660)
[M::mem_pestat] mean and std.dev: (265.27, 115.59)
[M::mem_pestat] low and high boundaries for proper pairs: (1, 820)
[M::mem_pestat] analyzing insert size distribution for orientation RF...
[M::mem_pestat] (25, 50, 75) percentile: (305, 2968, 6985)
[M::mem_pestat] low and high boundaries for computing mean and std.dev: (1, 20345)
[M::mem_pestat] mean and std.dev: (3674.63, 3498.97)
[M::mem_pestat] low and high boundaries for proper pairs: (1, 27025)
[M::mem_pestat] analyzing insert size distribution for orientation RR...
[M::mem_pestat] (25, 50, 75) percentile: (119, 304, 354)
[M::mem_pestat] low and high boundaries for computing mean and std.dev: (1, 824)
[M::mem_pestat] mean and std.dev: (258.04, 190.63)
[M::mem_pestat] low and high boundaries for proper pairs: (1, 1059)
[M::mem_pestat] skip orientation FF
[M::mem_pestat] skip orientation RF
[M::mem_pestat] skip orientation RR
[M::process] read 1066668 sequences (160000200 bp)...
[M::mem_process_seqs] Processed 1066668 reads in 767.557 CPU sec, 49.806 real sec
[M::mem_pestat] # candidate unique pairs for (FF, FR, RF, RR): (28, 224177, 49, 12)
[M::mem_pestat] analyzing insert size distribution for orientation FF...
[M::mem_pestat] (25, 50, 75) percentile: (127, 266, 373)
[M::mem_pestat] low and high boundaries for computing mean and std.dev: (1, 865)
[M::mem_pestat] mean and std.dev: (247.28, 155.48)
[M::mem_pestat] low and high boundaries for proper pairs: (1, 1111)
[M::mem_pestat] analyzing insert size distribution for orientation FR...
[M::mem_pestat] (25, 50, 75) percentile: (180, 255, 338)
[M::mem_pestat] low and high boundaries for computing mean and std.dev: (1, 654)
[M::mem_pestat] mean and std.dev: (264.12, 113.79)
[M::mem_pestat] low and high boundaries for proper pairs: (1, 812)
[M::mem_pestat] analyzing insert size distribution for orientation RF...
[M::mem_pestat] (25, 50, 75) percentile: (137, 685, 6192)
[M::mem_pestat] low and high boundaries for computing mean and std.dev: (1, 18302)
[M::mem_pestat] mean and std.dev: (2664.02, 3167.92)
[M::mem_pestat] low and high boundaries for proper pairs: (1, 24357)
[M::mem_pestat] analyzing insert size distribution for orientation RR...
[M::mem_pestat] (25, 50, 75) percentile: (81, 148, 485)
[M::mem_pestat] low and high boundaries for computing mean and std.dev: (1, 1293)
[M::mem_pestat] mean and std.dev: (183.36, 161.52)
[M::mem_pestat] low and high boundaries for proper pairs: (1, 1697)
[M::mem_pestat] skip orientation FF
[M::mem_pestat] skip orientation RF
[M::mem_pestat] skip orientation RR
[M::process] read 1066668 sequences (160000200 bp)...
[M::mem_process_seqs] Processed 1066668 reads in 773.906 CPU sec, 50.038 real sec
[M::mem_pestat] # candidate unique pairs for (FF, FR, RF, RR): (25, 225056, 57, 30)
[M::mem_pestat] analyzing insert size distribution for orientation FF...
[M::mem_pestat] (25, 50, 75) percentile: (188, 374, 1568)
[M::mem_pestat] low and high boundaries for computing mean and std.dev: (1, 4328)
[M::mem_pestat] mean and std.dev: (745.26, 830.72)
[M::mem_pestat] low and high boundaries for proper pairs: (1, 5708)
[M::mem_pestat] analyzing insert size distribution for orientation FR...
[M::mem_pestat] (25, 50, 75) percentile: (180, 254, 334)
[M::mem_pestat] low and high boundaries for computing mean and std.dev: (1, 642)
[M::mem_pestat] mean and std.dev: (261.97, 111.66)
[M::mem_pestat] low and high boundaries for proper pairs: (1, 796)
[M::mem_pestat] analyzing insert size distribution for orientation RF...
[M::mem_pestat] (25, 50, 75) percentile: (184, 726, 3308)
[M::mem_pestat] low and high boundaries for computing mean and std.dev: (1, 9556)
[M::mem_pestat] mean and std.dev: (1693.05, 2125.78)
[M::mem_pestat] low and high boundaries for proper pairs: (1, 12680)
[M::mem_pestat] analyzing insert size distribution for orientation RR...
[M::mem_pestat] (25, 50, 75) percentile: (167, 755, 1947)
[M::mem_pestat] low and high boundaries for computing mean and std.dev: (1, 5507)
[M::mem_pestat] mean and std.dev: (970.37, 1143.60)
[M::mem_pestat] low and high boundaries for proper pairs: (1, 7287)
[M::mem_pestat] skip orientation FF
[M::mem_pestat] skip orientation RF
[M::mem_pestat] skip orientation RR
[M::process] read 1066668 sequences (160000200 bp)...
[M::mem_process_seqs] Processed 1066668 reads in 758.740 CPU sec, 49.192 real sec
[M::mem_pestat] # candidate unique pairs for (FF, FR, RF, RR): (23, 225698, 53, 30)
[M::mem_pestat] analyzing insert size distribution for orientation FF...
[M::mem_pestat] (25, 50, 75) percentile: (134, 294, 1144)
[M::mem_pestat] low and high boundaries for computing mean and std.dev: (1, 3164)
[M::mem_pestat] mean and std.dev: (612.90, 803.99)
[M::mem_pestat] low and high boundaries for proper pairs: (1, 4174)
[M::mem_pestat] analyzing insert size distribution for orientation FR...
[M::mem_pestat] (25, 50, 75) percentile: (182, 256, 336)
[M::mem_pestat] low and high boundaries for computing mean and std.dev: (1, 644)
[M::mem_pestat] mean and std.dev: (263.31, 111.21)
[M::mem_pestat] low and high boundaries for proper pairs: (1, 798)
[M::mem_pestat] analyzing insert size distribution for orientation RF...
[M::mem_pestat] (25, 50, 75) percentile: (257, 2975, 7244)
[M::mem_pestat] low and high boundaries for computing mean and std.dev: (1, 21218)
[M::mem_pestat] mean and std.dev: (3468.51, 3392.90)
[M::mem_pestat] low and high boundaries for proper pairs: (1, 28205)
[M::mem_pestat] analyzing insert size distribution for orientation RR...
[M::mem_pestat] (25, 50, 75) percentile: (120, 273, 557)
[M::mem_pestat] low and high boundaries for computing mean and std.dev: (1, 1431)
[M::mem_pestat] mean and std.dev: (302.88, 268.56)
[M::mem_pestat] low and high boundaries for proper pairs: (1, 1868)
[M::mem_pestat] skip orientation FF
[M::mem_pestat] skip orientation RF
[M::mem_pestat] skip orientation RR
[M::process] read 1066668 sequences (160000200 bp)...
[M::mem_process_seqs] Processed 1066668 reads in 756.854 CPU sec, 49.064 real sec
[M::mem_pestat] # candidate unique pairs for (FF, FR, RF, RR): (33, 225035, 67, 23)
[M::mem_pestat] analyzing insert size distribution for orientation FF...
[M::mem_pestat] (25, 50, 75) percentile: (181, 337, 1034)
[M::mem_pestat] low and high boundaries for computing mean and std.dev: (1, 2740)
[M::mem_pestat] mean and std.dev: (328.85, 225.32)
[M::mem_pestat] low and high boundaries for proper pairs: (1, 3593)
[M::mem_pestat] analyzing insert size distribution for orientation FR...
[M::mem_pestat] (25, 50, 75) percentile: (184, 258, 337)
[M::mem_pestat] low and high boundaries for computing mean and std.dev: (1, 643)
[M::mem_pestat] mean and std.dev: (264.81, 110.70)
[M::mem_pestat] low and high boundaries for proper pairs: (1, 796)
[M::mem_pestat] analyzing insert size distribution for orientation RF...
[M::mem_pestat] (25, 50, 75) percentile: (220, 1270, 4229)
[M::mem_pestat] low and high boundaries for computing mean and std.dev: (1, 12247)
[M::mem_pestat] mean and std.dev: (2523.46, 2935.04)
[M::mem_pestat] low and high boundaries for proper pairs: (1, 16256)
[M::mem_pestat] analyzing insert size distribution for orientation RR...
[M::mem_pestat] (25, 50, 75) percentile: (175, 277, 697)
[M::mem_pestat] low and high boundaries for computing mean and std.dev: (1, 1741)
[M::mem_pestat] mean and std.dev: (383.57, 258.89)
[M::mem_pestat] low and high boundaries for proper pairs: (1, 2263)
[M::mem_pestat] skip orientation FF
[M::mem_pestat] skip orientation RF
[M::mem_pestat] skip orientation RR
[M::process] read 1066668 sequences (160000200 bp)...
[M::mem_process_seqs] Processed 1066668 reads in 776.002 CPU sec, 50.244 real sec
[M::mem_pestat] # candidate unique pairs for (FF, FR, RF, RR): (25, 225341, 62, 14)
[M::mem_pestat] analyzing insert size distribution for orientation FF...
[M::mem_pestat] (25, 50, 75) percentile: (130, 240, 485)
[M::mem_pestat] low and high boundaries for computing mean and std.dev: (1, 1195)
[M::mem_pestat] mean and std.dev: (263.14, 211.68)
[M::mem_pestat] low and high boundaries for proper pairs: (1, 1550)
[M::mem_pestat] analyzing insert size distribution for orientation FR...
[M::mem_pestat] (25, 50, 75) percentile: (185, 258, 337)
[M::mem_pestat] low and high boundaries for computing mean and std.dev: (1, 641)
[M::mem_pestat] mean and std.dev: (264.82, 110.26)
[M::mem_pestat] low and high boundaries for proper pairs: (1, 793)
[M::mem_pestat] analyzing insert size distribution for orientation RF...
[M::mem_pestat] (25, 50, 75) percentile: (117, 449, 2120)
[M::mem_pestat] low and high boundaries for computing mean and std.dev: (1, 6126)
[M::mem_pestat] mean and std.dev: (959.89, 1392.18)
[M::mem_pestat] low and high boundaries for proper pairs: (1, 8129)
[M::mem_pestat] analyzing insert size distribution for orientation RR...
[M::mem_pestat] (25, 50, 75) percentile: (186, 388, 1127)
[M::mem_pestat] low and high boundaries for computing mean and std.dev: (1, 3009)
[M::mem_pestat] mean and std.dev: (474.83, 535.58)
[M::mem_pestat] low and high boundaries for proper pairs: (1, 3950)
[M::mem_pestat] skip orientation FF
[M::mem_pestat] skip orientation RF
[M::mem_pestat] skip orientation RR
[M::process] read 1066668 sequences (160000200 bp)...
[M::mem_process_seqs] Processed 1066668 reads in 776.118 CPU sec, 50.152 real sec
[M::mem_pestat] # candidate unique pairs for (FF, FR, RF, RR): (28, 224305, 50, 33)
[M::mem_pestat] analyzing insert size distribution for orientation FF...
[M::mem_pestat] (25, 50, 75) percentile: (188, 448, 794)
[M::mem_pestat] low and high boundaries for computing mean and std.dev: (1, 2006)
[M::mem_pestat] mean and std.dev: (342.36, 231.39)
[M::mem_pestat] low and high boundaries for proper pairs: (1, 2612)
[M::mem_pestat] analyzing insert size distribution for orientation FR...
[M::mem_pestat] (25, 50, 75) percentile: (178, 251, 330)
[M::mem_pestat] low and high boundaries for computing mean and std.dev: (1, 634)
[M::mem_pestat] mean and std.dev: (259.03, 110.56)
[M::mem_pestat] low and high boundaries for proper pairs: (1, 786)
[M::mem_pestat] analyzing insert size distribution for orientation RF...
[M::mem_pestat] (25, 50, 75) percentile: (327, 3300, 6094)
[M::mem_pestat] low and high boundaries for computing mean and std.dev: (1, 17628)
[M::mem_pestat] mean and std.dev: (3635.78, 3261.87)
[M::mem_pestat] low and high boundaries for proper pairs: (1, 23395)
[M::mem_pestat] analyzing insert size distribution for orientation RR...
[M::mem_pestat] (25, 50, 75) percentile: (185, 425, 1349)
[M::mem_pestat] low and high boundaries for computing mean and std.dev: (1, 3677)
[M::mem_pestat] mean and std.dev: (672.25, 671.58)
[M::mem_pestat] low and high boundaries for proper pairs: (1, 4841)
[M::mem_pestat] skip orientation FF
[M::mem_pestat] skip orientation RF
[M::mem_pestat] skip orientation RR
[M::process] read 1066668 sequences (160000200 bp)...
[M::mem_process_seqs] Processed 1066668 reads in 775.349 CPU sec, 50.212 real sec
[M::mem_pestat] # candidate unique pairs for (FF, FR, RF, RR): (30, 224645, 62, 29)
[M::mem_pestat] analyzing insert size distribution for orientation FF...
[M::mem_pestat] (25, 50, 75) percentile: (127, 188, 311)
[M::mem_pestat] low and high boundaries for computing mean and std.dev: (1, 679)
[M::mem_pestat] mean and std.dev: (184.54, 91.54)
[M::mem_pestat] low and high boundaries for proper pairs: (1, 863)
[M::mem_pestat] analyzing insert size distribution for orientation FR...
[M::mem_pestat] (25, 50, 75) percentile: (177, 251, 333)
[M::mem_pestat] low and high boundaries for computing mean and std.dev: (1, 645)
[M::mem_pestat] mean and std.dev: (260.35, 112.98)
[M::mem_pestat] low and high boundaries for proper pairs: (1, 801)
[M::mem_pestat] analyzing insert size distribution for orientation RF...
[M::mem_pestat] (25, 50, 75) percentile: (110, 1049, 3045)
[M::mem_pestat] low and high boundaries for computing mean and std.dev: (1, 8915)
[M::mem_pestat] mean and std.dev: (1791.91, 2361.63)
[M::mem_pestat] low and high boundaries for proper pairs: (1, 11850)
[M::mem_pestat] analyzing insert size distribution for orientation RR...
[M::mem_pestat] (25, 50, 75) percentile: (269, 383, 1324)
[M::mem_pestat] low and high boundaries for computing mean and std.dev: (1, 3434)
[M::mem_pestat] mean and std.dev: (637.20, 707.20)
[M::mem_pestat] low and high boundaries for proper pairs: (1, 4489)
[M::mem_pestat] skip orientation FF
[M::mem_pestat] skip orientation RF
[M::mem_pestat] skip orientation RR
[M::process] read 1066668 sequences (160000200 bp)...
[M::mem_process_seqs] Processed 1066668 reads in 769.940 CPU sec, 49.826 real sec
[M::mem_pestat] # candidate unique pairs for (FF, FR, RF, RR): (32, 225151, 47, 28)
[M::mem_pestat] analyzing insert size distribution for orientation FF...
[M::mem_pestat] (25, 50, 75) percentile: (149, 315, 632)
[M::mem_pestat] low and high boundaries for computing mean and std.dev: (1, 1598)
[M::mem_pestat] mean and std.dev: (349.32, 243.91)
[M::mem_pestat] low and high boundaries for proper pairs: (1, 2081)
[M::mem_pestat] analyzing insert size distribution for orientation FR...
[M::mem_pestat] (25, 50, 75) percentile: (178, 251, 332)
[M::mem_pestat] low and high boundaries for computing mean and std.dev: (1, 640)
[M::mem_pestat] mean and std.dev: (260.46, 112.01)
[M::mem_pestat] low and high boundaries for proper pairs: (1, 794)
[M::mem_pestat] analyzing insert size distribution for orientation RF...
[M::mem_pestat] (25, 50, 75) percentile: (453, 1306, 5045)
[M::mem_pestat] low and high boundaries for computing mean and std.dev: (1, 14229)
[M::mem_pestat] mean and std.dev: (2584.45, 2545.55)
[M::mem_pestat] low and high boundaries for proper pairs: (1, 18821)
[M::mem_pestat] analyzing insert size distribution for orientation RR...
[M::mem_pestat] (25, 50, 75) percentile: (176, 313, 480)
[M::mem_pestat] low and high boundaries for computing mean and std.dev: (1, 1088)
[M::mem_pestat] mean and std.dev: (263.00, 151.52)
[M::mem_pestat] low and high boundaries for proper pairs: (1, 1392)
[M::mem_pestat] skip orientation FF
[M::mem_pestat] skip orientation RF
[M::mem_pestat] skip orientation RR
[M::mem_process_seqs] Processed 1066668 reads in 763.195 CPU sec, 50.527 real sec
[M::process] read 1066668 sequences (160000200 bp)...
[M::mem_pestat] # candidate unique pairs for (FF, FR, RF, RR): (30, 225515, 69, 26)
[M::mem_pestat] analyzing insert size distribution for orientation FF...
[M::mem_pestat] (25, 50, 75) percentile: (149, 298, 850)
[M::mem_pestat] low and high boundaries for computing mean and std.dev: (1, 2252)
[M::mem_pestat] mean and std.dev: (374.56, 332.71)
[M::mem_pestat] low and high boundaries for proper pairs: (1, 2953)
[M::mem_pestat] analyzing insert size distribution for orientation FR...
[M::mem_pestat] (25, 50, 75) percentile: (179, 253, 335)
[M::mem_pestat] low and high boundaries for computing mean and std.dev: (1, 647)
[M::mem_pestat] mean and std.dev: (262.12, 112.33)
[M::mem_pestat] low and high boundaries for proper pairs: (1, 803)
[M::mem_pestat] analyzing insert size distribution for orientation RF...
[M::mem_pestat] (25, 50, 75) percentile: (312, 1520, 4643)
[M::mem_pestat] low and high boundaries for computing mean and std.dev: (1, 13305)
[M::mem_pestat] mean and std.dev: (2694.03, 2926.86)
[M::mem_pestat] low and high boundaries for proper pairs: (1, 17636)
[M::mem_pestat] analyzing insert size distribution for orientation RR...
[M::mem_pestat] (25, 50, 75) percentile: (437, 926, 3573)
[M::mem_pestat] low and high boundaries for computing mean and std.dev: (1, 9845)
[M::mem_pestat] mean and std.dev: (2275.77, 2572.86)
[M::mem_pestat] low and high boundaries for proper pairs: (1, 12981)
[M::mem_pestat] skip orientation FF
[M::mem_pestat] skip orientation RF
[M::mem_pestat] skip orientation RR
[M::process] read 1066668 sequences (160000200 bp)...
[M::mem_process_seqs] Processed 1066668 reads in 767.621 CPU sec, 49.362 real sec
[M::mem_pestat] # candidate unique pairs for (FF, FR, RF, RR): (31, 224613, 62, 44)
[M::mem_pestat] analyzing insert size distribution for orientation FF...
[M::mem_pestat] (25, 50, 75) percentile: (166, 506, 1415)
[M::mem_pestat] low and high boundaries for computing mean and std.dev: (1, 3913)
[M::mem_pestat] mean and std.dev: (551.15, 713.87)
[M::mem_pestat] low and high boundaries for proper pairs: (1, 5162)
[M::mem_pestat] analyzing insert size distribution for orientation FR...
[M::mem_pestat] (25, 50, 75) percentile: (182, 257, 338)
[M::mem_pestat] low and high boundaries for computing mean and std.dev: (1, 650)
[M::mem_pestat] mean and std.dev: (265.14, 113.09)
[M::mem_pestat] low and high boundaries for proper pairs: (1, 806)
[M::mem_pestat] analyzing insert size distribution for orientation RF...
[M::mem_pestat] (25, 50, 75) percentile: (437, 1504, 5664)
[M::mem_pestat] low and high boundaries for computing mean and std.dev: (1, 16118)
[M::mem_pestat] mean and std.dev: (3205.31, 3252.36)
[M::mem_pestat] low and high boundaries for proper pairs: (1, 21345)
[M::mem_pestat] analyzing insert size distribution for orientation RR...
[M::mem_pestat] (25, 50, 75) percentile: (180, 455, 1285)
[M::mem_pestat] low and high boundaries for computing mean and std.dev: (1, 3495)
[M::mem_pestat] mean and std.dev: (702.88, 813.80)
[M::mem_pestat] low and high boundaries for proper pairs: (1, 4600)
[M::mem_pestat] skip orientation FF
[M::mem_pestat] skip orientation RF
[M::mem_pestat] skip orientation RR
[M::process] read 1066668 sequences (160000200 bp)...
[M::mem_process_seqs] Processed 1066668 reads in 769.074 CPU sec, 50.134 real sec
[M::mem_pestat] # candidate unique pairs for (FF, FR, RF, RR): (31, 225329, 47, 36)
[M::mem_pestat] analyzing insert size distribution for orientation FF...
[M::mem_pestat] (25, 50, 75) percentile: (137, 289, 859)
[M::mem_pestat] low and high boundaries for computing mean and std.dev: (1, 2303)
[M::mem_pestat] mean and std.dev: (449.76, 441.51)
[M::mem_pestat] low and high boundaries for proper pairs: (1, 3025)
[M::mem_pestat] analyzing insert size distribution for orientation FR...
[M::mem_pestat] (25, 50, 75) percentile: (183, 256, 335)
[M::mem_pestat] low and high boundaries for computing mean and std.dev: (1, 639)
[M::mem_pestat] mean and std.dev: (263.42, 110.64)
[M::mem_pestat] low and high boundaries for proper pairs: (1, 791)
[M::mem_pestat] analyzing insert size distribution for orientation RF...
[M::mem_pestat] (25, 50, 75) percentile: (236, 982, 3066)
[M::mem_pestat] low and high boundaries for computing mean and std.dev: (1, 8726)
[M::mem_pestat] mean and std.dev: (1811.84, 2337.11)
[M::mem_pestat] low and high boundaries for proper pairs: (1, 11556)
[M::mem_pestat] analyzing insert size distribution for orientation RR...
[M::mem_pestat] (25, 50, 75) percentile: (129, 269, 1044)
[M::mem_pestat] low and high boundaries for computing mean and std.dev: (1, 2874)
[M::mem_pestat] mean and std.dev: (520.94, 560.08)
[M::mem_pestat] low and high boundaries for proper pairs: (1, 3789)
[M::mem_pestat] skip orientation FF
[M::mem_pestat] skip orientation RF
[M::mem_pestat] skip orientation RR
[M::process] read 1066668 sequences (160000200 bp)...
[M::mem_process_seqs] Processed 1066668 reads in 768.781 CPU sec, 49.733 real sec
[M::mem_pestat] # candidate unique pairs for (FF, FR, RF, RR): (27, 224722, 77, 43)
[M::mem_pestat] analyzing insert size distribution for orientation FF...
[M::mem_pestat] (25, 50, 75) percentile: (119, 187, 410)
[M::mem_pestat] low and high boundaries for computing mean and std.dev: (1, 992)
[M::mem_pestat] mean and std.dev: (227.22, 197.73)
[M::mem_pestat] low and high boundaries for proper pairs: (1, 1283)
[M::mem_pestat] analyzing insert size distribution for orientation FR...
[M::mem_pestat] (25, 50, 75) percentile: (181, 254, 332)
[M::mem_pestat] low and high boundaries for computing mean and std.dev: (1, 634)
[M::mem_pestat] mean and std.dev: (261.18, 110.05)
[M::mem_pestat] low and high boundaries for proper pairs: (1, 785)
[M::mem_pestat] analyzing insert size distribution for orientation RF...
[M::mem_pestat] (25, 50, 75) percentile: (94, 680, 4518)
[M::mem_pestat] low and high boundaries for computing mean and std.dev: (1, 13366)
[M::mem_pestat] mean and std.dev: (2248.86, 2971.01)
[M::mem_pestat] low and high boundaries for proper pairs: (1, 17790)
[M::mem_pestat] analyzing insert size distribution for orientation RR...
[M::mem_pestat] (25, 50, 75) percentile: (204, 298, 447)
[M::mem_pestat] low and high boundaries for computing mean and std.dev: (1, 933)
[M::mem_pestat] mean and std.dev: (306.03, 166.21)
[M::mem_pestat] low and high boundaries for proper pairs: (1, 1176)
[M::mem_pestat] skip orientation FF
[M::mem_pestat] skip orientation RF
[M::mem_pestat] skip orientation RR
[M::process] read 1066668 sequences (160000200 bp)...
[M::mem_process_seqs] Processed 1066668 reads in 773.979 CPU sec, 50.174 real sec
[M::mem_pestat] # candidate unique pairs for (FF, FR, RF, RR): (22, 224438, 43, 24)
[M::mem_pestat] analyzing insert size distribution for orientation FF...
[M::mem_pestat] (25, 50, 75) percentile: (106, 203, 443)
[M::mem_pestat] low and high boundaries for computing mean and std.dev: (1, 1117)
[M::mem_pestat] mean and std.dev: (224.37, 181.18)
[M::mem_pestat] low and high boundaries for proper pairs: (1, 1454)
[M::mem_pestat] analyzing insert size distribution for orientation FR...
[M::mem_pestat] (25, 50, 75) percentile: (175, 249, 329)
[M::mem_pestat] low and high boundaries for computing mean and std.dev: (1, 637)
[M::mem_pestat] mean and std.dev: (257.52, 111.58)
[M::mem_pestat] low and high boundaries for proper pairs: (1, 791)
[M::mem_pestat] analyzing insert size distribution for orientation RF...
[M::mem_pestat] (25, 50, 75) percentile: (208, 1264, 4579)
[M::mem_pestat] low and high boundaries for computing mean and std.dev: (1, 13321)
[M::mem_pestat] mean and std.dev: (2917.05, 3360.28)
[M::mem_pestat] low and high boundaries for proper pairs: (1, 17692)
[M::mem_pestat] analyzing insert size distribution for orientation RR...
[M::mem_pestat] (25, 50, 75) percentile: (195, 586, 1059)
[M::mem_pestat] low and high boundaries for computing mean and std.dev: (1, 2787)
[M::mem_pestat] mean and std.dev: (612.96, 546.25)
[M::mem_pestat] low and high boundaries for proper pairs: (1, 3651)
[M::mem_pestat] skip orientation FF
[M::mem_pestat] skip orientation RF
[M::mem_pestat] skip orientation RR
[M::process] read 1066668 sequences (160000200 bp)...
[M::mem_process_seqs] Processed 1066668 reads in 765.083 CPU sec, 49.521 real sec
[M::mem_pestat] # candidate unique pairs for (FF, FR, RF, RR): (19, 224241, 72, 27)
[M::mem_pestat] analyzing insert size distribution for orientation FF...
[M::mem_pestat] (25, 50, 75) percentile: (110, 153, 215)
[M::mem_pestat] low and high boundaries for computing mean and std.dev: (1, 425)
[M::mem_pestat] mean and std.dev: (139.06, 64.24)
[M::mem_pestat] low and high boundaries for proper pairs: (1, 530)
[M::mem_pestat] analyzing insert size distribution for orientation FR...
[M::mem_pestat] (25, 50, 75) percentile: (176, 249, 329)
[M::mem_pestat] low and high boundaries for computing mean and std.dev: (1, 635)
[M::mem_pestat] mean and std.dev: (257.87, 111.72)
[M::mem_pestat] low and high boundaries for proper pairs: (1, 788)
[M::mem_pestat] analyzing insert size distribution for orientation RF...
[M::mem_pestat] (25, 50, 75) percentile: (134, 919, 2754)
[M::mem_pestat] low and high boundaries for computing mean and std.dev: (1, 7994)
[M::mem_pestat] mean and std.dev: (1688.16, 2200.56)
[M::mem_pestat] low and high boundaries for proper pairs: (1, 10614)
[M::mem_pestat] analyzing insert size distribution for orientation RR...
[M::mem_pestat] (25, 50, 75) percentile: (146, 366, 1213)
[M::mem_pestat] low and high boundaries for computing mean and std.dev: (1, 3347)
[M::mem_pestat] mean and std.dev: (634.72, 580.14)
[M::mem_pestat] low and high boundaries for proper pairs: (1, 4414)
[M::mem_pestat] skip orientation FF
[M::mem_pestat] skip orientation RF
[M::mem_pestat] skip orientation RR
[M::process] read 1066668 sequences (160000200 bp)...
[M::mem_process_seqs] Processed 1066668 reads in 764.757 CPU sec, 49.438 real sec
[M::mem_pestat] # candidate unique pairs for (FF, FR, RF, RR): (19, 224907, 65, 33)
[M::mem_pestat] analyzing insert size distribution for orientation FF...
[M::mem_pestat] (25, 50, 75) percentile: (108, 184, 609)
[M::mem_pestat] low and high boundaries for computing mean and std.dev: (1, 1611)
[M::mem_pestat] mean and std.dev: (302.47, 357.52)
[M::mem_pestat] low and high boundaries for proper pairs: (1, 2112)
[M::mem_pestat] analyzing insert size distribution for orientation FR...
[M::mem_pestat] (25, 50, 75) percentile: (175, 248, 328)
[M::mem_pestat] low and high boundaries for computing mean and std.dev: (1, 634)
[M::mem_pestat] mean and std.dev: (256.19, 110.14)
[M::mem_pestat] low and high boundaries for proper pairs: (1, 787)
[M::mem_pestat] analyzing insert size distribution for orientation RF...
[M::mem_pestat] (25, 50, 75) percentile: (116, 1044, 7464)
[M::mem_pestat] low and high boundaries for computing mean and std.dev: (1, 22160)
[M::mem_pestat] mean and std.dev: (3221.32, 3830.19)
[M::mem_pestat] low and high boundaries for proper pairs: (1, 29508)
[M::mem_pestat] analyzing insert size distribution for orientation RR...
[M::mem_pestat] (25, 50, 75) percentile: (195, 422, 905)
[M::mem_pestat] low and high boundaries for computing mean and std.dev: (1, 2325)
[M::mem_pestat] mean and std.dev: (429.41, 379.48)
[M::mem_pestat] low and high boundaries for proper pairs: (1, 3035)
[M::mem_pestat] skip orientation FF
[M::mem_pestat] skip orientation RF
[M::mem_pestat] skip orientation RR
[M::process] read 1066668 sequences (160000200 bp)...
[M::mem_process_seqs] Processed 1066668 reads in 763.437 CPU sec, 49.334 real sec
[M::mem_pestat] # candidate unique pairs for (FF, FR, RF, RR): (31, 225176, 61, 36)
[M::mem_pestat] analyzing insert size distribution for orientation FF...
[M::mem_pestat] (25, 50, 75) percentile: (138, 318, 1227)
[M::mem_pestat] low and high boundaries for computing mean and std.dev: (1, 3405)
[M::mem_pestat] mean and std.dev: (425.23, 497.71)
[M::mem_pestat] low and high boundaries for proper pairs: (1, 4494)
[M::mem_pestat] analyzing insert size distribution for orientation FR...
[M::mem_pestat] (25, 50, 75) percentile: (180, 255, 336)
[M::mem_pestat] low and high boundaries for computing mean and std.dev: (1, 648)
[M::mem_pestat] mean and std.dev: (263.70, 113.31)
[M::mem_pestat] low and high boundaries for proper pairs: (1, 804)
[M::mem_pestat] analyzing insert size distribution for orientation RF...
[M::mem_pestat] (25, 50, 75) percentile: (161, 689, 3845)
[M::mem_pestat] low and high boundaries for computing mean and std.dev: (1, 11213)
[M::mem_pestat] mean and std.dev: (2372.72, 3017.44)
[M::mem_pestat] low and high boundaries for proper pairs: (1, 14897)
[M::mem_pestat] analyzing insert size distribution for orientation RR...
[M::mem_pestat] (25, 50, 75) percentile: (217, 294, 1125)
[M::mem_pestat] low and high boundaries for computing mean and std.dev: (1, 2941)
[M::mem_pestat] mean and std.dev: (403.77, 392.82)
[M::mem_pestat] low and high boundaries for proper pairs: (1, 3849)
[M::mem_pestat] skip orientation FF
[M::mem_pestat] skip orientation RF
[M::mem_pestat] skip orientation RR
[M::process] read 1066668 sequences (160000200 bp)...
[M::mem_process_seqs] Processed 1066668 reads in 765.167 CPU sec, 49.571 real sec
[M::mem_pestat] # candidate unique pairs for (FF, FR, RF, RR): (21, 225605, 71, 20)
[M::mem_pestat] analyzing insert size distribution for orientation FF...
[M::mem_pestat] (25, 50, 75) percentile: (163, 307, 2122)
[M::mem_pestat] low and high boundaries for computing mean and std.dev: (1, 6040)
[M::mem_pestat] mean and std.dev: (862.89, 1181.32)
[M::mem_pestat] low and high boundaries for proper pairs: (1, 7999)
[M::mem_pestat] analyzing insert size distribution for orientation FR...
[M::mem_pestat] (25, 50, 75) percentile: (182, 256, 335)
[M::mem_pestat] low and high boundaries for computing mean and std.dev: (1, 641)
[M::mem_pestat] mean and std.dev: (263.71, 111.19)
[M::mem_pestat] low and high boundaries for proper pairs: (1, 794)
[M::mem_pestat] analyzing insert size distribution for orientation RF...
[M::mem_pestat] (25, 50, 75) percentile: (424, 1305, 3501)
[M::mem_pestat] low and high boundaries for computing mean and std.dev: (1, 9655)
[M::mem_pestat] mean and std.dev: (2289.81, 2611.94)
[M::mem_pestat] low and high boundaries for proper pairs: (1, 12738)
[M::mem_pestat] analyzing insert size distribution for orientation RR...
[M::mem_pestat] (25, 50, 75) percentile: (168, 502, 578)
[M::mem_pestat] low and high boundaries for computing mean and std.dev: (1, 1398)
[M::mem_pestat] mean and std.dev: (380.89, 295.25)
[M::mem_pestat] low and high boundaries for proper pairs: (1, 1808)
[M::mem_pestat] skip orientation FF
[M::mem_pestat] skip orientation RF
[M::mem_pestat] skip orientation RR
[M::process] read 1066668 sequences (160000200 bp)...
[M::mem_process_seqs] Processed 1066668 reads in 773.146 CPU sec, 49.969 real sec
[M::mem_pestat] # candidate unique pairs for (FF, FR, RF, RR): (37, 225100, 62, 17)
[M::mem_pestat] analyzing insert size distribution for orientation FF...
[M::mem_pestat] (25, 50, 75) percentile: (224, 646, 4054)
[M::mem_pestat] low and high boundaries for computing mean and std.dev: (1, 11714)
[M::mem_pestat] mean and std.dev: (1547.62, 1829.33)
[M::mem_pestat] low and high boundaries for proper pairs: (1, 15544)
[M::mem_pestat] analyzing insert size distribution for orientation FR...
[M::mem_pestat] (25, 50, 75) percentile: (183, 256, 335)
[M::mem_pestat] low and high boundaries for computing mean and std.dev: (1, 639)
[M::mem_pestat] mean and std.dev: (263.68, 110.61)
[M::mem_pestat] low and high boundaries for proper pairs: (1, 791)
[M::mem_pestat] analyzing insert size distribution for orientation RF...
[M::mem_pestat] (25, 50, 75) percentile: (116, 1936, 8442)
[M::mem_pestat] low and high boundaries for computing mean and std.dev: (1, 25094)
[M::mem_pestat] mean and std.dev: (3672.39, 3945.24)
[M::mem_pestat] low and high boundaries for proper pairs: (1, 33420)
[M::mem_pestat] analyzing insert size distribution for orientation RR...
[M::mem_pestat] (25, 50, 75) percentile: (183, 251, 666)
[M::mem_pestat] low and high boundaries for computing mean and std.dev: (1, 1632)
[M::mem_pestat] mean and std.dev: (312.00, 221.47)
[M::mem_pestat] low and high boundaries for proper pairs: (1, 2115)
[M::mem_pestat] skip orientation FF
[M::mem_pestat] skip orientation RF
[M::mem_pestat] skip orientation RR
[M::process] read 1066668 sequences (160000200 bp)...
[M::mem_process_seqs] Processed 1066668 reads in 771.367 CPU sec, 49.887 real sec
[M::mem_pestat] # candidate unique pairs for (FF, FR, RF, RR): (20, 224420, 59, 41)
[M::mem_pestat] analyzing insert size distribution for orientation FF...
[M::mem_pestat] (25, 50, 75) percentile: (190, 465, 967)
[M::mem_pestat] low and high boundaries for computing mean and std.dev: (1, 2521)
[M::mem_pestat] mean and std.dev: (472.53, 427.14)
[M::mem_pestat] low and high boundaries for proper pairs: (1, 3298)
[M::mem_pestat] analyzing insert size distribution for orientation FR...
[M::mem_pestat] (25, 50, 75) percentile: (176, 249, 330)
[M::mem_pestat] low and high boundaries for computing mean and std.dev: (1, 638)
[M::mem_pestat] mean and std.dev: (258.22, 111.99)
[M::mem_pestat] low and high boundaries for proper pairs: (1, 792)
[M::mem_pestat] analyzing insert size distribution for orientation RF...
[M::mem_pestat] (25, 50, 75) percentile: (118, 862, 4771)
[M::mem_pestat] low and high boundaries for computing mean and std.dev: (1, 14077)
[M::mem_pestat] mean and std.dev: (2274.15, 2703.25)
[M::mem_pestat] low and high boundaries for proper pairs: (1, 18730)
[M::mem_pestat] analyzing insert size distribution for orientation RR...
[M::mem_pestat] (25, 50, 75) percentile: (155, 245, 296)
[M::mem_pestat] low and high boundaries for computing mean and std.dev: (1, 578)
[M::mem_pestat] mean and std.dev: (191.91, 76.73)
[M::mem_pestat] low and high boundaries for proper pairs: (1, 719)
[M::mem_pestat] skip orientation FF
[M::mem_pestat] skip orientation RF
[M::mem_pestat] skip orientation RR
[M::process] read 1066668 sequences (160000200 bp)...
[M::mem_process_seqs] Processed 1066668 reads in 754.728 CPU sec, 48.807 real sec
[M::mem_pestat] # candidate unique pairs for (FF, FR, RF, RR): (31, 224068, 57, 32)
[M::mem_pestat] analyzing insert size distribution for orientation FF...
[M::mem_pestat] (25, 50, 75) percentile: (151, 232, 1031)
[M::mem_pestat] low and high boundaries for computing mean and std.dev: (1, 2791)
[M::mem_pestat] mean and std.dev: (596.53, 657.48)
[M::mem_pestat] low and high boundaries for proper pairs: (1, 3671)
[M::mem_pestat] analyzing insert size distribution for orientation FR...
[M::mem_pestat] (25, 50, 75) percentile: (175, 249, 330)
[M::mem_pestat] low and high boundaries for computing mean and std.dev: (1, 640)
[M::mem_pestat] mean and std.dev: (257.54, 111.74)
[M::mem_pestat] low and high boundaries for proper pairs: (1, 795)
[M::mem_pestat] analyzing insert size distribution for orientation RF...
[M::mem_pestat] (25, 50, 75) percentile: (391, 1581, 6122)
[M::mem_pestat] low and high boundaries for computing mean and std.dev: (1, 17584)
[M::mem_pestat] mean and std.dev: (3205.91, 3354.11)
[M::mem_pestat] low and high boundaries for proper pairs: (1, 23315)
[M::mem_pestat] analyzing insert size distribution for orientation RR...
[M::mem_pestat] (25, 50, 75) percentile: (148, 216, 1010)
[M::mem_pestat] low and high boundaries for computing mean and std.dev: (1, 2734)
[M::mem_pestat] mean and std.dev: (387.71, 458.02)
[M::mem_pestat] low and high boundaries for proper pairs: (1, 3596)
[M::mem_pestat] skip orientation FF
[M::mem_pestat] skip orientation RF
[M::mem_pestat] skip orientation RR
[M::process] read 1066668 sequences (160000200 bp)...
[M::mem_process_seqs] Processed 1066668 reads in 756.267 CPU sec, 49.371 real sec
[M::mem_pestat] # candidate unique pairs for (FF, FR, RF, RR): (33, 224705, 61, 34)
[M::mem_pestat] analyzing insert size distribution for orientation FF...
[M::mem_pestat] (25, 50, 75) percentile: (162, 215, 463)
[M::mem_pestat] low and high boundaries for computing mean and std.dev: (1, 1065)
[M::mem_pestat] mean and std.dev: (283.59, 251.75)
[M::mem_pestat] low and high boundaries for proper pairs: (1, 1366)
[M::mem_pestat] analyzing insert size distribution for orientation FR...
[M::mem_pestat] (25, 50, 75) percentile: (176, 250, 331)
[M::mem_pestat] low and high boundaries for computing mean and std.dev: (1, 641)
[M::mem_pestat] mean and std.dev: (258.89, 111.67)
[M::mem_pestat] low and high boundaries for proper pairs: (1, 796)
[M::mem_pestat] analyzing insert size distribution for orientation RF...
[M::mem_pestat] (25, 50, 75) percentile: (84, 591, 2284)
[M::mem_pestat] low and high boundaries for computing mean and std.dev: (1, 6684)
[M::mem_pestat] mean and std.dev: (1108.17, 1513.26)
[M::mem_pestat] low and high boundaries for proper pairs: (1, 8884)
[M::mem_pestat] analyzing insert size distribution for orientation RR...
[M::mem_pestat] (25, 50, 75) percentile: (155, 883, 1833)
[M::mem_pestat] low and high boundaries for computing mean and std.dev: (1, 5189)
[M::mem_pestat] mean and std.dev: (835.13, 885.62)
[M::mem_pestat] low and high boundaries for proper pairs: (1, 6867)
[M::mem_pestat] skip orientation FF
[M::mem_pestat] skip orientation RF
[M::mem_pestat] skip orientation RR
[M::process] read 1066668 sequences (160000200 bp)...
[M::mem_process_seqs] Processed 1066668 reads in 764.001 CPU sec, 49.289 real sec
[M::mem_pestat] # candidate unique pairs for (FF, FR, RF, RR): (40, 224793, 62, 25)
[M::mem_pestat] analyzing insert size distribution for orientation FF...
[M::mem_pestat] (25, 50, 75) percentile: (166, 267, 720)
[M::mem_pestat] low and high boundaries for computing mean and std.dev: (1, 1828)
[M::mem_pestat] mean and std.dev: (421.29, 372.84)
[M::mem_pestat] low and high boundaries for proper pairs: (1, 2382)
[M::mem_pestat] analyzing insert size distribution for orientation FR...
[M::mem_pestat] (25, 50, 75) percentile: (181, 254, 333)
[M::mem_pestat] low and high boundaries for computing mean and std.dev: (1, 637)
[M::mem_pestat] mean and std.dev: (261.69, 110.41)
[M::mem_pestat] low and high boundaries for proper pairs: (1, 789)
[M::mem_pestat] analyzing insert size distribution for orientation RF...
[M::mem_pestat] (25, 50, 75) percentile: (326, 2806, 6002)
[M::mem_pestat] low and high boundaries for computing mean and std.dev: (1, 17354)
[M::mem_pestat] mean and std.dev: (3360.10, 3181.22)
[M::mem_pestat] low and high boundaries for proper pairs: (1, 23030)
[M::mem_pestat] analyzing insert size distribution for orientation RR...
[M::mem_pestat] (25, 50, 75) percentile: (182, 301, 1267)
[M::mem_pestat] low and high boundaries for computing mean and std.dev: (1, 3437)
[M::mem_pestat] mean and std.dev: (482.36, 476.06)
[M::mem_pestat] low and high boundaries for proper pairs: (1, 4522)
[M::mem_pestat] skip orientation FF
[M::mem_pestat] skip orientation RF
[M::mem_pestat] skip orientation RR
[M::process] read 1066668 sequences (160000200 bp)...
[M::mem_process_seqs] Processed 1066668 reads in 762.155 CPU sec, 49.347 real sec
[M::mem_pestat] # candidate unique pairs for (FF, FR, RF, RR): (31, 224666, 72, 27)
[M::mem_pestat] analyzing insert size distribution for orientation FF...
[M::mem_pestat] (25, 50, 75) percentile: (131, 186, 569)
[M::mem_pestat] low and high boundaries for computing mean and std.dev: (1, 1445)
[M::mem_pestat] mean and std.dev: (250.08, 262.18)
[M::mem_pestat] low and high boundaries for proper pairs: (1, 1883)
[M::mem_pestat] analyzing insert size distribution for orientation FR...
[M::mem_pestat] (25, 50, 75) percentile: (183, 255, 334)
[M::mem_pestat] low and high boundaries for computing mean and std.dev: (1, 636)
[M::mem_pestat] mean and std.dev: (262.61, 109.89)
[M::mem_pestat] low and high boundaries for proper pairs: (1, 787)
[M::mem_pestat] analyzing insert size distribution for orientation RF...
[M::mem_pestat] (25, 50, 75) percentile: (156, 547, 4313)
[M::mem_pestat] low and high boundaries for computing mean and std.dev: (1, 12627)
[M::mem_pestat] mean and std.dev: (2290.83, 2758.07)
[M::mem_pestat] low and high boundaries for proper pairs: (1, 16784)
[M::mem_pestat] analyzing insert size distribution for orientation RR...
[M::mem_pestat] (25, 50, 75) percentile: (178, 401, 1329)
[M::mem_pestat] low and high boundaries for computing mean and std.dev: (1, 3631)
[M::mem_pestat] mean and std.dev: (649.52, 749.75)
[M::mem_pestat] low and high boundaries for proper pairs: (1, 4782)
[M::mem_pestat] skip orientation FF
[M::mem_pestat] skip orientation RF
[M::mem_pestat] skip orientation RR
[M::process] read 1066668 sequences (160000200 bp)...
[M::mem_process_seqs] Processed 1066668 reads in 769.814 CPU sec, 49.662 real sec
[M::mem_pestat] # candidate unique pairs for (FF, FR, RF, RR): (31, 225142, 48, 31)
[M::mem_pestat] analyzing insert size distribution for orientation FF...
[M::mem_pestat] (25, 50, 75) percentile: (137, 231, 562)
[M::mem_pestat] low and high boundaries for computing mean and std.dev: (1, 1412)
[M::mem_pestat] mean and std.dev: (333.75, 279.13)
[M::mem_pestat] low and high boundaries for proper pairs: (1, 1837)
[M::mem_pestat] analyzing insert size distribution for orientation FR...
[M::mem_pestat] (25, 50, 75) percentile: (182, 256, 333)
[M::mem_pestat] low and high boundaries for computing mean and std.dev: (1, 635)
[M::mem_pestat] mean and std.dev: (262.25, 109.32)
[M::mem_pestat] low and high boundaries for proper pairs: (1, 786)
[M::mem_pestat] analyzing insert size distribution for orientation RF...
[M::mem_pestat] (25, 50, 75) percentile: (215, 1059, 5212)
[M::mem_pestat] low and high boundaries for computing mean and std.dev: (1, 15206)
[M::mem_pestat] mean and std.dev: (2765.35, 3222.06)
[M::mem_pestat] low and high boundaries for proper pairs: (1, 20203)
[M::mem_pestat] analyzing insert size distribution for orientation RR...
[M::mem_pestat] (25, 50, 75) percentile: (226, 274, 994)
[M::mem_pestat] low and high boundaries for computing mean and std.dev: (1, 2530)
[M::mem_pestat] mean and std.dev: (494.10, 471.89)
[M::mem_pestat] low and high boundaries for proper pairs: (1, 3298)
[M::mem_pestat] skip orientation FF
[M::mem_pestat] skip orientation RF
[M::mem_pestat] skip orientation RR
[M::process] read 419364 sequences (62904600 bp)...
[M::mem_process_seqs] Processed 1066668 reads in 767.505 CPU sec, 49.624 real sec
[M::mem_pestat] # candidate unique pairs for (FF, FR, RF, RR): (19, 88563, 29, 9)
[M::mem_pestat] analyzing insert size distribution for orientation FF...
[M::mem_pestat] (25, 50, 75) percentile: (119, 213, 641)
[M::mem_pestat] low and high boundaries for computing mean and std.dev: (1, 1685)
[M::mem_pestat] mean and std.dev: (435.47, 445.18)
[M::mem_pestat] low and high boundaries for proper pairs: (1, 2216)
[M::mem_pestat] analyzing insert size distribution for orientation FR...
[M::mem_pestat] (25, 50, 75) percentile: (185, 258, 337)
[M::mem_pestat] low and high boundaries for computing mean and std.dev: (1, 641)
[M::mem_pestat] mean and std.dev: (265.44, 110.35)
[M::mem_pestat] low and high boundaries for proper pairs: (1, 793)
[M::mem_pestat] analyzing insert size distribution for orientation RF...
[M::mem_pestat] (25, 50, 75) percentile: (133, 822, 3924)
[M::mem_pestat] low and high boundaries for computing mean and std.dev: (1, 11506)
[M::mem_pestat] mean and std.dev: (2376.38, 2862.08)
[M::mem_pestat] low and high boundaries for proper pairs: (1, 15297)
[M::mem_pestat] skip orientation RR as there are not enough pairs
[M::mem_pestat] skip orientation FF
[M::mem_pestat] skip orientation RF
[M::mem_process_seqs] Processed 419364 reads in 307.346 CPU sec, 20.535 real sec
[main] Version: 0.7.19-r1273
[main] CMD: bwa mem -t 16 -R @RG\tID:PGB18_Wild_8\tSM:PGB18_Wild_8\tLB:PGB18_Wild_8\tPL:ILLUMINA output/05_realign_xbOstLuri2/reference/GCA_061535525.1_xbOstLuri2_USDA-ARS_PSRF_primary_genomic.fna data/raw/PGB18_Wild_8_S27_L004_R1_001.fastq.gz data/raw/PGB18_Wild_8_S27_L004_R2_001.fastq.gz
[main] Real time: 2662.214 sec; CPU: 40590.397 sec
[bam_sort_core] merging from 3 files and 8 in-memory blocks...
end 2026-09-27T15:38:57Z sample=PGB18_Wild_8
