/opt/ohpc/admin/lmod/lmod/init/bash: line 93: LD_LIBRARY_PATH: unbound variable
start 2026-09-27T12:53:35Z host n3486 sample=HC18_Triton_Wild_15 location=HC18_Triton_Wild
[M::bwa_idx_load_from_disk] read 0 ALT contigs
[M::process] read 1066668 sequences (160000200 bp)...
[M::process] read 1066668 sequences (160000200 bp)...
[M::mem_pestat] # candidate unique pairs for (FF, FR, RF, RR): (25, 223961, 46, 17)
[M::mem_pestat] analyzing insert size distribution for orientation FF...
[M::mem_pestat] (25, 50, 75) percentile: (152, 268, 1321)
[M::mem_pestat] low and high boundaries for computing mean and std.dev: (1, 3659)
[M::mem_pestat] mean and std.dev: (551.35, 741.94)
[M::mem_pestat] low and high boundaries for proper pairs: (1, 4828)
[M::mem_pestat] analyzing insert size distribution for orientation FR...
[M::mem_pestat] (25, 50, 75) percentile: (147, 205, 270)
[M::mem_pestat] low and high boundaries for computing mean and std.dev: (1, 516)
[M::mem_pestat] mean and std.dev: (211.62, 86.39)
[M::mem_pestat] low and high boundaries for proper pairs: (1, 639)
[M::mem_pestat] analyzing insert size distribution for orientation RF...
[M::mem_pestat] (25, 50, 75) percentile: (111, 655, 3846)
[M::mem_pestat] low and high boundaries for computing mean and std.dev: (1, 11316)
[M::mem_pestat] mean and std.dev: (2243.15, 2965.26)
[M::mem_pestat] low and high boundaries for proper pairs: (1, 15051)
[M::mem_pestat] analyzing insert size distribution for orientation RR...
[M::mem_pestat] (25, 50, 75) percentile: (121, 179, 350)
[M::mem_pestat] low and high boundaries for computing mean and std.dev: (1, 808)
[M::mem_pestat] mean and std.dev: (190.33, 107.61)
[M::mem_pestat] low and high boundaries for proper pairs: (1, 1037)
[M::mem_pestat] skip orientation FF
[M::mem_pestat] skip orientation RF
[M::mem_pestat] skip orientation RR
[M::mem_process_seqs] Processed 1066668 reads in 844.176 CPU sec, 56.303 real sec
[M::mem_pestat] # candidate unique pairs for (FF, FR, RF, RR): (19, 225358, 53, 19)
[M::mem_pestat] analyzing insert size distribution for orientation FF...
[M::mem_pestat] (25, 50, 75) percentile: (120, 208, 561)
[M::mem_pestat] low and high boundaries for computing mean and std.dev: (1, 1443)
[M::mem_pestat] mean and std.dev: (253.00, 237.24)
[M::mem_pestat] low and high boundaries for proper pairs: (1, 1884)
[M::mem_pestat] analyzing insert size distribution for orientation FR...
[M::mem_pestat] (25, 50, 75) percentile: (148, 206, 270)
[M::mem_pestat] low and high boundaries for computing mean and std.dev: (1, 514)
[M::mem_pestat] mean and std.dev: (212.13, 86.06)
[M::mem_pestat] low and high boundaries for proper pairs: (1, 636)
[M::mem_pestat] analyzing insert size distribution for orientation RF...
[M::mem_pestat] (25, 50, 75) percentile: (244, 801, 4740)
[M::mem_pestat] low and high boundaries for computing mean and std.dev: (1, 13732)
[M::mem_pestat] mean and std.dev: (2286.77, 2957.59)
[M::mem_pestat] low and high boundaries for proper pairs: (1, 18228)
[M::mem_pestat] analyzing insert size distribution for orientation RR...
[M::mem_pestat] (25, 50, 75) percentile: (174, 584, 4259)
[M::mem_pestat] low and high boundaries for computing mean and std.dev: (1, 12429)
[M::mem_pestat] mean and std.dev: (1958.21, 2628.07)
[M::mem_pestat] low and high boundaries for proper pairs: (1, 16514)
[M::mem_pestat] skip orientation FF
[M::mem_pestat] skip orientation RF
[M::mem_pestat] skip orientation RR
[M::process] read 1066668 sequences (160000200 bp)...
[M::mem_process_seqs] Processed 1066668 reads in 854.692 CPU sec, 55.056 real sec
[M::process] read 1066668 sequences (160000200 bp)...
[M::mem_pestat] # candidate unique pairs for (FF, FR, RF, RR): (25, 224526, 40, 16)
[M::mem_pestat] analyzing insert size distribution for orientation FF...
[M::mem_pestat] (25, 50, 75) percentile: (132, 195, 426)
[M::mem_pestat] low and high boundaries for computing mean and std.dev: (1, 1014)
[M::mem_pestat] mean and std.dev: (221.82, 167.16)
[M::mem_pestat] low and high boundaries for proper pairs: (1, 1308)
[M::mem_pestat] analyzing insert size distribution for orientation FR...
[M::mem_pestat] (25, 50, 75) percentile: (148, 205, 268)
[M::mem_pestat] low and high boundaries for computing mean and std.dev: (1, 508)
[M::mem_pestat] mean and std.dev: (211.06, 84.99)
[M::mem_pestat] low and high boundaries for proper pairs: (1, 628)
[M::mem_pestat] analyzing insert size distribution for orientation RF...
[M::mem_pestat] (25, 50, 75) percentile: (163, 1927, 4177)
[M::mem_pestat] low and high boundaries for computing mean and std.dev: (1, 12205)
[M::mem_pestat] mean and std.dev: (2764.95, 3022.28)
[M::mem_pestat] low and high boundaries for proper pairs: (1, 16219)
[M::mem_pestat] analyzing insert size distribution for orientation RR...
[M::mem_pestat] (25, 50, 75) percentile: (97, 150, 397)
[M::mem_pestat] low and high boundaries for computing mean and std.dev: (1, 997)
[M::mem_pestat] mean and std.dev: (162.38, 102.25)
[M::mem_pestat] low and high boundaries for proper pairs: (1, 1297)
[M::mem_pestat] skip orientation FF
[M::mem_pestat] skip orientation RF
[M::mem_pestat] skip orientation RR
[M::mem_process_seqs] Processed 1066668 reads in 854.987 CPU sec, 55.406 real sec
[M::mem_pestat] # candidate unique pairs for (FF, FR, RF, RR): (23, 225122, 52, 17)
[M::mem_pestat] analyzing insert size distribution for orientation FF...
[M::mem_pestat] (25, 50, 75) percentile: (131, 184, 854)
[M::mem_pestat] low and high boundaries for computing mean and std.dev: (1, 2300)
[M::mem_pestat] mean and std.dev: (442.04, 446.74)
[M::mem_pestat] low and high boundaries for proper pairs: (1, 3023)
[M::mem_pestat] analyzing insert size distribution for orientation FR...
[M::mem_pestat] (25, 50, 75) percentile: (148, 206, 268)
[M::mem_pestat] low and high boundaries for computing mean and std.dev: (1, 508)
[M::mem_pestat] mean and std.dev: (211.43, 84.96)
[M::mem_pestat] low and high boundaries for proper pairs: (1, 628)
[M::mem_pestat] analyzing insert size distribution for orientation RF...
[M::mem_pestat] (25, 50, 75) percentile: (68, 308, 2727)
[M::mem_pestat] low and high boundaries for computing mean and std.dev: (1, 8045)
[M::mem_pestat] mean and std.dev: (1143.47, 1847.04)
[M::mem_pestat] low and high boundaries for proper pairs: (1, 10704)
[M::mem_pestat] analyzing insert size distribution for orientation RR...
[M::mem_pestat] (25, 50, 75) percentile: (99, 190, 1992)
[M::mem_pestat] low and high boundaries for computing mean and std.dev: (1, 5778)
[M::mem_pestat] mean and std.dev: (1048.65, 1666.59)
[M::mem_pestat] low and high boundaries for proper pairs: (1, 7715)
[M::mem_pestat] skip orientation FF
[M::mem_pestat] skip orientation RF
[M::mem_pestat] skip orientation RR
[M::process] read 1066668 sequences (160000200 bp)...
[M::mem_process_seqs] Processed 1066668 reads in 869.717 CPU sec, 56.241 real sec
[M::mem_pestat] # candidate unique pairs for (FF, FR, RF, RR): (29, 224827, 34, 15)
[M::mem_pestat] analyzing insert size distribution for orientation FF...
[M::mem_pestat] (25, 50, 75) percentile: (114, 157, 783)
[M::mem_pestat] low and high boundaries for computing mean and std.dev: (1, 2121)
[M::mem_pestat] mean and std.dev: (216.21, 215.80)
[M::mem_pestat] low and high boundaries for proper pairs: (1, 2790)
[M::mem_pestat] analyzing insert size distribution for orientation FR...
[M::mem_pestat] (25, 50, 75) percentile: (148, 205, 267)
[M::mem_pestat] low and high boundaries for computing mean and std.dev: (1, 505)
[M::mem_pestat] mean and std.dev: (210.65, 84.08)
[M::mem_pestat] low and high boundaries for proper pairs: (1, 624)
[M::mem_pestat] analyzing insert size distribution for orientation RF...
[M::mem_pestat] (25, 50, 75) percentile: (106, 923, 2568)
[M::mem_pestat] low and high boundaries for computing mean and std.dev: (1, 7492)
[M::mem_pestat] mean and std.dev: (1317.03, 1683.31)
[M::mem_pestat] low and high boundaries for proper pairs: (1, 9954)
[M::mem_pestat] analyzing insert size distribution for orientation RR...
[M::mem_pestat] (25, 50, 75) percentile: (204, 253, 1316)
[M::mem_pestat] low and high boundaries for computing mean and std.dev: (1, 3540)
[M::mem_pestat] mean and std.dev: (860.93, 922.34)
[M::mem_pestat] low and high boundaries for proper pairs: (1, 4652)
[M::mem_pestat] skip orientation FF
[M::mem_pestat] skip orientation RF
[M::mem_pestat] skip orientation RR
[M::process] read 1066668 sequences (160000200 bp)...
[M::mem_process_seqs] Processed 1066668 reads in 854.067 CPU sec, 55.136 real sec
[M::mem_pestat] # candidate unique pairs for (FF, FR, RF, RR): (18, 223889, 45, 24)
[M::mem_pestat] analyzing insert size distribution for orientation FF...
[M::mem_pestat] (25, 50, 75) percentile: (169, 316, 524)
[M::mem_pestat] low and high boundaries for computing mean and std.dev: (1, 1234)
[M::mem_pestat] mean and std.dev: (270.64, 156.79)
[M::mem_pestat] low and high boundaries for proper pairs: (1, 1589)
[M::mem_pestat] analyzing insert size distribution for orientation FR...
[M::mem_pestat] (25, 50, 75) percentile: (147, 204, 266)
[M::mem_pestat] low and high boundaries for computing mean and std.dev: (1, 504)
[M::mem_pestat] mean and std.dev: (209.72, 83.94)
[M::mem_pestat] low and high boundaries for proper pairs: (1, 623)
[M::mem_pestat] analyzing insert size distribution for orientation RF...
[M::mem_pestat] (25, 50, 75) percentile: (183, 447, 4491)
[M::mem_pestat] low and high boundaries for computing mean and std.dev: (1, 13107)
[M::mem_pestat] mean and std.dev: (2201.80, 2887.91)
[M::mem_pestat] low and high boundaries for proper pairs: (1, 17415)
[M::mem_pestat] analyzing insert size distribution for orientation RR...
[M::mem_pestat] (25, 50, 75) percentile: (148, 190, 461)
[M::mem_pestat] low and high boundaries for computing mean and std.dev: (1, 1087)
[M::mem_pestat] mean and std.dev: (282.74, 226.14)
[M::mem_pestat] low and high boundaries for proper pairs: (1, 1400)
[M::mem_pestat] skip orientation FF
[M::mem_pestat] skip orientation RF
[M::mem_pestat] skip orientation RR
[M::process] read 1066668 sequences (160000200 bp)...
[M::mem_process_seqs] Processed 1066668 reads in 867.704 CPU sec, 55.851 real sec
[M::mem_pestat] # candidate unique pairs for (FF, FR, RF, RR): (22, 223689, 51, 19)
[M::mem_pestat] analyzing insert size distribution for orientation FF...
[M::mem_pestat] (25, 50, 75) percentile: (107, 248, 951)
[M::mem_pestat] low and high boundaries for computing mean and std.dev: (1, 2639)
[M::mem_pestat] mean and std.dev: (514.52, 651.60)
[M::mem_pestat] low and high boundaries for proper pairs: (1, 3483)
[M::mem_pestat] analyzing insert size distribution for orientation FR...
[M::mem_pestat] (25, 50, 75) percentile: (146, 203, 268)
[M::mem_pestat] low and high boundaries for computing mean and std.dev: (1, 512)
[M::mem_pestat] mean and std.dev: (210.23, 86.51)
[M::mem_pestat] low and high boundaries for proper pairs: (1, 634)
[M::mem_pestat] analyzing insert size distribution for orientation RF...
[M::mem_pestat] (25, 50, 75) percentile: (100, 732, 3573)
[M::mem_pestat] low and high boundaries for computing mean and std.dev: (1, 10519)
[M::mem_pestat] mean and std.dev: (2204.55, 2844.42)
[M::mem_pestat] low and high boundaries for proper pairs: (1, 13992)
[M::mem_pestat] analyzing insert size distribution for orientation RR...
[M::mem_pestat] (25, 50, 75) percentile: (100, 129, 458)
[M::mem_pestat] low and high boundaries for computing mean and std.dev: (1, 1174)
[M::mem_pestat] mean and std.dev: (214.00, 167.76)
[M::mem_pestat] low and high boundaries for proper pairs: (1, 1532)
[M::mem_pestat] skip orientation FF
[M::mem_pestat] skip orientation RF
[M::mem_pestat] skip orientation RR
[M::process] read 1066668 sequences (160000200 bp)...
[M::mem_process_seqs] Processed 1066668 reads in 825.601 CPU sec, 53.354 real sec
[M::mem_pestat] # candidate unique pairs for (FF, FR, RF, RR): (27, 224135, 34, 26)
[M::mem_pestat] analyzing insert size distribution for orientation FF...
[M::mem_pestat] (25, 50, 75) percentile: (148, 201, 564)
[M::mem_pestat] low and high boundaries for computing mean and std.dev: (1, 1396)
[M::mem_pestat] mean and std.dev: (275.04, 289.00)
[M::mem_pestat] low and high boundaries for proper pairs: (1, 1812)
[M::mem_pestat] analyzing insert size distribution for orientation FR...
[M::mem_pestat] (25, 50, 75) percentile: (147, 204, 267)
[M::mem_pestat] low and high boundaries for computing mean and std.dev: (1, 507)
[M::mem_pestat] mean and std.dev: (210.38, 85.41)
[M::mem_pestat] low and high boundaries for proper pairs: (1, 627)
[M::mem_pestat] analyzing insert size distribution for orientation RF...
[M::mem_pestat] (25, 50, 75) percentile: (146, 1232, 4528)
[M::mem_pestat] low and high boundaries for computing mean and std.dev: (1, 13292)
[M::mem_pestat] mean and std.dev: (2420.03, 2890.98)
[M::mem_pestat] low and high boundaries for proper pairs: (1, 17674)
[M::mem_pestat] analyzing insert size distribution for orientation RR...
[M::mem_pestat] (25, 50, 75) percentile: (124, 256, 313)
[M::mem_pestat] low and high boundaries for computing mean and std.dev: (1, 691)
[M::mem_pestat] mean and std.dev: (216.74, 121.91)
[M::mem_pestat] low and high boundaries for proper pairs: (1, 880)
[M::mem_pestat] skip orientation FF
[M::mem_pestat] skip orientation RF
[M::mem_pestat] skip orientation RR
[M::process] read 1066668 sequences (160000200 bp)...
[M::mem_process_seqs] Processed 1066668 reads in 826.988 CPU sec, 53.199 real sec
[M::mem_pestat] # candidate unique pairs for (FF, FR, RF, RR): (21, 224883, 43, 19)
[M::mem_pestat] analyzing insert size distribution for orientation FF...
[M::mem_pestat] (25, 50, 75) percentile: (132, 269, 4640)
[M::mem_pestat] low and high boundaries for computing mean and std.dev: (1, 13656)
[M::mem_pestat] mean and std.dev: (1533.29, 2158.41)
[M::mem_pestat] low and high boundaries for proper pairs: (1, 18164)
[M::mem_pestat] analyzing insert size distribution for orientation FR...
[M::mem_pestat] (25, 50, 75) percentile: (147, 204, 267)
[M::mem_pestat] low and high boundaries for computing mean and std.dev: (1, 507)
[M::mem_pestat] mean and std.dev: (210.74, 85.07)
[M::mem_pestat] low and high boundaries for proper pairs: (1, 627)
[M::mem_pestat] analyzing insert size distribution for orientation RF...
[M::mem_pestat] (25, 50, 75) percentile: (299, 1034, 3472)
[M::mem_pestat] low and high boundaries for computing mean and std.dev: (1, 9818)
[M::mem_pestat] mean and std.dev: (2358.65, 2782.32)
[M::mem_pestat] low and high boundaries for proper pairs: (1, 13488)
[M::mem_pestat] analyzing insert size distribution for orientation RR...
[M::mem_pestat] (25, 50, 75) percentile: (158, 217, 1721)
[M::mem_pestat] low and high boundaries for computing mean and std.dev: (1, 4847)
[M::mem_pestat] mean and std.dev: (755.44, 994.88)
[M::mem_pestat] low and high boundaries for proper pairs: (1, 6410)
[M::mem_pestat] skip orientation FF
[M::mem_pestat] skip orientation RF
[M::mem_pestat] skip orientation RR
[M::process] read 1066668 sequences (160000200 bp)...
[M::mem_process_seqs] Processed 1066668 reads in 858.115 CPU sec, 55.439 real sec
[M::mem_pestat] # candidate unique pairs for (FF, FR, RF, RR): (22, 225735, 39, 21)
[M::mem_pestat] analyzing insert size distribution for orientation FF...
[M::mem_pestat] (25, 50, 75) percentile: (140, 258, 1195)
[M::mem_pestat] low and high boundaries for computing mean and std.dev: (1, 3305)
[M::mem_pestat] mean and std.dev: (822.50, 997.94)
[M::mem_pestat] low and high boundaries for proper pairs: (1, 4814)
[M::mem_pestat] analyzing insert size distribution for orientation FR...
[M::mem_pestat] (25, 50, 75) percentile: (148, 205, 267)
[M::mem_pestat] low and high boundaries for computing mean and std.dev: (1, 505)
[M::mem_pestat] mean and std.dev: (210.66, 84.58)
[M::mem_pestat] low and high boundaries for proper pairs: (1, 624)
[M::mem_pestat] analyzing insert size distribution for orientation RF...
[M::mem_pestat] (25, 50, 75) percentile: (116, 1068, 5962)
[M::mem_pestat] low and high boundaries for computing mean and std.dev: (1, 17654)
[M::mem_pestat] mean and std.dev: (2880.56, 3324.11)
[M::mem_pestat] low and high boundaries for proper pairs: (1, 23500)
[M::mem_pestat] analyzing insert size distribution for orientation RR...
[M::mem_pestat] (25, 50, 75) percentile: (149, 231, 554)
[M::mem_pestat] low and high boundaries for computing mean and std.dev: (1, 1364)
[M::mem_pestat] mean and std.dev: (296.00, 252.33)
[M::mem_pestat] low and high boundaries for proper pairs: (1, 1769)
[M::mem_pestat] skip orientation FF
[M::mem_pestat] skip orientation RF
[M::mem_pestat] skip orientation RR
[M::process] read 1066668 sequences (160000200 bp)...
[M::mem_process_seqs] Processed 1066668 reads in 859.953 CPU sec, 55.505 real sec
[M::mem_pestat] # candidate unique pairs for (FF, FR, RF, RR): (26, 224553, 38, 26)
[M::mem_pestat] analyzing insert size distribution for orientation FF...
[M::mem_pestat] (25, 50, 75) percentile: (131, 201, 625)
[M::mem_pestat] low and high boundaries for computing mean and std.dev: (1, 1613)
[M::mem_pestat] mean and std.dev: (337.42, 368.06)
[M::mem_pestat] low and high boundaries for proper pairs: (1, 2107)
[M::mem_pestat] analyzing insert size distribution for orientation FR...
[M::mem_pestat] (25, 50, 75) percentile: (148, 204, 266)
[M::mem_pestat] low and high boundaries for computing mean and std.dev: (1, 502)
[M::mem_pestat] mean and std.dev: (209.81, 83.93)
[M::mem_pestat] low and high boundaries for proper pairs: (1, 620)
[M::mem_pestat] analyzing insert size distribution for orientation RF...
[M::mem_pestat] (25, 50, 75) percentile: (88, 376, 2525)
[M::mem_pestat] low and high boundaries for computing mean and std.dev: (1, 7399)
[M::mem_pestat] mean and std.dev: (1094.24, 1660.36)
[M::mem_pestat] low and high boundaries for proper pairs: (1, 9836)
[M::mem_pestat] analyzing insert size distribution for orientation RR...
[M::mem_pestat] (25, 50, 75) percentile: (164, 237, 526)
[M::mem_pestat] low and high boundaries for computing mean and std.dev: (1, 1250)
[M::mem_pestat] mean and std.dev: (201.30, 111.38)
[M::mem_pestat] low and high boundaries for proper pairs: (1, 1612)
[M::mem_pestat] skip orientation FF
[M::mem_pestat] skip orientation RF
[M::mem_pestat] skip orientation RR
[M::process] read 1066668 sequences (160000200 bp)...
[M::mem_process_seqs] Processed 1066668 reads in 873.591 CPU sec, 56.498 real sec
[M::mem_pestat] # candidate unique pairs for (FF, FR, RF, RR): (26, 223475, 26, 10)
[M::mem_pestat] analyzing insert size distribution for orientation FF...
[M::mem_pestat] (25, 50, 75) percentile: (96, 145, 479)
[M::mem_pestat] low and high boundaries for computing mean and std.dev: (1, 1245)
[M::mem_pestat] mean and std.dev: (295.04, 298.04)
[M::mem_pestat] low and high boundaries for proper pairs: (1, 1628)
[M::mem_pestat] analyzing insert size distribution for orientation FR...
[M::mem_pestat] (25, 50, 75) percentile: (146, 202, 265)
[M::mem_pestat] low and high boundaries for computing mean and std.dev: (1, 503)
[M::mem_pestat] mean and std.dev: (208.75, 84.59)
[M::mem_pestat] low and high boundaries for proper pairs: (1, 622)
[M::mem_pestat] analyzing insert size distribution for orientation RF...
[M::mem_pestat] (25, 50, 75) percentile: (71, 1094, 2267)
[M::mem_pestat] low and high boundaries for computing mean and std.dev: (1, 6659)
[M::mem_pestat] mean and std.dev: (1517.54, 1887.62)
[M::mem_pestat] low and high boundaries for proper pairs: (1, 9068)
[M::mem_pestat] analyzing insert size distribution for orientation RR...
[M::mem_pestat] (25, 50, 75) percentile: (86, 183, 322)
[M::mem_pestat] low and high boundaries for computing mean and std.dev: (1, 794)
[M::mem_pestat] mean and std.dev: (183.70, 132.14)
[M::mem_pestat] low and high boundaries for proper pairs: (1, 1030)
[M::mem_pestat] skip orientation FF
[M::mem_pestat] skip orientation RF
[M::mem_pestat] skip orientation RR
[M::process] read 1066668 sequences (160000200 bp)...
[M::mem_process_seqs] Processed 1066668 reads in 866.454 CPU sec, 55.913 real sec
[M::mem_pestat] # candidate unique pairs for (FF, FR, RF, RR): (23, 223778, 41, 16)
[M::mem_pestat] analyzing insert size distribution for orientation FF...
[M::mem_pestat] (25, 50, 75) percentile: (107, 205, 751)
[M::mem_pestat] low and high boundaries for computing mean and std.dev: (1, 2039)
[M::mem_pestat] mean and std.dev: (419.90, 515.69)
[M::mem_pestat] low and high boundaries for proper pairs: (1, 2683)
[M::mem_pestat] analyzing insert size distribution for orientation FR...
[M::mem_pestat] (25, 50, 75) percentile: (144, 203, 267)
[M::mem_pestat] low and high boundaries for computing mean and std.dev: (1, 513)
[M::mem_pestat] mean and std.dev: (209.38, 86.50)
[M::mem_pestat] low and high boundaries for proper pairs: (1, 636)
[M::mem_pestat] analyzing insert size distribution for orientation RF...
[M::mem_pestat] (25, 50, 75) percentile: (105, 744, 3121)
[M::mem_pestat] low and high boundaries for computing mean and std.dev: (1, 9153)
[M::mem_pestat] mean and std.dev: (1327.97, 1910.27)
[M::mem_pestat] low and high boundaries for proper pairs: (1, 12169)
[M::mem_pestat] analyzing insert size distribution for orientation RR...
[M::mem_pestat] (25, 50, 75) percentile: (104, 167, 641)
[M::mem_pestat] low and high boundaries for computing mean and std.dev: (1, 1715)
[M::mem_pestat] mean and std.dev: (340.27, 386.11)
[M::mem_pestat] low and high boundaries for proper pairs: (1, 2252)
[M::mem_pestat] skip orientation FF
[M::mem_pestat] skip orientation RF
[M::mem_pestat] skip orientation RR
[M::process] read 1066668 sequences (160000200 bp)...
[M::mem_process_seqs] Processed 1066668 reads in 846.540 CPU sec, 54.899 real sec
[M::mem_pestat] # candidate unique pairs for (FF, FR, RF, RR): (23, 224601, 27, 18)
[M::mem_pestat] analyzing insert size distribution for orientation FF...
[M::mem_pestat] (25, 50, 75) percentile: (109, 139, 909)
[M::mem_pestat] low and high boundaries for computing mean and std.dev: (1, 2509)
[M::mem_pestat] mean and std.dev: (269.47, 311.17)
[M::mem_pestat] low and high boundaries for proper pairs: (1, 3309)
[M::mem_pestat] analyzing insert size distribution for orientation FR...
[M::mem_pestat] (25, 50, 75) percentile: (145, 202, 265)
[M::mem_pestat] low and high boundaries for computing mean and std.dev: (1, 505)
[M::mem_pestat] mean and std.dev: (208.51, 84.87)
[M::mem_pestat] low and high boundaries for proper pairs: (1, 625)
[M::mem_pestat] analyzing insert size distribution for orientation RF...
[M::mem_pestat] (25, 50, 75) percentile: (129, 652, 1801)
[M::mem_pestat] low and high boundaries for computing mean and std.dev: (1, 5145)
[M::mem_pestat] mean and std.dev: (933.25, 1052.21)
[M::mem_pestat] low and high boundaries for proper pairs: (1, 6817)
[M::mem_pestat] analyzing insert size distribution for orientation RR...
[M::mem_pestat] (25, 50, 75) percentile: (165, 241, 577)
[M::mem_pestat] low and high boundaries for computing mean and std.dev: (1, 1401)
[M::mem_pestat] mean and std.dev: (308.56, 304.30)
[M::mem_pestat] low and high boundaries for proper pairs: (1, 1813)
[M::mem_pestat] skip orientation FF
[M::mem_pestat] skip orientation RF
[M::mem_pestat] skip orientation RR
[M::process] read 1066668 sequences (160000200 bp)...
[M::mem_process_seqs] Processed 1066668 reads in 859.994 CPU sec, 55.490 real sec
[M::mem_pestat] # candidate unique pairs for (FF, FR, RF, RR): (25, 224490, 39, 21)
[M::mem_pestat] analyzing insert size distribution for orientation FF...
[M::mem_pestat] (25, 50, 75) percentile: (110, 183, 388)
[M::mem_pestat] low and high boundaries for computing mean and std.dev: (1, 944)
[M::mem_pestat] mean and std.dev: (220.36, 187.09)
[M::mem_pestat] low and high boundaries for proper pairs: (1, 1222)
[M::mem_pestat] analyzing insert size distribution for orientation FR...
[M::mem_pestat] (25, 50, 75) percentile: (146, 203, 266)
[M::mem_pestat] low and high boundaries for computing mean and std.dev: (1, 506)
[M::mem_pestat] mean and std.dev: (209.22, 85.00)
[M::mem_pestat] low and high boundaries for proper pairs: (1, 626)
[M::mem_pestat] analyzing insert size distribution for orientation RF...
[M::mem_pestat] (25, 50, 75) percentile: (220, 805, 5117)
[M::mem_pestat] low and high boundaries for computing mean and std.dev: (1, 14911)
[M::mem_pestat] mean and std.dev: (2413.95, 2920.31)
[M::mem_pestat] low and high boundaries for proper pairs: (1, 19808)
[M::mem_pestat] analyzing insert size distribution for orientation RR...
[M::mem_pestat] (25, 50, 75) percentile: (75, 157, 663)
[M::mem_pestat] low and high boundaries for computing mean and std.dev: (1, 1839)
[M::mem_pestat] mean and std.dev: (207.18, 199.08)
[M::mem_pestat] low and high boundaries for proper pairs: (1, 2427)
[M::mem_pestat] skip orientation FF
[M::mem_pestat] skip orientation RF
[M::mem_pestat] skip orientation RR
[M::process] read 1066668 sequences (160000200 bp)...
[M::mem_process_seqs] Processed 1066668 reads in 853.913 CPU sec, 55.178 real sec
[M::mem_pestat] # candidate unique pairs for (FF, FR, RF, RR): (24, 224896, 55, 20)
[M::mem_pestat] analyzing insert size distribution for orientation FF...
[M::mem_pestat] (25, 50, 75) percentile: (94, 182, 324)
[M::mem_pestat] low and high boundaries for computing mean and std.dev: (1, 784)
[M::mem_pestat] mean and std.dev: (160.89, 86.46)
[M::mem_pestat] low and high boundaries for proper pairs: (1, 1014)
[M::mem_pestat] analyzing insert size distribution for orientation FR...
[M::mem_pestat] (25, 50, 75) percentile: (148, 204, 266)
[M::mem_pestat] low and high boundaries for computing mean and std.dev: (1, 502)
[M::mem_pestat] mean and std.dev: (209.74, 83.83)
[M::mem_pestat] low and high boundaries for proper pairs: (1, 620)
[M::mem_pestat] analyzing insert size distribution for orientation RF...
[M::mem_pestat] (25, 50, 75) percentile: (166, 786, 3323)
[M::mem_pestat] low and high boundaries for computing mean and std.dev: (1, 9637)
[M::mem_pestat] mean and std.dev: (2031.38, 2461.90)
[M::mem_pestat] low and high boundaries for proper pairs: (1, 12794)
[M::mem_pestat] analyzing insert size distribution for orientation RR...
[M::mem_pestat] (25, 50, 75) percentile: (159, 295, 505)
[M::mem_pestat] low and high boundaries for computing mean and std.dev: (1, 1197)
[M::mem_pestat] mean and std.dev: (317.11, 244.40)
[M::mem_pestat] low and high boundaries for proper pairs: (1, 1543)
[M::mem_pestat] skip orientation FF
[M::mem_pestat] skip orientation RF
[M::mem_pestat] skip orientation RR
[M::process] read 1066668 sequences (160000200 bp)...
[M::mem_process_seqs] Processed 1066668 reads in 853.515 CPU sec, 55.053 real sec
[M::mem_pestat] # candidate unique pairs for (FF, FR, RF, RR): (27, 225254, 29, 24)
[M::mem_pestat] analyzing insert size distribution for orientation FF...
[M::mem_pestat] (25, 50, 75) percentile: (157, 278, 662)
[M::mem_pestat] low and high boundaries for computing mean and std.dev: (1, 1672)
[M::mem_pestat] mean and std.dev: (299.35, 200.11)
[M::mem_pestat] low and high boundaries for proper pairs: (1, 2177)
[M::mem_pestat] analyzing insert size distribution for orientation FR...
[M::mem_pestat] (25, 50, 75) percentile: (148, 204, 266)
[M::mem_pestat] low and high boundaries for computing mean and std.dev: (1, 502)
[M::mem_pestat] mean and std.dev: (209.89, 83.73)
[M::mem_pestat] low and high boundaries for proper pairs: (1, 620)
[M::mem_pestat] analyzing insert size distribution for orientation RF...
[M::mem_pestat] (25, 50, 75) percentile: (121, 534, 1858)
[M::mem_pestat] low and high boundaries for computing mean and std.dev: (1, 5332)
[M::mem_pestat] mean and std.dev: (722.00, 782.76)
[M::mem_pestat] low and high boundaries for proper pairs: (1, 7069)
[M::mem_pestat] analyzing insert size distribution for orientation RR...
[M::mem_pestat] (25, 50, 75) percentile: (147, 223, 397)
[M::mem_pestat] low and high boundaries for computing mean and std.dev: (1, 897)
[M::mem_pestat] mean and std.dev: (243.36, 148.47)
[M::mem_pestat] low and high boundaries for proper pairs: (1, 1147)
[M::mem_pestat] skip orientation FF
[M::mem_pestat] skip orientation RF
[M::mem_pestat] skip orientation RR
[M::process] read 1066668 sequences (160000200 bp)...
[M::mem_process_seqs] Processed 1066668 reads in 843.932 CPU sec, 54.456 real sec
[M::mem_pestat] # candidate unique pairs for (FF, FR, RF, RR): (20, 224476, 45, 21)
[M::mem_pestat] analyzing insert size distribution for orientation FF...
[M::mem_pestat] (25, 50, 75) percentile: (116, 268, 1277)
[M::mem_pestat] low and high boundaries for computing mean and std.dev: (1, 3599)
[M::mem_pestat] mean and std.dev: (430.12, 482.74)
[M::mem_pestat] low and high boundaries for proper pairs: (1, 4760)
[M::mem_pestat] analyzing insert size distribution for orientation FR...
[M::mem_pestat] (25, 50, 75) percentile: (145, 202, 265)
[M::mem_pestat] low and high boundaries for computing mean and std.dev: (1, 505)
[M::mem_pestat] mean and std.dev: (208.29, 85.00)
[M::mem_pestat] low and high boundaries for proper pairs: (1, 625)
[M::mem_pestat] analyzing insert size distribution for orientation RF...
[M::mem_pestat] (25, 50, 75) percentile: (105, 470, 2172)
[M::mem_pestat] low and high boundaries for computing mean and std.dev: (1, 6306)
[M::mem_pestat] mean and std.dev: (1009.02, 1397.04)
[M::mem_pestat] low and high boundaries for proper pairs: (1, 8373)
[M::mem_pestat] analyzing insert size distribution for orientation RR...
[M::mem_pestat] (25, 50, 75) percentile: (127, 198, 1005)
[M::mem_pestat] low and high boundaries for computing mean and std.dev: (1, 2761)
[M::mem_pestat] mean and std.dev: (243.88, 226.68)
[M::mem_pestat] low and high boundaries for proper pairs: (1, 3639)
[M::mem_pestat] skip orientation FF
[M::mem_pestat] skip orientation RF
[M::mem_pestat] skip orientation RR
[M::process] read 1066668 sequences (160000200 bp)...
[M::mem_process_seqs] Processed 1066668 reads in 837.872 CPU sec, 54.262 real sec
