/opt/ohpc/admin/lmod/lmod/init/bash: line 93: LD_LIBRARY_PATH: unbound variable
start 2026-09-27T13:37:21Z host n3433 sample=MB_1a location=MB
[M::bwa_idx_load_from_disk] read 0 ALT contigs
[M::process] read 1066668 sequences (160000200 bp)...
[M::process] read 1066668 sequences (160000200 bp)...
[M::mem_pestat] # candidate unique pairs for (FF, FR, RF, RR): (37, 223741, 66, 37)
[M::mem_pestat] analyzing insert size distribution for orientation FF...
[M::mem_pestat] (25, 50, 75) percentile: (292, 387, 997)
[M::mem_pestat] low and high boundaries for computing mean and std.dev: (1, 2407)
[M::mem_pestat] mean and std.dev: (599.32, 497.39)
[M::mem_pestat] low and high boundaries for proper pairs: (1, 3112)
[M::mem_pestat] analyzing insert size distribution for orientation FR...
[M::mem_pestat] (25, 50, 75) percentile: (293, 384, 487)
[M::mem_pestat] low and high boundaries for computing mean and std.dev: (1, 875)
[M::mem_pestat] mean and std.dev: (389.92, 150.43)
[M::mem_pestat] low and high boundaries for proper pairs: (1, 1069)
[M::mem_pestat] analyzing insert size distribution for orientation RF...
[M::mem_pestat] (25, 50, 75) percentile: (338, 1579, 4548)
[M::mem_pestat] low and high boundaries for computing mean and std.dev: (1, 12968)
[M::mem_pestat] mean and std.dev: (2767.29, 3026.20)
[M::mem_pestat] low and high boundaries for proper pairs: (1, 17178)
[M::mem_pestat] analyzing insert size distribution for orientation RR...
[M::mem_pestat] (25, 50, 75) percentile: (237, 388, 719)
[M::mem_pestat] low and high boundaries for computing mean and std.dev: (1, 1683)
[M::mem_pestat] mean and std.dev: (361.62, 171.04)
[M::mem_pestat] low and high boundaries for proper pairs: (1, 2165)
[M::mem_pestat] skip orientation FF
[M::mem_pestat] skip orientation RF
[M::mem_pestat] skip orientation RR
[M::mem_process_seqs] Processed 1066668 reads in 828.898 CPU sec, 58.370 real sec
[M::mem_pestat] # candidate unique pairs for (FF, FR, RF, RR): (30, 224459, 87, 49)
[M::mem_pestat] analyzing insert size distribution for orientation FF...
[M::mem_pestat] (25, 50, 75) percentile: (218, 460, 1006)
[M::mem_pestat] low and high boundaries for computing mean and std.dev: (1, 2582)
[M::mem_pestat] mean and std.dev: (593.96, 511.61)
[M::mem_pestat] low and high boundaries for proper pairs: (1, 3370)
[M::mem_pestat] analyzing insert size distribution for orientation FR...
[M::mem_pestat] (25, 50, 75) percentile: (298, 390, 497)
[M::mem_pestat] low and high boundaries for computing mean and std.dev: (1, 895)
[M::mem_pestat] mean and std.dev: (397.49, 153.15)
[M::mem_pestat] low and high boundaries for proper pairs: (1, 1094)
[M::mem_pestat] analyzing insert size distribution for orientation RF...
[M::mem_pestat] (25, 50, 75) percentile: (553, 1634, 3910)
[M::mem_pestat] low and high boundaries for computing mean and std.dev: (1, 10624)
[M::mem_pestat] mean and std.dev: (2845.13, 3097.99)
[M::mem_pestat] low and high boundaries for proper pairs: (1, 15237)
[M::mem_pestat] analyzing insert size distribution for orientation RR...
[M::mem_pestat] (25, 50, 75) percentile: (459, 1074, 2463)
[M::mem_pestat] low and high boundaries for computing mean and std.dev: (1, 6471)
[M::mem_pestat] mean and std.dev: (1686.96, 1650.71)
[M::mem_pestat] low and high boundaries for proper pairs: (1, 8475)
[M::mem_pestat] skip orientation FF
[M::mem_pestat] skip orientation RF
[M::mem_pestat] skip orientation RR
[M::process] read 1066668 sequences (160000200 bp)...
[M::mem_process_seqs] Processed 1066668 reads in 821.159 CPU sec, 56.611 real sec
[M::mem_pestat] # candidate unique pairs for (FF, FR, RF, RR): (29, 224505, 53, 28)
[M::mem_pestat] analyzing insert size distribution for orientation FF...
[M::mem_pestat] (25, 50, 75) percentile: (383, 482, 975)
[M::mem_pestat] low and high boundaries for computing mean and std.dev: (1, 2159)
[M::mem_pestat] mean and std.dev: (539.84, 363.28)
[M::mem_pestat] low and high boundaries for proper pairs: (1, 2751)
[M::mem_pestat] analyzing insert size distribution for orientation FR...
[M::mem_pestat] (25, 50, 75) percentile: (296, 389, 500)
[M::mem_pestat] low and high boundaries for computing mean and std.dev: (1, 908)
[M::mem_pestat] mean and std.dev: (397.97, 156.08)
[M::mem_pestat] low and high boundaries for proper pairs: (1, 1112)
[M::mem_pestat] analyzing insert size distribution for orientation RF...
[M::mem_pestat] (25, 50, 75) percentile: (357, 910, 3082)
[M::mem_pestat] low and high boundaries for computing mean and std.dev: (1, 8532)
[M::mem_pestat] mean and std.dev: (2083.23, 2486.84)
[M::mem_pestat] low and high boundaries for proper pairs: (1, 12031)
[M::mem_pestat] analyzing insert size distribution for orientation RR...
[M::mem_pestat] (25, 50, 75) percentile: (534, 714, 1911)
[M::mem_pestat] low and high boundaries for computing mean and std.dev: (1, 4665)
[M::mem_pestat] mean and std.dev: (1408.36, 1299.37)
[M::mem_pestat] low and high boundaries for proper pairs: (1, 6606)
[M::mem_pestat] skip orientation FF
[M::mem_pestat] skip orientation RF
[M::mem_pestat] skip orientation RR
[M::process] read 1066668 sequences (160000200 bp)...
[M::mem_process_seqs] Processed 1066668 reads in 827.486 CPU sec, 56.226 real sec
[M::mem_pestat] # candidate unique pairs for (FF, FR, RF, RR): (27, 224270, 72, 45)
[M::mem_pestat] analyzing insert size distribution for orientation FF...
[M::mem_pestat] (25, 50, 75) percentile: (277, 648, 2182)
[M::mem_pestat] low and high boundaries for computing mean and std.dev: (1, 5992)
[M::mem_pestat] mean and std.dev: (1120.12, 1195.43)
[M::mem_pestat] low and high boundaries for proper pairs: (1, 7897)
[M::mem_pestat] analyzing insert size distribution for orientation FR...
[M::mem_pestat] (25, 50, 75) percentile: (294, 388, 498)
[M::mem_pestat] low and high boundaries for computing mean and std.dev: (1, 906)
[M::mem_pestat] mean and std.dev: (396.09, 155.13)
[M::mem_pestat] low and high boundaries for proper pairs: (1, 1110)
[M::mem_pestat] analyzing insert size distribution for orientation RF...
[M::mem_pestat] (25, 50, 75) percentile: (402, 1800, 5131)
[M::mem_pestat] low and high boundaries for computing mean and std.dev: (1, 14589)
[M::mem_pestat] mean and std.dev: (2855.93, 2894.00)
[M::mem_pestat] low and high boundaries for proper pairs: (1, 19318)
[M::mem_pestat] analyzing insert size distribution for orientation RR...
[M::mem_pestat] (25, 50, 75) percentile: (261, 431, 1045)
[M::mem_pestat] low and high boundaries for computing mean and std.dev: (1, 2613)
[M::mem_pestat] mean and std.dev: (575.68, 527.55)
[M::mem_pestat] low and high boundaries for proper pairs: (1, 3397)
[M::mem_pestat] skip orientation FF
[M::mem_pestat] skip orientation RF
[M::mem_pestat] skip orientation RR
[M::process] read 1066668 sequences (160000200 bp)...
[M::mem_process_seqs] Processed 1066668 reads in 831.404 CPU sec, 58.849 real sec
[M::mem_pestat] # candidate unique pairs for (FF, FR, RF, RR): (36, 224767, 87, 34)
[M::mem_pestat] analyzing insert size distribution for orientation FF...
[M::mem_pestat] (25, 50, 75) percentile: (254, 781, 2090)
[M::mem_pestat] low and high boundaries for computing mean and std.dev: (1, 5762)
[M::mem_pestat] mean and std.dev: (1263.00, 1506.12)
[M::mem_pestat] low and high boundaries for proper pairs: (1, 7598)
[M::mem_pestat] analyzing insert size distribution for orientation FR...
[M::mem_pestat] (25, 50, 75) percentile: (294, 387, 496)
[M::mem_pestat] low and high boundaries for computing mean and std.dev: (1, 900)
[M::mem_pestat] mean and std.dev: (395.49, 154.31)
[M::mem_pestat] low and high boundaries for proper pairs: (1, 1102)
[M::mem_pestat] analyzing insert size distribution for orientation RF...
[M::mem_pestat] (25, 50, 75) percentile: (482, 1328, 4302)
[M::mem_pestat] low and high boundaries for computing mean and std.dev: (1, 11942)
[M::mem_pestat] mean and std.dev: (2919.29, 3140.68)
[M::mem_pestat] low and high boundaries for proper pairs: (1, 15762)
[M::mem_pestat] analyzing insert size distribution for orientation RR...
[M::mem_pestat] (25, 50, 75) percentile: (340, 649, 1313)
[M::mem_pestat] low and high boundaries for computing mean and std.dev: (1, 3259)
[M::mem_pestat] mean and std.dev: (681.55, 456.37)
[M::mem_pestat] low and high boundaries for proper pairs: (1, 4232)
[M::mem_pestat] skip orientation FF
[M::mem_pestat] skip orientation RF
[M::mem_pestat] skip orientation RR
[M::process] read 1066668 sequences (160000200 bp)...
[M::mem_process_seqs] Processed 1066668 reads in 853.424 CPU sec, 57.411 real sec
[M::mem_pestat] # candidate unique pairs for (FF, FR, RF, RR): (35, 223987, 75, 30)
[M::mem_pestat] analyzing insert size distribution for orientation FF...
[M::mem_pestat] (25, 50, 75) percentile: (280, 439, 1031)
[M::mem_pestat] low and high boundaries for computing mean and std.dev: (1, 2533)
[M::mem_pestat] mean and std.dev: (691.94, 677.48)
[M::mem_pestat] low and high boundaries for proper pairs: (1, 3402)
[M::mem_pestat] analyzing insert size distribution for orientation FR...
[M::mem_pestat] (25, 50, 75) percentile: (289, 380, 489)
[M::mem_pestat] low and high boundaries for computing mean and std.dev: (1, 889)
[M::mem_pestat] mean and std.dev: (389.32, 153.15)
[M::mem_pestat] low and high boundaries for proper pairs: (1, 1089)
[M::mem_pestat] analyzing insert size distribution for orientation RF...
[M::mem_pestat] (25, 50, 75) percentile: (365, 964, 3754)
[M::mem_pestat] low and high boundaries for computing mean and std.dev: (1, 10532)
[M::mem_pestat] mean and std.dev: (2279.36, 2506.89)
[M::mem_pestat] low and high boundaries for proper pairs: (1, 13921)
[M::mem_pestat] analyzing insert size distribution for orientation RR...
[M::mem_pestat] (25, 50, 75) percentile: (202, 363, 487)
[M::mem_pestat] low and high boundaries for computing mean and std.dev: (1, 1057)
[M::mem_pestat] mean and std.dev: (363.79, 223.14)
[M::mem_pestat] low and high boundaries for proper pairs: (1, 1342)
[M::mem_pestat] skip orientation FF
[M::mem_pestat] skip orientation RF
[M::mem_pestat] skip orientation RR
[M::process] read 1066668 sequences (160000200 bp)...
[M::mem_process_seqs] Processed 1066668 reads in 839.230 CPU sec, 55.712 real sec
[M::mem_pestat] # candidate unique pairs for (FF, FR, RF, RR): (39, 223998, 71, 33)
[M::mem_pestat] analyzing insert size distribution for orientation FF...
[M::mem_pestat] (25, 50, 75) percentile: (390, 789, 1428)
[M::mem_pestat] low and high boundaries for computing mean and std.dev: (1, 3504)
[M::mem_pestat] mean and std.dev: (791.73, 603.60)
[M::mem_pestat] low and high boundaries for proper pairs: (1, 4542)
[M::mem_pestat] analyzing insert size distribution for orientation FR...
[M::mem_pestat] (25, 50, 75) percentile: (290, 383, 493)
[M::mem_pestat] low and high boundaries for computing mean and std.dev: (1, 899)
[M::mem_pestat] mean and std.dev: (392.70, 154.79)
[M::mem_pestat] low and high boundaries for proper pairs: (1, 1102)
[M::mem_pestat] analyzing insert size distribution for orientation RF...
[M::mem_pestat] (25, 50, 75) percentile: (422, 973, 2683)
[M::mem_pestat] low and high boundaries for computing mean and std.dev: (1, 7205)
[M::mem_pestat] mean and std.dev: (1624.11, 1760.62)
[M::mem_pestat] low and high boundaries for proper pairs: (1, 9466)
[M::mem_pestat] analyzing insert size distribution for orientation RR...
[M::mem_pestat] (25, 50, 75) percentile: (311, 432, 2972)
[M::mem_pestat] low and high boundaries for computing mean and std.dev: (1, 8294)
[M::mem_pestat] mean and std.dev: (1506.39, 1919.79)
[M::mem_pestat] low and high boundaries for proper pairs: (1, 10955)
[M::mem_pestat] skip orientation FF
[M::mem_pestat] skip orientation RF
[M::mem_pestat] skip orientation RR
[M::process] read 1066668 sequences (160000200 bp)...
[M::mem_process_seqs] Processed 1066668 reads in 840.984 CPU sec, 56.834 real sec
[M::mem_pestat] # candidate unique pairs for (FF, FR, RF, RR): (49, 222768, 83, 25)
[M::mem_pestat] analyzing insert size distribution for orientation FF...
[M::mem_pestat] (25, 50, 75) percentile: (229, 361, 1535)
[M::mem_pestat] low and high boundaries for computing mean and std.dev: (1, 4147)
[M::mem_pestat] mean and std.dev: (683.28, 671.75)
[M::mem_pestat] low and high boundaries for proper pairs: (1, 5453)
[M::mem_pestat] analyzing insert size distribution for orientation FR...
[M::mem_pestat] (25, 50, 75) percentile: (295, 390, 500)
[M::mem_pestat] low and high boundaries for computing mean and std.dev: (1, 910)
[M::mem_pestat] mean and std.dev: (397.28, 156.62)
[M::mem_pestat] low and high boundaries for proper pairs: (1, 1115)
[M::mem_pestat] analyzing insert size distribution for orientation RF...
[M::mem_pestat] (25, 50, 75) percentile: (270, 1330, 5316)
[M::mem_pestat] low and high boundaries for computing mean and std.dev: (1, 15408)
[M::mem_pestat] mean and std.dev: (2851.83, 3209.08)
[M::mem_pestat] low and high boundaries for proper pairs: (1, 20454)
[M::mem_pestat] analyzing insert size distribution for orientation RR...
[M::mem_pestat] (25, 50, 75) percentile: (403, 914, 1984)
[M::mem_pestat] low and high boundaries for computing mean and std.dev: (1, 5146)
[M::mem_pestat] mean and std.dev: (1285.88, 1396.94)
[M::mem_pestat] low and high boundaries for proper pairs: (1, 6874)
[M::mem_pestat] skip orientation FF
[M::mem_pestat] skip orientation RF
[M::mem_pestat] skip orientation RR
[M::process] read 1066668 sequences (160000200 bp)...
[M::mem_process_seqs] Processed 1066668 reads in 827.650 CPU sec, 54.299 real sec
[M::mem_pestat] # candidate unique pairs for (FF, FR, RF, RR): (39, 224987, 56, 44)
[M::mem_pestat] analyzing insert size distribution for orientation FF...
[M::mem_pestat] (25, 50, 75) percentile: (333, 409, 1430)
[M::mem_pestat] low and high boundaries for computing mean and std.dev: (1, 3624)
[M::mem_pestat] mean and std.dev: (765.68, 759.14)
[M::mem_pestat] low and high boundaries for proper pairs: (1, 4721)
[M::mem_pestat] analyzing insert size distribution for orientation FR...
[M::mem_pestat] (25, 50, 75) percentile: (302, 398, 509)
[M::mem_pestat] low and high boundaries for computing mean and std.dev: (1, 923)
[M::mem_pestat] mean and std.dev: (405.60, 157.82)
[M::mem_pestat] low and high boundaries for proper pairs: (1, 1130)
[M::mem_pestat] analyzing insert size distribution for orientation RF...
[M::mem_pestat] (25, 50, 75) percentile: (208, 3493, 6585)
[M::mem_pestat] low and high boundaries for computing mean and std.dev: (1, 19339)
[M::mem_pestat] mean and std.dev: (3805.57, 3436.94)
[M::mem_pestat] low and high boundaries for proper pairs: (1, 25716)
[M::mem_pestat] analyzing insert size distribution for orientation RR...
[M::mem_pestat] (25, 50, 75) percentile: (281, 537, 812)
[M::mem_pestat] low and high boundaries for computing mean and std.dev: (1, 1874)
[M::mem_pestat] mean and std.dev: (551.13, 421.25)
[M::mem_pestat] low and high boundaries for proper pairs: (1, 2405)
[M::mem_pestat] skip orientation FF
[M::mem_pestat] skip orientation RF
[M::mem_pestat] skip orientation RR
[M::process] read 1066668 sequences (160000200 bp)...
[M::mem_process_seqs] Processed 1066668 reads in 819.589 CPU sec, 56.231 real sec
[M::mem_pestat] # candidate unique pairs for (FF, FR, RF, RR): (40, 224055, 79, 38)
[M::mem_pestat] analyzing insert size distribution for orientation FF...
[M::mem_pestat] (25, 50, 75) percentile: (330, 684, 2005)
[M::mem_pestat] low and high boundaries for computing mean and std.dev: (1, 5355)
[M::mem_pestat] mean and std.dev: (967.43, 919.29)
[M::mem_pestat] low and high boundaries for proper pairs: (1, 7030)
[M::mem_pestat] analyzing insert size distribution for orientation FR...
[M::mem_pestat] (25, 50, 75) percentile: (297, 393, 505)
[M::mem_pestat] low and high boundaries for computing mean and std.dev: (1, 921)
[M::mem_pestat] mean and std.dev: (401.53, 158.71)
[M::mem_pestat] low and high boundaries for proper pairs: (1, 1129)
[M::mem_pestat] analyzing insert size distribution for orientation RF...
[M::mem_pestat] (25, 50, 75) percentile: (328, 1452, 5332)
[M::mem_pestat] low and high boundaries for computing mean and std.dev: (1, 15340)
[M::mem_pestat] mean and std.dev: (2750.97, 2840.73)
[M::mem_pestat] low and high boundaries for proper pairs: (1, 20344)
[M::mem_pestat] analyzing insert size distribution for orientation RR...
[M::mem_pestat] (25, 50, 75) percentile: (437, 575, 1513)
[M::mem_pestat] low and high boundaries for computing mean and std.dev: (1, 3665)
[M::mem_pestat] mean and std.dev: (846.69, 720.25)
[M::mem_pestat] low and high boundaries for proper pairs: (1, 4741)
[M::mem_pestat] skip orientation FF
[M::mem_pestat] skip orientation RF
[M::mem_pestat] skip orientation RR
[M::process] read 1066668 sequences (160000200 bp)...
[M::mem_process_seqs] Processed 1066668 reads in 828.379 CPU sec, 55.806 real sec
[M::mem_pestat] # candidate unique pairs for (FF, FR, RF, RR): (33, 225843, 69, 42)
[M::mem_pestat] analyzing insert size distribution for orientation FF...
[M::mem_pestat] (25, 50, 75) percentile: (300, 513, 4268)
[M::mem_pestat] low and high boundaries for computing mean and std.dev: (1, 12204)
[M::mem_pestat] mean and std.dev: (2119.97, 2810.53)
[M::mem_pestat] low and high boundaries for proper pairs: (1, 16172)
[M::mem_pestat] analyzing insert size distribution for orientation FR...
[M::mem_pestat] (25, 50, 75) percentile: (296, 391, 503)
[M::mem_pestat] low and high boundaries for computing mean and std.dev: (1, 917)
[M::mem_pestat] mean and std.dev: (400.19, 157.39)
[M::mem_pestat] low and high boundaries for proper pairs: (1, 1124)
[M::mem_pestat] analyzing insert size distribution for orientation RF...
[M::mem_pestat] (25, 50, 75) percentile: (313, 1344, 3892)
[M::mem_pestat] low and high boundaries for computing mean and std.dev: (1, 11050)
[M::mem_pestat] mean and std.dev: (2137.67, 2368.37)
[M::mem_pestat] low and high boundaries for proper pairs: (1, 14629)
[M::mem_pestat] analyzing insert size distribution for orientation RR...
[M::mem_pestat] (25, 50, 75) percentile: (367, 582, 1664)
[M::mem_pestat] low and high boundaries for computing mean and std.dev: (1, 4258)
[M::mem_pestat] mean and std.dev: (953.95, 908.39)
[M::mem_pestat] low and high boundaries for proper pairs: (1, 5555)
[M::mem_pestat] skip orientation FF
[M::mem_pestat] skip orientation RF
[M::mem_pestat] skip orientation RR
[M::process] read 1066668 sequences (160000200 bp)...
[M::mem_process_seqs] Processed 1066668 reads in 822.867 CPU sec, 60.051 real sec
[M::mem_pestat] # candidate unique pairs for (FF, FR, RF, RR): (37, 224794, 73, 43)
[M::mem_pestat] analyzing insert size distribution for orientation FF...
[M::mem_pestat] (25, 50, 75) percentile: (288, 559, 1004)
[M::mem_pestat] low and high boundaries for computing mean and std.dev: (1, 2436)
[M::mem_pestat] mean and std.dev: (496.43, 335.67)
[M::mem_pestat] low and high boundaries for proper pairs: (1, 3152)
[M::mem_pestat] analyzing insert size distribution for orientation FR...
[M::mem_pestat] (25, 50, 75) percentile: (296, 391, 502)
[M::mem_pestat] low and high boundaries for computing mean and std.dev: (1, 914)
[M::mem_pestat] mean and std.dev: (399.13, 156.86)
[M::mem_pestat] low and high boundaries for proper pairs: (1, 1120)
[M::mem_pestat] analyzing insert size distribution for orientation RF...
[M::mem_pestat] (25, 50, 75) percentile: (303, 1017, 3168)
[M::mem_pestat] low and high boundaries for computing mean and std.dev: (1, 8898)
[M::mem_pestat] mean and std.dev: (2055.34, 2416.53)
[M::mem_pestat] low and high boundaries for proper pairs: (1, 11763)
[M::mem_pestat] analyzing insert size distribution for orientation RR...
[M::mem_pestat] (25, 50, 75) percentile: (240, 605, 1315)
[M::mem_pestat] low and high boundaries for computing mean and std.dev: (1, 3465)
[M::mem_pestat] mean and std.dev: (772.20, 716.94)
[M::mem_pestat] low and high boundaries for proper pairs: (1, 4540)
[M::mem_pestat] skip orientation FF
[M::mem_pestat] skip orientation RF
[M::mem_pestat] skip orientation RR
[M::process] read 1066668 sequences (160000200 bp)...
[M::mem_process_seqs] Processed 1066668 reads in 826.280 CPU sec, 60.221 real sec
[M::mem_pestat] # candidate unique pairs for (FF, FR, RF, RR): (36, 224420, 80, 39)
[M::mem_pestat] analyzing insert size distribution for orientation FF...
[M::mem_pestat] (25, 50, 75) percentile: (339, 559, 1359)
[M::mem_pestat] low and high boundaries for computing mean and std.dev: (1, 3399)
[M::mem_pestat] mean and std.dev: (798.29, 697.40)
[M::mem_pestat] low and high boundaries for proper pairs: (1, 4419)
[M::mem_pestat] analyzing insert size distribution for orientation FR...
[M::mem_pestat] (25, 50, 75) percentile: (291, 386, 499)
[M::mem_pestat] low and high boundaries for computing mean and std.dev: (1, 915)
[M::mem_pestat] mean and std.dev: (395.65, 157.66)
[M::mem_pestat] low and high boundaries for proper pairs: (1, 1123)
[M::mem_pestat] analyzing insert size distribution for orientation RF...
[M::mem_pestat] (25, 50, 75) percentile: (158, 1125, 4074)
[M::mem_pestat] low and high boundaries for computing mean and std.dev: (1, 11906)
[M::mem_pestat] mean and std.dev: (2446.61, 2984.64)
[M::mem_pestat] low and high boundaries for proper pairs: (1, 15822)
[M::mem_pestat] analyzing insert size distribution for orientation RR...
[M::mem_pestat] (25, 50, 75) percentile: (323, 472, 2365)
[M::mem_pestat] low and high boundaries for computing mean and std.dev: (1, 6449)
[M::mem_pestat] mean and std.dev: (1112.06, 1613.56)
[M::mem_pestat] low and high boundaries for proper pairs: (1, 8491)
[M::mem_pestat] skip orientation FF
[M::mem_pestat] skip orientation RF
[M::mem_pestat] skip orientation RR
[M::process] read 1066668 sequences (160000200 bp)...
[M::mem_process_seqs] Processed 1066668 reads in 844.371 CPU sec, 58.014 real sec
[M::mem_pestat] # candidate unique pairs for (FF, FR, RF, RR): (32, 223231, 96, 27)
[M::mem_pestat] analyzing insert size distribution for orientation FF...
[M::mem_pestat] (25, 50, 75) percentile: (362, 652, 1540)
[M::mem_pestat] low and high boundaries for computing mean and std.dev: (1, 3896)
[M::mem_pestat] mean and std.dev: (841.90, 819.36)
[M::mem_pestat] low and high boundaries for proper pairs: (1, 5074)
[M::mem_pestat] analyzing insert size distribution for orientation FR...
[M::mem_pestat] (25, 50, 75) percentile: (289, 383, 494)
[M::mem_pestat] low and high boundaries for computing mean and std.dev: (1, 904)
[M::mem_pestat] mean and std.dev: (392.53, 155.78)
[M::mem_pestat] low and high boundaries for proper pairs: (1, 1109)
[M::mem_pestat] analyzing insert size distribution for orientation RF...
[M::mem_pestat] (25, 50, 75) percentile: (407, 2062, 7015)
[M::mem_pestat] low and high boundaries for computing mean and std.dev: (1, 20231)
[M::mem_pestat] mean and std.dev: (3415.10, 3350.42)
[M::mem_pestat] low and high boundaries for proper pairs: (1, 26839)
[M::mem_pestat] analyzing insert size distribution for orientation RR...
[M::mem_pestat] (25, 50, 75) percentile: (313, 649, 1819)
[M::mem_pestat] low and high boundaries for computing mean and std.dev: (1, 4831)
[M::mem_pestat] mean and std.dev: (1002.92, 1190.82)
[M::mem_pestat] low and high boundaries for proper pairs: (1, 6337)
[M::mem_pestat] skip orientation FF
[M::mem_pestat] skip orientation RF
[M::mem_pestat] skip orientation RR
[M::process] read 1066668 sequences (160000200 bp)...
[M::mem_process_seqs] Processed 1066668 reads in 849.907 CPU sec, 58.508 real sec
[M::mem_pestat] # candidate unique pairs for (FF, FR, RF, RR): (31, 223456, 89, 24)
[M::mem_pestat] analyzing insert size distribution for orientation FF...
[M::mem_pestat] (25, 50, 75) percentile: (373, 963, 1891)
[M::mem_pestat] low and high boundaries for computing mean and std.dev: (1, 4927)
[M::mem_pestat] mean and std.dev: (931.92, 799.90)
[M::mem_pestat] low and high boundaries for proper pairs: (1, 6445)
[M::mem_pestat] analyzing insert size distribution for orientation FR...
[M::mem_pestat] (25, 50, 75) percentile: (292, 387, 497)
[M::mem_pestat] low and high boundaries for computing mean and std.dev: (1, 907)
[M::mem_pestat] mean and std.dev: (394.31, 156.48)
[M::mem_pestat] low and high boundaries for proper pairs: (1, 1112)
[M::mem_pestat] analyzing insert size distribution for orientation RF...
[M::mem_pestat] (25, 50, 75) percentile: (509, 1597, 5272)
[M::mem_pestat] low and high boundaries for computing mean and std.dev: (1, 14798)
[M::mem_pestat] mean and std.dev: (2725.55, 2789.50)
[M::mem_pestat] low and high boundaries for proper pairs: (1, 19561)
[M::mem_pestat] analyzing insert size distribution for orientation RR...
[M::mem_pestat] (25, 50, 75) percentile: (461, 542, 2144)
[M::mem_pestat] low and high boundaries for computing mean and std.dev: (1, 5510)
[M::mem_pestat] mean and std.dev: (794.33, 669.07)
[M::mem_pestat] low and high boundaries for proper pairs: (1, 7193)
[M::mem_pestat] skip orientation FF
[M::mem_pestat] skip orientation RF
[M::mem_pestat] skip orientation RR
[M::process] read 1066668 sequences (160000200 bp)...
[M::mem_process_seqs] Processed 1066668 reads in 815.383 CPU sec, 59.387 real sec
[M::mem_pestat] # candidate unique pairs for (FF, FR, RF, RR): (51, 224282, 75, 45)
[M::mem_pestat] analyzing insert size distribution for orientation FF...
[M::mem_pestat] (25, 50, 75) percentile: (273, 561, 3469)
[M::mem_pestat] low and high boundaries for computing mean and std.dev: (1, 9861)
[M::mem_pestat] mean and std.dev: (1668.96, 2022.52)
[M::mem_pestat] low and high boundaries for proper pairs: (1, 13057)
[M::mem_pestat] analyzing insert size distribution for orientation FR...
[M::mem_pestat] (25, 50, 75) percentile: (298, 394, 503)
[M::mem_pestat] low and high boundaries for computing mean and std.dev: (1, 913)
[M::mem_pestat] mean and std.dev: (400.45, 156.64)
[M::mem_pestat] low and high boundaries for proper pairs: (1, 1118)
[M::mem_pestat] analyzing insert size distribution for orientation RF...
[M::mem_pestat] (25, 50, 75) percentile: (449, 915, 6267)
[M::mem_pestat] low and high boundaries for computing mean and std.dev: (1, 17903)
[M::mem_pestat] mean and std.dev: (2809.32, 3206.51)
[M::mem_pestat] low and high boundaries for proper pairs: (1, 23721)
[M::mem_pestat] analyzing insert size distribution for orientation RR...
[M::mem_pestat] (25, 50, 75) percentile: (357, 655, 1536)
[M::mem_pestat] low and high boundaries for computing mean and std.dev: (1, 3894)
[M::mem_pestat] mean and std.dev: (750.58, 520.47)
[M::mem_pestat] low and high boundaries for proper pairs: (1, 5073)
[M::mem_pestat] skip orientation FF
[M::mem_pestat] skip orientation RF
[M::mem_pestat] skip orientation RR
[M::process] read 1066668 sequences (160000200 bp)...
[M::mem_process_seqs] Processed 1066668 reads in 826.668 CPU sec, 58.367 real sec
[M::mem_pestat] # candidate unique pairs for (FF, FR, RF, RR): (31, 224358, 67, 31)
[M::mem_pestat] analyzing insert size distribution for orientation FF...
[M::mem_pestat] (25, 50, 75) percentile: (276, 379, 1718)
[M::mem_pestat] low and high boundaries for computing mean and std.dev: (1, 4602)
[M::mem_pestat] mean and std.dev: (758.41, 952.31)
[M::mem_pestat] low and high boundaries for proper pairs: (1, 6044)
[M::mem_pestat] analyzing insert size distribution for orientation FR...
[M::mem_pestat] (25, 50, 75) percentile: (290, 384, 496)
[M::mem_pestat] low and high boundaries for computing mean and std.dev: (1, 908)
[M::mem_pestat] mean and std.dev: (394.00, 157.76)
[M::mem_pestat] low and high boundaries for proper pairs: (1, 1114)
[M::mem_pestat] analyzing insert size distribution for orientation RF...
[M::mem_pestat] (25, 50, 75) percentile: (399, 986, 5744)
[M::mem_pestat] low and high boundaries for computing mean and std.dev: (1, 16434)
[M::mem_pestat] mean and std.dev: (3094.30, 3476.34)
[M::mem_pestat] low and high boundaries for proper pairs: (1, 21779)
[M::mem_pestat] analyzing insert size distribution for orientation RR...
[M::mem_pestat] (25, 50, 75) percentile: (297, 496, 2118)
[M::mem_pestat] low and high boundaries for computing mean and std.dev: (1, 5760)
[M::mem_pestat] mean and std.dev: (1192.27, 1314.17)
[M::mem_pestat] low and high boundaries for proper pairs: (1, 7581)
[M::mem_pestat] skip orientation FF
[M::mem_pestat] skip orientation RF
[M::mem_pestat] skip orientation RR
[M::process] read 1066668 sequences (160000200 bp)...
[M::mem_process_seqs] Processed 1066668 reads in 828.971 CPU sec, 59.055 real sec
[M::mem_pestat] # candidate unique pairs for (FF, FR, RF, RR): (38, 223754, 77, 40)
[M::mem_pestat] analyzing insert size distribution for orientation FF...
[M::mem_pestat] (25, 50, 75) percentile: (244, 487, 2698)
[M::mem_pestat] low and high boundaries for computing mean and std.dev: (1, 7606)
[M::mem_pestat] mean and std.dev: (1422.97, 1679.51)
[M::mem_pestat] low and high boundaries for proper pairs: (1, 10060)
[M::mem_pestat] analyzing insert size distribution for orientation FR...
[M::mem_pestat] (25, 50, 75) percentile: (290, 385, 497)
[M::mem_pestat] low and high boundaries for computing mean and std.dev: (1, 911)
[M::mem_pestat] mean and std.dev: (394.08, 157.37)
[M::mem_pestat] low and high boundaries for proper pairs: (1, 1118)
[M::mem_pestat] analyzing insert size distribution for orientation RF...
[M::mem_pestat] (25, 50, 75) percentile: (426, 1365, 4980)
[M::mem_pestat] low and high boundaries for computing mean and std.dev: (1, 14088)
[M::mem_pestat] mean and std.dev: (2787.79, 2784.70)
[M::mem_pestat] low and high boundaries for proper pairs: (1, 18642)
[M::mem_pestat] analyzing insert size distribution for orientation RR...
[M::mem_pestat] (25, 50, 75) percentile: (399, 576, 1192)
[M::mem_pestat] low and high boundaries for computing mean and std.dev: (1, 2778)
[M::mem_pestat] mean and std.dev: (770.03, 626.26)
[M::mem_pestat] low and high boundaries for proper pairs: (1, 3571)
[M::mem_pestat] skip orientation FF
[M::mem_pestat] skip orientation RF
[M::mem_pestat] skip orientation RR
[M::process] read 1066668 sequences (160000200 bp)...
[M::mem_process_seqs] Processed 1066668 reads in 823.891 CPU sec, 57.813 real sec
[M::mem_pestat] # candidate unique pairs for (FF, FR, RF, RR): (34, 224542, 94, 32)
[M::mem_pestat] analyzing insert size distribution for orientation FF...
[M::mem_pestat] (25, 50, 75) percentile: (298, 425, 1210)
[M::mem_pestat] low and high boundaries for computing mean and std.dev: (1, 3034)
[M::mem_pestat] mean and std.dev: (537.34, 437.07)
[M::mem_pestat] low and high boundaries for proper pairs: (1, 3946)
[M::mem_pestat] analyzing insert size distribution for orientation FR...
[M::mem_pestat] (25, 50, 75) percentile: (295, 390, 503)
[M::mem_pestat] low and high boundaries for computing mean and std.dev: (1, 919)
[M::mem_pestat] mean and std.dev: (399.47, 158.43)
[M::mem_pestat] low and high boundaries for proper pairs: (1, 1127)
[M::mem_pestat] analyzing insert size distribution for orientation RF...
[M::mem_pestat] (25, 50, 75) percentile: (228, 831, 3236)
[M::mem_pestat] low and high boundaries for computing mean and std.dev: (1, 9252)
[M::mem_pestat] mean and std.dev: (2057.26, 2803.16)
[M::mem_pestat] low and high boundaries for proper pairs: (1, 13270)
[M::mem_pestat] analyzing insert size distribution for orientation RR...
[M::mem_pestat] (25, 50, 75) percentile: (219, 499, 2201)
[M::mem_pestat] low and high boundaries for computing mean and std.dev: (1, 6165)
[M::mem_pestat] mean and std.dev: (1040.40, 1416.61)
[M::mem_pestat] low and high boundaries for proper pairs: (1, 8147)
[M::mem_pestat] skip orientation FF
[M::mem_pestat] skip orientation RF
[M::mem_pestat] skip orientation RR
[M::process] read 1066668 sequences (160000200 bp)...
[M::mem_process_seqs] Processed 1066668 reads in 836.571 CPU sec, 56.794 real sec
[M::mem_pestat] # candidate unique pairs for (FF, FR, RF, RR): (48, 224199, 78, 43)
[M::mem_pestat] analyzing insert size distribution for orientation FF...
[M::mem_pestat] (25, 50, 75) percentile: (337, 553, 1851)
[M::mem_pestat] low and high boundaries for computing mean and std.dev: (1, 4879)
[M::mem_pestat] mean and std.dev: (710.73, 701.24)
[M::mem_pestat] low and high boundaries for proper pairs: (1, 6393)
[M::mem_pestat] analyzing insert size distribution for orientation FR...
[M::mem_pestat] (25, 50, 75) percentile: (292, 387, 501)
[M::mem_pestat] low and high boundaries for computing mean and std.dev: (1, 919)
[M::mem_pestat] mean and std.dev: (397.46, 158.66)
[M::mem_pestat] low and high boundaries for proper pairs: (1, 1128)
[M::mem_pestat] analyzing insert size distribution for orientation RF...
[M::mem_pestat] (25, 50, 75) percentile: (339, 1102, 4954)
[M::mem_pestat] low and high boundaries for computing mean and std.dev: (1, 14184)
[M::mem_pestat] mean and std.dev: (2727.23, 2833.74)
[M::mem_pestat] low and high boundaries for proper pairs: (1, 18799)
[M::mem_pestat] analyzing insert size distribution for orientation RR...
[M::mem_pestat] (25, 50, 75) percentile: (223, 605, 2902)
[M::mem_pestat] low and high boundaries for computing mean and std.dev: (1, 8260)
[M::mem_pestat] mean and std.dev: (1495.77, 1877.40)
[M::mem_pestat] low and high boundaries for proper pairs: (1, 10939)
[M::mem_pestat] skip orientation FF
[M::mem_pestat] skip orientation RF
[M::mem_pestat] skip orientation RR
[M::process] read 1066668 sequences (160000200 bp)...
[M::mem_process_seqs] Processed 1066668 reads in 841.923 CPU sec, 65.122 real sec
[M::mem_pestat] # candidate unique pairs for (FF, FR, RF, RR): (32, 224688, 80, 34)
[M::mem_pestat] analyzing insert size distribution for orientation FF...
[M::mem_pestat] (25, 50, 75) percentile: (247, 503, 3813)
[M::mem_pestat] low and high boundaries for computing mean and std.dev: (1, 10945)
[M::mem_pestat] mean and std.dev: (1833.47, 2368.85)
[M::mem_pestat] low and high boundaries for proper pairs: (1, 14511)
[M::mem_pestat] analyzing insert size distribution for orientation FR...
[M::mem_pestat] (25, 50, 75) percentile: (291, 384, 496)
[M::mem_pestat] low and high boundaries for computing mean and std.dev: (1, 906)
[M::mem_pestat] mean and std.dev: (394.42, 156.96)
[M::mem_pestat] low and high boundaries for proper pairs: (1, 1111)
[M::mem_pestat] analyzing insert size distribution for orientation RF...
[M::mem_pestat] (25, 50, 75) percentile: (371, 1131, 5928)
[M::mem_pestat] low and high boundaries for computing mean and std.dev: (1, 17042)
[M::mem_pestat] mean and std.dev: (2796.89, 3221.69)
[M::mem_pestat] low and high boundaries for proper pairs: (1, 22599)
[M::mem_pestat] analyzing insert size distribution for orientation RR...
[M::mem_pestat] (25, 50, 75) percentile: (320, 588, 886)
[M::mem_pestat] low and high boundaries for computing mean and std.dev: (1, 2018)
[M::mem_pestat] mean and std.dev: (539.79, 305.62)
[M::mem_pestat] low and high boundaries for proper pairs: (1, 2584)
[M::mem_pestat] skip orientation FF
[M::mem_pestat] skip orientation RF
[M::mem_pestat] skip orientation RR
[M::process] read 1066668 sequences (160000200 bp)...
[M::mem_process_seqs] Processed 1066668 reads in 837.458 CPU sec, 59.289 real sec
[M::mem_pestat] # candidate unique pairs for (FF, FR, RF, RR): (26, 223585, 71, 38)
[M::mem_pestat] analyzing insert size distribution for orientation FF...
[M::mem_pestat] (25, 50, 75) percentile: (439, 514, 2224)
[M::mem_pestat] low and high boundaries for computing mean and std.dev: (1, 5794)
[M::mem_pestat] mean and std.dev: (1135.92, 1177.21)
[M::mem_pestat] low and high boundaries for proper pairs: (1, 7579)
[M::mem_pestat] analyzing insert size distribution for orientation FR...
[M::mem_pestat] (25, 50, 75) percentile: (292, 386, 495)
[M::mem_pestat] low and high boundaries for computing mean and std.dev: (1, 901)
[M::mem_pestat] mean and std.dev: (393.47, 155.73)
[M::mem_pestat] low and high boundaries for proper pairs: (1, 1104)
[M::mem_pestat] analyzing insert size distribution for orientation RF...
[M::mem_pestat] (25, 50, 75) percentile: (520, 1605, 4535)
[M::mem_pestat] low and high boundaries for computing mean and std.dev: (1, 12565)
[M::mem_pestat] mean and std.dev: (2857.80, 2795.56)
[M::mem_pestat] low and high boundaries for proper pairs: (1, 16580)
[M::mem_pestat] analyzing insert size distribution for orientation RR...
[M::mem_pestat] (25, 50, 75) percentile: (255, 433, 1795)
[M::mem_pestat] low and high boundaries for computing mean and std.dev: (1, 4875)
[M::mem_pestat] mean and std.dev: (1053.14, 1153.75)
[M::mem_pestat] low and high boundaries for proper pairs: (1, 6415)
[M::mem_pestat] skip orientation FF
[M::mem_pestat] skip orientation RF
[M::mem_pestat] skip orientation RR
[M::process] read 1066668 sequences (160000200 bp)...
[M::mem_process_seqs] Processed 1066668 reads in 823.208 CPU sec, 57.574 real sec
[M::mem_pestat] # candidate unique pairs for (FF, FR, RF, RR): (36, 223497, 66, 23)
[M::mem_pestat] analyzing insert size distribution for orientation FF...
[M::mem_pestat] (25, 50, 75) percentile: (349, 949, 2567)
[M::mem_pestat] low and high boundaries for computing mean and std.dev: (1, 7003)
[M::mem_pestat] mean and std.dev: (1413.66, 1436.55)
[M::mem_pestat] low and high boundaries for proper pairs: (1, 9221)
[M::mem_pestat] analyzing insert size distribution for orientation FR...
[M::mem_pestat] (25, 50, 75) percentile: (297, 391, 500)
[M::mem_pestat] low and high boundaries for computing mean and std.dev: (1, 906)
[M::mem_pestat] mean and std.dev: (397.95, 155.02)
[M::mem_pestat] low and high boundaries for proper pairs: (1, 1109)
[M::mem_pestat] analyzing insert size distribution for orientation RF...
[M::mem_pestat] (25, 50, 75) percentile: (566, 1660, 5881)
[M::mem_pestat] low and high boundaries for computing mean and std.dev: (1, 16511)
[M::mem_pestat] mean and std.dev: (3252.26, 3179.39)
[M::mem_pestat] low and high boundaries for proper pairs: (1, 21826)
[M::mem_pestat] analyzing insert size distribution for orientation RR...
[M::mem_pestat] (25, 50, 75) percentile: (351, 819, 1365)
[M::mem_pestat] low and high boundaries for computing mean and std.dev: (1, 3393)
[M::mem_pestat] mean and std.dev: (770.55, 510.00)
[M::mem_pestat] low and high boundaries for proper pairs: (1, 4407)
[M::mem_pestat] skip orientation FF
[M::mem_pestat] skip orientation RF
[M::mem_pestat] skip orientation RR
[M::process] read 1066668 sequences (160000200 bp)...
[M::mem_process_seqs] Processed 1066668 reads in 813.491 CPU sec, 57.022 real sec
[M::mem_pestat] # candidate unique pairs for (FF, FR, RF, RR): (28, 223668, 57, 39)
[M::mem_pestat] analyzing insert size distribution for orientation FF...
[M::mem_pestat] (25, 50, 75) percentile: (446, 566, 1130)
[M::mem_pestat] low and high boundaries for computing mean and std.dev: (1, 2498)
[M::mem_pestat] mean and std.dev: (528.36, 286.02)
[M::mem_pestat] low and high boundaries for proper pairs: (1, 3182)
[M::mem_pestat] analyzing insert size distribution for orientation FR...
[M::mem_pestat] (25, 50, 75) percentile: (293, 388, 497)
[M::mem_pestat] low and high boundaries for computing mean and std.dev: (1, 905)
[M::mem_pestat] mean and std.dev: (395.11, 155.75)
[M::mem_pestat] low and high boundaries for proper pairs: (1, 1109)
[M::mem_pestat] analyzing insert size distribution for orientation RF...
[M::mem_pestat] (25, 50, 75) percentile: (89, 1122, 3142)
[M::mem_pestat] low and high boundaries for computing mean and std.dev: (1, 9248)
[M::mem_pestat] mean and std.dev: (2235.30, 2513.23)
[M::mem_pestat] low and high boundaries for proper pairs: (1, 12301)
[M::mem_pestat] analyzing insert size distribution for orientation RR...
[M::mem_pestat] (25, 50, 75) percentile: (372, 974, 2473)
[M::mem_pestat] low and high boundaries for computing mean and std.dev: (1, 6675)
[M::mem_pestat] mean and std.dev: (1218.32, 1106.25)
[M::mem_pestat] low and high boundaries for proper pairs: (1, 8776)
[M::mem_pestat] skip orientation FF
[M::mem_pestat] skip orientation RF
[M::mem_pestat] skip orientation RR
[M::process] read 1066668 sequences (160000200 bp)...
[M::mem_process_seqs] Processed 1066668 reads in 827.225 CPU sec, 57.240 real sec
[M::mem_pestat] # candidate unique pairs for (FF, FR, RF, RR): (35, 223825, 83, 35)
[M::mem_pestat] analyzing insert size distribution for orientation FF...
[M::mem_pestat] (25, 50, 75) percentile: (399, 523, 1166)
[M::mem_pestat] low and high boundaries for computing mean and std.dev: (1, 2700)
[M::mem_pestat] mean and std.dev: (741.44, 552.46)
[M::mem_pestat] low and high boundaries for proper pairs: (1, 3467)
[M::mem_pestat] analyzing insert size distribution for orientation FR...
[M::mem_pestat] (25, 50, 75) percentile: (294, 388, 500)
[M::mem_pestat] low and high boundaries for computing mean and std.dev: (1, 912)
[M::mem_pestat] mean and std.dev: (397.08, 156.90)
[M::mem_pestat] low and high boundaries for proper pairs: (1, 1118)
[M::mem_pestat] analyzing insert size distribution for orientation RF...
[M::mem_pestat] (25, 50, 75) percentile: (169, 1042, 5718)
[M::mem_pestat] low and high boundaries for computing mean and std.dev: (1, 16816)
[M::mem_pestat] mean and std.dev: (2874.02, 3348.69)
[M::mem_pestat] low and high boundaries for proper pairs: (1, 22365)
[M::mem_pestat] analyzing insert size distribution for orientation RR...
[M::mem_pestat] (25, 50, 75) percentile: (238, 502, 1661)
[M::mem_pestat] low and high boundaries for computing mean and std.dev: (1, 4507)
[M::mem_pestat] mean and std.dev: (791.88, 837.30)
[M::mem_pestat] low and high boundaries for proper pairs: (1, 5930)
[M::mem_pestat] skip orientation FF
[M::mem_pestat] skip orientation RF
[M::mem_pestat] skip orientation RR
[M::process] read 1066668 sequences (160000200 bp)...
[M::mem_process_seqs] Processed 1066668 reads in 826.351 CPU sec, 61.264 real sec
[M::mem_pestat] # candidate unique pairs for (FF, FR, RF, RR): (33, 223236, 76, 17)
[M::mem_pestat] analyzing insert size distribution for orientation FF...
[M::mem_pestat] (25, 50, 75) percentile: (249, 439, 869)
[M::mem_pestat] low and high boundaries for computing mean and std.dev: (1, 2109)
[M::mem_pestat] mean and std.dev: (486.17, 343.39)
[M::mem_pestat] low and high boundaries for proper pairs: (1, 2729)
[M::mem_pestat] analyzing insert size distribution for orientation FR...
[M::mem_pestat] (25, 50, 75) percentile: (292, 386, 497)
[M::mem_pestat] low and high boundaries for computing mean and std.dev: (1, 907)
[M::mem_pestat] mean and std.dev: (395.09, 156.68)
[M::mem_pestat] low and high boundaries for proper pairs: (1, 1112)
[M::mem_pestat] analyzing insert size distribution for orientation RF...
[M::mem_pestat] (25, 50, 75) percentile: (335, 821, 3764)
[M::mem_pestat] low and high boundaries for computing mean and std.dev: (1, 10622)
[M::mem_pestat] mean and std.dev: (2271.32, 2846.48)
[M::mem_pestat] low and high boundaries for proper pairs: (1, 14051)
[M::mem_pestat] analyzing insert size distribution for orientation RR...
[M::mem_pestat] (25, 50, 75) percentile: (345, 1365, 6829)
[M::mem_pestat] low and high boundaries for computing mean and std.dev: (1, 19797)
[M::mem_pestat] mean and std.dev: (2675.53, 3270.14)
[M::mem_pestat] low and high boundaries for proper pairs: (1, 26281)
[M::mem_pestat] skip orientation FF
[M::mem_pestat] skip orientation RF
[M::mem_pestat] skip orientation RR
[M::process] read 1066668 sequences (160000200 bp)...
[M::mem_process_seqs] Processed 1066668 reads in 832.997 CPU sec, 58.786 real sec
[M::mem_pestat] # candidate unique pairs for (FF, FR, RF, RR): (29, 223621, 62, 46)
[M::mem_pestat] analyzing insert size distribution for orientation FF...
[M::mem_pestat] (25, 50, 75) percentile: (256, 523, 1214)
[M::mem_pestat] low and high boundaries for computing mean and std.dev: (1, 3130)
[M::mem_pestat] mean and std.dev: (695.56, 595.14)
[M::mem_pestat] low and high boundaries for proper pairs: (1, 4088)
[M::mem_pestat] analyzing insert size distribution for orientation FR...
[M::mem_pestat] (25, 50, 75) percentile: (291, 386, 498)
[M::mem_pestat] low and high boundaries for computing mean and std.dev: (1, 912)
[M::mem_pestat] mean and std.dev: (395.09, 157.13)
[M::mem_pestat] low and high boundaries for proper pairs: (1, 1119)
[M::mem_pestat] analyzing insert size distribution for orientation RF...
[M::mem_pestat] (25, 50, 75) percentile: (166, 887, 5317)
[M::mem_pestat] low and high boundaries for computing mean and std.dev: (1, 15619)
[M::mem_pestat] mean and std.dev: (2511.73, 3068.26)
[M::mem_pestat] low and high boundaries for proper pairs: (1, 20770)
[M::mem_pestat] analyzing insert size distribution for orientation RR...
[M::mem_pestat] (25, 50, 75) percentile: (309, 513, 3885)
[M::mem_pestat] low and high boundaries for computing mean and std.dev: (1, 11037)
[M::mem_pestat] mean and std.dev: (1875.85, 2498.63)
[M::mem_pestat] low and high boundaries for proper pairs: (1, 14613)
[M::mem_pestat] skip orientation FF
[M::mem_pestat] skip orientation RF
[M::mem_pestat] skip orientation RR
[M::process] read 1066668 sequences (160000200 bp)...
[M::mem_process_seqs] Processed 1066668 reads in 845.802 CPU sec, 58.737 real sec
[M::mem_pestat] # candidate unique pairs for (FF, FR, RF, RR): (33, 224411, 80, 26)
[M::mem_pestat] analyzing insert size distribution for orientation FF...
[M::mem_pestat] (25, 50, 75) percentile: (156, 350, 737)
[M::mem_pestat] low and high boundaries for computing mean and std.dev: (1, 1899)
[M::mem_pestat] mean and std.dev: (423.70, 358.30)
[M::mem_pestat] low and high boundaries for proper pairs: (1, 2480)
[M::mem_pestat] analyzing insert size distribution for orientation FR...
[M::mem_pestat] (25, 50, 75) percentile: (289, 383, 496)
[M::mem_pestat] low and high boundaries for computing mean and std.dev: (1, 910)
[M::mem_pestat] mean and std.dev: (393.15, 156.80)
[M::mem_pestat] low and high boundaries for proper pairs: (1, 1117)
[M::mem_pestat] analyzing insert size distribution for orientation RF...
[M::mem_pestat] (25, 50, 75) percentile: (427, 1029, 4263)
[M::mem_pestat] low and high boundaries for computing mean and std.dev: (1, 11935)
[M::mem_pestat] mean and std.dev: (2744.26, 3230.34)
[M::mem_pestat] low and high boundaries for proper pairs: (1, 15771)
[M::mem_pestat] analyzing insert size distribution for orientation RR...
[M::mem_pestat] (25, 50, 75) percentile: (330, 758, 1586)
[M::mem_pestat] low and high boundaries for computing mean and std.dev: (1, 4098)
[M::mem_pestat] mean and std.dev: (891.08, 789.85)
[M::mem_pestat] low and high boundaries for proper pairs: (1, 5354)
[M::mem_pestat] skip orientation FF
[M::mem_pestat] skip orientation RF
[M::mem_pestat] skip orientation RR
[M::process] read 1066668 sequences (160000200 bp)...
[M::mem_process_seqs] Processed 1066668 reads in 856.925 CPU sec, 60.604 real sec
[M::mem_pestat] # candidate unique pairs for (FF, FR, RF, RR): (28, 220656, 52, 47)
[M::mem_pestat] analyzing insert size distribution for orientation FF...
[M::mem_pestat] (25, 50, 75) percentile: (372, 609, 1364)
[M::mem_pestat] low and high boundaries for computing mean and std.dev: (1, 3348)
[M::mem_pestat] mean and std.dev: (756.58, 517.20)
[M::mem_pestat] low and high boundaries for proper pairs: (1, 4340)
[M::mem_pestat] analyzing insert size distribution for orientation FR...
[M::mem_pestat] (25, 50, 75) percentile: (300, 404, 523)
[M::mem_pestat] low and high boundaries for computing mean and std.dev: (1, 969)
[M::mem_pestat] mean and std.dev: (411.48, 165.38)
[M::mem_pestat] low and high boundaries for proper pairs: (1, 1192)
[M::mem_pestat] analyzing insert size distribution for orientation RF...
[M::mem_pestat] (25, 50, 75) percentile: (219, 1261, 5769)
[M::mem_pestat] low and high boundaries for computing mean and std.dev: (1, 16869)
[M::mem_pestat] mean and std.dev: (2625.06, 2869.79)
[M::mem_pestat] low and high boundaries for proper pairs: (1, 22419)
[M::mem_pestat] analyzing insert size distribution for orientation RR...
[M::mem_pestat] (25, 50, 75) percentile: (353, 628, 1599)
[M::mem_pestat] low and high boundaries for computing mean and std.dev: (1, 4091)
[M::mem_pestat] mean and std.dev: (778.93, 534.21)
[M::mem_pestat] low and high boundaries for proper pairs: (1, 5337)
[M::mem_pestat] skip orientation FF
[M::mem_pestat] skip orientation RF
[M::mem_pestat] skip orientation RR
[M::process] read 1066668 sequences (160000200 bp)...
[M::mem_process_seqs] Processed 1066668 reads in 867.543 CPU sec, 58.885 real sec
[M::process] read 1066668 sequences (160000200 bp)...
[M::mem_pestat] # candidate unique pairs for (FF, FR, RF, RR): (39, 221456, 68, 30)
[M::mem_pestat] analyzing insert size distribution for orientation FF...
[M::mem_pestat] (25, 50, 75) percentile: (143, 248, 690)
[M::mem_pestat] low and high boundaries for computing mean and std.dev: (1, 1784)
[M::mem_pestat] mean and std.dev: (412.89, 349.20)
[M::mem_pestat] low and high boundaries for proper pairs: (1, 2331)
[M::mem_pestat] analyzing insert size distribution for orientation FR...
[M::mem_pestat] (25, 50, 75) percentile: (306, 411, 529)
[M::mem_pestat] low and high boundaries for computing mean and std.dev: (1, 975)
[M::mem_pestat] mean and std.dev: (416.62, 164.91)
[M::mem_pestat] low and high boundaries for proper pairs: (1, 1198)
[M::mem_pestat] analyzing insert size distribution for orientation RF...
[M::mem_pestat] (25, 50, 75) percentile: (304, 1015, 5694)
[M::mem_pestat] low and high boundaries for computing mean and std.dev: (1, 16474)
[M::mem_pestat] mean and std.dev: (2629.96, 2875.00)
[M::mem_pestat] low and high boundaries for proper pairs: (1, 21864)
[M::mem_pestat] analyzing insert size distribution for orientation RR...
[M::mem_pestat] (25, 50, 75) percentile: (259, 747, 1202)
[M::mem_pestat] low and high boundaries for computing mean and std.dev: (1, 3088)
[M::mem_pestat] mean and std.dev: (728.89, 576.45)
[M::mem_pestat] low and high boundaries for proper pairs: (1, 4031)
[M::mem_pestat] skip orientation FF
[M::mem_pestat] skip orientation RF
[M::mem_pestat] skip orientation RR
[M::mem_process_seqs] Processed 1066668 reads in 848.471 CPU sec, 57.240 real sec
[M::mem_pestat] # candidate unique pairs for (FF, FR, RF, RR): (51, 221462, 65, 39)
[M::mem_pestat] analyzing insert size distribution for orientation FF...
[M::mem_pestat] (25, 50, 75) percentile: (396, 1372, 4302)
[M::mem_pestat] low and high boundaries for computing mean and std.dev: (1, 12114)
[M::mem_pestat] mean and std.dev: (2843.57, 3088.70)
[M::mem_pestat] low and high boundaries for proper pairs: (1, 16020)
[M::mem_pestat] analyzing insert size distribution for orientation FR...
[M::mem_pestat] (25, 50, 75) percentile: (298, 401, 519)
[M::mem_pestat] low and high boundaries for computing mean and std.dev: (1, 961)
[M::mem_pestat] mean and std.dev: (409.14, 164.79)
[M::mem_pestat] low and high boundaries for proper pairs: (1, 1182)
[M::mem_pestat] analyzing insert size distribution for orientation RF...
[M::mem_pestat] (25, 50, 75) percentile: (419, 1228, 5917)
[M::mem_pestat] low and high boundaries for computing mean and std.dev: (1, 16913)
[M::mem_pestat] mean and std.dev: (2668.86, 3020.33)
[M::mem_pestat] low and high boundaries for proper pairs: (1, 22411)
[M::mem_pestat] analyzing insert size distribution for orientation RR...
[M::mem_pestat] (25, 50, 75) percentile: (277, 524, 865)
[M::mem_pestat] low and high boundaries for computing mean and std.dev: (1, 2041)
[M::mem_pestat] mean and std.dev: (505.97, 339.05)
[M::mem_pestat] low and high boundaries for proper pairs: (1, 2629)
[M::mem_pestat] skip orientation FF
[M::mem_pestat] skip orientation RF
[M::mem_pestat] skip orientation RR
[M::process] read 1066668 sequences (160000200 bp)...
[M::mem_process_seqs] Processed 1066668 reads in 845.646 CPU sec, 61.926 real sec
[M::mem_pestat] # candidate unique pairs for (FF, FR, RF, RR): (26, 221999, 90, 40)
[M::mem_pestat] analyzing insert size distribution for orientation FF...
[M::mem_pestat] (25, 50, 75) percentile: (298, 597, 1616)
[M::mem_pestat] low and high boundaries for computing mean and std.dev: (1, 4252)
[M::mem_pestat] mean and std.dev: (1005.96, 1059.69)
[M::mem_pestat] low and high boundaries for proper pairs: (1, 5570)
[M::mem_pestat] analyzing insert size distribution for orientation FR...
[M::mem_pestat] (25, 50, 75) percentile: (298, 398, 516)
[M::mem_pestat] low and high boundaries for computing mean and std.dev: (1, 952)
[M::mem_pestat] mean and std.dev: (407.64, 163.34)
[M::mem_pestat] low and high boundaries for proper pairs: (1, 1170)
[M::mem_pestat] analyzing insert size distribution for orientation RF...
[M::mem_pestat] (25, 50, 75) percentile: (226, 1020, 4282)
[M::mem_pestat] low and high boundaries for computing mean and std.dev: (1, 12394)
[M::mem_pestat] mean and std.dev: (2405.36, 3012.49)
[M::mem_pestat] low and high boundaries for proper pairs: (1, 16450)
[M::mem_pestat] analyzing insert size distribution for orientation RR...
[M::mem_pestat] (25, 50, 75) percentile: (283, 503, 1281)
[M::mem_pestat] low and high boundaries for computing mean and std.dev: (1, 3277)
[M::mem_pestat] mean and std.dev: (689.71, 613.46)
[M::mem_pestat] low and high boundaries for proper pairs: (1, 4275)
[M::mem_pestat] skip orientation FF
[M::mem_pestat] skip orientation RF
[M::mem_pestat] skip orientation RR
[M::process] read 1066668 sequences (160000200 bp)...
[M::mem_process_seqs] Processed 1066668 reads in 849.542 CPU sec, 61.596 real sec
[M::mem_pestat] # candidate unique pairs for (FF, FR, RF, RR): (20, 222782, 90, 45)
[M::mem_pestat] analyzing insert size distribution for orientation FF...
[M::mem_pestat] (25, 50, 75) percentile: (211, 243, 878)
[M::mem_pestat] low and high boundaries for computing mean and std.dev: (1, 2212)
[M::mem_pestat] mean and std.dev: (511.42, 579.56)
[M::mem_pestat] low and high boundaries for proper pairs: (1, 2879)
[M::mem_pestat] analyzing insert size distribution for orientation FR...
[M::mem_pestat] (25, 50, 75) percentile: (299, 398, 515)
[M::mem_pestat] low and high boundaries for computing mean and std.dev: (1, 947)
[M::mem_pestat] mean and std.dev: (407.74, 162.07)
[M::mem_pestat] low and high boundaries for proper pairs: (1, 1163)
[M::mem_pestat] analyzing insert size distribution for orientation RF...
[M::mem_pestat] (25, 50, 75) percentile: (171, 624, 2584)
[M::mem_pestat] low and high boundaries for computing mean and std.dev: (1, 7410)
[M::mem_pestat] mean and std.dev: (1102.13, 1490.31)
[M::mem_pestat] low and high boundaries for proper pairs: (1, 9823)
[M::mem_pestat] analyzing insert size distribution for orientation RR...
[M::mem_pestat] (25, 50, 75) percentile: (360, 750, 2649)
[M::mem_pestat] low and high boundaries for computing mean and std.dev: (1, 7227)
[M::mem_pestat] mean and std.dev: (1314.40, 1234.60)
[M::mem_pestat] low and high boundaries for proper pairs: (1, 9516)
[M::mem_pestat] skip orientation FF
[M::mem_pestat] skip orientation RF
[M::mem_pestat] skip orientation RR
[M::process] read 1066668 sequences (160000200 bp)...
[M::mem_process_seqs] Processed 1066668 reads in 845.274 CPU sec, 61.949 real sec
[M::mem_pestat] # candidate unique pairs for (FF, FR, RF, RR): (32, 222688, 44, 35)
[M::mem_pestat] analyzing insert size distribution for orientation FF...
[M::mem_pestat] (25, 50, 75) percentile: (240, 429, 1537)
[M::mem_pestat] low and high boundaries for computing mean and std.dev: (1, 4131)
[M::mem_pestat] mean and std.dev: (841.52, 849.04)
[M::mem_pestat] low and high boundaries for proper pairs: (1, 5428)
[M::mem_pestat] analyzing insert size distribution for orientation FR...
[M::mem_pestat] (25, 50, 75) percentile: (299, 397, 516)
[M::mem_pestat] low and high boundaries for computing mean and std.dev: (1, 950)
[M::mem_pestat] mean and std.dev: (407.89, 162.80)
[M::mem_pestat] low and high boundaries for proper pairs: (1, 1167)
[M::mem_pestat] analyzing insert size distribution for orientation RF...
[M::mem_pestat] (25, 50, 75) percentile: (1062, 2618, 4572)
[M::mem_pestat] low and high boundaries for computing mean and std.dev: (1, 11592)
[M::mem_pestat] mean and std.dev: (3103.07, 2572.91)
[M::mem_pestat] low and high boundaries for proper pairs: (1, 15102)
[M::mem_pestat] analyzing insert size distribution for orientation RR...
[M::mem_pestat] (25, 50, 75) percentile: (463, 801, 1646)
[M::mem_pestat] low and high boundaries for computing mean and std.dev: (1, 4012)
[M::mem_pestat] mean and std.dev: (993.10, 694.25)
[M::mem_pestat] low and high boundaries for proper pairs: (1, 5195)
[M::mem_pestat] skip orientation FF
[M::mem_pestat] skip orientation RF
[M::mem_pestat] skip orientation RR
[M::process] read 1066668 sequences (160000200 bp)...
[M::mem_process_seqs] Processed 1066668 reads in 856.385 CPU sec, 62.669 real sec
[M::mem_pestat] # candidate unique pairs for (FF, FR, RF, RR): (52, 222938, 86, 28)
[M::mem_pestat] analyzing insert size distribution for orientation FF...
[M::mem_pestat] (25, 50, 75) percentile: (502, 738, 1747)
[M::mem_pestat] low and high boundaries for computing mean and std.dev: (1, 4237)
[M::mem_pestat] mean and std.dev: (998.76, 923.61)
[M::mem_pestat] low and high boundaries for proper pairs: (1, 5482)
[M::mem_pestat] analyzing insert size distribution for orientation FR...
[M::mem_pestat] (25, 50, 75) percentile: (297, 395, 514)
[M::mem_pestat] low and high boundaries for computing mean and std.dev: (1, 948)
[M::mem_pestat] mean and std.dev: (406.00, 162.48)
[M::mem_pestat] low and high boundaries for proper pairs: (1, 1165)
[M::mem_pestat] analyzing insert size distribution for orientation RF...
[M::mem_pestat] (25, 50, 75) percentile: (460, 1275, 3073)
[M::mem_pestat] low and high boundaries for computing mean and std.dev: (1, 8299)
[M::mem_pestat] mean and std.dev: (1975.31, 2087.31)
[M::mem_pestat] low and high boundaries for proper pairs: (1, 10912)
[M::mem_pestat] analyzing insert size distribution for orientation RR...
[M::mem_pestat] (25, 50, 75) percentile: (179, 371, 605)
[M::mem_pestat] low and high boundaries for computing mean and std.dev: (1, 1457)
[M::mem_pestat] mean and std.dev: (379.77, 280.60)
[M::mem_pestat] low and high boundaries for proper pairs: (1, 1883)
[M::mem_pestat] skip orientation FF
[M::mem_pestat] skip orientation RF
[M::mem_pestat] skip orientation RR
[M::process] read 1066668 sequences (160000200 bp)...
[M::mem_process_seqs] Processed 1066668 reads in 871.001 CPU sec, 58.976 real sec
[M::mem_pestat] # candidate unique pairs for (FF, FR, RF, RR): (39, 219989, 49, 31)
[M::mem_pestat] analyzing insert size distribution for orientation FF...
[M::mem_pestat] (25, 50, 75) percentile: (336, 488, 1433)
[M::mem_pestat] low and high boundaries for computing mean and std.dev: (1, 3627)
[M::mem_pestat] mean and std.dev: (602.84, 742.18)
[M::mem_pestat] low and high boundaries for proper pairs: (1, 4724)
[M::mem_pestat] analyzing insert size distribution for orientation FR...
[M::mem_pestat] (25, 50, 75) percentile: (294, 400, 525)
[M::mem_pestat] low and high boundaries for computing mean and std.dev: (1, 987)
[M::mem_pestat] mean and std.dev: (409.67, 169.39)
[M::mem_pestat] low and high boundaries for proper pairs: (1, 1218)
[M::mem_pestat] analyzing insert size distribution for orientation RF...
[M::mem_pestat] (25, 50, 75) percentile: (363, 4844, 7887)
[M::mem_pestat] low and high boundaries for computing mean and std.dev: (1, 22935)
[M::mem_pestat] mean and std.dev: (4097.37, 3426.88)
[M::mem_pestat] low and high boundaries for proper pairs: (1, 30459)
[M::mem_pestat] analyzing insert size distribution for orientation RR...
[M::mem_pestat] (25, 50, 75) percentile: (210, 410, 657)
[M::mem_pestat] low and high boundaries for computing mean and std.dev: (1, 1551)
[M::mem_pestat] mean and std.dev: (389.11, 242.81)
[M::mem_pestat] low and high boundaries for proper pairs: (1, 1998)
[M::mem_pestat] skip orientation FF
[M::mem_pestat] skip orientation RF
[M::mem_pestat] skip orientation RR
[M::process] read 1066668 sequences (160000200 bp)...
[M::mem_process_seqs] Processed 1066668 reads in 857.402 CPU sec, 62.189 real sec
[M::mem_pestat] # candidate unique pairs for (FF, FR, RF, RR): (49, 221342, 73, 37)
[M::mem_pestat] analyzing insert size distribution for orientation FF...
[M::mem_pestat] (25, 50, 75) percentile: (362, 535, 771)
[M::mem_pestat] low and high boundaries for computing mean and std.dev: (1, 1589)
[M::mem_pestat] mean and std.dev: (486.88, 255.85)
[M::mem_pestat] low and high boundaries for proper pairs: (1, 1998)
[M::mem_pestat] analyzing insert size distribution for orientation FR...
[M::mem_pestat] (25, 50, 75) percentile: (296, 401, 527)
[M::mem_pestat] low and high boundaries for computing mean and std.dev: (1, 989)
[M::mem_pestat] mean and std.dev: (411.35, 169.04)
[M::mem_pestat] low and high boundaries for proper pairs: (1, 1220)
[M::mem_pestat] analyzing insert size distribution for orientation RF...
[M::mem_pestat] (25, 50, 75) percentile: (445, 1882, 4944)
[M::mem_pestat] low and high boundaries for computing mean and std.dev: (1, 13942)
[M::mem_pestat] mean and std.dev: (2814.00, 2917.95)
[M::mem_pestat] low and high boundaries for proper pairs: (1, 18441)
[M::mem_pestat] analyzing insert size distribution for orientation RR...
[M::mem_pestat] (25, 50, 75) percentile: (447, 1525, 2937)
[M::mem_pestat] low and high boundaries for computing mean and std.dev: (1, 7917)
[M::mem_pestat] mean and std.dev: (2157.70, 2307.03)
[M::mem_pestat] low and high boundaries for proper pairs: (1, 11386)
[M::mem_pestat] skip orientation FF
[M::mem_pestat] skip orientation RF
[M::mem_pestat] skip orientation RR
[M::process] read 1066668 sequences (160000200 bp)...
[M::mem_process_seqs] Processed 1066668 reads in 850.340 CPU sec, 59.423 real sec
[M::mem_pestat] # candidate unique pairs for (FF, FR, RF, RR): (30, 222042, 75, 41)
[M::mem_pestat] analyzing insert size distribution for orientation FF...
[M::mem_pestat] (25, 50, 75) percentile: (394, 818, 3249)
[M::mem_pestat] low and high boundaries for computing mean and std.dev: (1, 8959)
[M::mem_pestat] mean and std.dev: (1515.61, 1485.49)
[M::mem_pestat] low and high boundaries for proper pairs: (1, 11814)
[M::mem_pestat] analyzing insert size distribution for orientation FR...
[M::mem_pestat] (25, 50, 75) percentile: (297, 401, 522)
[M::mem_pestat] low and high boundaries for computing mean and std.dev: (1, 972)
[M::mem_pestat] mean and std.dev: (409.47, 166.12)
[M::mem_pestat] low and high boundaries for proper pairs: (1, 1197)
[M::mem_pestat] analyzing insert size distribution for orientation RF...
[M::mem_pestat] (25, 50, 75) percentile: (440, 1289, 6057)
[M::mem_pestat] low and high boundaries for computing mean and std.dev: (1, 17291)
[M::mem_pestat] mean and std.dev: (2879.68, 3019.54)
[M::mem_pestat] low and high boundaries for proper pairs: (1, 22908)
[M::mem_pestat] analyzing insert size distribution for orientation RR...
[M::mem_pestat] (25, 50, 75) percentile: (338, 503, 1489)
[M::mem_pestat] low and high boundaries for computing mean and std.dev: (1, 3791)
[M::mem_pestat] mean and std.dev: (870.15, 829.34)
[M::mem_pestat] low and high boundaries for proper pairs: (1, 4942)
[M::mem_pestat] skip orientation FF
[M::mem_pestat] skip orientation RF
[M::mem_pestat] skip orientation RR
[M::mem_process_seqs] Processed 1066668 reads in 851.533 CPU sec, 62.019 real sec
[M::process] read 1066668 sequences (160000200 bp)...
[M::mem_pestat] # candidate unique pairs for (FF, FR, RF, RR): (38, 222953, 63, 33)
[M::mem_pestat] analyzing insert size distribution for orientation FF...
[M::mem_pestat] (25, 50, 75) percentile: (196, 654, 1763)
[M::mem_pestat] low and high boundaries for computing mean and std.dev: (1, 4897)
[M::mem_pestat] mean and std.dev: (879.92, 806.03)
[M::mem_pestat] low and high boundaries for proper pairs: (1, 6464)
[M::mem_pestat] analyzing insert size distribution for orientation FR...
[M::mem_pestat] (25, 50, 75) percentile: (300, 404, 526)
[M::mem_pestat] low and high boundaries for computing mean and std.dev: (1, 978)
[M::mem_pestat] mean and std.dev: (413.10, 166.81)
[M::mem_pestat] low and high boundaries for proper pairs: (1, 1204)
[M::mem_pestat] analyzing insert size distribution for orientation RF...
[M::mem_pestat] (25, 50, 75) percentile: (489, 3759, 6479)
[M::mem_pestat] low and high boundaries for computing mean and std.dev: (1, 18459)
[M::mem_pestat] mean and std.dev: (3632.97, 2903.23)
[M::mem_pestat] low and high boundaries for proper pairs: (1, 24449)
[M::mem_pestat] analyzing insert size distribution for orientation RR...
[M::mem_pestat] (25, 50, 75) percentile: (220, 332, 2304)
[M::mem_pestat] low and high boundaries for computing mean and std.dev: (1, 6472)
[M::mem_pestat] mean and std.dev: (861.84, 946.72)
[M::mem_pestat] low and high boundaries for proper pairs: (1, 8556)
[M::mem_pestat] skip orientation FF
[M::mem_pestat] skip orientation RF
[M::mem_pestat] skip orientation RR
[M::process] read 1066668 sequences (160000200 bp)...
[M::mem_process_seqs] Processed 1066668 reads in 854.313 CPU sec, 59.202 real sec
[M::mem_pestat] # candidate unique pairs for (FF, FR, RF, RR): (43, 223297, 83, 33)
[M::mem_pestat] analyzing insert size distribution for orientation FF...
[M::mem_pestat] (25, 50, 75) percentile: (394, 882, 1608)
[M::mem_pestat] low and high boundaries for computing mean and std.dev: (1, 4036)
[M::mem_pestat] mean and std.dev: (1021.87, 817.14)
[M::mem_pestat] low and high boundaries for proper pairs: (1, 5250)
[M::mem_pestat] analyzing insert size distribution for orientation FR...
[M::mem_pestat] (25, 50, 75) percentile: (304, 407, 529)
[M::mem_pestat] low and high boundaries for computing mean and std.dev: (1, 979)
[M::mem_pestat] mean and std.dev: (416.90, 167.43)
[M::mem_pestat] low and high boundaries for proper pairs: (1, 1204)
[M::mem_pestat] analyzing insert size distribution for orientation RF...
[M::mem_pestat] (25, 50, 75) percentile: (538, 1668, 5450)
[M::mem_pestat] low and high boundaries for computing mean and std.dev: (1, 15274)
[M::mem_pestat] mean and std.dev: (3004.30, 3094.18)
[M::mem_pestat] low and high boundaries for proper pairs: (1, 20186)
[M::mem_pestat] analyzing insert size distribution for orientation RR...
[M::mem_pestat] (25, 50, 75) percentile: (287, 749, 1664)
[M::mem_pestat] low and high boundaries for computing mean and std.dev: (1, 4418)
[M::mem_pestat] mean and std.dev: (828.70, 790.63)
[M::mem_pestat] low and high boundaries for proper pairs: (1, 5795)
[M::mem_pestat] skip orientation FF
[M::mem_pestat] skip orientation RF
[M::mem_pestat] skip orientation RR
[M::process] read 1066668 sequences (160000200 bp)...
[M::mem_process_seqs] Processed 1066668 reads in 857.096 CPU sec, 59.282 real sec
[M::mem_pestat] # candidate unique pairs for (FF, FR, RF, RR): (40, 222694, 65, 46)
[M::mem_pestat] analyzing insert size distribution for orientation FF...
[M::mem_pestat] (25, 50, 75) percentile: (382, 1154, 3200)
[M::mem_pestat] low and high boundaries for computing mean and std.dev: (1, 8836)
[M::mem_pestat] mean and std.dev: (1589.14, 1815.53)
[M::mem_pestat] low and high boundaries for proper pairs: (1, 11654)
[M::mem_pestat] analyzing insert size distribution for orientation FR...
[M::mem_pestat] (25, 50, 75) percentile: (299, 400, 523)
[M::mem_pestat] low and high boundaries for computing mean and std.dev: (1, 971)
[M::mem_pestat] mean and std.dev: (412.59, 167.29)
[M::mem_pestat] low and high boundaries for proper pairs: (1, 1195)
[M::mem_pestat] analyzing insert size distribution for orientation RF...
[M::mem_pestat] (25, 50, 75) percentile: (722, 2551, 6935)
[M::mem_pestat] low and high boundaries for computing mean and std.dev: (1, 19361)
[M::mem_pestat] mean and std.dev: (3507.15, 3023.59)
[M::mem_pestat] low and high boundaries for proper pairs: (1, 25574)
[M::mem_pestat] analyzing insert size distribution for orientation RR...
[M::mem_pestat] (25, 50, 75) percentile: (523, 744, 2056)
[M::mem_pestat] low and high boundaries for computing mean and std.dev: (1, 5122)
[M::mem_pestat] mean and std.dev: (1199.57, 1145.20)
[M::mem_pestat] low and high boundaries for proper pairs: (1, 6655)
[M::mem_pestat] skip orientation FF
[M::mem_pestat] skip orientation RF
[M::mem_pestat] skip orientation RR
[M::process] read 1066668 sequences (160000200 bp)...
[M::mem_process_seqs] Processed 1066668 reads in 857.739 CPU sec, 60.242 real sec
[M::mem_pestat] # candidate unique pairs for (FF, FR, RF, RR): (43, 221048, 77, 36)
[M::mem_pestat] analyzing insert size distribution for orientation FF...
[M::mem_pestat] (25, 50, 75) percentile: (301, 599, 2188)
[M::mem_pestat] low and high boundaries for computing mean and std.dev: (1, 5962)
[M::mem_pestat] mean and std.dev: (1131.00, 1320.25)
[M::mem_pestat] low and high boundaries for proper pairs: (1, 7849)
[M::mem_pestat] analyzing insert size distribution for orientation FR...
[M::mem_pestat] (25, 50, 75) percentile: (294, 397, 522)
[M::mem_pestat] low and high boundaries for computing mean and std.dev: (1, 978)
[M::mem_pestat] mean and std.dev: (409.07, 169.14)
[M::mem_pestat] low and high boundaries for proper pairs: (1, 1206)
[M::mem_pestat] analyzing insert size distribution for orientation RF...
[M::mem_pestat] (25, 50, 75) percentile: (187, 865, 3930)
[M::mem_pestat] low and high boundaries for computing mean and std.dev: (1, 11416)
[M::mem_pestat] mean and std.dev: (2040.45, 2501.22)
[M::mem_pestat] low and high boundaries for proper pairs: (1, 15159)
[M::mem_pestat] analyzing insert size distribution for orientation RR...
[M::mem_pestat] (25, 50, 75) percentile: (362, 778, 1503)
[M::mem_pestat] low and high boundaries for computing mean and std.dev: (1, 3785)
[M::mem_pestat] mean and std.dev: (828.25, 617.38)
[M::mem_pestat] low and high boundaries for proper pairs: (1, 4926)
[M::mem_pestat] skip orientation FF
[M::mem_pestat] skip orientation RF
[M::mem_pestat] skip orientation RR
[M::process] read 1066668 sequences (160000200 bp)...
[M::mem_process_seqs] Processed 1066668 reads in 856.534 CPU sec, 62.385 real sec
[M::mem_pestat] # candidate unique pairs for (FF, FR, RF, RR): (38, 219390, 67, 37)
[M::mem_pestat] analyzing insert size distribution for orientation FF...
[M::mem_pestat] (25, 50, 75) percentile: (284, 357, 2052)
[M::mem_pestat] low and high boundaries for computing mean and std.dev: (1, 5588)
[M::mem_pestat] mean and std.dev: (713.68, 850.70)
[M::mem_pestat] low and high boundaries for proper pairs: (1, 7356)
[M::mem_pestat] analyzing insert size distribution for orientation FR...
[M::mem_pestat] (25, 50, 75) percentile: (293, 399, 525)
[M::mem_pestat] low and high boundaries for computing mean and std.dev: (1, 989)
[M::mem_pestat] mean and std.dev: (409.49, 170.08)
[M::mem_pestat] low and high boundaries for proper pairs: (1, 1221)
[M::mem_pestat] analyzing insert size distribution for orientation RF...
[M::mem_pestat] (25, 50, 75) percentile: (574, 1983, 7011)
[M::mem_pestat] low and high boundaries for computing mean and std.dev: (1, 19885)
[M::mem_pestat] mean and std.dev: (3412.18, 3290.31)
[M::mem_pestat] low and high boundaries for proper pairs: (1, 26322)
[M::mem_pestat] analyzing insert size distribution for orientation RR...
[M::mem_pestat] (25, 50, 75) percentile: (234, 521, 1379)
[M::mem_pestat] low and high boundaries for computing mean and std.dev: (1, 3669)
[M::mem_pestat] mean and std.dev: (768.68, 738.92)
[M::mem_pestat] low and high boundaries for proper pairs: (1, 4814)
[M::mem_pestat] skip orientation FF
[M::mem_pestat] skip orientation RF
[M::mem_pestat] skip orientation RR
[M::process] read 1066668 sequences (160000200 bp)...
[M::mem_process_seqs] Processed 1066668 reads in 859.441 CPU sec, 61.596 real sec
[M::mem_pestat] # candidate unique pairs for (FF, FR, RF, RR): (39, 219786, 81, 30)
[M::mem_pestat] analyzing insert size distribution for orientation FF...
[M::mem_pestat] (25, 50, 75) percentile: (385, 757, 1449)
[M::mem_pestat] low and high boundaries for computing mean and std.dev: (1, 3577)
[M::mem_pestat] mean and std.dev: (779.00, 657.25)
[M::mem_pestat] low and high boundaries for proper pairs: (1, 4641)
[M::mem_pestat] analyzing insert size distribution for orientation FR...
[M::mem_pestat] (25, 50, 75) percentile: (288, 393, 515)
[M::mem_pestat] low and high boundaries for computing mean and std.dev: (1, 969)
[M::mem_pestat] mean and std.dev: (402.50, 167.49)
[M::mem_pestat] low and high boundaries for proper pairs: (1, 1196)
[M::mem_pestat] analyzing insert size distribution for orientation RF...
[M::mem_pestat] (25, 50, 75) percentile: (248, 905, 5094)
[M::mem_pestat] low and high boundaries for computing mean and std.dev: (1, 14786)
[M::mem_pestat] mean and std.dev: (2511.00, 2849.72)
[M::mem_pestat] low and high boundaries for proper pairs: (1, 19632)
[M::mem_pestat] analyzing insert size distribution for orientation RR...
[M::mem_pestat] (25, 50, 75) percentile: (318, 1157, 1629)
[M::mem_pestat] low and high boundaries for computing mean and std.dev: (1, 4251)
[M::mem_pestat] mean and std.dev: (1097.00, 910.99)
[M::mem_pestat] low and high boundaries for proper pairs: (1, 5562)
[M::mem_pestat] skip orientation FF
[M::mem_pestat] skip orientation RF
[M::mem_pestat] skip orientation RR
[M::process] read 1066668 sequences (160000200 bp)...
[M::mem_process_seqs] Processed 1066668 reads in 854.653 CPU sec, 60.838 real sec
[M::mem_pestat] # candidate unique pairs for (FF, FR, RF, RR): (21, 220925, 106, 26)
[M::mem_pestat] analyzing insert size distribution for orientation FF...
[M::mem_pestat] (25, 50, 75) percentile: (650, 1312, 3804)
[M::mem_pestat] low and high boundaries for computing mean and std.dev: (1, 10112)
[M::mem_pestat] mean and std.dev: (2488.33, 2687.53)
[M::mem_pestat] low and high boundaries for proper pairs: (1, 13266)
[M::mem_pestat] analyzing insert size distribution for orientation FR...
[M::mem_pestat] (25, 50, 75) percentile: (292, 395, 518)
[M::mem_pestat] low and high boundaries for computing mean and std.dev: (1, 970)
[M::mem_pestat] mean and std.dev: (405.15, 166.45)
[M::mem_pestat] low and high boundaries for proper pairs: (1, 1196)
[M::mem_pestat] analyzing insert size distribution for orientation RF...
[M::mem_pestat] (25, 50, 75) percentile: (289, 1667, 8204)
[M::mem_pestat] low and high boundaries for computing mean and std.dev: (1, 24034)
[M::mem_pestat] mean and std.dev: (3528.71, 3752.24)
[M::mem_pestat] low and high boundaries for proper pairs: (1, 31949)
[M::mem_pestat] analyzing insert size distribution for orientation RR...
[M::mem_pestat] (25, 50, 75) percentile: (517, 1871, 4097)
[M::mem_pestat] low and high boundaries for computing mean and std.dev: (1, 11257)
[M::mem_pestat] mean and std.dev: (2413.12, 2579.16)
[M::mem_pestat] low and high boundaries for proper pairs: (1, 14837)
[M::mem_pestat] skip orientation FF
[M::mem_pestat] skip orientation RF
[M::mem_pestat] skip orientation RR
[M::process] read 1066668 sequences (160000200 bp)...
[M::mem_process_seqs] Processed 1066668 reads in 856.367 CPU sec, 59.717 real sec
[M::mem_pestat] # candidate unique pairs for (FF, FR, RF, RR): (43, 222578, 84, 39)
[M::mem_pestat] analyzing insert size distribution for orientation FF...
[M::mem_pestat] (25, 50, 75) percentile: (372, 630, 1867)
[M::mem_pestat] low and high boundaries for computing mean and std.dev: (1, 4857)
[M::mem_pestat] mean and std.dev: (1026.70, 804.74)
[M::mem_pestat] low and high boundaries for proper pairs: (1, 6352)
[M::mem_pestat] analyzing insert size distribution for orientation FR...
[M::mem_pestat] (25, 50, 75) percentile: (303, 409, 533)
[M::mem_pestat] low and high boundaries for computing mean and std.dev: (1, 993)
[M::mem_pestat] mean and std.dev: (418.62, 170.18)
[M::mem_pestat] low and high boundaries for proper pairs: (1, 1223)
[M::mem_pestat] analyzing insert size distribution for orientation RF...
[M::mem_pestat] (25, 50, 75) percentile: (455, 1744, 6190)
[M::mem_pestat] low and high boundaries for computing mean and std.dev: (1, 17660)
[M::mem_pestat] mean and std.dev: (3132.76, 3228.01)
[M::mem_pestat] low and high boundaries for proper pairs: (1, 23395)
[M::mem_pestat] analyzing insert size distribution for orientation RR...
[M::mem_pestat] (25, 50, 75) percentile: (291, 508, 1322)
[M::mem_pestat] low and high boundaries for computing mean and std.dev: (1, 3384)
[M::mem_pestat] mean and std.dev: (769.97, 611.15)
[M::mem_pestat] low and high boundaries for proper pairs: (1, 4415)
[M::mem_pestat] skip orientation FF
[M::mem_pestat] skip orientation RF
[M::mem_pestat] skip orientation RR
[M::process] read 1066668 sequences (160000200 bp)...
[M::mem_process_seqs] Processed 1066668 reads in 855.988 CPU sec, 58.588 real sec
[M::mem_pestat] # candidate unique pairs for (FF, FR, RF, RR): (45, 221910, 76, 25)
[M::mem_pestat] analyzing insert size distribution for orientation FF...
[M::mem_pestat] (25, 50, 75) percentile: (241, 496, 1753)
[M::mem_pestat] low and high boundaries for computing mean and std.dev: (1, 4777)
[M::mem_pestat] mean and std.dev: (737.24, 826.42)
[M::mem_pestat] low and high boundaries for proper pairs: (1, 6289)
[M::mem_pestat] analyzing insert size distribution for orientation FR...
[M::mem_pestat] (25, 50, 75) percentile: (300, 402, 526)
[M::mem_pestat] low and high boundaries for computing mean and std.dev: (1, 978)
[M::mem_pestat] mean and std.dev: (413.27, 167.57)
[M::mem_pestat] low and high boundaries for proper pairs: (1, 1204)
[M::mem_pestat] analyzing insert size distribution for orientation RF...
[M::mem_pestat] (25, 50, 75) percentile: (338, 1714, 5125)
[M::mem_pestat] low and high boundaries for computing mean and std.dev: (1, 14699)
[M::mem_pestat] mean and std.dev: (2834.45, 2876.68)
[M::mem_pestat] low and high boundaries for proper pairs: (1, 19486)
[M::mem_pestat] analyzing insert size distribution for orientation RR...
[M::mem_pestat] (25, 50, 75) percentile: (291, 445, 1558)
[M::mem_pestat] low and high boundaries for computing mean and std.dev: (1, 4092)
[M::mem_pestat] mean and std.dev: (742.83, 689.63)
[M::mem_pestat] low and high boundaries for proper pairs: (1, 5359)
[M::mem_pestat] skip orientation FF
[M::mem_pestat] skip orientation RF
[M::mem_pestat] skip orientation RR
[M::process] read 1066668 sequences (160000200 bp)...
[M::mem_process_seqs] Processed 1066668 reads in 855.169 CPU sec, 65.203 real sec
[M::mem_pestat] # candidate unique pairs for (FF, FR, RF, RR): (26, 222951, 78, 31)
[M::mem_pestat] analyzing insert size distribution for orientation FF...
[M::mem_pestat] (25, 50, 75) percentile: (271, 515, 799)
[M::mem_pestat] low and high boundaries for computing mean and std.dev: (1, 1855)
[M::mem_pestat] mean and std.dev: (467.43, 321.08)
[M::mem_pestat] low and high boundaries for proper pairs: (1, 2383)
[M::mem_pestat] analyzing insert size distribution for orientation FR...
[M::mem_pestat] (25, 50, 75) percentile: (299, 401, 524)
[M::mem_pestat] low and high boundaries for computing mean and std.dev: (1, 974)
[M::mem_pestat] mean and std.dev: (412.51, 167.30)
[M::mem_pestat] low and high boundaries for proper pairs: (1, 1199)
[M::mem_pestat] analyzing insert size distribution for orientation RF...
[M::mem_pestat] (25, 50, 75) percentile: (226, 1125, 2365)
[M::mem_pestat] low and high boundaries for computing mean and std.dev: (1, 6643)
[M::mem_pestat] mean and std.dev: (1302.28, 1467.28)
[M::mem_pestat] low and high boundaries for proper pairs: (1, 8782)
[M::mem_pestat] analyzing insert size distribution for orientation RR...
[M::mem_pestat] (25, 50, 75) percentile: (294, 398, 2093)
[M::mem_pestat] low and high boundaries for computing mean and std.dev: (1, 5691)
[M::mem_pestat] mean and std.dev: (1029.14, 1369.19)
[M::mem_pestat] low and high boundaries for proper pairs: (1, 7490)
[M::mem_pestat] skip orientation FF
[M::mem_pestat] skip orientation RF
[M::mem_pestat] skip orientation RR
[M::process] read 1066668 sequences (160000200 bp)...
[M::mem_process_seqs] Processed 1066668 reads in 865.978 CPU sec, 59.927 real sec
[M::mem_pestat] # candidate unique pairs for (FF, FR, RF, RR): (35, 220045, 79, 35)
[M::mem_pestat] analyzing insert size distribution for orientation FF...
[M::mem_pestat] (25, 50, 75) percentile: (291, 512, 874)
[M::mem_pestat] low and high boundaries for computing mean and std.dev: (1, 2040)
[M::mem_pestat] mean and std.dev: (523.87, 382.75)
[M::mem_pestat] low and high boundaries for proper pairs: (1, 2623)
[M::mem_pestat] analyzing insert size distribution for orientation FR...
[M::mem_pestat] (25, 50, 75) percentile: (294, 399, 524)
[M::mem_pestat] low and high boundaries for computing mean and std.dev: (1, 984)
[M::mem_pestat] mean and std.dev: (409.65, 170.29)
[M::mem_pestat] low and high boundaries for proper pairs: (1, 1214)
[M::mem_pestat] analyzing insert size distribution for orientation RF...
[M::mem_pestat] (25, 50, 75) percentile: (654, 1014, 3833)
[M::mem_pestat] low and high boundaries for computing mean and std.dev: (1, 10191)
[M::mem_pestat] mean and std.dev: (2331.61, 2446.47)
[M::mem_pestat] low and high boundaries for proper pairs: (1, 13370)
[M::mem_pestat] analyzing insert size distribution for orientation RR...
[M::mem_pestat] (25, 50, 75) percentile: (432, 647, 1449)
[M::mem_pestat] low and high boundaries for computing mean and std.dev: (1, 3483)
[M::mem_pestat] mean and std.dev: (846.09, 654.18)
[M::mem_pestat] low and high boundaries for proper pairs: (1, 4500)
[M::mem_pestat] skip orientation FF
[M::mem_pestat] skip orientation RF
[M::mem_pestat] skip orientation RR
[M::process] read 1066668 sequences (160000200 bp)...
[M::mem_process_seqs] Processed 1066668 reads in 871.127 CPU sec, 57.446 real sec
[M::mem_pestat] # candidate unique pairs for (FF, FR, RF, RR): (49, 220966, 75, 33)
[M::mem_pestat] analyzing insert size distribution for orientation FF...
[M::mem_pestat] (25, 50, 75) percentile: (261, 350, 907)
[M::mem_pestat] low and high boundaries for computing mean and std.dev: (1, 2199)
[M::mem_pestat] mean and std.dev: (435.89, 258.16)
[M::mem_pestat] low and high boundaries for proper pairs: (1, 2845)
[M::mem_pestat] analyzing insert size distribution for orientation FR...
[M::mem_pestat] (25, 50, 75) percentile: (293, 398, 519)
[M::mem_pestat] low and high boundaries for computing mean and std.dev: (1, 971)
[M::mem_pestat] mean and std.dev: (406.50, 166.76)
[M::mem_pestat] low and high boundaries for proper pairs: (1, 1197)
[M::mem_pestat] analyzing insert size distribution for orientation RF...
[M::mem_pestat] (25, 50, 75) percentile: (625, 2297, 6117)
[M::mem_pestat] low and high boundaries for computing mean and std.dev: (1, 17101)
[M::mem_pestat] mean and std.dev: (3666.45, 3309.27)
[M::mem_pestat] low and high boundaries for proper pairs: (1, 22593)
[M::mem_pestat] analyzing insert size distribution for orientation RR...
[M::mem_pestat] (25, 50, 75) percentile: (204, 963, 2229)
[M::mem_pestat] low and high boundaries for computing mean and std.dev: (1, 6279)
[M::mem_pestat] mean and std.dev: (1541.58, 1499.48)
[M::mem_pestat] low and high boundaries for proper pairs: (1, 8304)
[M::mem_pestat] skip orientation FF
[M::mem_pestat] skip orientation RF
[M::mem_pestat] skip orientation RR
[M::process] read 1066668 sequences (160000200 bp)...
[M::mem_process_seqs] Processed 1066668 reads in 858.068 CPU sec, 58.114 real sec
[M::mem_pestat] # candidate unique pairs for (FF, FR, RF, RR): (42, 220642, 58, 40)
[M::mem_pestat] analyzing insert size distribution for orientation FF...
[M::mem_pestat] (25, 50, 75) percentile: (305, 430, 1719)
[M::mem_pestat] low and high boundaries for computing mean and std.dev: (1, 4547)
[M::mem_pestat] mean and std.dev: (1051.33, 1091.68)
[M::mem_pestat] low and high boundaries for proper pairs: (1, 5961)
[M::mem_pestat] analyzing insert size distribution for orientation FR...
[M::mem_pestat] (25, 50, 75) percentile: (294, 399, 520)
[M::mem_pestat] low and high boundaries for computing mean and std.dev: (1, 972)
[M::mem_pestat] mean and std.dev: (407.73, 167.25)
[M::mem_pestat] low and high boundaries for proper pairs: (1, 1198)
[M::mem_pestat] analyzing insert size distribution for orientation RF...
[M::mem_pestat] (25, 50, 75) percentile: (335, 668, 4203)
[M::mem_pestat] low and high boundaries for computing mean and std.dev: (1, 11939)
[M::mem_pestat] mean and std.dev: (2647.12, 3201.95)
[M::mem_pestat] low and high boundaries for proper pairs: (1, 15807)
[M::mem_pestat] analyzing insert size distribution for orientation RR...
[M::mem_pestat] (25, 50, 75) percentile: (312, 626, 918)
[M::mem_pestat] low and high boundaries for computing mean and std.dev: (1, 2130)
[M::mem_pestat] mean and std.dev: (591.32, 449.35)
[M::mem_pestat] low and high boundaries for proper pairs: (1, 2736)
[M::mem_pestat] skip orientation FF
[M::mem_pestat] skip orientation RF
[M::mem_pestat] skip orientation RR
[M::process] read 1066668 sequences (160000200 bp)...
[M::mem_process_seqs] Processed 1066668 reads in 853.114 CPU sec, 58.629 real sec
[M::mem_pestat] # candidate unique pairs for (FF, FR, RF, RR): (44, 221777, 72, 35)
[M::mem_pestat] analyzing insert size distribution for orientation FF...
[M::mem_pestat] (25, 50, 75) percentile: (420, 691, 2009)
[M::mem_pestat] low and high boundaries for computing mean and std.dev: (1, 5187)
[M::mem_pestat] mean and std.dev: (853.16, 843.97)
[M::mem_pestat] low and high boundaries for proper pairs: (1, 6776)
[M::mem_pestat] analyzing insert size distribution for orientation FR...
[M::mem_pestat] (25, 50, 75) percentile: (296, 398, 520)
[M::mem_pestat] low and high boundaries for computing mean and std.dev: (1, 968)
[M::mem_pestat] mean and std.dev: (408.87, 167.18)
[M::mem_pestat] low and high boundaries for proper pairs: (1, 1192)
[M::mem_pestat] analyzing insert size distribution for orientation RF...
[M::mem_pestat] (25, 50, 75) percentile: (664, 3372, 6570)
[M::mem_pestat] low and high boundaries for computing mean and std.dev: (1, 18382)
[M::mem_pestat] mean and std.dev: (3835.07, 3494.55)
[M::mem_pestat] low and high boundaries for proper pairs: (1, 24288)
[M::mem_pestat] analyzing insert size distribution for orientation RR...
[M::mem_pestat] (25, 50, 75) percentile: (552, 975, 1916)
[M::mem_pestat] low and high boundaries for computing mean and std.dev: (1, 4644)
[M::mem_pestat] mean and std.dev: (1173.03, 1026.34)
[M::mem_pestat] low and high boundaries for proper pairs: (1, 6008)
[M::mem_pestat] skip orientation FF
[M::mem_pestat] skip orientation RF
[M::mem_pestat] skip orientation RR
[M::process] read 1066668 sequences (160000200 bp)...
[M::mem_process_seqs] Processed 1066668 reads in 855.344 CPU sec, 58.788 real sec
[M::mem_pestat] # candidate unique pairs for (FF, FR, RF, RR): (37, 221848, 71, 29)
[M::mem_pestat] analyzing insert size distribution for orientation FF...
[M::mem_pestat] (25, 50, 75) percentile: (294, 640, 2535)
[M::mem_pestat] low and high boundaries for computing mean and std.dev: (1, 7017)
[M::mem_pestat] mean and std.dev: (1207.79, 1487.22)
[M::mem_pestat] low and high boundaries for proper pairs: (1, 9258)
[M::mem_pestat] analyzing insert size distribution for orientation FR...
[M::mem_pestat] (25, 50, 75) percentile: (298, 399, 522)
[M::mem_pestat] low and high boundaries for computing mean and std.dev: (1, 970)
[M::mem_pestat] mean and std.dev: (410.70, 166.61)
[M::mem_pestat] low and high boundaries for proper pairs: (1, 1194)
[M::mem_pestat] analyzing insert size distribution for orientation RF...
[M::mem_pestat] (25, 50, 75) percentile: (590, 1180, 5971)
[M::mem_pestat] low and high boundaries for computing mean and std.dev: (1, 16733)
[M::mem_pestat] mean and std.dev: (2976.37, 3067.71)
[M::mem_pestat] low and high boundaries for proper pairs: (1, 22114)
[M::mem_pestat] analyzing insert size distribution for orientation RR...
[M::mem_pestat] (25, 50, 75) percentile: (317, 620, 1202)
[M::mem_pestat] low and high boundaries for computing mean and std.dev: (1, 2972)
[M::mem_pestat] mean and std.dev: (695.63, 617.89)
[M::mem_pestat] low and high boundaries for proper pairs: (1, 3857)
[M::mem_pestat] skip orientation FF
[M::mem_pestat] skip orientation RF
[M::mem_pestat] skip orientation RR
[M::process] read 1066668 sequences (160000200 bp)...
[M::mem_process_seqs] Processed 1066668 reads in 862.869 CPU sec, 60.490 real sec
[M::mem_pestat] # candidate unique pairs for (FF, FR, RF, RR): (31, 221354, 81, 29)
[M::mem_pestat] analyzing insert size distribution for orientation FF...
[M::mem_pestat] (25, 50, 75) percentile: (328, 496, 1645)
[M::mem_pestat] low and high boundaries for computing mean and std.dev: (1, 4279)
[M::mem_pestat] mean and std.dev: (592.65, 503.43)
[M::mem_pestat] low and high boundaries for proper pairs: (1, 5596)
[M::mem_pestat] analyzing insert size distribution for orientation FR...
[M::mem_pestat] (25, 50, 75) percentile: (296, 395, 514)
[M::mem_pestat] low and high boundaries for computing mean and std.dev: (1, 950)
[M::mem_pestat] mean and std.dev: (406.17, 164.01)
[M::mem_pestat] low and high boundaries for proper pairs: (1, 1168)
[M::mem_pestat] analyzing insert size distribution for orientation RF...
[M::mem_pestat] (25, 50, 75) percentile: (658, 2569, 5707)
[M::mem_pestat] low and high boundaries for computing mean and std.dev: (1, 15805)
[M::mem_pestat] mean and std.dev: (3416.47, 2934.20)
[M::mem_pestat] low and high boundaries for proper pairs: (1, 20854)
[M::mem_pestat] analyzing insert size distribution for orientation RR...
[M::mem_pestat] (25, 50, 75) percentile: (301, 608, 1446)
[M::mem_pestat] low and high boundaries for computing mean and std.dev: (1, 3736)
[M::mem_pestat] mean and std.dev: (826.85, 785.31)
[M::mem_pestat] low and high boundaries for proper pairs: (1, 4881)
[M::mem_pestat] skip orientation FF
[M::mem_pestat] skip orientation RF
[M::mem_pestat] skip orientation RR
[M::process] read 870390 sequences (130558500 bp)...
[M::mem_process_seqs] Processed 1066668 reads in 863.163 CPU sec, 58.140 real sec
[M::mem_pestat] # candidate unique pairs for (FF, FR, RF, RR): (23, 181774, 78, 32)
[M::mem_pestat] analyzing insert size distribution for orientation FF...
[M::mem_pestat] (25, 50, 75) percentile: (318, 688, 1879)
[M::mem_pestat] low and high boundaries for computing mean and std.dev: (1, 5001)
[M::mem_pestat] mean and std.dev: (1158.52, 1075.45)
[M::mem_pestat] low and high boundaries for proper pairs: (1, 6562)
[M::mem_pestat] analyzing insert size distribution for orientation FR...
[M::mem_pestat] (25, 50, 75) percentile: (299, 398, 517)
[M::mem_pestat] low and high boundaries for computing mean and std.dev: (1, 953)
[M::mem_pestat] mean and std.dev: (409.27, 163.66)
[M::mem_pestat] low and high boundaries for proper pairs: (1, 1171)
[M::mem_pestat] analyzing insert size distribution for orientation RF...
[M::mem_pestat] (25, 50, 75) percentile: (651, 1675, 6106)
[M::mem_pestat] low and high boundaries for computing mean and std.dev: (1, 17016)
[M::mem_pestat] mean and std.dev: (3019.46, 2943.24)
[M::mem_pestat] low and high boundaries for proper pairs: (1, 22471)
[M::mem_pestat] analyzing insert size distribution for orientation RR...
[M::mem_pestat] (25, 50, 75) percentile: (345, 594, 1901)
[M::mem_pestat] low and high boundaries for computing mean and std.dev: (1, 5013)
[M::mem_pestat] mean and std.dev: (1208.90, 1405.09)
[M::mem_pestat] low and high boundaries for proper pairs: (1, 6829)
[M::mem_pestat] skip orientation FF
[M::mem_pestat] skip orientation RF
[M::mem_pestat] skip orientation RR
[M::mem_process_seqs] Processed 870390 reads in 694.507 CPU sec, 49.377 real sec
[main] Version: 0.7.19-r1273
[main] CMD: bwa mem -t 16 -R @RG\tID:MB_1a\tSM:MB_1a\tLB:MB_1a\tPL:ILLUMINA output/05_realign_xbOstLuri2/reference/GCA_061535525.1_xbOstLuri2_USDA-ARS_PSRF_primary_genomic.fna data/raw/MB_1a_S33_L004_R1_001.fastq.gz data/raw/MB_1a_S33_L004_R2_001.fastq.gz
[main] Real time: 3267.665 sec; CPU: 46278.163 sec
[bam_sort_core] merging from 3 files and 8 in-memory blocks...
end 2026-09-27T14:37:08Z sample=MB_1a
