/opt/ohpc/admin/lmod/lmod/init/bash: line 93: LD_LIBRARY_PATH: unbound variable
start 2026-09-27T12:38:48Z host n3488 sample=FB18_Wild_8 location=FB18_Wild
[M::bwa_idx_load_from_disk] read 0 ALT contigs
[M::process] read 1066668 sequences (160000200 bp)...
[M::process] read 1066668 sequences (160000200 bp)...
[M::mem_pestat] # candidate unique pairs for (FF, FR, RF, RR): (25, 214791, 56, 46)
[M::mem_pestat] analyzing insert size distribution for orientation FF...
[M::mem_pestat] (25, 50, 75) percentile: (184, 350, 779)
[M::mem_pestat] low and high boundaries for computing mean and std.dev: (1, 1969)
[M::mem_pestat] mean and std.dev: (469.96, 407.59)
[M::mem_pestat] low and high boundaries for proper pairs: (1, 2564)
[M::mem_pestat] analyzing insert size distribution for orientation FR...
[M::mem_pestat] (25, 50, 75) percentile: (216, 295, 375)
[M::mem_pestat] low and high boundaries for computing mean and std.dev: (1, 693)
[M::mem_pestat] mean and std.dev: (297.45, 116.55)
[M::mem_pestat] low and high boundaries for proper pairs: (1, 852)
[M::mem_pestat] analyzing insert size distribution for orientation RF...
[M::mem_pestat] (25, 50, 75) percentile: (84, 589, 2501)
[M::mem_pestat] low and high boundaries for computing mean and std.dev: (1, 7335)
[M::mem_pestat] mean and std.dev: (1382.68, 1787.06)
[M::mem_pestat] low and high boundaries for proper pairs: (1, 9752)
[M::mem_pestat] analyzing insert size distribution for orientation RR...
[M::mem_pestat] (25, 50, 75) percentile: (204, 340, 1591)
[M::mem_pestat] low and high boundaries for computing mean and std.dev: (1, 4365)
[M::mem_pestat] mean and std.dev: (613.90, 645.81)
[M::mem_pestat] low and high boundaries for proper pairs: (1, 5752)
[M::mem_pestat] skip orientation FF
[M::mem_pestat] skip orientation RF
[M::mem_pestat] skip orientation RR
[M::mem_process_seqs] Processed 1066668 reads in 810.909 CPU sec, 53.551 real sec
[M::mem_pestat] # candidate unique pairs for (FF, FR, RF, RR): (32, 215716, 71, 52)
[M::mem_pestat] analyzing insert size distribution for orientation FF...
[M::mem_pestat] (25, 50, 75) percentile: (203, 293, 496)
[M::mem_pestat] low and high boundaries for computing mean and std.dev: (1, 1082)
[M::mem_pestat] mean and std.dev: (279.71, 123.64)
[M::mem_pestat] low and high boundaries for proper pairs: (1, 1375)
[M::mem_pestat] analyzing insert size distribution for orientation FR...
[M::mem_pestat] (25, 50, 75) percentile: (221, 299, 380)
[M::mem_pestat] low and high boundaries for computing mean and std.dev: (1, 698)
[M::mem_pestat] mean and std.dev: (302.03, 117.41)
[M::mem_pestat] low and high boundaries for proper pairs: (1, 857)
[M::mem_pestat] analyzing insert size distribution for orientation RF...
[M::mem_pestat] (25, 50, 75) percentile: (509, 1177, 5322)
[M::mem_pestat] low and high boundaries for computing mean and std.dev: (1, 14948)
[M::mem_pestat] mean and std.dev: (2847.23, 3066.11)
[M::mem_pestat] low and high boundaries for proper pairs: (1, 19761)
[M::mem_pestat] analyzing insert size distribution for orientation RR...
[M::mem_pestat] (25, 50, 75) percentile: (182, 266, 416)
[M::mem_pestat] low and high boundaries for computing mean and std.dev: (1, 884)
[M::mem_pestat] mean and std.dev: (286.62, 203.75)
[M::mem_pestat] low and high boundaries for proper pairs: (1, 1118)
[M::mem_pestat] skip orientation FF
[M::mem_pestat] skip orientation RF
[M::mem_pestat] skip orientation RR
[M::process] read 1066668 sequences (160000200 bp)...
[M::mem_process_seqs] Processed 1066668 reads in 817.288 CPU sec, 53.157 real sec
[M::mem_pestat] # candidate unique pairs for (FF, FR, RF, RR): (46, 215545, 76, 42)
[M::mem_pestat] analyzing insert size distribution for orientation FF...
[M::mem_pestat] (25, 50, 75) percentile: (179, 338, 540)
[M::mem_pestat] low and high boundaries for computing mean and std.dev: (1, 1262)
[M::mem_pestat] mean and std.dev: (355.05, 260.04)
[M::mem_pestat] low and high boundaries for proper pairs: (1, 1623)
[M::mem_pestat] analyzing insert size distribution for orientation FR...
[M::mem_pestat] (25, 50, 75) percentile: (218, 295, 376)
[M::mem_pestat] low and high boundaries for computing mean and std.dev: (1, 692)
[M::mem_pestat] mean and std.dev: (299.29, 116.94)
[M::mem_pestat] low and high boundaries for proper pairs: (1, 850)
[M::mem_pestat] analyzing insert size distribution for orientation RF...
[M::mem_pestat] (25, 50, 75) percentile: (205, 915, 4330)
[M::mem_pestat] low and high boundaries for computing mean and std.dev: (1, 12580)
[M::mem_pestat] mean and std.dev: (2193.45, 2605.91)
[M::mem_pestat] low and high boundaries for proper pairs: (1, 16705)
[M::mem_pestat] analyzing insert size distribution for orientation RR...
[M::mem_pestat] (25, 50, 75) percentile: (180, 239, 689)
[M::mem_pestat] low and high boundaries for computing mean and std.dev: (1, 1707)
[M::mem_pestat] mean and std.dev: (331.25, 277.44)
[M::mem_pestat] low and high boundaries for proper pairs: (1, 2216)
[M::mem_pestat] skip orientation FF
[M::mem_pestat] skip orientation RF
[M::mem_pestat] skip orientation RR
[M::process] read 1066668 sequences (160000200 bp)...
[M::mem_process_seqs] Processed 1066668 reads in 823.487 CPU sec, 53.405 real sec
[M::mem_pestat] # candidate unique pairs for (FF, FR, RF, RR): (31, 215462, 71, 48)
[M::mem_pestat] analyzing insert size distribution for orientation FF...
[M::mem_pestat] (25, 50, 75) percentile: (179, 299, 618)
[M::mem_pestat] low and high boundaries for computing mean and std.dev: (1, 1496)
[M::mem_pestat] mean and std.dev: (329.68, 263.07)
[M::mem_pestat] low and high boundaries for proper pairs: (1, 1935)
[M::mem_pestat] analyzing insert size distribution for orientation FR...
[M::mem_pestat] (25, 50, 75) percentile: (217, 295, 376)
[M::mem_pestat] low and high boundaries for computing mean and std.dev: (1, 694)
[M::mem_pestat] mean and std.dev: (299.15, 117.64)
[M::mem_pestat] low and high boundaries for proper pairs: (1, 853)
[M::mem_pestat] analyzing insert size distribution for orientation RF...
[M::mem_pestat] (25, 50, 75) percentile: (216, 1476, 5250)
[M::mem_pestat] low and high boundaries for computing mean and std.dev: (1, 15318)
[M::mem_pestat] mean and std.dev: (2654.30, 2839.93)
[M::mem_pestat] low and high boundaries for proper pairs: (1, 20352)
[M::mem_pestat] analyzing insert size distribution for orientation RR...
[M::mem_pestat] (25, 50, 75) percentile: (182, 266, 1626)
[M::mem_pestat] low and high boundaries for computing mean and std.dev: (1, 4514)
[M::mem_pestat] mean and std.dev: (512.95, 673.66)
[M::mem_pestat] low and high boundaries for proper pairs: (1, 5958)
[M::mem_pestat] skip orientation FF
[M::mem_pestat] skip orientation RF
[M::mem_pestat] skip orientation RR
[M::process] read 1066668 sequences (160000200 bp)...
[M::mem_process_seqs] Processed 1066668 reads in 826.039 CPU sec, 53.349 real sec
[M::mem_pestat] # candidate unique pairs for (FF, FR, RF, RR): (45, 215334, 108, 47)
[M::mem_pestat] analyzing insert size distribution for orientation FF...
[M::mem_pestat] (25, 50, 75) percentile: (178, 265, 488)
[M::mem_pestat] low and high boundaries for computing mean and std.dev: (1, 1108)
[M::mem_pestat] mean and std.dev: (267.29, 176.32)
[M::mem_pestat] low and high boundaries for proper pairs: (1, 1418)
[M::mem_pestat] analyzing insert size distribution for orientation FR...
[M::mem_pestat] (25, 50, 75) percentile: (217, 295, 375)
[M::mem_pestat] low and high boundaries for computing mean and std.dev: (1, 691)
[M::mem_pestat] mean and std.dev: (298.37, 117.12)
[M::mem_pestat] low and high boundaries for proper pairs: (1, 849)
[M::mem_pestat] analyzing insert size distribution for orientation RF...
[M::mem_pestat] (25, 50, 75) percentile: (248, 946, 4378)
[M::mem_pestat] low and high boundaries for computing mean and std.dev: (1, 12638)
[M::mem_pestat] mean and std.dev: (2450.94, 2824.27)
[M::mem_pestat] low and high boundaries for proper pairs: (1, 16768)
[M::mem_pestat] analyzing insert size distribution for orientation RR...
[M::mem_pestat] (25, 50, 75) percentile: (185, 279, 709)
[M::mem_pestat] low and high boundaries for computing mean and std.dev: (1, 1757)
[M::mem_pestat] mean and std.dev: (340.38, 301.82)
[M::mem_pestat] low and high boundaries for proper pairs: (1, 2281)
[M::mem_pestat] skip orientation FF
[M::mem_pestat] skip orientation RF
[M::mem_pestat] skip orientation RR
[M::process] read 1066668 sequences (160000200 bp)...
[M::mem_process_seqs] Processed 1066668 reads in 828.733 CPU sec, 53.883 real sec
[M::mem_pestat] # candidate unique pairs for (FF, FR, RF, RR): (35, 215251, 73, 44)
[M::mem_pestat] analyzing insert size distribution for orientation FF...
[M::mem_pestat] (25, 50, 75) percentile: (170, 217, 389)
[M::mem_pestat] low and high boundaries for computing mean and std.dev: (1, 827)
[M::mem_pestat] mean and std.dev: (251.87, 126.93)
[M::mem_pestat] low and high boundaries for proper pairs: (1, 1046)
[M::mem_pestat] analyzing insert size distribution for orientation FR...
[M::mem_pestat] (25, 50, 75) percentile: (215, 291, 371)
[M::mem_pestat] low and high boundaries for computing mean and std.dev: (1, 683)
[M::mem_pestat] mean and std.dev: (295.13, 114.97)
[M::mem_pestat] low and high boundaries for proper pairs: (1, 839)
[M::mem_pestat] analyzing insert size distribution for orientation RF...
[M::mem_pestat] (25, 50, 75) percentile: (425, 1178, 4419)
[M::mem_pestat] low and high boundaries for computing mean and std.dev: (1, 12407)
[M::mem_pestat] mean and std.dev: (2488.11, 2615.15)
[M::mem_pestat] low and high boundaries for proper pairs: (1, 16401)
[M::mem_pestat] analyzing insert size distribution for orientation RR...
[M::mem_pestat] (25, 50, 75) percentile: (306, 394, 953)
[M::mem_pestat] low and high boundaries for computing mean and std.dev: (1, 2247)
[M::mem_pestat] mean and std.dev: (430.36, 349.82)
[M::mem_pestat] low and high boundaries for proper pairs: (1, 2894)
[M::mem_pestat] skip orientation FF
[M::mem_pestat] skip orientation RF
[M::mem_pestat] skip orientation RR
[M::process] read 1066668 sequences (160000200 bp)...
[M::mem_process_seqs] Processed 1066668 reads in 851.953 CPU sec, 55.220 real sec
[M::mem_pestat] # candidate unique pairs for (FF, FR, RF, RR): (46, 215595, 68, 33)
[M::mem_pestat] analyzing insert size distribution for orientation FF...
[M::mem_pestat] (25, 50, 75) percentile: (167, 312, 584)
[M::mem_pestat] low and high boundaries for computing mean and std.dev: (1, 1418)
[M::mem_pestat] mean and std.dev: (322.74, 242.73)
[M::mem_pestat] low and high boundaries for proper pairs: (1, 1835)
[M::mem_pestat] analyzing insert size distribution for orientation FR...
[M::mem_pestat] (25, 50, 75) percentile: (214, 290, 369)
[M::mem_pestat] low and high boundaries for computing mean and std.dev: (1, 679)
[M::mem_pestat] mean and std.dev: (293.91, 114.50)
[M::mem_pestat] low and high boundaries for proper pairs: (1, 834)
[M::mem_pestat] analyzing insert size distribution for orientation RF...
[M::mem_pestat] (25, 50, 75) percentile: (195, 937, 5383)
[M::mem_pestat] low and high boundaries for computing mean and std.dev: (1, 15759)
[M::mem_pestat] mean and std.dev: (2907.60, 3312.80)
[M::mem_pestat] low and high boundaries for proper pairs: (1, 20947)
[M::mem_pestat] analyzing insert size distribution for orientation RR...
[M::mem_pestat] (25, 50, 75) percentile: (168, 275, 1158)
[M::mem_pestat] low and high boundaries for computing mean and std.dev: (1, 3138)
[M::mem_pestat] mean and std.dev: (677.88, 777.04)
[M::mem_pestat] low and high boundaries for proper pairs: (1, 4128)
[M::mem_pestat] skip orientation FF
[M::mem_pestat] skip orientation RF
[M::mem_pestat] skip orientation RR
[M::process] read 1066668 sequences (160000200 bp)...
[M::mem_process_seqs] Processed 1066668 reads in 828.876 CPU sec, 53.639 real sec
[M::mem_pestat] # candidate unique pairs for (FF, FR, RF, RR): (38, 214817, 59, 45)
[M::mem_pestat] analyzing insert size distribution for orientation FF...
[M::mem_pestat] (25, 50, 75) percentile: (211, 274, 350)
[M::mem_pestat] low and high boundaries for computing mean and std.dev: (1, 628)
[M::mem_pestat] mean and std.dev: (280.30, 109.94)
[M::mem_pestat] low and high boundaries for proper pairs: (1, 767)
[M::mem_pestat] analyzing insert size distribution for orientation FR...
[M::mem_pestat] (25, 50, 75) percentile: (213, 292, 373)
[M::mem_pestat] low and high boundaries for computing mean and std.dev: (1, 693)
[M::mem_pestat] mean and std.dev: (295.74, 116.66)
[M::mem_pestat] low and high boundaries for proper pairs: (1, 853)
[M::mem_pestat] analyzing insert size distribution for orientation RF...
[M::mem_pestat] (25, 50, 75) percentile: (227, 1000, 3046)
[M::mem_pestat] low and high boundaries for computing mean and std.dev: (1, 8684)
[M::mem_pestat] mean and std.dev: (2048.46, 2449.42)
[M::mem_pestat] low and high boundaries for proper pairs: (1, 11846)
[M::mem_pestat] analyzing insert size distribution for orientation RR...
[M::mem_pestat] (25, 50, 75) percentile: (174, 326, 1119)
[M::mem_pestat] low and high boundaries for computing mean and std.dev: (1, 3009)
[M::mem_pestat] mean and std.dev: (607.75, 731.33)
[M::mem_pestat] low and high boundaries for proper pairs: (1, 3954)
[M::mem_pestat] skip orientation FF
[M::mem_pestat] skip orientation RF
[M::mem_pestat] skip orientation RR
[M::process] read 1066668 sequences (160000200 bp)...
[M::mem_process_seqs] Processed 1066668 reads in 836.536 CPU sec, 54.144 real sec
[M::mem_pestat] # candidate unique pairs for (FF, FR, RF, RR): (46, 214419, 76, 46)
[M::mem_pestat] analyzing insert size distribution for orientation FF...
[M::mem_pestat] (25, 50, 75) percentile: (197, 543, 887)
[M::mem_pestat] low and high boundaries for computing mean and std.dev: (1, 2267)
[M::mem_pestat] mean and std.dev: (463.28, 344.64)
[M::mem_pestat] low and high boundaries for proper pairs: (1, 2957)
[M::mem_pestat] analyzing insert size distribution for orientation FR...
[M::mem_pestat] (25, 50, 75) percentile: (215, 297, 380)
[M::mem_pestat] low and high boundaries for computing mean and std.dev: (1, 710)
[M::mem_pestat] mean and std.dev: (300.20, 120.46)
[M::mem_pestat] low and high boundaries for proper pairs: (1, 875)
[M::mem_pestat] analyzing insert size distribution for orientation RF...
[M::mem_pestat] (25, 50, 75) percentile: (415, 1116, 6039)
[M::mem_pestat] low and high boundaries for computing mean and std.dev: (1, 17287)
[M::mem_pestat] mean and std.dev: (2879.13, 3150.23)
[M::mem_pestat] low and high boundaries for proper pairs: (1, 22911)
[M::mem_pestat] analyzing insert size distribution for orientation RR...
[M::mem_pestat] (25, 50, 75) percentile: (187, 291, 1069)
[M::mem_pestat] low and high boundaries for computing mean and std.dev: (1, 2833)
[M::mem_pestat] mean and std.dev: (403.32, 401.54)
[M::mem_pestat] low and high boundaries for proper pairs: (1, 3715)
[M::mem_pestat] skip orientation FF
[M::mem_pestat] skip orientation RF
[M::mem_pestat] skip orientation RR
[M::process] read 1066668 sequences (160000200 bp)...
[M::mem_process_seqs] Processed 1066668 reads in 819.014 CPU sec, 53.125 real sec
[M::mem_pestat] # candidate unique pairs for (FF, FR, RF, RR): (39, 215277, 75, 44)
[M::mem_pestat] analyzing insert size distribution for orientation FF...
[M::mem_pestat] (25, 50, 75) percentile: (190, 300, 1233)
[M::mem_pestat] low and high boundaries for computing mean and std.dev: (1, 3319)
[M::mem_pestat] mean and std.dev: (543.38, 699.42)
[M::mem_pestat] low and high boundaries for proper pairs: (1, 4362)
[M::mem_pestat] analyzing insert size distribution for orientation FR...
[M::mem_pestat] (25, 50, 75) percentile: (219, 299, 382)
[M::mem_pestat] low and high boundaries for computing mean and std.dev: (1, 708)
[M::mem_pestat] mean and std.dev: (302.46, 119.96)
[M::mem_pestat] low and high boundaries for proper pairs: (1, 871)
[M::mem_pestat] analyzing insert size distribution for orientation RF...
[M::mem_pestat] (25, 50, 75) percentile: (414, 1171, 4751)
[M::mem_pestat] low and high boundaries for computing mean and std.dev: (1, 13425)
[M::mem_pestat] mean and std.dev: (2534.08, 2838.30)
[M::mem_pestat] low and high boundaries for proper pairs: (1, 17762)
[M::mem_pestat] analyzing insert size distribution for orientation RR...
[M::mem_pestat] (25, 50, 75) percentile: (228, 588, 1910)
[M::mem_pestat] low and high boundaries for computing mean and std.dev: (1, 5274)
[M::mem_pestat] mean and std.dev: (1104.15, 1150.43)
[M::mem_pestat] low and high boundaries for proper pairs: (1, 6956)
[M::mem_pestat] skip orientation FF
[M::mem_pestat] skip orientation RF
[M::mem_pestat] skip orientation RR
[M::process] read 1066668 sequences (160000200 bp)...
[M::mem_process_seqs] Processed 1066668 reads in 817.723 CPU sec, 52.848 real sec
[M::mem_pestat] # candidate unique pairs for (FF, FR, RF, RR): (42, 215206, 70, 47)
[M::mem_pestat] analyzing insert size distribution for orientation FF...
[M::mem_pestat] (25, 50, 75) percentile: (214, 328, 1240)
[M::mem_pestat] low and high boundaries for computing mean and std.dev: (1, 3292)
[M::mem_pestat] mean and std.dev: (456.54, 444.42)
[M::mem_pestat] low and high boundaries for proper pairs: (1, 4318)
[M::mem_pestat] analyzing insert size distribution for orientation FR...
[M::mem_pestat] (25, 50, 75) percentile: (217, 294, 377)
[M::mem_pestat] low and high boundaries for computing mean and std.dev: (1, 697)
[M::mem_pestat] mean and std.dev: (299.08, 118.16)
[M::mem_pestat] low and high boundaries for proper pairs: (1, 857)
[M::mem_pestat] analyzing insert size distribution for orientation RF...
[M::mem_pestat] (25, 50, 75) percentile: (150, 838, 2079)
[M::mem_pestat] low and high boundaries for computing mean and std.dev: (1, 5937)
[M::mem_pestat] mean and std.dev: (1239.76, 1498.58)
[M::mem_pestat] low and high boundaries for proper pairs: (1, 7866)
[M::mem_pestat] analyzing insert size distribution for orientation RR...
[M::mem_pestat] (25, 50, 75) percentile: (179, 303, 561)
[M::mem_pestat] low and high boundaries for computing mean and std.dev: (1, 1325)
[M::mem_pestat] mean and std.dev: (343.65, 258.11)
[M::mem_pestat] low and high boundaries for proper pairs: (1, 1707)
[M::mem_pestat] skip orientation FF
[M::mem_pestat] skip orientation RF
[M::mem_pestat] skip orientation RR
[M::process] read 1066668 sequences (160000200 bp)...
[M::mem_process_seqs] Processed 1066668 reads in 823.686 CPU sec, 53.293 real sec
[M::mem_pestat] # candidate unique pairs for (FF, FR, RF, RR): (47, 216091, 76, 37)
[M::mem_pestat] analyzing insert size distribution for orientation FF...
[M::mem_pestat] (25, 50, 75) percentile: (199, 236, 424)
[M::mem_pestat] low and high boundaries for computing mean and std.dev: (1, 874)
[M::mem_pestat] mean and std.dev: (283.38, 163.14)
[M::mem_pestat] low and high boundaries for proper pairs: (1, 1099)
[M::mem_pestat] analyzing insert size distribution for orientation FR...
[M::mem_pestat] (25, 50, 75) percentile: (216, 295, 377)
[M::mem_pestat] low and high boundaries for computing mean and std.dev: (1, 699)
[M::mem_pestat] mean and std.dev: (299.30, 118.09)
[M::mem_pestat] low and high boundaries for proper pairs: (1, 860)
[M::mem_pestat] analyzing insert size distribution for orientation RF...
[M::mem_pestat] (25, 50, 75) percentile: (353, 2222, 6344)
[M::mem_pestat] low and high boundaries for computing mean and std.dev: (1, 18326)
[M::mem_pestat] mean and std.dev: (3326.38, 3295.67)
[M::mem_pestat] low and high boundaries for proper pairs: (1, 24317)
[M::mem_pestat] analyzing insert size distribution for orientation RR...
[M::mem_pestat] (25, 50, 75) percentile: (264, 494, 1177)
[M::mem_pestat] low and high boundaries for computing mean and std.dev: (1, 3003)
[M::mem_pestat] mean and std.dev: (610.03, 580.17)
[M::mem_pestat] low and high boundaries for proper pairs: (1, 3916)
[M::mem_pestat] skip orientation FF
[M::mem_pestat] skip orientation RF
[M::mem_pestat] skip orientation RR
[M::process] read 1066668 sequences (160000200 bp)...
[M::mem_process_seqs] Processed 1066668 reads in 827.586 CPU sec, 53.634 real sec
[M::mem_pestat] # candidate unique pairs for (FF, FR, RF, RR): (30, 215520, 69, 30)
[M::mem_pestat] analyzing insert size distribution for orientation FF...
[M::mem_pestat] (25, 50, 75) percentile: (240, 418, 1019)
[M::mem_pestat] low and high boundaries for computing mean and std.dev: (1, 2577)
[M::mem_pestat] mean and std.dev: (623.46, 603.28)
[M::mem_pestat] low and high boundaries for proper pairs: (1, 3356)
[M::mem_pestat] analyzing insert size distribution for orientation FR...
[M::mem_pestat] (25, 50, 75) percentile: (216, 294, 376)
[M::mem_pestat] low and high boundaries for computing mean and std.dev: (1, 696)
[M::mem_pestat] mean and std.dev: (298.55, 117.75)
[M::mem_pestat] low and high boundaries for proper pairs: (1, 856)
[M::mem_pestat] analyzing insert size distribution for orientation RF...
[M::mem_pestat] (25, 50, 75) percentile: (206, 1018, 6080)
[M::mem_pestat] low and high boundaries for computing mean and std.dev: (1, 17828)
[M::mem_pestat] mean and std.dev: (2937.87, 3273.08)
[M::mem_pestat] low and high boundaries for proper pairs: (1, 23702)
[M::mem_pestat] analyzing insert size distribution for orientation RR...
[M::mem_pestat] (25, 50, 75) percentile: (165, 316, 593)
[M::mem_pestat] low and high boundaries for computing mean and std.dev: (1, 1449)
[M::mem_pestat] mean and std.dev: (340.88, 251.35)
[M::mem_pestat] low and high boundaries for proper pairs: (1, 1877)
[M::mem_pestat] skip orientation FF
[M::mem_pestat] skip orientation RF
[M::mem_pestat] skip orientation RR
[M::process] read 1066668 sequences (160000200 bp)...
[M::mem_process_seqs] Processed 1066668 reads in 829.187 CPU sec, 53.744 real sec
[M::mem_pestat] # candidate unique pairs for (FF, FR, RF, RR): (31, 215413, 75, 49)
[M::mem_pestat] analyzing insert size distribution for orientation FF...
[M::mem_pestat] (25, 50, 75) percentile: (147, 240, 411)
[M::mem_pestat] low and high boundaries for computing mean and std.dev: (1, 939)
[M::mem_pestat] mean and std.dev: (221.85, 109.67)
[M::mem_pestat] low and high boundaries for proper pairs: (1, 1203)
[M::mem_pestat] analyzing insert size distribution for orientation FR...
[M::mem_pestat] (25, 50, 75) percentile: (215, 292, 373)
[M::mem_pestat] low and high boundaries for computing mean and std.dev: (1, 689)
[M::mem_pestat] mean and std.dev: (296.35, 116.91)
[M::mem_pestat] low and high boundaries for proper pairs: (1, 847)
[M::mem_pestat] analyzing insert size distribution for orientation RF...
[M::mem_pestat] (25, 50, 75) percentile: (124, 710, 5413)
[M::mem_pestat] low and high boundaries for computing mean and std.dev: (1, 15991)
[M::mem_pestat] mean and std.dev: (2523.11, 3042.80)
[M::mem_pestat] low and high boundaries for proper pairs: (1, 21280)
[M::mem_pestat] analyzing insert size distribution for orientation RR...
[M::mem_pestat] (25, 50, 75) percentile: (243, 471, 971)
[M::mem_pestat] low and high boundaries for computing mean and std.dev: (1, 2427)
[M::mem_pestat] mean and std.dev: (500.44, 401.97)
[M::mem_pestat] low and high boundaries for proper pairs: (1, 3155)
[M::mem_pestat] skip orientation FF
[M::mem_pestat] skip orientation RF
[M::mem_pestat] skip orientation RR
[M::process] read 1066668 sequences (160000200 bp)...
[M::mem_process_seqs] Processed 1066668 reads in 835.699 CPU sec, 54.292 real sec
[M::mem_pestat] # candidate unique pairs for (FF, FR, RF, RR): (42, 215065, 71, 40)
[M::mem_pestat] analyzing insert size distribution for orientation FF...
[M::mem_pestat] (25, 50, 75) percentile: (195, 299, 578)
[M::mem_pestat] low and high boundaries for computing mean and std.dev: (1, 1344)
[M::mem_pestat] mean and std.dev: (299.94, 221.49)
[M::mem_pestat] low and high boundaries for proper pairs: (1, 1727)
[M::mem_pestat] analyzing insert size distribution for orientation FR...
[M::mem_pestat] (25, 50, 75) percentile: (214, 291, 372)
[M::mem_pestat] low and high boundaries for computing mean and std.dev: (1, 688)
[M::mem_pestat] mean and std.dev: (295.61, 116.01)
[M::mem_pestat] low and high boundaries for proper pairs: (1, 846)
[M::mem_pestat] analyzing insert size distribution for orientation RF...
[M::mem_pestat] (25, 50, 75) percentile: (460, 2307, 6840)
[M::mem_pestat] low and high boundaries for computing mean and std.dev: (1, 19600)
[M::mem_pestat] mean and std.dev: (3674.18, 3506.89)
[M::mem_pestat] low and high boundaries for proper pairs: (1, 25980)
[M::mem_pestat] analyzing insert size distribution for orientation RR...
[M::mem_pestat] (25, 50, 75) percentile: (166, 280, 777)
[M::mem_pestat] low and high boundaries for computing mean and std.dev: (1, 1999)
[M::mem_pestat] mean and std.dev: (334.49, 309.77)
[M::mem_pestat] low and high boundaries for proper pairs: (1, 2610)
[M::mem_pestat] skip orientation FF
[M::mem_pestat] skip orientation RF
[M::mem_pestat] skip orientation RR
[M::process] read 1066668 sequences (160000200 bp)...
[M::mem_process_seqs] Processed 1066668 reads in 842.439 CPU sec, 54.648 real sec
[M::mem_pestat] # candidate unique pairs for (FF, FR, RF, RR): (41, 214062, 78, 30)
[M::mem_pestat] analyzing insert size distribution for orientation FF...
[M::mem_pestat] (25, 50, 75) percentile: (198, 265, 809)
[M::mem_pestat] low and high boundaries for computing mean and std.dev: (1, 2031)
[M::mem_pestat] mean and std.dev: (356.64, 327.82)
[M::mem_pestat] low and high boundaries for proper pairs: (1, 2642)
[M::mem_pestat] analyzing insert size distribution for orientation FR...
[M::mem_pestat] (25, 50, 75) percentile: (211, 291, 373)
[M::mem_pestat] low and high boundaries for computing mean and std.dev: (1, 697)
[M::mem_pestat] mean and std.dev: (295.20, 118.33)
[M::mem_pestat] low and high boundaries for proper pairs: (1, 859)
[M::mem_pestat] analyzing insert size distribution for orientation RF...
[M::mem_pestat] (25, 50, 75) percentile: (270, 1089, 4149)
[M::mem_pestat] low and high boundaries for computing mean and std.dev: (1, 11907)
[M::mem_pestat] mean and std.dev: (2384.62, 2573.29)
[M::mem_pestat] low and high boundaries for proper pairs: (1, 15786)
[M::mem_pestat] analyzing insert size distribution for orientation RR...
[M::mem_pestat] (25, 50, 75) percentile: (178, 274, 407)
[M::mem_pestat] low and high boundaries for computing mean and std.dev: (1, 865)
[M::mem_pestat] mean and std.dev: (277.50, 163.48)
[M::mem_pestat] low and high boundaries for proper pairs: (1, 1094)
[M::mem_pestat] skip orientation FF
[M::mem_pestat] skip orientation RF
[M::mem_pestat] skip orientation RR
[M::process] read 1066668 sequences (160000200 bp)...
[M::mem_process_seqs] Processed 1066668 reads in 845.420 CPU sec, 54.858 real sec
[M::mem_pestat] # candidate unique pairs for (FF, FR, RF, RR): (43, 215278, 53, 43)
[M::mem_pestat] analyzing insert size distribution for orientation FF...
[M::mem_pestat] (25, 50, 75) percentile: (200, 303, 466)
[M::mem_pestat] low and high boundaries for computing mean and std.dev: (1, 998)
[M::mem_pestat] mean and std.dev: (308.38, 152.84)
[M::mem_pestat] low and high boundaries for proper pairs: (1, 1264)
[M::mem_pestat] analyzing insert size distribution for orientation FR...
[M::mem_pestat] (25, 50, 75) percentile: (215, 297, 381)
[M::mem_pestat] low and high boundaries for computing mean and std.dev: (1, 713)
[M::mem_pestat] mean and std.dev: (300.95, 121.17)
[M::mem_pestat] low and high boundaries for proper pairs: (1, 879)
[M::mem_pestat] analyzing insert size distribution for orientation RF...
[M::mem_pestat] (25, 50, 75) percentile: (221, 1354, 6805)
[M::mem_pestat] low and high boundaries for computing mean and std.dev: (1, 19973)
[M::mem_pestat] mean and std.dev: (2812.91, 3047.30)
[M::mem_pestat] low and high boundaries for proper pairs: (1, 26557)
[M::mem_pestat] analyzing insert size distribution for orientation RR...
[M::mem_pestat] (25, 50, 75) percentile: (229, 265, 478)
[M::mem_pestat] low and high boundaries for computing mean and std.dev: (1, 976)
[M::mem_pestat] mean and std.dev: (298.89, 144.89)
[M::mem_pestat] low and high boundaries for proper pairs: (1, 1225)
[M::mem_pestat] skip orientation FF
[M::mem_pestat] skip orientation RF
[M::mem_pestat] skip orientation RR
[M::process] read 1066668 sequences (160000200 bp)...
[M::mem_process_seqs] Processed 1066668 reads in 820.609 CPU sec, 53.232 real sec
[M::mem_pestat] # candidate unique pairs for (FF, FR, RF, RR): (44, 215513, 85, 42)
[M::mem_pestat] analyzing insert size distribution for orientation FF...
[M::mem_pestat] (25, 50, 75) percentile: (217, 413, 1099)
[M::mem_pestat] low and high boundaries for computing mean and std.dev: (1, 2863)
[M::mem_pestat] mean and std.dev: (646.20, 730.40)
[M::mem_pestat] low and high boundaries for proper pairs: (1, 3745)
[M::mem_pestat] analyzing insert size distribution for orientation FR...
[M::mem_pestat] (25, 50, 75) percentile: (214, 292, 373)
[M::mem_pestat] low and high boundaries for computing mean and std.dev: (1, 691)
[M::mem_pestat] mean and std.dev: (296.08, 117.30)
[M::mem_pestat] low and high boundaries for proper pairs: (1, 850)
[M::mem_pestat] analyzing insert size distribution for orientation RF...
[M::mem_pestat] (25, 50, 75) percentile: (301, 1847, 5382)
[M::mem_pestat] low and high boundaries for computing mean and std.dev: (1, 15544)
[M::mem_pestat] mean and std.dev: (3128.79, 3054.84)
[M::mem_pestat] low and high boundaries for proper pairs: (1, 20625)
[M::mem_pestat] analyzing insert size distribution for orientation RR...
[M::mem_pestat] (25, 50, 75) percentile: (223, 478, 1143)
[M::mem_pestat] low and high boundaries for computing mean and std.dev: (1, 2983)
[M::mem_pestat] mean and std.dev: (608.61, 572.71)
[M::mem_pestat] low and high boundaries for proper pairs: (1, 3903)
[M::mem_pestat] skip orientation FF
[M::mem_pestat] skip orientation RF
[M::mem_pestat] skip orientation RR
[M::process] read 1066668 sequences (160000200 bp)...
[M::mem_process_seqs] Processed 1066668 reads in 818.468 CPU sec, 52.950 real sec
[M::mem_pestat] # candidate unique pairs for (FF, FR, RF, RR): (35, 215922, 58, 30)
[M::mem_pestat] analyzing insert size distribution for orientation FF...
[M::mem_pestat] (25, 50, 75) percentile: (161, 277, 1027)
[M::mem_pestat] low and high boundaries for computing mean and std.dev: (1, 2759)
[M::mem_pestat] mean and std.dev: (430.41, 426.66)
[M::mem_pestat] low and high boundaries for proper pairs: (1, 3625)
[M::mem_pestat] analyzing insert size distribution for orientation FR...
[M::mem_pestat] (25, 50, 75) percentile: (214, 292, 374)
[M::mem_pestat] low and high boundaries for computing mean and std.dev: (1, 694)
[M::mem_pestat] mean and std.dev: (296.56, 118.26)
[M::mem_pestat] low and high boundaries for proper pairs: (1, 854)
[M::mem_pestat] analyzing insert size distribution for orientation RF...
[M::mem_pestat] (25, 50, 75) percentile: (111, 625, 3573)
[M::mem_pestat] low and high boundaries for computing mean and std.dev: (1, 10497)
[M::mem_pestat] mean and std.dev: (1926.52, 2440.57)
[M::mem_pestat] low and high boundaries for proper pairs: (1, 13959)
[M::mem_pestat] analyzing insert size distribution for orientation RR...
[M::mem_pestat] (25, 50, 75) percentile: (168, 295, 453)
[M::mem_pestat] low and high boundaries for computing mean and std.dev: (1, 1023)
[M::mem_pestat] mean and std.dev: (311.19, 218.74)
[M::mem_pestat] low and high boundaries for proper pairs: (1, 1308)
[M::mem_pestat] skip orientation FF
[M::mem_pestat] skip orientation RF
[M::mem_pestat] skip orientation RR
[M::mem_process_seqs] Processed 1066668 reads in 833.006 CPU sec, 55.044 real sec
[M::process] read 1066668 sequences (160000200 bp)...
[M::mem_pestat] # candidate unique pairs for (FF, FR, RF, RR): (51, 215656, 62, 43)
[M::mem_pestat] analyzing insert size distribution for orientation FF...
[M::mem_pestat] (25, 50, 75) percentile: (256, 364, 455)
[M::mem_pestat] low and high boundaries for computing mean and std.dev: (1, 853)
[M::mem_pestat] mean and std.dev: (318.59, 142.31)
[M::mem_pestat] low and high boundaries for proper pairs: (1, 1052)
[M::mem_pestat] analyzing insert size distribution for orientation FR...
[M::mem_pestat] (25, 50, 75) percentile: (213, 291, 372)
[M::mem_pestat] low and high boundaries for computing mean and std.dev: (1, 690)
[M::mem_pestat] mean and std.dev: (295.44, 117.44)
[M::mem_pestat] low and high boundaries for proper pairs: (1, 849)
[M::mem_pestat] analyzing insert size distribution for orientation RF...
[M::mem_pestat] (25, 50, 75) percentile: (172, 1158, 4370)
[M::mem_pestat] low and high boundaries for computing mean and std.dev: (1, 12766)
[M::mem_pestat] mean and std.dev: (2578.56, 3007.17)
[M::mem_pestat] low and high boundaries for proper pairs: (1, 16964)
[M::mem_pestat] analyzing insert size distribution for orientation RR...
[M::mem_pestat] (25, 50, 75) percentile: (230, 358, 640)
[M::mem_pestat] low and high boundaries for computing mean and std.dev: (1, 1460)
[M::mem_pestat] mean and std.dev: (370.87, 234.61)
[M::mem_pestat] low and high boundaries for proper pairs: (1, 1870)
[M::mem_pestat] skip orientation FF
[M::mem_pestat] skip orientation RF
[M::mem_pestat] skip orientation RR
[M::process] read 1066668 sequences (160000200 bp)...
[M::mem_process_seqs] Processed 1066668 reads in 824.539 CPU sec, 52.876 real sec
[M::mem_pestat] # candidate unique pairs for (FF, FR, RF, RR): (36, 215916, 68, 38)
[M::mem_pestat] analyzing insert size distribution for orientation FF...
[M::mem_pestat] (25, 50, 75) percentile: (194, 285, 410)
[M::mem_pestat] low and high boundaries for computing mean and std.dev: (1, 842)
[M::mem_pestat] mean and std.dev: (285.44, 151.40)
[M::mem_pestat] low and high boundaries for proper pairs: (1, 1058)
[M::mem_pestat] analyzing insert size distribution for orientation FR...
[M::mem_pestat] (25, 50, 75) percentile: (214, 292, 374)
[M::mem_pestat] low and high boundaries for computing mean and std.dev: (1, 694)
[M::mem_pestat] mean and std.dev: (297.19, 117.69)
[M::mem_pestat] low and high boundaries for proper pairs: (1, 854)
[M::mem_pestat] analyzing insert size distribution for orientation RF...
[M::mem_pestat] (25, 50, 75) percentile: (429, 1580, 4364)
[M::mem_pestat] low and high boundaries for computing mean and std.dev: (1, 12234)
[M::mem_pestat] mean and std.dev: (2665.25, 2836.56)
[M::mem_pestat] low and high boundaries for proper pairs: (1, 16169)
[M::mem_pestat] analyzing insert size distribution for orientation RR...
[M::mem_pestat] (25, 50, 75) percentile: (185, 346, 774)
[M::mem_pestat] low and high boundaries for computing mean and std.dev: (1, 1952)
[M::mem_pestat] mean and std.dev: (428.12, 402.21)
[M::mem_pestat] low and high boundaries for proper pairs: (1, 2541)
[M::mem_pestat] skip orientation FF
[M::mem_pestat] skip orientation RF
[M::mem_pestat] skip orientation RR
[M::process] read 1066668 sequences (160000200 bp)...
[M::mem_process_seqs] Processed 1066668 reads in 828.350 CPU sec, 53.673 real sec
[M::mem_pestat] # candidate unique pairs for (FF, FR, RF, RR): (47, 215704, 54, 44)
[M::mem_pestat] analyzing insert size distribution for orientation FF...
[M::mem_pestat] (25, 50, 75) percentile: (263, 310, 560)
[M::mem_pestat] low and high boundaries for computing mean and std.dev: (1, 1154)
[M::mem_pestat] mean and std.dev: (323.00, 148.17)
[M::mem_pestat] low and high boundaries for proper pairs: (1, 1451)
[M::mem_pestat] analyzing insert size distribution for orientation FR...
[M::mem_pestat] (25, 50, 75) percentile: (213, 291, 373)
[M::mem_pestat] low and high boundaries for computing mean and std.dev: (1, 693)
[M::mem_pestat] mean and std.dev: (295.91, 117.23)
[M::mem_pestat] low and high boundaries for proper pairs: (1, 853)
[M::mem_pestat] analyzing insert size distribution for orientation RF...
[M::mem_pestat] (25, 50, 75) percentile: (154, 880, 5456)
[M::mem_pestat] low and high boundaries for computing mean and std.dev: (1, 16060)
[M::mem_pestat] mean and std.dev: (2601.43, 3114.24)
[M::mem_pestat] low and high boundaries for proper pairs: (1, 21362)
[M::mem_pestat] analyzing insert size distribution for orientation RR...
[M::mem_pestat] (25, 50, 75) percentile: (218, 400, 746)
[M::mem_pestat] low and high boundaries for computing mean and std.dev: (1, 1802)
[M::mem_pestat] mean and std.dev: (485.63, 369.36)
[M::mem_pestat] low and high boundaries for proper pairs: (1, 2330)
[M::mem_pestat] skip orientation FF
[M::mem_pestat] skip orientation RF
[M::mem_pestat] skip orientation RR
[M::process] read 1066668 sequences (160000200 bp)...
[M::mem_process_seqs] Processed 1066668 reads in 830.521 CPU sec, 53.734 real sec
[M::mem_pestat] # candidate unique pairs for (FF, FR, RF, RR): (36, 215276, 69, 28)
[M::mem_pestat] analyzing insert size distribution for orientation FF...
[M::mem_pestat] (25, 50, 75) percentile: (175, 249, 902)
[M::mem_pestat] low and high boundaries for computing mean and std.dev: (1, 2356)
[M::mem_pestat] mean and std.dev: (290.10, 214.56)
[M::mem_pestat] low and high boundaries for proper pairs: (1, 3083)
[M::mem_pestat] analyzing insert size distribution for orientation FR...
[M::mem_pestat] (25, 50, 75) percentile: (214, 291, 372)
[M::mem_pestat] low and high boundaries for computing mean and std.dev: (1, 688)
[M::mem_pestat] mean and std.dev: (295.49, 116.25)
[M::mem_pestat] low and high boundaries for proper pairs: (1, 846)
[M::mem_pestat] analyzing insert size distribution for orientation RF...
[M::mem_pestat] (25, 50, 75) percentile: (150, 960, 4807)
[M::mem_pestat] low and high boundaries for computing mean and std.dev: (1, 14121)
[M::mem_pestat] mean and std.dev: (2491.86, 3101.93)
[M::mem_pestat] low and high boundaries for proper pairs: (1, 18778)
[M::mem_pestat] analyzing insert size distribution for orientation RR...
[M::mem_pestat] (25, 50, 75) percentile: (207, 556, 1535)
[M::mem_pestat] low and high boundaries for computing mean and std.dev: (1, 4191)
[M::mem_pestat] mean and std.dev: (596.88, 508.83)
[M::mem_pestat] low and high boundaries for proper pairs: (1, 5519)
[M::mem_pestat] skip orientation FF
[M::mem_pestat] skip orientation RF
[M::mem_pestat] skip orientation RR
[M::process] read 1066668 sequences (160000200 bp)...
[M::mem_process_seqs] Processed 1066668 reads in 839.678 CPU sec, 54.365 real sec
[M::mem_pestat] # candidate unique pairs for (FF, FR, RF, RR): (46, 215127, 72, 54)
[M::mem_pestat] analyzing insert size distribution for orientation FF...
[M::mem_pestat] (25, 50, 75) percentile: (167, 269, 564)
[M::mem_pestat] low and high boundaries for computing mean and std.dev: (1, 1358)
[M::mem_pestat] mean and std.dev: (263.49, 158.20)
[M::mem_pestat] low and high boundaries for proper pairs: (1, 1755)
[M::mem_pestat] analyzing insert size distribution for orientation FR...
[M::mem_pestat] (25, 50, 75) percentile: (214, 294, 377)
[M::mem_pestat] low and high boundaries for computing mean and std.dev: (1, 703)
[M::mem_pestat] mean and std.dev: (298.09, 118.93)
[M::mem_pestat] low and high boundaries for proper pairs: (1, 866)
[M::mem_pestat] analyzing insert size distribution for orientation RF...
[M::mem_pestat] (25, 50, 75) percentile: (373, 1569, 6626)
[M::mem_pestat] low and high boundaries for computing mean and std.dev: (1, 19132)
[M::mem_pestat] mean and std.dev: (3185.31, 3312.21)
[M::mem_pestat] low and high boundaries for proper pairs: (1, 25385)
[M::mem_pestat] analyzing insert size distribution for orientation RR...
[M::mem_pestat] (25, 50, 75) percentile: (174, 367, 680)
[M::mem_pestat] low and high boundaries for computing mean and std.dev: (1, 1692)
[M::mem_pestat] mean and std.dev: (419.13, 333.66)
[M::mem_pestat] low and high boundaries for proper pairs: (1, 2198)
[M::mem_pestat] skip orientation FF
[M::mem_pestat] skip orientation RF
[M::mem_pestat] skip orientation RR
[M::process] read 1066668 sequences (160000200 bp)...
[M::mem_process_seqs] Processed 1066668 reads in 821.738 CPU sec, 53.254 real sec
[M::mem_pestat] # candidate unique pairs for (FF, FR, RF, RR): (35, 214836, 55, 37)
[M::mem_pestat] analyzing insert size distribution for orientation FF...
[M::mem_pestat] (25, 50, 75) percentile: (206, 248, 465)
[M::mem_pestat] low and high boundaries for computing mean and std.dev: (1, 983)
[M::mem_pestat] mean and std.dev: (305.97, 168.85)
[M::mem_pestat] low and high boundaries for proper pairs: (1, 1242)
[M::mem_pestat] analyzing insert size distribution for orientation FR...
[M::mem_pestat] (25, 50, 75) percentile: (216, 296, 378)
[M::mem_pestat] low and high boundaries for computing mean and std.dev: (1, 702)
[M::mem_pestat] mean and std.dev: (299.28, 118.58)
[M::mem_pestat] low and high boundaries for proper pairs: (1, 864)
[M::mem_pestat] analyzing insert size distribution for orientation RF...
[M::mem_pestat] (25, 50, 75) percentile: (226, 1335, 3846)
[M::mem_pestat] low and high boundaries for computing mean and std.dev: (1, 11086)
[M::mem_pestat] mean and std.dev: (2572.80, 3092.88)
[M::mem_pestat] low and high boundaries for proper pairs: (1, 14944)
[M::mem_pestat] analyzing insert size distribution for orientation RR...
[M::mem_pestat] (25, 50, 75) percentile: (200, 237, 388)
[M::mem_pestat] low and high boundaries for computing mean and std.dev: (1, 764)
[M::mem_pestat] mean and std.dev: (229.33, 83.45)
[M::mem_pestat] low and high boundaries for proper pairs: (1, 952)
[M::mem_pestat] skip orientation FF
[M::mem_pestat] skip orientation RF
[M::mem_pestat] skip orientation RR
[M::process] read 1066668 sequences (160000200 bp)...
[M::mem_process_seqs] Processed 1066668 reads in 817.281 CPU sec, 52.732 real sec
[M::mem_pestat] # candidate unique pairs for (FF, FR, RF, RR): (49, 215731, 70, 45)
[M::mem_pestat] analyzing insert size distribution for orientation FF...
[M::mem_pestat] (25, 50, 75) percentile: (309, 818, 2144)
[M::mem_pestat] low and high boundaries for computing mean and std.dev: (1, 5814)
[M::mem_pestat] mean and std.dev: (1112.57, 1185.89)
[M::mem_pestat] low and high boundaries for proper pairs: (1, 7649)
[M::mem_pestat] analyzing insert size distribution for orientation FR...
[M::mem_pestat] (25, 50, 75) percentile: (214, 293, 374)
[M::mem_pestat] low and high boundaries for computing mean and std.dev: (1, 694)
[M::mem_pestat] mean and std.dev: (296.53, 117.49)
[M::mem_pestat] low and high boundaries for proper pairs: (1, 854)
[M::mem_pestat] analyzing insert size distribution for orientation RF...
[M::mem_pestat] (25, 50, 75) percentile: (214, 1044, 2424)
[M::mem_pestat] low and high boundaries for computing mean and std.dev: (1, 6844)
[M::mem_pestat] mean and std.dev: (1665.37, 1942.90)
[M::mem_pestat] low and high boundaries for proper pairs: (1, 9437)
[M::mem_pestat] analyzing insert size distribution for orientation RR...
[M::mem_pestat] (25, 50, 75) percentile: (168, 267, 537)
[M::mem_pestat] low and high boundaries for computing mean and std.dev: (1, 1275)
[M::mem_pestat] mean and std.dev: (295.28, 171.95)
[M::mem_pestat] low and high boundaries for proper pairs: (1, 1644)
[M::mem_pestat] skip orientation FF
[M::mem_pestat] skip orientation RF
[M::mem_pestat] skip orientation RR
[M::process] read 1066668 sequences (160000200 bp)...
[M::mem_process_seqs] Processed 1066668 reads in 815.987 CPU sec, 52.766 real sec
[M::mem_pestat] # candidate unique pairs for (FF, FR, RF, RR): (47, 216031, 43, 37)
[M::mem_pestat] analyzing insert size distribution for orientation FF...
[M::mem_pestat] (25, 50, 75) percentile: (183, 267, 566)
[M::mem_pestat] low and high boundaries for computing mean and std.dev: (1, 1332)
[M::mem_pestat] mean and std.dev: (244.89, 124.77)
[M::mem_pestat] low and high boundaries for proper pairs: (1, 1715)
[M::mem_pestat] analyzing insert size distribution for orientation FR...
[M::mem_pestat] (25, 50, 75) percentile: (215, 294, 375)
[M::mem_pestat] low and high boundaries for computing mean and std.dev: (1, 695)
[M::mem_pestat] mean and std.dev: (297.50, 117.75)
[M::mem_pestat] low and high boundaries for proper pairs: (1, 855)
[M::mem_pestat] analyzing insert size distribution for orientation RF...
[M::mem_pestat] (25, 50, 75) percentile: (265, 1780, 5308)
[M::mem_pestat] low and high boundaries for computing mean and std.dev: (1, 15394)
[M::mem_pestat] mean and std.dev: (2860.60, 3100.97)
[M::mem_pestat] low and high boundaries for proper pairs: (1, 20437)
[M::mem_pestat] analyzing insert size distribution for orientation RR...
[M::mem_pestat] (25, 50, 75) percentile: (148, 229, 713)
[M::mem_pestat] low and high boundaries for computing mean and std.dev: (1, 1843)
[M::mem_pestat] mean and std.dev: (313.12, 264.35)
[M::mem_pestat] low and high boundaries for proper pairs: (1, 2408)
[M::mem_pestat] skip orientation FF
[M::mem_pestat] skip orientation RF
[M::mem_pestat] skip orientation RR
[M::process] read 1066668 sequences (160000200 bp)...
[M::mem_process_seqs] Processed 1066668 reads in 824.978 CPU sec, 53.352 real sec
[M::mem_pestat] # candidate unique pairs for (FF, FR, RF, RR): (46, 215430, 56, 45)
[M::mem_pestat] analyzing insert size distribution for orientation FF...
[M::mem_pestat] (25, 50, 75) percentile: (166, 306, 620)
[M::mem_pestat] low and high boundaries for computing mean and std.dev: (1, 1528)
[M::mem_pestat] mean and std.dev: (310.49, 185.26)
[M::mem_pestat] low and high boundaries for proper pairs: (1, 1982)
[M::mem_pestat] analyzing insert size distribution for orientation FR...
[M::mem_pestat] (25, 50, 75) percentile: (215, 292, 374)
[M::mem_pestat] low and high boundaries for computing mean and std.dev: (1, 692)
[M::mem_pestat] mean and std.dev: (296.78, 116.94)
[M::mem_pestat] low and high boundaries for proper pairs: (1, 851)
[M::mem_pestat] analyzing insert size distribution for orientation RF...
[M::mem_pestat] (25, 50, 75) percentile: (138, 1002, 5281)
[M::mem_pestat] low and high boundaries for computing mean and std.dev: (1, 15567)
[M::mem_pestat] mean and std.dev: (2648.95, 3003.55)
[M::mem_pestat] low and high boundaries for proper pairs: (1, 20710)
[M::mem_pestat] analyzing insert size distribution for orientation RR...
[M::mem_pestat] (25, 50, 75) percentile: (161, 271, 564)
[M::mem_pestat] low and high boundaries for computing mean and std.dev: (1, 1370)
[M::mem_pestat] mean and std.dev: (324.77, 263.63)
[M::mem_pestat] low and high boundaries for proper pairs: (1, 1773)
[M::mem_pestat] skip orientation FF
[M::mem_pestat] skip orientation RF
[M::mem_pestat] skip orientation RR
[M::process] read 1066668 sequences (160000200 bp)...
[M::mem_process_seqs] Processed 1066668 reads in 822.410 CPU sec, 53.211 real sec
[M::mem_pestat] # candidate unique pairs for (FF, FR, RF, RR): (36, 215747, 78, 36)
[M::mem_pestat] analyzing insert size distribution for orientation FF...
[M::mem_pestat] (25, 50, 75) percentile: (148, 352, 1585)
[M::mem_pestat] low and high boundaries for computing mean and std.dev: (1, 4459)
[M::mem_pestat] mean and std.dev: (725.29, 826.89)
[M::mem_pestat] low and high boundaries for proper pairs: (1, 5896)
[M::mem_pestat] analyzing insert size distribution for orientation FR...
[M::mem_pestat] (25, 50, 75) percentile: (213, 291, 372)
[M::mem_pestat] low and high boundaries for computing mean and std.dev: (1, 690)
[M::mem_pestat] mean and std.dev: (295.58, 116.82)
[M::mem_pestat] low and high boundaries for proper pairs: (1, 849)
[M::mem_pestat] analyzing insert size distribution for orientation RF...
[M::mem_pestat] (25, 50, 75) percentile: (160, 968, 4602)
[M::mem_pestat] low and high boundaries for computing mean and std.dev: (1, 13486)
[M::mem_pestat] mean and std.dev: (2605.83, 3160.02)
[M::mem_pestat] low and high boundaries for proper pairs: (1, 17928)
[M::mem_pestat] analyzing insert size distribution for orientation RR...
[M::mem_pestat] (25, 50, 75) percentile: (201, 417, 1241)
[M::mem_pestat] low and high boundaries for computing mean and std.dev: (1, 3321)
[M::mem_pestat] mean and std.dev: (787.77, 932.92)
[M::mem_pestat] low and high boundaries for proper pairs: (1, 4519)
[M::mem_pestat] skip orientation FF
[M::mem_pestat] skip orientation RF
[M::mem_pestat] skip orientation RR
[M::process] read 1066668 sequences (160000200 bp)...
[M::mem_process_seqs] Processed 1066668 reads in 826.939 CPU sec, 53.390 real sec
[M::mem_pestat] # candidate unique pairs for (FF, FR, RF, RR): (48, 215838, 64, 50)
[M::mem_pestat] analyzing insert size distribution for orientation FF...
[M::mem_pestat] (25, 50, 75) percentile: (192, 308, 549)
[M::mem_pestat] low and high boundaries for computing mean and std.dev: (1, 1263)
[M::mem_pestat] mean and std.dev: (325.35, 186.05)
[M::mem_pestat] low and high boundaries for proper pairs: (1, 1620)
[M::mem_pestat] analyzing insert size distribution for orientation FR...
[M::mem_pestat] (25, 50, 75) percentile: (211, 289, 370)
[M::mem_pestat] low and high boundaries for computing mean and std.dev: (1, 688)
[M::mem_pestat] mean and std.dev: (293.37, 116.54)
[M::mem_pestat] low and high boundaries for proper pairs: (1, 847)
[M::mem_pestat] analyzing insert size distribution for orientation RF...
[M::mem_pestat] (25, 50, 75) percentile: (215, 830, 5620)
[M::mem_pestat] low and high boundaries for computing mean and std.dev: (1, 16430)
[M::mem_pestat] mean and std.dev: (2589.72, 3127.55)
[M::mem_pestat] low and high boundaries for proper pairs: (1, 21835)
[M::mem_pestat] analyzing insert size distribution for orientation RR...
[M::mem_pestat] (25, 50, 75) percentile: (178, 306, 1093)
[M::mem_pestat] low and high boundaries for computing mean and std.dev: (1, 2923)
[M::mem_pestat] mean and std.dev: (515.86, 539.33)
[M::mem_pestat] low and high boundaries for proper pairs: (1, 3838)
[M::mem_pestat] skip orientation FF
[M::mem_pestat] skip orientation RF
[M::mem_pestat] skip orientation RR
[M::process] read 1066668 sequences (160000200 bp)...
[M::mem_process_seqs] Processed 1066668 reads in 837.883 CPU sec, 54.520 real sec
[M::mem_pestat] # candidate unique pairs for (FF, FR, RF, RR): (34, 213778, 54, 39)
[M::mem_pestat] analyzing insert size distribution for orientation FF...
[M::mem_pestat] (25, 50, 75) percentile: (164, 241, 357)
[M::mem_pestat] low and high boundaries for computing mean and std.dev: (1, 743)
[M::mem_pestat] mean and std.dev: (238.32, 109.01)
[M::mem_pestat] low and high boundaries for proper pairs: (1, 936)
[M::mem_pestat] analyzing insert size distribution for orientation FR...
[M::mem_pestat] (25, 50, 75) percentile: (211, 291, 375)
[M::mem_pestat] low and high boundaries for computing mean and std.dev: (1, 703)
[M::mem_pestat] mean and std.dev: (296.86, 120.21)
[M::mem_pestat] low and high boundaries for proper pairs: (1, 867)
[M::mem_pestat] analyzing insert size distribution for orientation RF...
[M::mem_pestat] (25, 50, 75) percentile: (235, 1018, 2122)
[M::mem_pestat] low and high boundaries for computing mean and std.dev: (1, 5896)
[M::mem_pestat] mean and std.dev: (1152.51, 1349.24)
[M::mem_pestat] low and high boundaries for proper pairs: (1, 7783)
[M::mem_pestat] analyzing insert size distribution for orientation RR...
[M::mem_pestat] (25, 50, 75) percentile: (189, 258, 429)
[M::mem_pestat] low and high boundaries for computing mean and std.dev: (1, 909)
[M::mem_pestat] mean and std.dev: (300.58, 182.43)
[M::mem_pestat] low and high boundaries for proper pairs: (1, 1149)
[M::mem_pestat] skip orientation FF
[M::mem_pestat] skip orientation RF
[M::mem_pestat] skip orientation RR
[M::process] read 1066668 sequences (160000200 bp)...
[M::mem_process_seqs] Processed 1066668 reads in 854.884 CPU sec, 55.384 real sec
[M::mem_pestat] # candidate unique pairs for (FF, FR, RF, RR): (31, 213043, 61, 37)
[M::mem_pestat] analyzing insert size distribution for orientation FF...
[M::mem_pestat] (25, 50, 75) percentile: (192, 302, 426)
[M::mem_pestat] low and high boundaries for computing mean and std.dev: (1, 894)
[M::mem_pestat] mean and std.dev: (295.04, 152.32)
[M::mem_pestat] low and high boundaries for proper pairs: (1, 1128)
[M::mem_pestat] analyzing insert size distribution for orientation FR...
[M::mem_pestat] (25, 50, 75) percentile: (213, 296, 387)
[M::mem_pestat] low and high boundaries for computing mean and std.dev: (1, 735)
[M::mem_pestat] mean and std.dev: (304.28, 126.78)
[M::mem_pestat] low and high boundaries for proper pairs: (1, 909)
[M::mem_pestat] analyzing insert size distribution for orientation RF...
[M::mem_pestat] (25, 50, 75) percentile: (133, 1107, 5474)
[M::mem_pestat] low and high boundaries for computing mean and std.dev: (1, 16156)
[M::mem_pestat] mean and std.dev: (2400.00, 2642.20)
[M::mem_pestat] low and high boundaries for proper pairs: (1, 21497)
[M::mem_pestat] analyzing insert size distribution for orientation RR...
[M::mem_pestat] (25, 50, 75) percentile: (243, 333, 414)
[M::mem_pestat] low and high boundaries for computing mean and std.dev: (1, 756)
[M::mem_pestat] mean and std.dev: (307.85, 143.60)
[M::mem_pestat] low and high boundaries for proper pairs: (1, 927)
[M::mem_pestat] skip orientation FF
[M::mem_pestat] skip orientation RF
[M::mem_pestat] skip orientation RR
[M::process] read 1066668 sequences (160000200 bp)...
[M::mem_process_seqs] Processed 1066668 reads in 846.419 CPU sec, 54.797 real sec
[M::mem_pestat] # candidate unique pairs for (FF, FR, RF, RR): (35, 213499, 75, 45)
[M::mem_pestat] analyzing insert size distribution for orientation FF...
[M::mem_pestat] (25, 50, 75) percentile: (195, 213, 416)
[M::mem_pestat] low and high boundaries for computing mean and std.dev: (1, 858)
[M::mem_pestat] mean and std.dev: (230.59, 113.87)
[M::mem_pestat] low and high boundaries for proper pairs: (1, 1079)
[M::mem_pestat] analyzing insert size distribution for orientation FR...
[M::mem_pestat] (25, 50, 75) percentile: (212, 293, 381)
[M::mem_pestat] low and high boundaries for computing mean and std.dev: (1, 719)
[M::mem_pestat] mean and std.dev: (299.81, 123.13)
[M::mem_pestat] low and high boundaries for proper pairs: (1, 888)
[M::mem_pestat] analyzing insert size distribution for orientation RF...
[M::mem_pestat] (25, 50, 75) percentile: (575, 1278, 3387)
[M::mem_pestat] low and high boundaries for computing mean and std.dev: (1, 9011)
[M::mem_pestat] mean and std.dev: (2325.92, 2473.37)
[M::mem_pestat] low and high boundaries for proper pairs: (1, 12219)
[M::mem_pestat] analyzing insert size distribution for orientation RR...
[M::mem_pestat] (25, 50, 75) percentile: (203, 335, 1106)
[M::mem_pestat] low and high boundaries for computing mean and std.dev: (1, 2912)
[M::mem_pestat] mean and std.dev: (556.71, 586.36)
[M::mem_pestat] low and high boundaries for proper pairs: (1, 3815)
[M::mem_pestat] skip orientation FF
[M::mem_pestat] skip orientation RF
[M::mem_pestat] skip orientation RR
[M::process] read 1066668 sequences (160000200 bp)...
[M::mem_process_seqs] Processed 1066668 reads in 845.180 CPU sec, 54.791 real sec
[M::mem_pestat] # candidate unique pairs for (FF, FR, RF, RR): (51, 214308, 55, 48)
[M::mem_pestat] analyzing insert size distribution for orientation FF...
[M::mem_pestat] (25, 50, 75) percentile: (224, 354, 1399)
[M::mem_pestat] low and high boundaries for computing mean and std.dev: (1, 3749)
[M::mem_pestat] mean and std.dev: (704.33, 903.52)
[M::mem_pestat] low and high boundaries for proper pairs: (1, 4924)
[M::mem_pestat] analyzing insert size distribution for orientation FR...
[M::mem_pestat] (25, 50, 75) percentile: (212, 292, 379)
[M::mem_pestat] low and high boundaries for computing mean and std.dev: (1, 713)
[M::mem_pestat] mean and std.dev: (298.84, 122.10)
[M::mem_pestat] low and high boundaries for proper pairs: (1, 880)
[M::mem_pestat] analyzing insert size distribution for orientation RF...
[M::mem_pestat] (25, 50, 75) percentile: (211, 654, 3495)
[M::mem_pestat] low and high boundaries for computing mean and std.dev: (1, 10063)
[M::mem_pestat] mean and std.dev: (2270.31, 2764.10)
[M::mem_pestat] low and high boundaries for proper pairs: (1, 13347)
[M::mem_pestat] analyzing insert size distribution for orientation RR...
[M::mem_pestat] (25, 50, 75) percentile: (194, 277, 836)
[M::mem_pestat] low and high boundaries for computing mean and std.dev: (1, 2120)
[M::mem_pestat] mean and std.dev: (326.25, 223.07)
[M::mem_pestat] low and high boundaries for proper pairs: (1, 2762)
[M::mem_pestat] skip orientation FF
[M::mem_pestat] skip orientation RF
[M::mem_pestat] skip orientation RR
[M::process] read 1066668 sequences (160000200 bp)...
[M::mem_process_seqs] Processed 1066668 reads in 840.517 CPU sec, 54.247 real sec
[M::mem_pestat] # candidate unique pairs for (FF, FR, RF, RR): (51, 214543, 55, 32)
[M::mem_pestat] analyzing insert size distribution for orientation FF...
[M::mem_pestat] (25, 50, 75) percentile: (224, 339, 436)
[M::mem_pestat] low and high boundaries for computing mean and std.dev: (1, 860)
[M::mem_pestat] mean and std.dev: (295.86, 121.51)
[M::mem_pestat] low and high boundaries for proper pairs: (1, 1072)
[M::mem_pestat] analyzing insert size distribution for orientation FR...
[M::mem_pestat] (25, 50, 75) percentile: (214, 294, 379)
[M::mem_pestat] low and high boundaries for computing mean and std.dev: (1, 709)
[M::mem_pestat] mean and std.dev: (300.03, 121.23)
[M::mem_pestat] low and high boundaries for proper pairs: (1, 874)
[M::mem_pestat] analyzing insert size distribution for orientation RF...
[M::mem_pestat] (25, 50, 75) percentile: (223, 624, 3617)
[M::mem_pestat] low and high boundaries for computing mean and std.dev: (1, 10405)
[M::mem_pestat] mean and std.dev: (1947.85, 2459.04)
[M::mem_pestat] low and high boundaries for proper pairs: (1, 13799)
[M::mem_pestat] analyzing insert size distribution for orientation RR...
[M::mem_pestat] (25, 50, 75) percentile: (196, 286, 463)
[M::mem_pestat] low and high boundaries for computing mean and std.dev: (1, 997)
[M::mem_pestat] mean and std.dev: (306.67, 172.96)
[M::mem_pestat] low and high boundaries for proper pairs: (1, 1264)
[M::mem_pestat] skip orientation FF
[M::mem_pestat] skip orientation RF
[M::mem_pestat] skip orientation RR
[M::process] read 1066668 sequences (160000200 bp)...
[M::mem_process_seqs] Processed 1066668 reads in 841.107 CPU sec, 54.342 real sec
[M::mem_pestat] # candidate unique pairs for (FF, FR, RF, RR): (41, 214872, 55, 33)
[M::mem_pestat] analyzing insert size distribution for orientation FF...
[M::mem_pestat] (25, 50, 75) percentile: (205, 275, 337)
[M::mem_pestat] low and high boundaries for computing mean and std.dev: (1, 601)
[M::mem_pestat] mean and std.dev: (240.32, 77.46)
[M::mem_pestat] low and high boundaries for proper pairs: (1, 733)
[M::mem_pestat] analyzing insert size distribution for orientation FR...
[M::mem_pestat] (25, 50, 75) percentile: (217, 295, 379)
[M::mem_pestat] low and high boundaries for computing mean and std.dev: (1, 703)
[M::mem_pestat] mean and std.dev: (300.72, 119.83)
[M::mem_pestat] low and high boundaries for proper pairs: (1, 865)
[M::mem_pestat] analyzing insert size distribution for orientation RF...
[M::mem_pestat] (25, 50, 75) percentile: (305, 1101, 4726)
[M::mem_pestat] low and high boundaries for computing mean and std.dev: (1, 13568)
[M::mem_pestat] mean and std.dev: (2666.69, 3137.87)
[M::mem_pestat] low and high boundaries for proper pairs: (1, 17989)
[M::mem_pestat] analyzing insert size distribution for orientation RR...
[M::mem_pestat] (25, 50, 75) percentile: (202, 283, 746)
[M::mem_pestat] low and high boundaries for computing mean and std.dev: (1, 1834)
[M::mem_pestat] mean and std.dev: (383.10, 348.77)
[M::mem_pestat] low and high boundaries for proper pairs: (1, 2378)
[M::mem_pestat] skip orientation FF
[M::mem_pestat] skip orientation RF
[M::mem_pestat] skip orientation RR
[M::process] read 1066668 sequences (160000200 bp)...
[M::mem_process_seqs] Processed 1066668 reads in 844.463 CPU sec, 54.709 real sec
[M::mem_pestat] # candidate unique pairs for (FF, FR, RF, RR): (33, 214935, 54, 39)
[M::mem_pestat] analyzing insert size distribution for orientation FF...
[M::mem_pestat] (25, 50, 75) percentile: (176, 225, 916)
[M::mem_pestat] low and high boundaries for computing mean and std.dev: (1, 2396)
[M::mem_pestat] mean and std.dev: (456.00, 465.98)
[M::mem_pestat] low and high boundaries for proper pairs: (1, 3136)
[M::mem_pestat] analyzing insert size distribution for orientation FR...
[M::mem_pestat] (25, 50, 75) percentile: (217, 295, 379)
[M::mem_pestat] low and high boundaries for computing mean and std.dev: (1, 703)
[M::mem_pestat] mean and std.dev: (300.71, 119.46)
[M::mem_pestat] low and high boundaries for proper pairs: (1, 865)
[M::mem_pestat] analyzing insert size distribution for orientation RF...
[M::mem_pestat] (25, 50, 75) percentile: (258, 769, 3743)
[M::mem_pestat] low and high boundaries for computing mean and std.dev: (1, 10713)
[M::mem_pestat] mean and std.dev: (2214.94, 2642.77)
[M::mem_pestat] low and high boundaries for proper pairs: (1, 14198)
[M::mem_pestat] analyzing insert size distribution for orientation RR...
[M::mem_pestat] (25, 50, 75) percentile: (166, 289, 465)
[M::mem_pestat] low and high boundaries for computing mean and std.dev: (1, 1063)
[M::mem_pestat] mean and std.dev: (296.29, 178.97)
[M::mem_pestat] low and high boundaries for proper pairs: (1, 1362)
[M::mem_pestat] skip orientation FF
[M::mem_pestat] skip orientation RF
[M::mem_pestat] skip orientation RR
[M::mem_process_seqs] Processed 1066668 reads in 839.975 CPU sec, 55.428 real sec
[M::process] read 1066668 sequences (160000200 bp)...
[M::process] read 1066668 sequences (160000200 bp)...
[M::mem_pestat] # candidate unique pairs for (FF, FR, RF, RR): (36, 213705, 71, 36)
[M::mem_pestat] analyzing insert size distribution for orientation FF...
[M::mem_pestat] (25, 50, 75) percentile: (195, 277, 611)
[M::mem_pestat] low and high boundaries for computing mean and std.dev: (1, 1443)
[M::mem_pestat] mean and std.dev: (322.84, 221.99)
[M::mem_pestat] low and high boundaries for proper pairs: (1, 1859)
[M::mem_pestat] analyzing insert size distribution for orientation FR...
[M::mem_pestat] (25, 50, 75) percentile: (211, 289, 375)
[M::mem_pestat] low and high boundaries for computing mean and std.dev: (1, 703)
[M::mem_pestat] mean and std.dev: (296.52, 120.89)
[M::mem_pestat] low and high boundaries for proper pairs: (1, 867)
[M::mem_pestat] analyzing insert size distribution for orientation RF...
[M::mem_pestat] (25, 50, 75) percentile: (103, 719, 5601)
[M::mem_pestat] low and high boundaries for computing mean and std.dev: (1, 16597)
[M::mem_pestat] mean and std.dev: (2535.25, 2972.93)
[M::mem_pestat] low and high boundaries for proper pairs: (1, 22095)
[M::mem_pestat] analyzing insert size distribution for orientation RR...
[M::mem_pestat] (25, 50, 75) percentile: (213, 285, 942)
[M::mem_pestat] low and high boundaries for computing mean and std.dev: (1, 2400)
[M::mem_pestat] mean and std.dev: (530.85, 526.00)
[M::mem_pestat] low and high boundaries for proper pairs: (1, 3129)
[M::mem_pestat] skip orientation FF
[M::mem_pestat] skip orientation RF
[M::mem_pestat] skip orientation RR
[M::mem_process_seqs] Processed 1066668 reads in 851.106 CPU sec, 54.770 real sec
[M::mem_pestat] # candidate unique pairs for (FF, FR, RF, RR): (45, 213040, 56, 30)
[M::mem_pestat] analyzing insert size distribution for orientation FF...
[M::mem_pestat] (25, 50, 75) percentile: (200, 252, 501)
[M::mem_pestat] low and high boundaries for computing mean and std.dev: (1, 1103)
[M::mem_pestat] mean and std.dev: (294.71, 150.79)
[M::mem_pestat] low and high boundaries for proper pairs: (1, 1404)
[M::mem_pestat] analyzing insert size distribution for orientation FR...
[M::mem_pestat] (25, 50, 75) percentile: (209, 289, 377)
[M::mem_pestat] low and high boundaries for computing mean and std.dev: (1, 713)
[M::mem_pestat] mean and std.dev: (297.17, 123.56)
[M::mem_pestat] low and high boundaries for proper pairs: (1, 881)
[M::mem_pestat] analyzing insert size distribution for orientation RF...
[M::mem_pestat] (25, 50, 75) percentile: (320, 1419, 6445)
[M::mem_pestat] low and high boundaries for computing mean and std.dev: (1, 18695)
[M::mem_pestat] mean and std.dev: (3098.25, 3364.44)
[M::mem_pestat] low and high boundaries for proper pairs: (1, 24820)
[M::mem_pestat] analyzing insert size distribution for orientation RR...
[M::mem_pestat] (25, 50, 75) percentile: (170, 367, 502)
[M::mem_pestat] low and high boundaries for computing mean and std.dev: (1, 1166)
[M::mem_pestat] mean and std.dev: (348.50, 221.88)
[M::mem_pestat] low and high boundaries for proper pairs: (1, 1498)
[M::mem_pestat] skip orientation FF
[M::mem_pestat] skip orientation RF
[M::mem_pestat] skip orientation RR
[M::process] read 1066668 sequences (160000200 bp)...
[M::mem_process_seqs] Processed 1066668 reads in 840.430 CPU sec, 54.291 real sec
[M::mem_pestat] # candidate unique pairs for (FF, FR, RF, RR): (29, 213556, 69, 52)
[M::mem_pestat] analyzing insert size distribution for orientation FF...
[M::mem_pestat] (25, 50, 75) percentile: (223, 370, 604)
[M::mem_pestat] low and high boundaries for computing mean and std.dev: (1, 1366)
[M::mem_pestat] mean and std.dev: (354.96, 241.45)
[M::mem_pestat] low and high boundaries for proper pairs: (1, 1747)
[M::mem_pestat] analyzing insert size distribution for orientation FR...
[M::mem_pestat] (25, 50, 75) percentile: (210, 289, 377)
[M::mem_pestat] low and high boundaries for computing mean and std.dev: (1, 711)
[M::mem_pestat] mean and std.dev: (297.00, 123.27)
[M::mem_pestat] low and high boundaries for proper pairs: (1, 878)
[M::mem_pestat] analyzing insert size distribution for orientation RF...
[M::mem_pestat] (25, 50, 75) percentile: (103, 811, 3557)
[M::mem_pestat] low and high boundaries for computing mean and std.dev: (1, 10465)
[M::mem_pestat] mean and std.dev: (2050.46, 2530.07)
[M::mem_pestat] low and high boundaries for proper pairs: (1, 13919)
[M::mem_pestat] analyzing insert size distribution for orientation RR...
[M::mem_pestat] (25, 50, 75) percentile: (159, 233, 410)
[M::mem_pestat] low and high boundaries for computing mean and std.dev: (1, 912)
[M::mem_pestat] mean and std.dev: (231.89, 134.27)
[M::mem_pestat] low and high boundaries for proper pairs: (1, 1163)
[M::mem_pestat] skip orientation FF
[M::mem_pestat] skip orientation RF
[M::mem_pestat] skip orientation RR
[M::process] read 1066668 sequences (160000200 bp)...
[M::mem_process_seqs] Processed 1066668 reads in 838.034 CPU sec, 54.224 real sec
[M::mem_pestat] # candidate unique pairs for (FF, FR, RF, RR): (26, 213088, 69, 54)
[M::mem_pestat] analyzing insert size distribution for orientation FF...
[M::mem_pestat] (25, 50, 75) percentile: (184, 305, 428)
[M::mem_pestat] low and high boundaries for computing mean and std.dev: (1, 916)
[M::mem_pestat] mean and std.dev: (284.09, 139.54)
[M::mem_pestat] low and high boundaries for proper pairs: (1, 1160)
[M::mem_pestat] analyzing insert size distribution for orientation FR...
[M::mem_pestat] (25, 50, 75) percentile: (211, 290, 377)
[M::mem_pestat] low and high boundaries for computing mean and std.dev: (1, 709)
[M::mem_pestat] mean and std.dev: (297.37, 121.89)
[M::mem_pestat] low and high boundaries for proper pairs: (1, 875)
[M::mem_pestat] analyzing insert size distribution for orientation RF...
[M::mem_pestat] (25, 50, 75) percentile: (452, 1106, 4404)
[M::mem_pestat] low and high boundaries for computing mean and std.dev: (1, 12308)
[M::mem_pestat] mean and std.dev: (2549.67, 2831.40)
[M::mem_pestat] low and high boundaries for proper pairs: (1, 16260)
[M::mem_pestat] analyzing insert size distribution for orientation RR...
[M::mem_pestat] (25, 50, 75) percentile: (167, 330, 490)
[M::mem_pestat] low and high boundaries for computing mean and std.dev: (1, 1136)
[M::mem_pestat] mean and std.dev: (310.88, 175.14)
[M::mem_pestat] low and high boundaries for proper pairs: (1, 1459)
[M::mem_pestat] skip orientation FF
[M::mem_pestat] skip orientation RF
[M::mem_pestat] skip orientation RR
[M::process] read 1066668 sequences (160000200 bp)...
[M::mem_process_seqs] Processed 1066668 reads in 843.073 CPU sec, 54.638 real sec
[M::mem_pestat] # candidate unique pairs for (FF, FR, RF, RR): (39, 214187, 68, 54)
[M::mem_pestat] analyzing insert size distribution for orientation FF...
[M::mem_pestat] (25, 50, 75) percentile: (183, 331, 545)
[M::mem_pestat] low and high boundaries for computing mean and std.dev: (1, 1269)
[M::mem_pestat] mean and std.dev: (315.06, 204.09)
[M::mem_pestat] low and high boundaries for proper pairs: (1, 1631)
[M::mem_pestat] analyzing insert size distribution for orientation FR...
[M::mem_pestat] (25, 50, 75) percentile: (213, 294, 381)
[M::mem_pestat] low and high boundaries for computing mean and std.dev: (1, 717)
[M::mem_pestat] mean and std.dev: (300.95, 123.49)
[M::mem_pestat] low and high boundaries for proper pairs: (1, 885)
[M::mem_pestat] analyzing insert size distribution for orientation RF...
[M::mem_pestat] (25, 50, 75) percentile: (179, 1564, 4202)
[M::mem_pestat] low and high boundaries for computing mean and std.dev: (1, 12248)
[M::mem_pestat] mean and std.dev: (2144.57, 2266.90)
[M::mem_pestat] low and high boundaries for proper pairs: (1, 16271)
[M::mem_pestat] analyzing insert size distribution for orientation RR...
[M::mem_pestat] (25, 50, 75) percentile: (141, 260, 469)
[M::mem_pestat] low and high boundaries for computing mean and std.dev: (1, 1125)
[M::mem_pestat] mean and std.dev: (273.33, 207.65)
[M::mem_pestat] low and high boundaries for proper pairs: (1, 1453)
[M::mem_pestat] skip orientation FF
[M::mem_pestat] skip orientation RF
[M::mem_pestat] skip orientation RR
[M::process] read 1066668 sequences (160000200 bp)...
[M::mem_process_seqs] Processed 1066668 reads in 839.806 CPU sec, 54.179 real sec
[M::mem_pestat] # candidate unique pairs for (FF, FR, RF, RR): (42, 214560, 66, 44)
[M::mem_pestat] analyzing insert size distribution for orientation FF...
[M::mem_pestat] (25, 50, 75) percentile: (183, 330, 1828)
[M::mem_pestat] low and high boundaries for computing mean and std.dev: (1, 5118)
[M::mem_pestat] mean and std.dev: (1094.92, 1428.98)
[M::mem_pestat] low and high boundaries for proper pairs: (1, 6811)
[M::mem_pestat] analyzing insert size distribution for orientation FR...
[M::mem_pestat] (25, 50, 75) percentile: (216, 295, 383)
[M::mem_pestat] low and high boundaries for computing mean and std.dev: (1, 717)
[M::mem_pestat] mean and std.dev: (302.39, 122.64)
[M::mem_pestat] low and high boundaries for proper pairs: (1, 884)
[M::mem_pestat] analyzing insert size distribution for orientation RF...
[M::mem_pestat] (25, 50, 75) percentile: (197, 911, 6111)
[M::mem_pestat] low and high boundaries for computing mean and std.dev: (1, 17939)
[M::mem_pestat] mean and std.dev: (2875.50, 3288.97)
[M::mem_pestat] low and high boundaries for proper pairs: (1, 23853)
[M::mem_pestat] analyzing insert size distribution for orientation RR...
[M::mem_pestat] (25, 50, 75) percentile: (159, 282, 561)
[M::mem_pestat] low and high boundaries for computing mean and std.dev: (1, 1365)
[M::mem_pestat] mean and std.dev: (291.03, 170.29)
[M::mem_pestat] low and high boundaries for proper pairs: (1, 1767)
[M::mem_pestat] skip orientation FF
[M::mem_pestat] skip orientation RF
[M::mem_pestat] skip orientation RR
[M::process] read 1066668 sequences (160000200 bp)...
[M::mem_process_seqs] Processed 1066668 reads in 837.839 CPU sec, 54.632 real sec
[M::mem_pestat] # candidate unique pairs for (FF, FR, RF, RR): (37, 214210, 67, 45)
[M::mem_pestat] analyzing insert size distribution for orientation FF...
[M::mem_pestat] (25, 50, 75) percentile: (153, 222, 558)
[M::mem_pestat] low and high boundaries for computing mean and std.dev: (1, 1368)
[M::mem_pestat] mean and std.dev: (268.32, 248.13)
[M::mem_pestat] low and high boundaries for proper pairs: (1, 1773)
[M::mem_pestat] analyzing insert size distribution for orientation FR...
[M::mem_pestat] (25, 50, 75) percentile: (216, 295, 380)
[M::mem_pestat] low and high boundaries for computing mean and std.dev: (1, 708)
[M::mem_pestat] mean and std.dev: (301.23, 121.01)
[M::mem_pestat] low and high boundaries for proper pairs: (1, 872)
[M::mem_pestat] analyzing insert size distribution for orientation RF...
[M::mem_pestat] (25, 50, 75) percentile: (337, 1101, 3722)
[M::mem_pestat] low and high boundaries for computing mean and std.dev: (1, 10492)
[M::mem_pestat] mean and std.dev: (2454.24, 2842.83)
[M::mem_pestat] low and high boundaries for proper pairs: (1, 13877)
[M::mem_pestat] analyzing insert size distribution for orientation RR...
[M::mem_pestat] (25, 50, 75) percentile: (164, 290, 1054)
[M::mem_pestat] low and high boundaries for computing mean and std.dev: (1, 2834)
[M::mem_pestat] mean and std.dev: (500.12, 522.31)
[M::mem_pestat] low and high boundaries for proper pairs: (1, 3724)
[M::mem_pestat] skip orientation FF
[M::mem_pestat] skip orientation RF
[M::mem_pestat] skip orientation RR
[M::process] read 1066668 sequences (160000200 bp)...
[M::mem_process_seqs] Processed 1066668 reads in 838.404 CPU sec, 54.321 real sec
[M::mem_pestat] # candidate unique pairs for (FF, FR, RF, RR): (35, 214048, 72, 36)
[M::mem_pestat] analyzing insert size distribution for orientation FF...
[M::mem_pestat] (25, 50, 75) percentile: (193, 261, 543)
[M::mem_pestat] low and high boundaries for computing mean and std.dev: (1, 1243)
[M::mem_pestat] mean and std.dev: (274.86, 147.97)
[M::mem_pestat] low and high boundaries for proper pairs: (1, 1593)
[M::mem_pestat] analyzing insert size distribution for orientation FR...
[M::mem_pestat] (25, 50, 75) percentile: (209, 287, 372)
[M::mem_pestat] low and high boundaries for computing mean and std.dev: (1, 698)
[M::mem_pestat] mean and std.dev: (294.24, 120.29)
[M::mem_pestat] low and high boundaries for proper pairs: (1, 861)
[M::mem_pestat] analyzing insert size distribution for orientation RF...
[M::mem_pestat] (25, 50, 75) percentile: (196, 648, 4772)
[M::mem_pestat] low and high boundaries for computing mean and std.dev: (1, 13924)
[M::mem_pestat] mean and std.dev: (2296.85, 2821.08)
[M::mem_pestat] low and high boundaries for proper pairs: (1, 18500)
[M::mem_pestat] analyzing insert size distribution for orientation RR...
[M::mem_pestat] (25, 50, 75) percentile: (147, 301, 659)
[M::mem_pestat] low and high boundaries for computing mean and std.dev: (1, 1683)
[M::mem_pestat] mean and std.dev: (362.16, 346.72)
[M::mem_pestat] low and high boundaries for proper pairs: (1, 2195)
[M::mem_pestat] skip orientation FF
[M::mem_pestat] skip orientation RF
[M::mem_pestat] skip orientation RR
[M::process] read 1066668 sequences (160000200 bp)...
[M::mem_process_seqs] Processed 1066668 reads in 841.571 CPU sec, 54.397 real sec
[M::mem_pestat] # candidate unique pairs for (FF, FR, RF, RR): (41, 211784, 64, 50)
[M::mem_pestat] analyzing insert size distribution for orientation FF...
[M::mem_pestat] (25, 50, 75) percentile: (149, 213, 505)
[M::mem_pestat] low and high boundaries for computing mean and std.dev: (1, 1217)
[M::mem_pestat] mean and std.dev: (279.58, 215.63)
[M::mem_pestat] low and high boundaries for proper pairs: (1, 1573)
[M::mem_pestat] analyzing insert size distribution for orientation FR...
[M::mem_pestat] (25, 50, 75) percentile: (207, 286, 374)
[M::mem_pestat] low and high boundaries for computing mean and std.dev: (1, 708)
[M::mem_pestat] mean and std.dev: (294.24, 122.57)
[M::mem_pestat] low and high boundaries for proper pairs: (1, 875)
[M::mem_pestat] analyzing insert size distribution for orientation RF...
[M::mem_pestat] (25, 50, 75) percentile: (265, 1332, 5339)
[M::mem_pestat] low and high boundaries for computing mean and std.dev: (1, 15487)
[M::mem_pestat] mean and std.dev: (2858.47, 3131.01)
[M::mem_pestat] low and high boundaries for proper pairs: (1, 20561)
[M::mem_pestat] analyzing insert size distribution for orientation RR...
[M::mem_pestat] (25, 50, 75) percentile: (196, 401, 639)
[M::mem_pestat] low and high boundaries for computing mean and std.dev: (1, 1525)
[M::mem_pestat] mean and std.dev: (453.22, 373.37)
[M::mem_pestat] low and high boundaries for proper pairs: (1, 1968)
[M::mem_pestat] skip orientation FF
[M::mem_pestat] skip orientation RF
[M::mem_pestat] skip orientation RR
[M::process] read 1066668 sequences (160000200 bp)...
[M::mem_process_seqs] Processed 1066668 reads in 841.815 CPU sec, 54.407 real sec
[M::mem_pestat] # candidate unique pairs for (FF, FR, RF, RR): (38, 213006, 73, 47)
[M::mem_pestat] analyzing insert size distribution for orientation FF...
[M::mem_pestat] (25, 50, 75) percentile: (202, 388, 1360)
[M::mem_pestat] low and high boundaries for computing mean and std.dev: (1, 3676)
[M::mem_pestat] mean and std.dev: (566.35, 505.06)
[M::mem_pestat] low and high boundaries for proper pairs: (1, 4834)
[M::mem_pestat] analyzing insert size distribution for orientation FR...
[M::mem_pestat] (25, 50, 75) percentile: (205, 285, 370)
[M::mem_pestat] low and high boundaries for computing mean and std.dev: (1, 700)
[M::mem_pestat] mean and std.dev: (292.11, 121.55)
[M::mem_pestat] low and high boundaries for proper pairs: (1, 865)
[M::mem_pestat] analyzing insert size distribution for orientation RF...
[M::mem_pestat] (25, 50, 75) percentile: (313, 959, 5538)
[M::mem_pestat] low and high boundaries for computing mean and std.dev: (1, 15988)
[M::mem_pestat] mean and std.dev: (2600.27, 3109.15)
[M::mem_pestat] low and high boundaries for proper pairs: (1, 21213)
[M::mem_pestat] analyzing insert size distribution for orientation RR...
[M::mem_pestat] (25, 50, 75) percentile: (182, 289, 529)
[M::mem_pestat] low and high boundaries for computing mean and std.dev: (1, 1223)
[M::mem_pestat] mean and std.dev: (295.32, 202.87)
[M::mem_pestat] low and high boundaries for proper pairs: (1, 1570)
[M::mem_pestat] skip orientation FF
[M::mem_pestat] skip orientation RF
[M::mem_pestat] skip orientation RR
[M::process] read 1066668 sequences (160000200 bp)...
[M::mem_process_seqs] Processed 1066668 reads in 836.438 CPU sec, 54.177 real sec
[M::mem_pestat] # candidate unique pairs for (FF, FR, RF, RR): (39, 213295, 62, 45)
[M::mem_pestat] analyzing insert size distribution for orientation FF...
[M::mem_pestat] (25, 50, 75) percentile: (193, 341, 1425)
[M::mem_pestat] low and high boundaries for computing mean and std.dev: (1, 3889)
[M::mem_pestat] mean and std.dev: (499.48, 689.01)
[M::mem_pestat] low and high boundaries for proper pairs: (1, 5121)
[M::mem_pestat] analyzing insert size distribution for orientation FR...
[M::mem_pestat] (25, 50, 75) percentile: (207, 286, 371)
[M::mem_pestat] low and high boundaries for computing mean and std.dev: (1, 699)
[M::mem_pestat] mean and std.dev: (293.03, 120.94)
[M::mem_pestat] low and high boundaries for proper pairs: (1, 863)
[M::mem_pestat] analyzing insert size distribution for orientation RF...
[M::mem_pestat] (25, 50, 75) percentile: (362, 884, 4139)
[M::mem_pestat] low and high boundaries for computing mean and std.dev: (1, 11693)
[M::mem_pestat] mean and std.dev: (2163.39, 2660.28)
[M::mem_pestat] low and high boundaries for proper pairs: (1, 15470)
[M::mem_pestat] analyzing insert size distribution for orientation RR...
[M::mem_pestat] (25, 50, 75) percentile: (146, 252, 589)
[M::mem_pestat] low and high boundaries for computing mean and std.dev: (1, 1475)
[M::mem_pestat] mean and std.dev: (306.50, 251.25)
[M::mem_pestat] low and high boundaries for proper pairs: (1, 1918)
[M::mem_pestat] skip orientation FF
[M::mem_pestat] skip orientation RF
[M::mem_pestat] skip orientation RR
[M::process] read 1066668 sequences (160000200 bp)...
[M::mem_process_seqs] Processed 1066668 reads in 840.137 CPU sec, 54.338 real sec
[M::mem_pestat] # candidate unique pairs for (FF, FR, RF, RR): (38, 214183, 54, 26)
[M::mem_pestat] analyzing insert size distribution for orientation FF...
[M::mem_pestat] (25, 50, 75) percentile: (157, 303, 506)
[M::mem_pestat] low and high boundaries for computing mean and std.dev: (1, 1204)
[M::mem_pestat] mean and std.dev: (329.56, 261.75)
[M::mem_pestat] low and high boundaries for proper pairs: (1, 1553)
[M::mem_pestat] analyzing insert size distribution for orientation FR...
[M::mem_pestat] (25, 50, 75) percentile: (213, 294, 382)
[M::mem_pestat] low and high boundaries for computing mean and std.dev: (1, 720)
[M::mem_pestat] mean and std.dev: (301.03, 123.97)
[M::mem_pestat] low and high boundaries for proper pairs: (1, 889)
[M::mem_pestat] analyzing insert size distribution for orientation RF...
[M::mem_pestat] (25, 50, 75) percentile: (153, 1402, 5936)
[M::mem_pestat] low and high boundaries for computing mean and std.dev: (1, 17502)
[M::mem_pestat] mean and std.dev: (2984.43, 3253.23)
[M::mem_pestat] low and high boundaries for proper pairs: (1, 23285)
[M::mem_pestat] analyzing insert size distribution for orientation RR...
[M::mem_pestat] (25, 50, 75) percentile: (194, 264, 537)
[M::mem_pestat] low and high boundaries for computing mean and std.dev: (1, 1223)
[M::mem_pestat] mean and std.dev: (298.68, 189.43)
[M::mem_pestat] low and high boundaries for proper pairs: (1, 1566)
[M::mem_pestat] skip orientation FF
[M::mem_pestat] skip orientation RF
[M::mem_pestat] skip orientation RR
[M::process] read 1066668 sequences (160000200 bp)...
[M::mem_process_seqs] Processed 1066668 reads in 840.303 CPU sec, 54.517 real sec
[M::mem_pestat] # candidate unique pairs for (FF, FR, RF, RR): (43, 214061, 70, 35)
[M::mem_pestat] analyzing insert size distribution for orientation FF...
[M::mem_pestat] (25, 50, 75) percentile: (165, 280, 441)
[M::mem_pestat] low and high boundaries for computing mean and std.dev: (1, 993)
[M::mem_pestat] mean and std.dev: (266.39, 135.58)
[M::mem_pestat] low and high boundaries for proper pairs: (1, 1269)
[M::mem_pestat] analyzing insert size distribution for orientation FR...
[M::mem_pestat] (25, 50, 75) percentile: (215, 294, 380)
[M::mem_pestat] low and high boundaries for computing mean and std.dev: (1, 710)
[M::mem_pestat] mean and std.dev: (300.68, 121.84)
[M::mem_pestat] low and high boundaries for proper pairs: (1, 875)
[M::mem_pestat] analyzing insert size distribution for orientation RF...
[M::mem_pestat] (25, 50, 75) percentile: (193, 1372, 3453)
[M::mem_pestat] low and high boundaries for computing mean and std.dev: (1, 9973)
[M::mem_pestat] mean and std.dev: (2402.47, 2916.99)
[M::mem_pestat] low and high boundaries for proper pairs: (1, 14070)
[M::mem_pestat] analyzing insert size distribution for orientation RR...
[M::mem_pestat] (25, 50, 75) percentile: (215, 278, 625)
[M::mem_pestat] low and high boundaries for computing mean and std.dev: (1, 1445)
[M::mem_pestat] mean and std.dev: (321.00, 179.03)
[M::mem_pestat] low and high boundaries for proper pairs: (1, 1855)
[M::mem_pestat] skip orientation FF
[M::mem_pestat] skip orientation RF
[M::mem_pestat] skip orientation RR
[M::process] read 1066668 sequences (160000200 bp)...
[M::mem_process_seqs] Processed 1066668 reads in 842.198 CPU sec, 54.557 real sec
[M::mem_pestat] # candidate unique pairs for (FF, FR, RF, RR): (38, 214198, 68, 42)
[M::mem_pestat] analyzing insert size distribution for orientation FF...
[M::mem_pestat] (25, 50, 75) percentile: (155, 261, 512)
[M::mem_pestat] low and high boundaries for computing mean and std.dev: (1, 1226)
[M::mem_pestat] mean and std.dev: (293.24, 184.84)
[M::mem_pestat] low and high boundaries for proper pairs: (1, 1583)
[M::mem_pestat] analyzing insert size distribution for orientation FR...
[M::mem_pestat] (25, 50, 75) percentile: (215, 294, 379)
[M::mem_pestat] low and high boundaries for computing mean and std.dev: (1, 707)
[M::mem_pestat] mean and std.dev: (300.71, 121.23)
[M::mem_pestat] low and high boundaries for proper pairs: (1, 871)
[M::mem_pestat] analyzing insert size distribution for orientation RF...
[M::mem_pestat] (25, 50, 75) percentile: (237, 1026, 3712)
[M::mem_pestat] low and high boundaries for computing mean and std.dev: (1, 10662)
[M::mem_pestat] mean and std.dev: (2285.21, 2830.38)
[M::mem_pestat] low and high boundaries for proper pairs: (1, 14137)
[M::mem_pestat] analyzing insert size distribution for orientation RR...
[M::mem_pestat] (25, 50, 75) percentile: (210, 414, 1197)
[M::mem_pestat] low and high boundaries for computing mean and std.dev: (1, 3171)
[M::mem_pestat] mean and std.dev: (622.90, 600.59)
[M::mem_pestat] low and high boundaries for proper pairs: (1, 4158)
[M::mem_pestat] skip orientation FF
[M::mem_pestat] skip orientation RF
[M::mem_pestat] skip orientation RR
[M::process] read 1066668 sequences (160000200 bp)...
[M::mem_process_seqs] Processed 1066668 reads in 851.887 CPU sec, 55.529 real sec
[M::mem_pestat] # candidate unique pairs for (FF, FR, RF, RR): (50, 213110, 82, 34)
[M::mem_pestat] analyzing insert size distribution for orientation FF...
[M::mem_pestat] (25, 50, 75) percentile: (184, 550, 1875)
[M::mem_pestat] low and high boundaries for computing mean and std.dev: (1, 5257)
[M::mem_pestat] mean and std.dev: (738.25, 1029.50)
[M::mem_pestat] low and high boundaries for proper pairs: (1, 6948)
[M::mem_pestat] analyzing insert size distribution for orientation FR...
[M::mem_pestat] (25, 50, 75) percentile: (208, 287, 373)
[M::mem_pestat] low and high boundaries for computing mean and std.dev: (1, 703)
[M::mem_pestat] mean and std.dev: (294.81, 122.25)
[M::mem_pestat] low and high boundaries for proper pairs: (1, 868)
[M::mem_pestat] analyzing insert size distribution for orientation RF...
[M::mem_pestat] (25, 50, 75) percentile: (183, 1153, 6148)
[M::mem_pestat] low and high boundaries for computing mean and std.dev: (1, 18078)
[M::mem_pestat] mean and std.dev: (2921.45, 3321.75)
[M::mem_pestat] low and high boundaries for proper pairs: (1, 24043)
[M::mem_pestat] analyzing insert size distribution for orientation RR...
[M::mem_pestat] (25, 50, 75) percentile: (256, 309, 826)
[M::mem_pestat] low and high boundaries for computing mean and std.dev: (1, 1966)
[M::mem_pestat] mean and std.dev: (392.45, 355.07)
[M::mem_pestat] low and high boundaries for proper pairs: (1, 2536)
[M::mem_pestat] skip orientation FF
[M::mem_pestat] skip orientation RF
[M::mem_pestat] skip orientation RR
[M::process] read 1066668 sequences (160000200 bp)...
[M::mem_process_seqs] Processed 1066668 reads in 847.273 CPU sec, 54.924 real sec
[M::mem_pestat] # candidate unique pairs for (FF, FR, RF, RR): (37, 212431, 74, 35)
[M::mem_pestat] analyzing insert size distribution for orientation FF...
[M::mem_pestat] (25, 50, 75) percentile: (193, 258, 2274)
[M::mem_pestat] low and high boundaries for computing mean and std.dev: (1, 6436)
[M::mem_pestat] mean and std.dev: (762.87, 1204.85)
[M::mem_pestat] low and high boundaries for proper pairs: (1, 8517)
[M::mem_pestat] analyzing insert size distribution for orientation FR...
[M::mem_pestat] (25, 50, 75) percentile: (207, 288, 376)
[M::mem_pestat] low and high boundaries for computing mean and std.dev: (1, 714)
[M::mem_pestat] mean and std.dev: (295.77, 123.50)
[M::mem_pestat] low and high boundaries for proper pairs: (1, 883)
[M::mem_pestat] analyzing insert size distribution for orientation RF...
[M::mem_pestat] (25, 50, 75) percentile: (248, 854, 4619)
[M::mem_pestat] low and high boundaries for computing mean and std.dev: (1, 13361)
[M::mem_pestat] mean and std.dev: (2491.82, 2966.71)
[M::mem_pestat] low and high boundaries for proper pairs: (1, 17732)
[M::mem_pestat] analyzing insert size distribution for orientation RR...
[M::mem_pestat] (25, 50, 75) percentile: (173, 283, 579)
[M::mem_pestat] low and high boundaries for computing mean and std.dev: (1, 1391)
[M::mem_pestat] mean and std.dev: (367.21, 266.35)
[M::mem_pestat] low and high boundaries for proper pairs: (1, 1797)
[M::mem_pestat] skip orientation FF
[M::mem_pestat] skip orientation RF
[M::mem_pestat] skip orientation RR
[M::process] read 1066668 sequences (160000200 bp)...
[M::mem_process_seqs] Processed 1066668 reads in 838.667 CPU sec, 54.825 real sec
[M::mem_pestat] # candidate unique pairs for (FF, FR, RF, RR): (46, 213097, 51, 32)
[M::mem_pestat] analyzing insert size distribution for orientation FF...
[M::mem_pestat] (25, 50, 75) percentile: (205, 266, 561)
[M::mem_pestat] low and high boundaries for computing mean and std.dev: (1, 1273)
[M::mem_pestat] mean and std.dev: (353.70, 246.18)
[M::mem_pestat] low and high boundaries for proper pairs: (1, 1629)
[M::mem_pestat] analyzing insert size distribution for orientation FR...
[M::mem_pestat] (25, 50, 75) percentile: (207, 288, 375)
[M::mem_pestat] low and high boundaries for computing mean and std.dev: (1, 711)
[M::mem_pestat] mean and std.dev: (294.93, 122.65)
[M::mem_pestat] low and high boundaries for proper pairs: (1, 879)
[M::mem_pestat] analyzing insert size distribution for orientation RF...
[M::mem_pestat] (25, 50, 75) percentile: (258, 972, 4001)
[M::mem_pestat] low and high boundaries for computing mean and std.dev: (1, 11487)
[M::mem_pestat] mean and std.dev: (2819.49, 3360.27)
[M::mem_pestat] low and high boundaries for proper pairs: (1, 16261)
[M::mem_pestat] analyzing insert size distribution for orientation RR...
[M::mem_pestat] (25, 50, 75) percentile: (152, 212, 408)
[M::mem_pestat] low and high boundaries for computing mean and std.dev: (1, 920)
[M::mem_pestat] mean and std.dev: (251.45, 141.73)
[M::mem_pestat] low and high boundaries for proper pairs: (1, 1176)
[M::mem_pestat] skip orientation FF
[M::mem_pestat] skip orientation RF
[M::mem_pestat] skip orientation RR
[M::process] read 1066668 sequences (160000200 bp)...
[M::mem_process_seqs] Processed 1066668 reads in 837.149 CPU sec, 54.039 real sec
[M::mem_pestat] # candidate unique pairs for (FF, FR, RF, RR): (40, 214324, 52, 32)
[M::mem_pestat] analyzing insert size distribution for orientation FF...
[M::mem_pestat] (25, 50, 75) percentile: (264, 466, 796)
[M::mem_pestat] low and high boundaries for computing mean and std.dev: (1, 1860)
[M::mem_pestat] mean and std.dev: (516.84, 397.70)
[M::mem_pestat] low and high boundaries for proper pairs: (1, 2392)
[M::mem_pestat] analyzing insert size distribution for orientation FR...
[M::mem_pestat] (25, 50, 75) percentile: (209, 288, 375)
[M::mem_pestat] low and high boundaries for computing mean and std.dev: (1, 707)
[M::mem_pestat] mean and std.dev: (295.79, 122.02)
[M::mem_pestat] low and high boundaries for proper pairs: (1, 873)
[M::mem_pestat] analyzing insert size distribution for orientation RF...
[M::mem_pestat] (25, 50, 75) percentile: (481, 2017, 6228)
[M::mem_pestat] low and high boundaries for computing mean and std.dev: (1, 17722)
[M::mem_pestat] mean and std.dev: (3372.00, 3184.32)
[M::mem_pestat] low and high boundaries for proper pairs: (1, 23469)
[M::mem_pestat] analyzing insert size distribution for orientation RR...
[M::mem_pestat] (25, 50, 75) percentile: (255, 390, 694)
[M::mem_pestat] low and high boundaries for computing mean and std.dev: (1, 1572)
[M::mem_pestat] mean and std.dev: (432.41, 339.28)
[M::mem_pestat] low and high boundaries for proper pairs: (1, 2011)
[M::mem_pestat] skip orientation FF
[M::mem_pestat] skip orientation RF
[M::mem_pestat] skip orientation RR
[M::mem_process_seqs] Processed 1066668 reads in 835.358 CPU sec, 56.265 real sec
[M::process] read 1066668 sequences (160000200 bp)...
[M::process] read 1066668 sequences (160000200 bp)...
[M::mem_pestat] # candidate unique pairs for (FF, FR, RF, RR): (29, 214146, 65, 37)
[M::mem_pestat] analyzing insert size distribution for orientation FF...
[M::mem_pestat] (25, 50, 75) percentile: (168, 282, 568)
[M::mem_pestat] low and high boundaries for computing mean and std.dev: (1, 1368)
[M::mem_pestat] mean and std.dev: (299.92, 205.13)
[M::mem_pestat] low and high boundaries for proper pairs: (1, 1768)
[M::mem_pestat] analyzing insert size distribution for orientation FR...
[M::mem_pestat] (25, 50, 75) percentile: (214, 292, 376)
[M::mem_pestat] low and high boundaries for computing mean and std.dev: (1, 700)
[M::mem_pestat] mean and std.dev: (298.50, 120.06)
[M::mem_pestat] low and high boundaries for proper pairs: (1, 862)
[M::mem_pestat] analyzing insert size distribution for orientation RF...
[M::mem_pestat] (25, 50, 75) percentile: (148, 1105, 5430)
[M::mem_pestat] low and high boundaries for computing mean and std.dev: (1, 15994)
[M::mem_pestat] mean and std.dev: (2591.66, 2977.00)
[M::mem_pestat] low and high boundaries for proper pairs: (1, 21276)
[M::mem_pestat] analyzing insert size distribution for orientation RR...
[M::mem_pestat] (25, 50, 75) percentile: (178, 315, 2975)
[M::mem_pestat] low and high boundaries for computing mean and std.dev: (1, 8569)
[M::mem_pestat] mean and std.dev: (1557.41, 2197.86)
[M::mem_pestat] low and high boundaries for proper pairs: (1, 11366)
[M::mem_pestat] skip orientation FF
[M::mem_pestat] skip orientation RF
[M::mem_pestat] skip orientation RR
[M::mem_process_seqs] Processed 1066668 reads in 836.604 CPU sec, 53.749 real sec
[M::mem_pestat] # candidate unique pairs for (FF, FR, RF, RR): (35, 214468, 75, 44)
[M::mem_pestat] analyzing insert size distribution for orientation FF...
[M::mem_pestat] (25, 50, 75) percentile: (192, 298, 698)
[M::mem_pestat] low and high boundaries for computing mean and std.dev: (1, 1710)
[M::mem_pestat] mean and std.dev: (319.00, 236.85)
[M::mem_pestat] low and high boundaries for proper pairs: (1, 2216)
[M::mem_pestat] analyzing insert size distribution for orientation FR...
[M::mem_pestat] (25, 50, 75) percentile: (214, 292, 376)
[M::mem_pestat] low and high boundaries for computing mean and std.dev: (1, 700)
[M::mem_pestat] mean and std.dev: (298.33, 119.82)
[M::mem_pestat] low and high boundaries for proper pairs: (1, 862)
[M::mem_pestat] analyzing insert size distribution for orientation RF...
[M::mem_pestat] (25, 50, 75) percentile: (524, 2261, 6438)
[M::mem_pestat] low and high boundaries for computing mean and std.dev: (1, 18266)
[M::mem_pestat] mean and std.dev: (3644.96, 3487.56)
[M::mem_pestat] low and high boundaries for proper pairs: (1, 24180)
[M::mem_pestat] analyzing insert size distribution for orientation RR...
[M::mem_pestat] (25, 50, 75) percentile: (168, 236, 504)
[M::mem_pestat] low and high boundaries for computing mean and std.dev: (1, 1176)
[M::mem_pestat] mean and std.dev: (284.95, 200.30)
[M::mem_pestat] low and high boundaries for proper pairs: (1, 1512)
[M::mem_pestat] skip orientation FF
[M::mem_pestat] skip orientation RF
[M::mem_pestat] skip orientation RR
[M::process] read 1066668 sequences (160000200 bp)...
[M::mem_process_seqs] Processed 1066668 reads in 836.100 CPU sec, 54.187 real sec
[M::mem_pestat] # candidate unique pairs for (FF, FR, RF, RR): (39, 214117, 83, 32)
[M::mem_pestat] analyzing insert size distribution for orientation FF...
[M::mem_pestat] (25, 50, 75) percentile: (231, 318, 1460)
[M::mem_pestat] low and high boundaries for computing mean and std.dev: (1, 3918)
[M::mem_pestat] mean and std.dev: (568.74, 696.70)
[M::mem_pestat] low and high boundaries for proper pairs: (1, 5147)
[M::mem_pestat] analyzing insert size distribution for orientation FR...
[M::mem_pestat] (25, 50, 75) percentile: (216, 294, 378)
[M::mem_pestat] low and high boundaries for computing mean and std.dev: (1, 702)
[M::mem_pestat] mean and std.dev: (299.77, 119.69)
[M::mem_pestat] low and high boundaries for proper pairs: (1, 864)
[M::mem_pestat] analyzing insert size distribution for orientation RF...
[M::mem_pestat] (25, 50, 75) percentile: (279, 773, 5043)
[M::mem_pestat] low and high boundaries for computing mean and std.dev: (1, 14571)
[M::mem_pestat] mean and std.dev: (2512.47, 2856.10)
[M::mem_pestat] low and high boundaries for proper pairs: (1, 19335)
[M::mem_pestat] analyzing insert size distribution for orientation RR...
[M::mem_pestat] (25, 50, 75) percentile: (193, 310, 535)
[M::mem_pestat] low and high boundaries for computing mean and std.dev: (1, 1219)
[M::mem_pestat] mean and std.dev: (359.04, 312.03)
[M::mem_pestat] low and high boundaries for proper pairs: (1, 1607)
[M::mem_pestat] skip orientation FF
[M::mem_pestat] skip orientation RF
[M::mem_pestat] skip orientation RR
[M::process] read 211152 sequences (31672800 bp)...
[M::mem_process_seqs] Processed 1066668 reads in 846.792 CPU sec, 54.860 real sec
[M::mem_pestat] # candidate unique pairs for (FF, FR, RF, RR): (5, 42262, 13, 9)
[M::mem_pestat] skip orientation FF as there are not enough pairs
[M::mem_pestat] analyzing insert size distribution for orientation FR...
[M::mem_pestat] (25, 50, 75) percentile: (217, 294, 378)
[M::mem_pestat] low and high boundaries for computing mean and std.dev: (1, 700)
[M::mem_pestat] mean and std.dev: (300.36, 119.50)
[M::mem_pestat] low and high boundaries for proper pairs: (1, 861)
[M::mem_pestat] analyzing insert size distribution for orientation RF...
[M::mem_pestat] (25, 50, 75) percentile: (940, 2714, 7610)
[M::mem_pestat] low and high boundaries for computing mean and std.dev: (1, 20950)
[M::mem_pestat] mean and std.dev: (3677.54, 3024.99)
[M::mem_pestat] low and high boundaries for proper pairs: (1, 27620)
[M::mem_pestat] skip orientation RR as there are not enough pairs
[M::mem_pestat] skip orientation RF
[M::mem_process_seqs] Processed 211152 reads in 167.220 CPU sec, 11.097 real sec
[main] Version: 0.7.19-r1273
[main] CMD: bwa mem -t 16 -R @RG\tID:FB18_Wild_8\tSM:FB18_Wild_8\tLB:FB18_Wild_8\tPL:ILLUMINA output/05_realign_xbOstLuri2/reference/GCA_061535525.1_xbOstLuri2_USDA-ARS_PSRF_primary_genomic.fna data/raw/FB18_Wild_8_S1_L004_R1_001.fastq.gz data/raw/FB18_Wild_8_S1_L004_R2_001.fastq.gz
[main] Real time: 3179.676 sec; CPU: 48575.948 sec
[bam_sort_core] merging from 3 files and 8 in-memory blocks...
end 2026-09-27T13:37:12Z sample=FB18_Wild_8
