/opt/ohpc/admin/lmod/lmod/init/bash: line 93: LD_LIBRARY_PATH: unbound variable
start 2026-09-27T13:34:44Z host n3433 sample=MB_14a location=MB
[M::bwa_idx_load_from_disk] read 0 ALT contigs
[M::process] read 1066668 sequences (160000200 bp)...
[M::process] read 1066668 sequences (160000200 bp)...
[M::mem_pestat] # candidate unique pairs for (FF, FR, RF, RR): (37, 222966, 81, 25)
[M::mem_pestat] analyzing insert size distribution for orientation FF...
[M::mem_pestat] (25, 50, 75) percentile: (252, 414, 592)
[M::mem_pestat] low and high boundaries for computing mean and std.dev: (1, 1272)
[M::mem_pestat] mean and std.dev: (397.94, 244.99)
[M::mem_pestat] low and high boundaries for proper pairs: (1, 1612)
[M::mem_pestat] analyzing insert size distribution for orientation FR...
[M::mem_pestat] (25, 50, 75) percentile: (270, 356, 454)
[M::mem_pestat] low and high boundaries for computing mean and std.dev: (1, 822)
[M::mem_pestat] mean and std.dev: (361.47, 140.42)
[M::mem_pestat] low and high boundaries for proper pairs: (1, 1006)
[M::mem_pestat] analyzing insert size distribution for orientation RF...
[M::mem_pestat] (25, 50, 75) percentile: (176, 835, 2988)
[M::mem_pestat] low and high boundaries for computing mean and std.dev: (1, 8612)
[M::mem_pestat] mean and std.dev: (1909.54, 2301.98)
[M::mem_pestat] low and high boundaries for proper pairs: (1, 11424)
[M::mem_pestat] analyzing insert size distribution for orientation RR...
[M::mem_pestat] (25, 50, 75) percentile: (387, 645, 1290)
[M::mem_pestat] low and high boundaries for computing mean and std.dev: (1, 3096)
[M::mem_pestat] mean and std.dev: (641.19, 422.31)
[M::mem_pestat] low and high boundaries for proper pairs: (1, 3999)
[M::mem_pestat] skip orientation FF
[M::mem_pestat] skip orientation RF
[M::mem_pestat] skip orientation RR
[M::mem_process_seqs] Processed 1066668 reads in 796.215 CPU sec, 53.728 real sec
[M::mem_pestat] # candidate unique pairs for (FF, FR, RF, RR): (45, 224378, 78, 34)
[M::mem_pestat] analyzing insert size distribution for orientation FF...
[M::mem_pestat] (25, 50, 75) percentile: (227, 442, 725)
[M::mem_pestat] low and high boundaries for computing mean and std.dev: (1, 1721)
[M::mem_pestat] mean and std.dev: (424.56, 304.03)
[M::mem_pestat] low and high boundaries for proper pairs: (1, 2219)
[M::mem_pestat] analyzing insert size distribution for orientation FR...
[M::mem_pestat] (25, 50, 75) percentile: (274, 361, 461)
[M::mem_pestat] low and high boundaries for computing mean and std.dev: (1, 835)
[M::mem_pestat] mean and std.dev: (367.53, 142.17)
[M::mem_pestat] low and high boundaries for proper pairs: (1, 1022)
[M::mem_pestat] analyzing insert size distribution for orientation RF...
[M::mem_pestat] (25, 50, 75) percentile: (162, 718, 2972)
[M::mem_pestat] low and high boundaries for computing mean and std.dev: (1, 8592)
[M::mem_pestat] mean and std.dev: (1554.96, 2241.90)
[M::mem_pestat] low and high boundaries for proper pairs: (1, 11402)
[M::mem_pestat] analyzing insert size distribution for orientation RR...
[M::mem_pestat] (25, 50, 75) percentile: (344, 810, 1356)
[M::mem_pestat] low and high boundaries for computing mean and std.dev: (1, 3380)
[M::mem_pestat] mean and std.dev: (888.63, 767.49)
[M::mem_pestat] low and high boundaries for proper pairs: (1, 4392)
[M::mem_pestat] skip orientation FF
[M::mem_pestat] skip orientation RF
[M::mem_pestat] skip orientation RR
[M::process] read 1066668 sequences (160000200 bp)...
[M::mem_process_seqs] Processed 1066668 reads in 803.476 CPU sec, 52.086 real sec
[M::mem_pestat] # candidate unique pairs for (FF, FR, RF, RR): (37, 222790, 68, 26)
[M::mem_pestat] analyzing insert size distribution for orientation FF...
[M::mem_pestat] (25, 50, 75) percentile: (188, 447, 953)
[M::mem_pestat] low and high boundaries for computing mean and std.dev: (1, 2483)
[M::mem_pestat] mean and std.dev: (542.88, 487.19)
[M::mem_pestat] low and high boundaries for proper pairs: (1, 3248)
[M::mem_pestat] analyzing insert size distribution for orientation FR...
[M::mem_pestat] (25, 50, 75) percentile: (273, 360, 463)
[M::mem_pestat] low and high boundaries for computing mean and std.dev: (1, 843)
[M::mem_pestat] mean and std.dev: (368.24, 144.11)
[M::mem_pestat] low and high boundaries for proper pairs: (1, 1033)
[M::mem_pestat] analyzing insert size distribution for orientation RF...
[M::mem_pestat] (25, 50, 75) percentile: (354, 915, 3425)
[M::mem_pestat] low and high boundaries for computing mean and std.dev: (1, 9567)
[M::mem_pestat] mean and std.dev: (1796.65, 2005.74)
[M::mem_pestat] low and high boundaries for proper pairs: (1, 12638)
[M::mem_pestat] analyzing insert size distribution for orientation RR...
[M::mem_pestat] (25, 50, 75) percentile: (300, 866, 2622)
[M::mem_pestat] low and high boundaries for computing mean and std.dev: (1, 7266)
[M::mem_pestat] mean and std.dev: (1587.64, 1829.66)
[M::mem_pestat] low and high boundaries for proper pairs: (1, 9588)
[M::mem_pestat] skip orientation FF
[M::mem_pestat] skip orientation RF
[M::mem_pestat] skip orientation RR
[M::process] read 1066668 sequences (160000200 bp)...
[M::mem_process_seqs] Processed 1066668 reads in 809.868 CPU sec, 52.426 real sec
[M::mem_pestat] # candidate unique pairs for (FF, FR, RF, RR): (29, 223806, 81, 30)
[M::mem_pestat] analyzing insert size distribution for orientation FF...
[M::mem_pestat] (25, 50, 75) percentile: (242, 520, 1926)
[M::mem_pestat] low and high boundaries for computing mean and std.dev: (1, 5294)
[M::mem_pestat] mean and std.dev: (855.20, 1156.72)
[M::mem_pestat] low and high boundaries for proper pairs: (1, 6978)
[M::mem_pestat] analyzing insert size distribution for orientation FR...
[M::mem_pestat] (25, 50, 75) percentile: (271, 358, 461)
[M::mem_pestat] low and high boundaries for computing mean and std.dev: (1, 841)
[M::mem_pestat] mean and std.dev: (366.04, 143.13)
[M::mem_pestat] low and high boundaries for proper pairs: (1, 1031)
[M::mem_pestat] analyzing insert size distribution for orientation RF...
[M::mem_pestat] (25, 50, 75) percentile: (163, 959, 4131)
[M::mem_pestat] low and high boundaries for computing mean and std.dev: (1, 12067)
[M::mem_pestat] mean and std.dev: (2544.02, 3230.96)
[M::mem_pestat] low and high boundaries for proper pairs: (1, 16035)
[M::mem_pestat] analyzing insert size distribution for orientation RR...
[M::mem_pestat] (25, 50, 75) percentile: (488, 1335, 2997)
[M::mem_pestat] low and high boundaries for computing mean and std.dev: (1, 8015)
[M::mem_pestat] mean and std.dev: (1601.71, 1394.89)
[M::mem_pestat] low and high boundaries for proper pairs: (1, 10524)
[M::mem_pestat] skip orientation FF
[M::mem_pestat] skip orientation RF
[M::mem_pestat] skip orientation RR
[M::process] read 1066668 sequences (160000200 bp)...
[M::mem_process_seqs] Processed 1066668 reads in 825.197 CPU sec, 53.483 real sec
[M::mem_pestat] # candidate unique pairs for (FF, FR, RF, RR): (38, 224068, 73, 35)
[M::mem_pestat] analyzing insert size distribution for orientation FF...
[M::mem_pestat] (25, 50, 75) percentile: (297, 527, 885)
[M::mem_pestat] low and high boundaries for computing mean and std.dev: (1, 2061)
[M::mem_pestat] mean and std.dev: (625.34, 413.22)
[M::mem_pestat] low and high boundaries for proper pairs: (1, 2649)
[M::mem_pestat] analyzing insert size distribution for orientation FR...
[M::mem_pestat] (25, 50, 75) percentile: (269, 356, 457)
[M::mem_pestat] low and high boundaries for computing mean and std.dev: (1, 833)
[M::mem_pestat] mean and std.dev: (363.87, 141.94)
[M::mem_pestat] low and high boundaries for proper pairs: (1, 1021)
[M::mem_pestat] analyzing insert size distribution for orientation RF...
[M::mem_pestat] (25, 50, 75) percentile: (411, 2095, 5652)
[M::mem_pestat] low and high boundaries for computing mean and std.dev: (1, 16134)
[M::mem_pestat] mean and std.dev: (3220.92, 3334.57)
[M::mem_pestat] low and high boundaries for proper pairs: (1, 21375)
[M::mem_pestat] analyzing insert size distribution for orientation RR...
[M::mem_pestat] (25, 50, 75) percentile: (362, 549, 3720)
[M::mem_pestat] low and high boundaries for computing mean and std.dev: (1, 10436)
[M::mem_pestat] mean and std.dev: (2065.29, 2938.34)
[M::mem_pestat] low and high boundaries for proper pairs: (1, 13819)
[M::mem_pestat] skip orientation FF
[M::mem_pestat] skip orientation RF
[M::mem_pestat] skip orientation RR
[M::process] read 1066668 sequences (160000200 bp)...
[M::mem_process_seqs] Processed 1066668 reads in 837.990 CPU sec, 54.317 real sec
[M::mem_pestat] # candidate unique pairs for (FF, FR, RF, RR): (37, 223131, 80, 46)
[M::mem_pestat] analyzing insert size distribution for orientation FF...
[M::mem_pestat] (25, 50, 75) percentile: (230, 395, 988)
[M::mem_pestat] low and high boundaries for computing mean and std.dev: (1, 2504)
[M::mem_pestat] mean and std.dev: (582.50, 523.41)
[M::mem_pestat] low and high boundaries for proper pairs: (1, 3262)
[M::mem_pestat] analyzing insert size distribution for orientation FR...
[M::mem_pestat] (25, 50, 75) percentile: (267, 353, 453)
[M::mem_pestat] low and high boundaries for computing mean and std.dev: (1, 825)
[M::mem_pestat] mean and std.dev: (360.45, 140.95)
[M::mem_pestat] low and high boundaries for proper pairs: (1, 1011)
[M::mem_pestat] analyzing insert size distribution for orientation RF...
[M::mem_pestat] (25, 50, 75) percentile: (243, 1060, 3410)
[M::mem_pestat] low and high boundaries for computing mean and std.dev: (1, 9744)
[M::mem_pestat] mean and std.dev: (2292.12, 2748.73)
[M::mem_pestat] low and high boundaries for proper pairs: (1, 13287)
[M::mem_pestat] analyzing insert size distribution for orientation RR...
[M::mem_pestat] (25, 50, 75) percentile: (264, 527, 2220)
[M::mem_pestat] low and high boundaries for computing mean and std.dev: (1, 6132)
[M::mem_pestat] mean and std.dev: (1104.20, 1459.00)
[M::mem_pestat] low and high boundaries for proper pairs: (1, 8088)
[M::mem_pestat] skip orientation FF
[M::mem_pestat] skip orientation RF
[M::mem_pestat] skip orientation RR
[M::process] read 1066668 sequences (160000200 bp)...
[M::mem_process_seqs] Processed 1066668 reads in 827.015 CPU sec, 53.563 real sec
[M::mem_pestat] # candidate unique pairs for (FF, FR, RF, RR): (29, 223059, 80, 19)
[M::mem_pestat] analyzing insert size distribution for orientation FF...
[M::mem_pestat] (25, 50, 75) percentile: (240, 316, 627)
[M::mem_pestat] low and high boundaries for computing mean and std.dev: (1, 1401)
[M::mem_pestat] mean and std.dev: (378.93, 198.00)
[M::mem_pestat] low and high boundaries for proper pairs: (1, 1788)
[M::mem_pestat] analyzing insert size distribution for orientation FR...
[M::mem_pestat] (25, 50, 75) percentile: (268, 356, 457)
[M::mem_pestat] low and high boundaries for computing mean and std.dev: (1, 835)
[M::mem_pestat] mean and std.dev: (363.02, 142.43)
[M::mem_pestat] low and high boundaries for proper pairs: (1, 1024)
[M::mem_pestat] analyzing insert size distribution for orientation RF...
[M::mem_pestat] (25, 50, 75) percentile: (299, 1082, 4832)
[M::mem_pestat] low and high boundaries for computing mean and std.dev: (1, 13898)
[M::mem_pestat] mean and std.dev: (2447.46, 2852.72)
[M::mem_pestat] low and high boundaries for proper pairs: (1, 18431)
[M::mem_pestat] analyzing insert size distribution for orientation RR...
[M::mem_pestat] (25, 50, 75) percentile: (385, 1052, 7470)
[M::mem_pestat] low and high boundaries for computing mean and std.dev: (1, 21640)
[M::mem_pestat] mean and std.dev: (3151.21, 3725.89)
[M::mem_pestat] low and high boundaries for proper pairs: (1, 28725)
[M::mem_pestat] skip orientation FF
[M::mem_pestat] skip orientation RF
[M::mem_pestat] skip orientation RR
[M::process] read 1066668 sequences (160000200 bp)...
[M::mem_process_seqs] Processed 1066668 reads in 806.438 CPU sec, 52.135 real sec
[M::mem_pestat] # candidate unique pairs for (FF, FR, RF, RR): (39, 222725, 53, 36)
[M::mem_pestat] analyzing insert size distribution for orientation FF...
[M::mem_pestat] (25, 50, 75) percentile: (287, 683, 3375)
[M::mem_pestat] low and high boundaries for computing mean and std.dev: (1, 9551)
[M::mem_pestat] mean and std.dev: (1894.08, 2467.25)
[M::mem_pestat] low and high boundaries for proper pairs: (1, 12639)
[M::mem_pestat] analyzing insert size distribution for orientation FR...
[M::mem_pestat] (25, 50, 75) percentile: (274, 364, 467)
[M::mem_pestat] low and high boundaries for computing mean and std.dev: (1, 853)
[M::mem_pestat] mean and std.dev: (370.17, 145.29)
[M::mem_pestat] low and high boundaries for proper pairs: (1, 1046)
[M::mem_pestat] analyzing insert size distribution for orientation RF...
[M::mem_pestat] (25, 50, 75) percentile: (204, 952, 2924)
[M::mem_pestat] low and high boundaries for computing mean and std.dev: (1, 8364)
[M::mem_pestat] mean and std.dev: (1480.50, 1766.67)
[M::mem_pestat] low and high boundaries for proper pairs: (1, 11084)
[M::mem_pestat] analyzing insert size distribution for orientation RR...
[M::mem_pestat] (25, 50, 75) percentile: (299, 375, 5276)
[M::mem_pestat] low and high boundaries for computing mean and std.dev: (1, 15230)
[M::mem_pestat] mean and std.dev: (1911.25, 2761.02)
[M::mem_pestat] low and high boundaries for proper pairs: (1, 20207)
[M::mem_pestat] skip orientation FF
[M::mem_pestat] skip orientation RF
[M::mem_pestat] skip orientation RR
[M::process] read 1066668 sequences (160000200 bp)...
[M::mem_process_seqs] Processed 1066668 reads in 770.875 CPU sec, 49.796 real sec
[M::mem_pestat] # candidate unique pairs for (FF, FR, RF, RR): (38, 223658, 75, 37)
[M::mem_pestat] analyzing insert size distribution for orientation FF...
[M::mem_pestat] (25, 50, 75) percentile: (298, 446, 1554)
[M::mem_pestat] low and high boundaries for computing mean and std.dev: (1, 4066)
[M::mem_pestat] mean and std.dev: (838.32, 1086.01)
[M::mem_pestat] low and high boundaries for proper pairs: (1, 5322)
[M::mem_pestat] analyzing insert size distribution for orientation FR...
[M::mem_pestat] (25, 50, 75) percentile: (275, 364, 469)
[M::mem_pestat] low and high boundaries for computing mean and std.dev: (1, 857)
[M::mem_pestat] mean and std.dev: (371.85, 146.01)
[M::mem_pestat] low and high boundaries for proper pairs: (1, 1051)
[M::mem_pestat] analyzing insert size distribution for orientation RF...
[M::mem_pestat] (25, 50, 75) percentile: (319, 1190, 3057)
[M::mem_pestat] low and high boundaries for computing mean and std.dev: (1, 8533)
[M::mem_pestat] mean and std.dev: (1831.67, 2226.38)
[M::mem_pestat] low and high boundaries for proper pairs: (1, 11271)
[M::mem_pestat] analyzing insert size distribution for orientation RR...
[M::mem_pestat] (25, 50, 75) percentile: (269, 385, 780)
[M::mem_pestat] low and high boundaries for computing mean and std.dev: (1, 1802)
[M::mem_pestat] mean and std.dev: (424.16, 206.59)
[M::mem_pestat] low and high boundaries for proper pairs: (1, 2313)
[M::mem_pestat] skip orientation FF
[M::mem_pestat] skip orientation RF
[M::mem_pestat] skip orientation RR
[M::process] read 1066668 sequences (160000200 bp)...
[M::mem_process_seqs] Processed 1066668 reads in 769.395 CPU sec, 49.691 real sec
[M::mem_pestat] # candidate unique pairs for (FF, FR, RF, RR): (28, 222702, 88, 37)
[M::mem_pestat] analyzing insert size distribution for orientation FF...
[M::mem_pestat] (25, 50, 75) percentile: (207, 439, 833)
[M::mem_pestat] low and high boundaries for computing mean and std.dev: (1, 2085)
[M::mem_pestat] mean and std.dev: (452.12, 315.39)
[M::mem_pestat] low and high boundaries for proper pairs: (1, 2711)
[M::mem_pestat] analyzing insert size distribution for orientation FR...
[M::mem_pestat] (25, 50, 75) percentile: (273, 362, 466)
[M::mem_pestat] low and high boundaries for computing mean and std.dev: (1, 852)
[M::mem_pestat] mean and std.dev: (369.63, 145.61)
[M::mem_pestat] low and high boundaries for proper pairs: (1, 1045)
[M::mem_pestat] analyzing insert size distribution for orientation RF...
[M::mem_pestat] (25, 50, 75) percentile: (517, 1229, 5768)
[M::mem_pestat] low and high boundaries for computing mean and std.dev: (1, 16270)
[M::mem_pestat] mean and std.dev: (2830.38, 3047.11)
[M::mem_pestat] low and high boundaries for proper pairs: (1, 21521)
[M::mem_pestat] analyzing insert size distribution for orientation RR...
[M::mem_pestat] (25, 50, 75) percentile: (265, 694, 2853)
[M::mem_pestat] low and high boundaries for computing mean and std.dev: (1, 8029)
[M::mem_pestat] mean and std.dev: (1488.03, 1735.76)
[M::mem_pestat] low and high boundaries for proper pairs: (1, 10617)
[M::mem_pestat] skip orientation FF
[M::mem_pestat] skip orientation RF
[M::mem_pestat] skip orientation RR
[M::process] read 1066668 sequences (160000200 bp)...
[M::mem_process_seqs] Processed 1066668 reads in 776.555 CPU sec, 50.264 real sec
[M::mem_pestat] # candidate unique pairs for (FF, FR, RF, RR): (21, 223710, 93, 34)
[M::mem_pestat] analyzing insert size distribution for orientation FF...
[M::mem_pestat] (25, 50, 75) percentile: (271, 418, 2477)
[M::mem_pestat] low and high boundaries for computing mean and std.dev: (1, 6889)
[M::mem_pestat] mean and std.dev: (1166.90, 1393.71)
[M::mem_pestat] low and high boundaries for proper pairs: (1, 9095)
[M::mem_pestat] analyzing insert size distribution for orientation FR...
[M::mem_pestat] (25, 50, 75) percentile: (272, 360, 464)
[M::mem_pestat] low and high boundaries for computing mean and std.dev: (1, 848)
[M::mem_pestat] mean and std.dev: (368.32, 144.66)
[M::mem_pestat] low and high boundaries for proper pairs: (1, 1040)
[M::mem_pestat] analyzing insert size distribution for orientation RF...
[M::mem_pestat] (25, 50, 75) percentile: (203, 1394, 6325)
[M::mem_pestat] low and high boundaries for computing mean and std.dev: (1, 18569)
[M::mem_pestat] mean and std.dev: (3151.61, 3297.73)
[M::mem_pestat] low and high boundaries for proper pairs: (1, 24691)
[M::mem_pestat] analyzing insert size distribution for orientation RR...
[M::mem_pestat] (25, 50, 75) percentile: (199, 385, 689)
[M::mem_pestat] low and high boundaries for computing mean and std.dev: (1, 1669)
[M::mem_pestat] mean and std.dev: (411.50, 335.76)
[M::mem_pestat] low and high boundaries for proper pairs: (1, 2159)
[M::mem_pestat] skip orientation FF
[M::mem_pestat] skip orientation RF
[M::mem_pestat] skip orientation RR
[M::process] read 1066668 sequences (160000200 bp)...
[M::mem_process_seqs] Processed 1066668 reads in 783.346 CPU sec, 50.685 real sec
[M::mem_pestat] # candidate unique pairs for (FF, FR, RF, RR): (27, 223338, 85, 32)
[M::mem_pestat] analyzing insert size distribution for orientation FF...
[M::mem_pestat] (25, 50, 75) percentile: (378, 676, 1957)
[M::mem_pestat] low and high boundaries for computing mean and std.dev: (1, 5115)
[M::mem_pestat] mean and std.dev: (1190.00, 1277.23)
[M::mem_pestat] low and high boundaries for proper pairs: (1, 6694)
[M::mem_pestat] analyzing insert size distribution for orientation FR...
[M::mem_pestat] (25, 50, 75) percentile: (269, 357, 461)
[M::mem_pestat] low and high boundaries for computing mean and std.dev: (1, 845)
[M::mem_pestat] mean and std.dev: (365.70, 143.94)
[M::mem_pestat] low and high boundaries for proper pairs: (1, 1037)
[M::mem_pestat] analyzing insert size distribution for orientation RF...
[M::mem_pestat] (25, 50, 75) percentile: (157, 1629, 7210)
[M::mem_pestat] low and high boundaries for computing mean and std.dev: (1, 21316)
[M::mem_pestat] mean and std.dev: (3309.09, 3513.92)
[M::mem_pestat] low and high boundaries for proper pairs: (1, 28369)
[M::mem_pestat] analyzing insert size distribution for orientation RR...
[M::mem_pestat] (25, 50, 75) percentile: (131, 612, 1280)
[M::mem_pestat] low and high boundaries for computing mean and std.dev: (1, 3578)
[M::mem_pestat] mean and std.dev: (601.71, 636.47)
[M::mem_pestat] low and high boundaries for proper pairs: (1, 4727)
[M::mem_pestat] skip orientation FF
[M::mem_pestat] skip orientation RF
[M::mem_pestat] skip orientation RR
[M::process] read 1066668 sequences (160000200 bp)...
[M::mem_process_seqs] Processed 1066668 reads in 787.819 CPU sec, 50.799 real sec
[M::mem_pestat] # candidate unique pairs for (FF, FR, RF, RR): (25, 222522, 91, 28)
[M::mem_pestat] analyzing insert size distribution for orientation FF...
[M::mem_pestat] (25, 50, 75) percentile: (373, 1387, 3919)
[M::mem_pestat] low and high boundaries for computing mean and std.dev: (1, 11011)
[M::mem_pestat] mean and std.dev: (2172.60, 1977.26)
[M::mem_pestat] low and high boundaries for proper pairs: (1, 14557)
[M::mem_pestat] analyzing insert size distribution for orientation FR...
[M::mem_pestat] (25, 50, 75) percentile: (268, 355, 459)
[M::mem_pestat] low and high boundaries for computing mean and std.dev: (1, 841)
[M::mem_pestat] mean and std.dev: (364.27, 143.25)
[M::mem_pestat] low and high boundaries for proper pairs: (1, 1032)
[M::mem_pestat] analyzing insert size distribution for orientation RF...
[M::mem_pestat] (25, 50, 75) percentile: (185, 1490, 5648)
[M::mem_pestat] low and high boundaries for computing mean and std.dev: (1, 16574)
[M::mem_pestat] mean and std.dev: (2839.93, 3060.09)
[M::mem_pestat] low and high boundaries for proper pairs: (1, 22037)
[M::mem_pestat] analyzing insert size distribution for orientation RR...
[M::mem_pestat] (25, 50, 75) percentile: (233, 433, 1864)
[M::mem_pestat] low and high boundaries for computing mean and std.dev: (1, 5126)
[M::mem_pestat] mean and std.dev: (1103.07, 1202.81)
[M::mem_pestat] low and high boundaries for proper pairs: (1, 6757)
[M::mem_pestat] skip orientation FF
[M::mem_pestat] skip orientation RF
[M::mem_pestat] skip orientation RR
[M::process] read 1066668 sequences (160000200 bp)...
[M::mem_process_seqs] Processed 1066668 reads in 798.788 CPU sec, 51.571 real sec
[M::mem_pestat] # candidate unique pairs for (FF, FR, RF, RR): (26, 221841, 59, 39)
[M::mem_pestat] analyzing insert size distribution for orientation FF...
[M::mem_pestat] (25, 50, 75) percentile: (399, 506, 1402)
[M::mem_pestat] low and high boundaries for computing mean and std.dev: (1, 3408)
[M::mem_pestat] mean and std.dev: (842.19, 694.17)
[M::mem_pestat] low and high boundaries for proper pairs: (1, 4411)
[M::mem_pestat] analyzing insert size distribution for orientation FR...
[M::mem_pestat] (25, 50, 75) percentile: (267, 356, 459)
[M::mem_pestat] low and high boundaries for computing mean and std.dev: (1, 843)
[M::mem_pestat] mean and std.dev: (363.56, 144.03)
[M::mem_pestat] low and high boundaries for proper pairs: (1, 1035)
[M::mem_pestat] analyzing insert size distribution for orientation RF...
[M::mem_pestat] (25, 50, 75) percentile: (345, 1093, 4328)
[M::mem_pestat] low and high boundaries for computing mean and std.dev: (1, 12294)
[M::mem_pestat] mean and std.dev: (2543.78, 2916.84)
[M::mem_pestat] low and high boundaries for proper pairs: (1, 16277)
[M::mem_pestat] analyzing insert size distribution for orientation RR...
[M::mem_pestat] (25, 50, 75) percentile: (246, 419, 1534)
[M::mem_pestat] low and high boundaries for computing mean and std.dev: (1, 4110)
[M::mem_pestat] mean and std.dev: (760.50, 929.65)
[M::mem_pestat] low and high boundaries for proper pairs: (1, 5398)
[M::mem_pestat] skip orientation FF
[M::mem_pestat] skip orientation RF
[M::mem_pestat] skip orientation RR
[M::process] read 1066668 sequences (160000200 bp)...
[M::mem_process_seqs] Processed 1066668 reads in 808.779 CPU sec, 52.293 real sec
[M::mem_pestat] # candidate unique pairs for (FF, FR, RF, RR): (37, 222508, 83, 38)
[M::mem_pestat] analyzing insert size distribution for orientation FF...
[M::mem_pestat] (25, 50, 75) percentile: (220, 437, 1807)
[M::mem_pestat] low and high boundaries for computing mean and std.dev: (1, 4981)
[M::mem_pestat] mean and std.dev: (951.47, 1215.19)
[M::mem_pestat] low and high boundaries for proper pairs: (1, 6568)
[M::mem_pestat] analyzing insert size distribution for orientation FR...
[M::mem_pestat] (25, 50, 75) percentile: (274, 363, 468)
[M::mem_pestat] low and high boundaries for computing mean and std.dev: (1, 856)
[M::mem_pestat] mean and std.dev: (370.32, 146.03)
[M::mem_pestat] low and high boundaries for proper pairs: (1, 1050)
[M::mem_pestat] analyzing insert size distribution for orientation RF...
[M::mem_pestat] (25, 50, 75) percentile: (180, 453, 1839)
[M::mem_pestat] low and high boundaries for computing mean and std.dev: (1, 5157)
[M::mem_pestat] mean and std.dev: (903.66, 1041.11)
[M::mem_pestat] low and high boundaries for proper pairs: (1, 6816)
[M::mem_pestat] analyzing insert size distribution for orientation RR...
[M::mem_pestat] (25, 50, 75) percentile: (288, 457, 669)
[M::mem_pestat] low and high boundaries for computing mean and std.dev: (1, 1431)
[M::mem_pestat] mean and std.dev: (440.91, 235.35)
[M::mem_pestat] low and high boundaries for proper pairs: (1, 1812)
[M::mem_pestat] skip orientation FF
[M::mem_pestat] skip orientation RF
[M::mem_pestat] skip orientation RR
[M::process] read 1066668 sequences (160000200 bp)...
[M::mem_process_seqs] Processed 1066668 reads in 789.877 CPU sec, 51.179 real sec
[M::mem_pestat] # candidate unique pairs for (FF, FR, RF, RR): (30, 223094, 99, 16)
[M::mem_pestat] analyzing insert size distribution for orientation FF...
[M::mem_pestat] (25, 50, 75) percentile: (296, 441, 959)
[M::mem_pestat] low and high boundaries for computing mean and std.dev: (1, 2285)
[M::mem_pestat] mean and std.dev: (476.96, 348.24)
[M::mem_pestat] low and high boundaries for proper pairs: (1, 2948)
[M::mem_pestat] analyzing insert size distribution for orientation FR...
[M::mem_pestat] (25, 50, 75) percentile: (267, 355, 458)
[M::mem_pestat] low and high boundaries for computing mean and std.dev: (1, 840)
[M::mem_pestat] mean and std.dev: (363.13, 144.41)
[M::mem_pestat] low and high boundaries for proper pairs: (1, 1031)
[M::mem_pestat] analyzing insert size distribution for orientation RF...
[M::mem_pestat] (25, 50, 75) percentile: (279, 1431, 4494)
[M::mem_pestat] low and high boundaries for computing mean and std.dev: (1, 12924)
[M::mem_pestat] mean and std.dev: (2757.98, 3052.50)
[M::mem_pestat] low and high boundaries for proper pairs: (1, 17139)
[M::mem_pestat] analyzing insert size distribution for orientation RR...
[M::mem_pestat] (25, 50, 75) percentile: (480, 834, 2518)
[M::mem_pestat] low and high boundaries for computing mean and std.dev: (1, 6594)
[M::mem_pestat] mean and std.dev: (1184.47, 1082.66)
[M::mem_pestat] low and high boundaries for proper pairs: (1, 8632)
[M::mem_pestat] skip orientation FF
[M::mem_pestat] skip orientation RF
[M::mem_pestat] skip orientation RR
[M::process] read 1066668 sequences (160000200 bp)...
[M::mem_process_seqs] Processed 1066668 reads in 797.564 CPU sec, 51.710 real sec
[M::mem_pestat] # candidate unique pairs for (FF, FR, RF, RR): (27, 222884, 83, 25)
[M::mem_pestat] analyzing insert size distribution for orientation FF...
[M::mem_pestat] (25, 50, 75) percentile: (236, 450, 1933)
[M::mem_pestat] low and high boundaries for computing mean and std.dev: (1, 5327)
[M::mem_pestat] mean and std.dev: (1012.44, 1038.91)
[M::mem_pestat] low and high boundaries for proper pairs: (1, 7024)
[M::mem_pestat] analyzing insert size distribution for orientation FR...
[M::mem_pestat] (25, 50, 75) percentile: (267, 356, 460)
[M::mem_pestat] low and high boundaries for computing mean and std.dev: (1, 846)
[M::mem_pestat] mean and std.dev: (364.24, 145.32)
[M::mem_pestat] low and high boundaries for proper pairs: (1, 1039)
[M::mem_pestat] analyzing insert size distribution for orientation RF...
[M::mem_pestat] (25, 50, 75) percentile: (181, 2144, 5989)
[M::mem_pestat] low and high boundaries for computing mean and std.dev: (1, 17605)
[M::mem_pestat] mean and std.dev: (3260.18, 3253.42)
[M::mem_pestat] low and high boundaries for proper pairs: (1, 23413)
[M::mem_pestat] analyzing insert size distribution for orientation RR...
[M::mem_pestat] (25, 50, 75) percentile: (156, 447, 1503)
[M::mem_pestat] low and high boundaries for computing mean and std.dev: (1, 4197)
[M::mem_pestat] mean and std.dev: (668.54, 623.47)
[M::mem_pestat] low and high boundaries for proper pairs: (1, 5544)
[M::mem_pestat] skip orientation FF
[M::mem_pestat] skip orientation RF
[M::mem_pestat] skip orientation RR
[M::process] read 1066668 sequences (160000200 bp)...
[M::mem_process_seqs] Processed 1066668 reads in 799.147 CPU sec, 51.845 real sec
[M::process] read 1066668 sequences (160000200 bp)...
[M::mem_pestat] # candidate unique pairs for (FF, FR, RF, RR): (25, 223377, 77, 24)
[M::mem_pestat] analyzing insert size distribution for orientation FF...
[M::mem_pestat] (25, 50, 75) percentile: (288, 386, 985)
[M::mem_pestat] low and high boundaries for computing mean and std.dev: (1, 2379)
[M::mem_pestat] mean and std.dev: (477.09, 352.17)
[M::mem_pestat] low and high boundaries for proper pairs: (1, 3076)
[M::mem_pestat] analyzing insert size distribution for orientation FR...
[M::mem_pestat] (25, 50, 75) percentile: (271, 360, 465)
[M::mem_pestat] low and high boundaries for computing mean and std.dev: (1, 853)
[M::mem_pestat] mean and std.dev: (368.27, 145.36)
[M::mem_pestat] low and high boundaries for proper pairs: (1, 1047)
[M::mem_pestat] analyzing insert size distribution for orientation RF...
[M::mem_pestat] (25, 50, 75) percentile: (158, 1082, 3168)
[M::mem_pestat] low and high boundaries for computing mean and std.dev: (1, 9188)
[M::mem_pestat] mean and std.dev: (1807.21, 1933.42)
[M::mem_pestat] low and high boundaries for proper pairs: (1, 12198)
[M::mem_pestat] analyzing insert size distribution for orientation RR...
[M::mem_pestat] (25, 50, 75) percentile: (276, 535, 998)
[M::mem_pestat] low and high boundaries for computing mean and std.dev: (1, 2442)
[M::mem_pestat] mean and std.dev: (441.65, 297.78)
[M::mem_pestat] low and high boundaries for proper pairs: (1, 3164)
[M::mem_pestat] skip orientation FF
[M::mem_pestat] skip orientation RF
[M::mem_pestat] skip orientation RR
[M::mem_process_seqs] Processed 1066668 reads in 804.675 CPU sec, 52.281 real sec
[M::mem_pestat] # candidate unique pairs for (FF, FR, RF, RR): (43, 222438, 94, 32)
[M::mem_pestat] analyzing insert size distribution for orientation FF...
[M::mem_pestat] (25, 50, 75) percentile: (347, 1315, 5221)
[M::mem_pestat] low and high boundaries for computing mean and std.dev: (1, 14969)
[M::mem_pestat] mean and std.dev: (2671.91, 3125.70)
[M::mem_pestat] low and high boundaries for proper pairs: (1, 19843)
[M::mem_pestat] analyzing insert size distribution for orientation FR...
[M::mem_pestat] (25, 50, 75) percentile: (268, 357, 462)
[M::mem_pestat] low and high boundaries for computing mean and std.dev: (1, 850)
[M::mem_pestat] mean and std.dev: (365.77, 145.17)
[M::mem_pestat] low and high boundaries for proper pairs: (1, 1044)
[M::mem_pestat] analyzing insert size distribution for orientation RF...
[M::mem_pestat] (25, 50, 75) percentile: (316, 1610, 3232)
[M::mem_pestat] low and high boundaries for computing mean and std.dev: (1, 9064)
[M::mem_pestat] mean and std.dev: (2189.68, 2208.02)
[M::mem_pestat] low and high boundaries for proper pairs: (1, 11980)
[M::mem_pestat] analyzing insert size distribution for orientation RR...
[M::mem_pestat] (25, 50, 75) percentile: (251, 485, 4214)
[M::mem_pestat] low and high boundaries for computing mean and std.dev: (1, 12140)
[M::mem_pestat] mean and std.dev: (1710.88, 2360.60)
[M::mem_pestat] low and high boundaries for proper pairs: (1, 16103)
[M::mem_pestat] skip orientation FF
[M::mem_pestat] skip orientation RF
[M::mem_pestat] skip orientation RR
[M::process] read 1066668 sequences (160000200 bp)...
[M::mem_process_seqs] Processed 1066668 reads in 799.177 CPU sec, 51.716 real sec
[M::mem_pestat] # candidate unique pairs for (FF, FR, RF, RR): (26, 223663, 73, 28)
[M::mem_pestat] analyzing insert size distribution for orientation FF...
[M::mem_pestat] (25, 50, 75) percentile: (250, 415, 1039)
[M::mem_pestat] low and high boundaries for computing mean and std.dev: (1, 2617)
[M::mem_pestat] mean and std.dev: (624.08, 630.56)
[M::mem_pestat] low and high boundaries for proper pairs: (1, 3406)
[M::mem_pestat] analyzing insert size distribution for orientation FR...
[M::mem_pestat] (25, 50, 75) percentile: (268, 356, 460)
[M::mem_pestat] low and high boundaries for computing mean and std.dev: (1, 844)
[M::mem_pestat] mean and std.dev: (365.07, 144.18)
[M::mem_pestat] low and high boundaries for proper pairs: (1, 1036)
[M::mem_pestat] analyzing insert size distribution for orientation RF...
[M::mem_pestat] (25, 50, 75) percentile: (336, 1595, 5453)
[M::mem_pestat] low and high boundaries for computing mean and std.dev: (1, 15687)
[M::mem_pestat] mean and std.dev: (2937.81, 3122.82)
[M::mem_pestat] low and high boundaries for proper pairs: (1, 20804)
[M::mem_pestat] analyzing insert size distribution for orientation RR...
[M::mem_pestat] (25, 50, 75) percentile: (251, 519, 1070)
[M::mem_pestat] low and high boundaries for computing mean and std.dev: (1, 2708)
[M::mem_pestat] mean and std.dev: (521.96, 342.39)
[M::mem_pestat] low and high boundaries for proper pairs: (1, 3527)
[M::mem_pestat] skip orientation FF
[M::mem_pestat] skip orientation RF
[M::mem_pestat] skip orientation RR
[M::process] read 1066668 sequences (160000200 bp)...
[M::mem_process_seqs] Processed 1066668 reads in 808.109 CPU sec, 60.293 real sec
[M::mem_pestat] # candidate unique pairs for (FF, FR, RF, RR): (28, 222489, 74, 32)
[M::mem_pestat] analyzing insert size distribution for orientation FF...
[M::mem_pestat] (25, 50, 75) percentile: (509, 938, 2028)
[M::mem_pestat] low and high boundaries for computing mean and std.dev: (1, 5066)
[M::mem_pestat] mean and std.dev: (1421.50, 1248.80)
[M::mem_pestat] low and high boundaries for proper pairs: (1, 6585)
[M::mem_pestat] analyzing insert size distribution for orientation FR...
[M::mem_pestat] (25, 50, 75) percentile: (269, 358, 460)
[M::mem_pestat] low and high boundaries for computing mean and std.dev: (1, 842)
[M::mem_pestat] mean and std.dev: (364.78, 144.05)
[M::mem_pestat] low and high boundaries for proper pairs: (1, 1033)
[M::mem_pestat] analyzing insert size distribution for orientation RF...
[M::mem_pestat] (25, 50, 75) percentile: (192, 500, 3551)
[M::mem_pestat] low and high boundaries for computing mean and std.dev: (1, 10269)
[M::mem_pestat] mean and std.dev: (2308.70, 3197.72)
[M::mem_pestat] low and high boundaries for proper pairs: (1, 15100)
[M::mem_pestat] analyzing insert size distribution for orientation RR...
[M::mem_pestat] (25, 50, 75) percentile: (285, 466, 1727)
[M::mem_pestat] low and high boundaries for computing mean and std.dev: (1, 4611)
[M::mem_pestat] mean and std.dev: (825.20, 833.25)
[M::mem_pestat] low and high boundaries for proper pairs: (1, 6053)
[M::mem_pestat] skip orientation FF
[M::mem_pestat] skip orientation RF
[M::mem_pestat] skip orientation RR
[M::process] read 1066668 sequences (160000200 bp)...
[M::mem_process_seqs] Processed 1066668 reads in 794.021 CPU sec, 51.477 real sec
[M::mem_pestat] # candidate unique pairs for (FF, FR, RF, RR): (19, 222901, 60, 31)
[M::mem_pestat] analyzing insert size distribution for orientation FF...
[M::mem_pestat] (25, 50, 75) percentile: (340, 495, 2070)
[M::mem_pestat] low and high boundaries for computing mean and std.dev: (1, 5530)
[M::mem_pestat] mean and std.dev: (1097.67, 1270.64)
[M::mem_pestat] low and high boundaries for proper pairs: (1, 7260)
[M::mem_pestat] analyzing insert size distribution for orientation FR...
[M::mem_pestat] (25, 50, 75) percentile: (273, 361, 462)
[M::mem_pestat] low and high boundaries for computing mean and std.dev: (1, 840)
[M::mem_pestat] mean and std.dev: (367.05, 143.33)
[M::mem_pestat] low and high boundaries for proper pairs: (1, 1029)
[M::mem_pestat] analyzing insert size distribution for orientation RF...
[M::mem_pestat] (25, 50, 75) percentile: (166, 706, 3382)
[M::mem_pestat] low and high boundaries for computing mean and std.dev: (1, 9814)
[M::mem_pestat] mean and std.dev: (1843.81, 2534.72)
[M::mem_pestat] low and high boundaries for proper pairs: (1, 13030)
[M::mem_pestat] analyzing insert size distribution for orientation RR...
[M::mem_pestat] (25, 50, 75) percentile: (295, 485, 1925)
[M::mem_pestat] low and high boundaries for computing mean and std.dev: (1, 5185)
[M::mem_pestat] mean and std.dev: (868.81, 1096.95)
[M::mem_pestat] low and high boundaries for proper pairs: (1, 6815)
[M::mem_pestat] skip orientation FF
[M::mem_pestat] skip orientation RF
[M::mem_pestat] skip orientation RR
[M::process] read 1066668 sequences (160000200 bp)...
[M::mem_process_seqs] Processed 1066668 reads in 784.962 CPU sec, 50.824 real sec
[M::mem_pestat] # candidate unique pairs for (FF, FR, RF, RR): (35, 223768, 66, 28)
[M::mem_pestat] analyzing insert size distribution for orientation FF...
[M::mem_pestat] (25, 50, 75) percentile: (209, 370, 1873)
[M::mem_pestat] low and high boundaries for computing mean and std.dev: (1, 5201)
[M::mem_pestat] mean and std.dev: (857.48, 1087.69)
[M::mem_pestat] low and high boundaries for proper pairs: (1, 6865)
[M::mem_pestat] analyzing insert size distribution for orientation FR...
[M::mem_pestat] (25, 50, 75) percentile: (270, 358, 461)
[M::mem_pestat] low and high boundaries for computing mean and std.dev: (1, 843)
[M::mem_pestat] mean and std.dev: (365.70, 144.65)
[M::mem_pestat] low and high boundaries for proper pairs: (1, 1034)
[M::mem_pestat] analyzing insert size distribution for orientation RF...
[M::mem_pestat] (25, 50, 75) percentile: (200, 804, 5389)
[M::mem_pestat] low and high boundaries for computing mean and std.dev: (1, 15767)
[M::mem_pestat] mean and std.dev: (2544.26, 3160.03)
[M::mem_pestat] low and high boundaries for proper pairs: (1, 20956)
[M::mem_pestat] analyzing insert size distribution for orientation RR...
[M::mem_pestat] (25, 50, 75) percentile: (332, 418, 1274)
[M::mem_pestat] low and high boundaries for computing mean and std.dev: (1, 3158)
[M::mem_pestat] mean and std.dev: (781.77, 629.39)
[M::mem_pestat] low and high boundaries for proper pairs: (1, 4100)
[M::mem_pestat] skip orientation FF
[M::mem_pestat] skip orientation RF
[M::mem_pestat] skip orientation RR
[M::process] read 1066668 sequences (160000200 bp)...
[M::mem_process_seqs] Processed 1066668 reads in 789.159 CPU sec, 51.099 real sec
[M::mem_pestat] # candidate unique pairs for (FF, FR, RF, RR): (51, 223254, 76, 33)
[M::mem_pestat] analyzing insert size distribution for orientation FF...
[M::mem_pestat] (25, 50, 75) percentile: (310, 509, 1259)
[M::mem_pestat] low and high boundaries for computing mean and std.dev: (1, 3157)
[M::mem_pestat] mean and std.dev: (559.76, 383.18)
[M::mem_pestat] low and high boundaries for proper pairs: (1, 4106)
[M::mem_pestat] analyzing insert size distribution for orientation FR...
[M::mem_pestat] (25, 50, 75) percentile: (270, 358, 461)
[M::mem_pestat] low and high boundaries for computing mean and std.dev: (1, 843)
[M::mem_pestat] mean and std.dev: (365.99, 143.82)
[M::mem_pestat] low and high boundaries for proper pairs: (1, 1034)
[M::mem_pestat] analyzing insert size distribution for orientation RF...
[M::mem_pestat] (25, 50, 75) percentile: (163, 1238, 3121)
[M::mem_pestat] low and high boundaries for computing mean and std.dev: (1, 9037)
[M::mem_pestat] mean and std.dev: (2101.36, 2523.13)
[M::mem_pestat] low and high boundaries for proper pairs: (1, 12194)
[M::mem_pestat] analyzing insert size distribution for orientation RR...
[M::mem_pestat] (25, 50, 75) percentile: (312, 609, 1278)
[M::mem_pestat] low and high boundaries for computing mean and std.dev: (1, 3210)
[M::mem_pestat] mean and std.dev: (755.97, 707.52)
[M::mem_pestat] low and high boundaries for proper pairs: (1, 4176)
[M::mem_pestat] skip orientation FF
[M::mem_pestat] skip orientation RF
[M::mem_pestat] skip orientation RR
[M::process] read 1066668 sequences (160000200 bp)...
[M::mem_process_seqs] Processed 1066668 reads in 799.199 CPU sec, 51.656 real sec
[M::mem_pestat] # candidate unique pairs for (FF, FR, RF, RR): (31, 223295, 86, 28)
[M::mem_pestat] analyzing insert size distribution for orientation FF...
[M::mem_pestat] (25, 50, 75) percentile: (354, 517, 1086)
[M::mem_pestat] low and high boundaries for computing mean and std.dev: (1, 2550)
[M::mem_pestat] mean and std.dev: (701.23, 522.08)
[M::mem_pestat] low and high boundaries for proper pairs: (1, 3282)
[M::mem_pestat] analyzing insert size distribution for orientation FR...
[M::mem_pestat] (25, 50, 75) percentile: (269, 356, 460)
[M::mem_pestat] low and high boundaries for computing mean and std.dev: (1, 842)
[M::mem_pestat] mean and std.dev: (365.14, 144.07)
[M::mem_pestat] low and high boundaries for proper pairs: (1, 1033)
[M::mem_pestat] analyzing insert size distribution for orientation RF...
[M::mem_pestat] (25, 50, 75) percentile: (284, 532, 3494)
[M::mem_pestat] low and high boundaries for computing mean and std.dev: (1, 9914)
[M::mem_pestat] mean and std.dev: (2225.62, 2816.55)
[M::mem_pestat] low and high boundaries for proper pairs: (1, 13492)
[M::mem_pestat] analyzing insert size distribution for orientation RR...
[M::mem_pestat] (25, 50, 75) percentile: (297, 481, 1444)
[M::mem_pestat] low and high boundaries for computing mean and std.dev: (1, 3738)
[M::mem_pestat] mean and std.dev: (500.39, 425.93)
[M::mem_pestat] low and high boundaries for proper pairs: (1, 4885)
[M::mem_pestat] skip orientation FF
[M::mem_pestat] skip orientation RF
[M::mem_pestat] skip orientation RR
[M::process] read 1066668 sequences (160000200 bp)...
[M::mem_process_seqs] Processed 1066668 reads in 811.432 CPU sec, 52.607 real sec
[M::mem_pestat] # candidate unique pairs for (FF, FR, RF, RR): (36, 222996, 69, 46)
[M::mem_pestat] analyzing insert size distribution for orientation FF...
[M::mem_pestat] (25, 50, 75) percentile: (421, 697, 1690)
[M::mem_pestat] low and high boundaries for computing mean and std.dev: (1, 4228)
[M::mem_pestat] mean and std.dev: (654.67, 447.77)
[M::mem_pestat] low and high boundaries for proper pairs: (1, 5497)
[M::mem_pestat] analyzing insert size distribution for orientation FR...
[M::mem_pestat] (25, 50, 75) percentile: (266, 354, 458)
[M::mem_pestat] low and high boundaries for computing mean and std.dev: (1, 842)
[M::mem_pestat] mean and std.dev: (362.97, 144.44)
[M::mem_pestat] low and high boundaries for proper pairs: (1, 1034)
[M::mem_pestat] analyzing insert size distribution for orientation RF...
[M::mem_pestat] (25, 50, 75) percentile: (213, 998, 3377)
[M::mem_pestat] low and high boundaries for computing mean and std.dev: (1, 9705)
[M::mem_pestat] mean and std.dev: (2005.18, 2496.76)
[M::mem_pestat] low and high boundaries for proper pairs: (1, 12869)
[M::mem_pestat] analyzing insert size distribution for orientation RR...
[M::mem_pestat] (25, 50, 75) percentile: (265, 571, 923)
[M::mem_pestat] low and high boundaries for computing mean and std.dev: (1, 2239)
[M::mem_pestat] mean and std.dev: (542.08, 422.82)
[M::mem_pestat] low and high boundaries for proper pairs: (1, 2897)
[M::mem_pestat] skip orientation FF
[M::mem_pestat] skip orientation RF
[M::mem_pestat] skip orientation RR
[M::process] read 1066668 sequences (160000200 bp)...
[M::mem_process_seqs] Processed 1066668 reads in 816.448 CPU sec, 52.769 real sec
[M::mem_pestat] # candidate unique pairs for (FF, FR, RF, RR): (16, 222067, 91, 25)
[M::mem_pestat] analyzing insert size distribution for orientation FF...
[M::mem_pestat] (25, 50, 75) percentile: (247, 573, 1601)
[M::mem_pestat] low and high boundaries for computing mean and std.dev: (1, 4309)
[M::mem_pestat] mean and std.dev: (735.80, 695.01)
[M::mem_pestat] low and high boundaries for proper pairs: (1, 5663)
[M::mem_pestat] analyzing insert size distribution for orientation FR...
[M::mem_pestat] (25, 50, 75) percentile: (267, 356, 462)
[M::mem_pestat] low and high boundaries for computing mean and std.dev: (1, 852)
[M::mem_pestat] mean and std.dev: (365.60, 145.71)
[M::mem_pestat] low and high boundaries for proper pairs: (1, 1047)
[M::mem_pestat] analyzing insert size distribution for orientation RF...
[M::mem_pestat] (25, 50, 75) percentile: (315, 1094, 4072)
[M::mem_pestat] low and high boundaries for computing mean and std.dev: (1, 11586)
[M::mem_pestat] mean and std.dev: (2569.20, 2865.82)
[M::mem_pestat] low and high boundaries for proper pairs: (1, 15343)
[M::mem_pestat] analyzing insert size distribution for orientation RR...
[M::mem_pestat] (25, 50, 75) percentile: (298, 633, 5620)
[M::mem_pestat] low and high boundaries for computing mean and std.dev: (1, 16264)
[M::mem_pestat] mean and std.dev: (2419.20, 2919.53)
[M::mem_pestat] low and high boundaries for proper pairs: (1, 21586)
[M::mem_pestat] skip orientation FF
[M::mem_pestat] skip orientation RF
[M::mem_pestat] skip orientation RR
[M::process] read 1066668 sequences (160000200 bp)...
[M::mem_process_seqs] Processed 1066668 reads in 827.041 CPU sec, 53.552 real sec
[M::mem_pestat] # candidate unique pairs for (FF, FR, RF, RR): (25, 220154, 70, 32)
[M::mem_pestat] analyzing insert size distribution for orientation FF...
[M::mem_pestat] (25, 50, 75) percentile: (413, 553, 1440)
[M::mem_pestat] low and high boundaries for computing mean and std.dev: (1, 3494)
[M::mem_pestat] mean and std.dev: (672.39, 434.57)
[M::mem_pestat] low and high boundaries for proper pairs: (1, 4521)
[M::mem_pestat] analyzing insert size distribution for orientation FR...
[M::mem_pestat] (25, 50, 75) percentile: (276, 376, 490)
[M::mem_pestat] low and high boundaries for computing mean and std.dev: (1, 918)
[M::mem_pestat] mean and std.dev: (383.26, 154.77)
[M::mem_pestat] low and high boundaries for proper pairs: (1, 1132)
[M::mem_pestat] analyzing insert size distribution for orientation RF...
[M::mem_pestat] (25, 50, 75) percentile: (234, 1140, 5990)
[M::mem_pestat] low and high boundaries for computing mean and std.dev: (1, 17502)
[M::mem_pestat] mean and std.dev: (2786.40, 3386.06)
[M::mem_pestat] low and high boundaries for proper pairs: (1, 23258)
[M::mem_pestat] analyzing insert size distribution for orientation RR...
[M::mem_pestat] (25, 50, 75) percentile: (434, 845, 1794)
[M::mem_pestat] low and high boundaries for computing mean and std.dev: (1, 4514)
[M::mem_pestat] mean and std.dev: (932.85, 895.30)
[M::mem_pestat] low and high boundaries for proper pairs: (1, 5874)
[M::mem_pestat] skip orientation FF
[M::mem_pestat] skip orientation RF
[M::mem_pestat] skip orientation RR
[M::process] read 1066668 sequences (160000200 bp)...
[M::mem_process_seqs] Processed 1066668 reads in 831.313 CPU sec, 53.880 real sec
[M::mem_pestat] # candidate unique pairs for (FF, FR, RF, RR): (34, 220821, 67, 32)
[M::mem_pestat] analyzing insert size distribution for orientation FF...
[M::mem_pestat] (25, 50, 75) percentile: (242, 1162, 1746)
[M::mem_pestat] low and high boundaries for computing mean and std.dev: (1, 4754)
[M::mem_pestat] mean and std.dev: (944.16, 684.91)
[M::mem_pestat] low and high boundaries for proper pairs: (1, 6258)
[M::mem_pestat] analyzing insert size distribution for orientation FR...
[M::mem_pestat] (25, 50, 75) percentile: (274, 370, 482)
[M::mem_pestat] low and high boundaries for computing mean and std.dev: (1, 898)
[M::mem_pestat] mean and std.dev: (378.17, 152.81)
[M::mem_pestat] low and high boundaries for proper pairs: (1, 1106)
[M::mem_pestat] analyzing insert size distribution for orientation RF...
[M::mem_pestat] (25, 50, 75) percentile: (772, 2686, 5923)
[M::mem_pestat] low and high boundaries for computing mean and std.dev: (1, 16225)
[M::mem_pestat] mean and std.dev: (3350.94, 2921.57)
[M::mem_pestat] low and high boundaries for proper pairs: (1, 21376)
[M::mem_pestat] analyzing insert size distribution for orientation RR...
[M::mem_pestat] (25, 50, 75) percentile: (193, 543, 805)
[M::mem_pestat] low and high boundaries for computing mean and std.dev: (1, 2029)
[M::mem_pestat] mean and std.dev: (526.30, 346.07)
[M::mem_pestat] low and high boundaries for proper pairs: (1, 2641)
[M::mem_pestat] skip orientation FF
[M::mem_pestat] skip orientation RF
[M::mem_pestat] skip orientation RR
[M::process] read 1066668 sequences (160000200 bp)...
[M::mem_process_seqs] Processed 1066668 reads in 821.190 CPU sec, 53.327 real sec
[M::mem_pestat] # candidate unique pairs for (FF, FR, RF, RR): (25, 221277, 81, 20)
[M::mem_pestat] analyzing insert size distribution for orientation FF...
[M::mem_pestat] (25, 50, 75) percentile: (396, 524, 2677)
[M::mem_pestat] low and high boundaries for computing mean and std.dev: (1, 7239)
[M::mem_pestat] mean and std.dev: (1563.72, 1901.56)
[M::mem_pestat] low and high boundaries for proper pairs: (1, 9520)
[M::mem_pestat] analyzing insert size distribution for orientation FR...
[M::mem_pestat] (25, 50, 75) percentile: (271, 365, 475)
[M::mem_pestat] low and high boundaries for computing mean and std.dev: (1, 883)
[M::mem_pestat] mean and std.dev: (373.75, 151.01)
[M::mem_pestat] low and high boundaries for proper pairs: (1, 1087)
[M::mem_pestat] analyzing insert size distribution for orientation RF...
[M::mem_pestat] (25, 50, 75) percentile: (215, 514, 3333)
[M::mem_pestat] low and high boundaries for computing mean and std.dev: (1, 9569)
[M::mem_pestat] mean and std.dev: (2146.44, 2954.42)
[M::mem_pestat] low and high boundaries for proper pairs: (1, 13964)
[M::mem_pestat] analyzing insert size distribution for orientation RR...
[M::mem_pestat] (25, 50, 75) percentile: (480, 1354, 3055)
[M::mem_pestat] low and high boundaries for computing mean and std.dev: (1, 8205)
[M::mem_pestat] mean and std.dev: (1426.11, 1256.60)
[M::mem_pestat] low and high boundaries for proper pairs: (1, 10780)
[M::mem_pestat] skip orientation FF
[M::mem_pestat] skip orientation RF
[M::mem_pestat] skip orientation RR
[M::process] read 1066668 sequences (160000200 bp)...
[M::mem_process_seqs] Processed 1066668 reads in 818.530 CPU sec, 52.959 real sec
[M::mem_pestat] # candidate unique pairs for (FF, FR, RF, RR): (20, 221636, 88, 39)
[M::mem_pestat] analyzing insert size distribution for orientation FF...
[M::mem_pestat] (25, 50, 75) percentile: (154, 394, 1504)
[M::mem_pestat] low and high boundaries for computing mean and std.dev: (1, 4204)
[M::mem_pestat] mean and std.dev: (699.22, 813.30)
[M::mem_pestat] low and high boundaries for proper pairs: (1, 5554)
[M::mem_pestat] analyzing insert size distribution for orientation FR...
[M::mem_pestat] (25, 50, 75) percentile: (274, 366, 476)
[M::mem_pestat] low and high boundaries for computing mean and std.dev: (1, 880)
[M::mem_pestat] mean and std.dev: (375.79, 150.29)
[M::mem_pestat] low and high boundaries for proper pairs: (1, 1082)
[M::mem_pestat] analyzing insert size distribution for orientation RF...
[M::mem_pestat] (25, 50, 75) percentile: (428, 1463, 3985)
[M::mem_pestat] low and high boundaries for computing mean and std.dev: (1, 11099)
[M::mem_pestat] mean and std.dev: (2432.48, 2507.38)
[M::mem_pestat] low and high boundaries for proper pairs: (1, 14656)
[M::mem_pestat] analyzing insert size distribution for orientation RR...
[M::mem_pestat] (25, 50, 75) percentile: (322, 513, 2873)
[M::mem_pestat] low and high boundaries for computing mean and std.dev: (1, 7975)
[M::mem_pestat] mean and std.dev: (1558.33, 1904.43)
[M::mem_pestat] low and high boundaries for proper pairs: (1, 10526)
[M::mem_pestat] skip orientation FF
[M::mem_pestat] skip orientation RF
[M::mem_pestat] skip orientation RR
[M::process] read 1066668 sequences (160000200 bp)...
[M::mem_process_seqs] Processed 1066668 reads in 814.354 CPU sec, 52.792 real sec
[M::mem_pestat] # candidate unique pairs for (FF, FR, RF, RR): (33, 222044, 82, 25)
[M::mem_pestat] analyzing insert size distribution for orientation FF...
[M::mem_pestat] (25, 50, 75) percentile: (263, 480, 1129)
[M::mem_pestat] low and high boundaries for computing mean and std.dev: (1, 2861)
[M::mem_pestat] mean and std.dev: (671.72, 519.37)
[M::mem_pestat] low and high boundaries for proper pairs: (1, 3727)
[M::mem_pestat] analyzing insert size distribution for orientation FR...
[M::mem_pestat] (25, 50, 75) percentile: (275, 365, 474)
[M::mem_pestat] low and high boundaries for computing mean and std.dev: (1, 872)
[M::mem_pestat] mean and std.dev: (374.96, 148.28)
[M::mem_pestat] low and high boundaries for proper pairs: (1, 1071)
[M::mem_pestat] analyzing insert size distribution for orientation RF...
[M::mem_pestat] (25, 50, 75) percentile: (203, 1757, 5654)
[M::mem_pestat] low and high boundaries for computing mean and std.dev: (1, 16556)
[M::mem_pestat] mean and std.dev: (3139.09, 3464.95)
[M::mem_pestat] low and high boundaries for proper pairs: (1, 22007)
[M::mem_pestat] analyzing insert size distribution for orientation RR...
[M::mem_pestat] (25, 50, 75) percentile: (248, 476, 1200)
[M::mem_pestat] low and high boundaries for computing mean and std.dev: (1, 3104)
[M::mem_pestat] mean and std.dev: (627.46, 503.30)
[M::mem_pestat] low and high boundaries for proper pairs: (1, 4056)
[M::mem_pestat] skip orientation FF
[M::mem_pestat] skip orientation RF
[M::mem_pestat] skip orientation RR
[M::process] read 1066668 sequences (160000200 bp)...
[M::mem_process_seqs] Processed 1066668 reads in 819.566 CPU sec, 53.140 real sec
[M::mem_pestat] # candidate unique pairs for (FF, FR, RF, RR): (27, 221909, 73, 34)
[M::mem_pestat] analyzing insert size distribution for orientation FF...
[M::mem_pestat] (25, 50, 75) percentile: (436, 664, 3277)
[M::mem_pestat] low and high boundaries for computing mean and std.dev: (1, 8959)
[M::mem_pestat] mean and std.dev: (1858.63, 2176.62)
[M::mem_pestat] low and high boundaries for proper pairs: (1, 11800)
[M::mem_pestat] analyzing insert size distribution for orientation FR...
[M::mem_pestat] (25, 50, 75) percentile: (273, 365, 474)
[M::mem_pestat] low and high boundaries for computing mean and std.dev: (1, 876)
[M::mem_pestat] mean and std.dev: (374.76, 149.20)
[M::mem_pestat] low and high boundaries for proper pairs: (1, 1077)
[M::mem_pestat] analyzing insert size distribution for orientation RF...
[M::mem_pestat] (25, 50, 75) percentile: (179, 1362, 5720)
[M::mem_pestat] low and high boundaries for computing mean and std.dev: (1, 16802)
[M::mem_pestat] mean and std.dev: (3203.34, 3485.30)
[M::mem_pestat] low and high boundaries for proper pairs: (1, 22343)
[M::mem_pestat] analyzing insert size distribution for orientation RR...
[M::mem_pestat] (25, 50, 75) percentile: (255, 443, 866)
[M::mem_pestat] low and high boundaries for computing mean and std.dev: (1, 2088)
[M::mem_pestat] mean and std.dev: (496.00, 372.71)
[M::mem_pestat] low and high boundaries for proper pairs: (1, 2699)
[M::mem_pestat] skip orientation FF
[M::mem_pestat] skip orientation RF
[M::mem_pestat] skip orientation RR
[M::process] read 1066668 sequences (160000200 bp)...
[M::mem_process_seqs] Processed 1066668 reads in 830.665 CPU sec, 53.746 real sec
[M::mem_pestat] # candidate unique pairs for (FF, FR, RF, RR): (37, 220606, 96, 27)
[M::mem_pestat] analyzing insert size distribution for orientation FF...
[M::mem_pestat] (25, 50, 75) percentile: (236, 296, 1100)
[M::mem_pestat] low and high boundaries for computing mean and std.dev: (1, 2828)
[M::mem_pestat] mean and std.dev: (674.53, 786.71)
[M::mem_pestat] low and high boundaries for proper pairs: (1, 3821)
[M::mem_pestat] analyzing insert size distribution for orientation FR...
[M::mem_pestat] (25, 50, 75) percentile: (266, 362, 477)
[M::mem_pestat] low and high boundaries for computing mean and std.dev: (1, 899)
[M::mem_pestat] mean and std.dev: (372.36, 154.80)
[M::mem_pestat] low and high boundaries for proper pairs: (1, 1110)
[M::mem_pestat] analyzing insert size distribution for orientation RF...
[M::mem_pestat] (25, 50, 75) percentile: (273, 1191, 4228)
[M::mem_pestat] low and high boundaries for computing mean and std.dev: (1, 12138)
[M::mem_pestat] mean and std.dev: (2358.97, 2740.01)
[M::mem_pestat] low and high boundaries for proper pairs: (1, 16093)
[M::mem_pestat] analyzing insert size distribution for orientation RR...
[M::mem_pestat] (25, 50, 75) percentile: (305, 1203, 3408)
[M::mem_pestat] low and high boundaries for computing mean and std.dev: (1, 9614)
[M::mem_pestat] mean and std.dev: (2076.30, 2223.96)
[M::mem_pestat] low and high boundaries for proper pairs: (1, 12717)
[M::mem_pestat] skip orientation FF
[M::mem_pestat] skip orientation RF
[M::mem_pestat] skip orientation RR
[M::process] read 1066668 sequences (160000200 bp)...
[M::mem_process_seqs] Processed 1066668 reads in 827.159 CPU sec, 53.593 real sec
[M::mem_pestat] # candidate unique pairs for (FF, FR, RF, RR): (34, 220025, 88, 43)
[M::mem_pestat] analyzing insert size distribution for orientation FF...
[M::mem_pestat] (25, 50, 75) percentile: (400, 850, 1296)
[M::mem_pestat] low and high boundaries for computing mean and std.dev: (1, 3088)
[M::mem_pestat] mean and std.dev: (1065.30, 847.54)
[M::mem_pestat] low and high boundaries for proper pairs: (1, 4455)
[M::mem_pestat] analyzing insert size distribution for orientation FR...
[M::mem_pestat] (25, 50, 75) percentile: (268, 364, 480)
[M::mem_pestat] low and high boundaries for computing mean and std.dev: (1, 904)
[M::mem_pestat] mean and std.dev: (375.18, 155.24)
[M::mem_pestat] low and high boundaries for proper pairs: (1, 1116)
[M::mem_pestat] analyzing insert size distribution for orientation RF...
[M::mem_pestat] (25, 50, 75) percentile: (276, 925, 1543)
[M::mem_pestat] low and high boundaries for computing mean and std.dev: (1, 4077)
[M::mem_pestat] mean and std.dev: (788.74, 629.78)
[M::mem_pestat] low and high boundaries for proper pairs: (1, 5344)
[M::mem_pestat] analyzing insert size distribution for orientation RR...
[M::mem_pestat] (25, 50, 75) percentile: (356, 809, 1567)
[M::mem_pestat] low and high boundaries for computing mean and std.dev: (1, 3989)
[M::mem_pestat] mean and std.dev: (950.95, 765.41)
[M::mem_pestat] low and high boundaries for proper pairs: (1, 5200)
[M::mem_pestat] skip orientation FF
[M::mem_pestat] skip orientation RF
[M::mem_pestat] skip orientation RR
[M::process] read 1066668 sequences (160000200 bp)...
[M::mem_process_seqs] Processed 1066668 reads in 822.962 CPU sec, 53.234 real sec
[M::mem_pestat] # candidate unique pairs for (FF, FR, RF, RR): (35, 220802, 85, 36)
[M::mem_pestat] analyzing insert size distribution for orientation FF...
[M::mem_pestat] (25, 50, 75) percentile: (244, 396, 1289)
[M::mem_pestat] low and high boundaries for computing mean and std.dev: (1, 3379)
[M::mem_pestat] mean and std.dev: (440.71, 411.40)
[M::mem_pestat] low and high boundaries for proper pairs: (1, 4424)
[M::mem_pestat] analyzing insert size distribution for orientation FR...
[M::mem_pestat] (25, 50, 75) percentile: (269, 364, 479)
[M::mem_pestat] low and high boundaries for computing mean and std.dev: (1, 899)
[M::mem_pestat] mean and std.dev: (374.72, 153.71)
[M::mem_pestat] low and high boundaries for proper pairs: (1, 1109)
[M::mem_pestat] analyzing insert size distribution for orientation RF...
[M::mem_pestat] (25, 50, 75) percentile: (421, 1614, 4659)
[M::mem_pestat] low and high boundaries for computing mean and std.dev: (1, 13135)
[M::mem_pestat] mean and std.dev: (2760.18, 2791.43)
[M::mem_pestat] low and high boundaries for proper pairs: (1, 17373)
[M::mem_pestat] analyzing insert size distribution for orientation RR...
[M::mem_pestat] (25, 50, 75) percentile: (199, 552, 1209)
[M::mem_pestat] low and high boundaries for computing mean and std.dev: (1, 3229)
[M::mem_pestat] mean and std.dev: (643.85, 599.52)
[M::mem_pestat] low and high boundaries for proper pairs: (1, 4239)
[M::mem_pestat] skip orientation FF
[M::mem_pestat] skip orientation RF
[M::mem_pestat] skip orientation RR
[M::process] read 1066668 sequences (160000200 bp)...
[M::mem_process_seqs] Processed 1066668 reads in 825.212 CPU sec, 53.367 real sec
[M::mem_pestat] # candidate unique pairs for (FF, FR, RF, RR): (23, 221949, 85, 30)
[M::mem_pestat] analyzing insert size distribution for orientation FF...
[M::mem_pestat] (25, 50, 75) percentile: (305, 490, 1853)
[M::mem_pestat] low and high boundaries for computing mean and std.dev: (1, 4949)
[M::mem_pestat] mean and std.dev: (1087.48, 1103.24)
[M::mem_pestat] low and high boundaries for proper pairs: (1, 6497)
[M::mem_pestat] analyzing insert size distribution for orientation FR...
[M::mem_pestat] (25, 50, 75) percentile: (274, 369, 484)
[M::mem_pestat] low and high boundaries for computing mean and std.dev: (1, 904)
[M::mem_pestat] mean and std.dev: (379.09, 153.82)
[M::mem_pestat] low and high boundaries for proper pairs: (1, 1114)
[M::mem_pestat] analyzing insert size distribution for orientation RF...
[M::mem_pestat] (25, 50, 75) percentile: (131, 1146, 5519)
[M::mem_pestat] low and high boundaries for computing mean and std.dev: (1, 16295)
[M::mem_pestat] mean and std.dev: (2763.59, 3227.60)
[M::mem_pestat] low and high boundaries for proper pairs: (1, 21683)
[M::mem_pestat] analyzing insert size distribution for orientation RR...
[M::mem_pestat] (25, 50, 75) percentile: (322, 471, 2127)
[M::mem_pestat] low and high boundaries for computing mean and std.dev: (1, 5737)
[M::mem_pestat] mean and std.dev: (941.89, 1253.03)
[M::mem_pestat] low and high boundaries for proper pairs: (1, 7542)
[M::mem_pestat] skip orientation FF
[M::mem_pestat] skip orientation RF
[M::mem_pestat] skip orientation RR
[M::process] read 1066668 sequences (160000200 bp)...
[M::mem_process_seqs] Processed 1066668 reads in 815.048 CPU sec, 52.764 real sec
[M::mem_pestat] # candidate unique pairs for (FF, FR, RF, RR): (29, 221739, 79, 37)
[M::mem_pestat] analyzing insert size distribution for orientation FF...
[M::mem_pestat] (25, 50, 75) percentile: (222, 587, 993)
[M::mem_pestat] low and high boundaries for computing mean and std.dev: (1, 2535)
[M::mem_pestat] mean and std.dev: (588.20, 487.54)
[M::mem_pestat] low and high boundaries for proper pairs: (1, 3306)
[M::mem_pestat] analyzing insert size distribution for orientation FR...
[M::mem_pestat] (25, 50, 75) percentile: (276, 369, 482)
[M::mem_pestat] low and high boundaries for computing mean and std.dev: (1, 894)
[M::mem_pestat] mean and std.dev: (379.27, 152.15)
[M::mem_pestat] low and high boundaries for proper pairs: (1, 1100)
[M::mem_pestat] analyzing insert size distribution for orientation RF...
[M::mem_pestat] (25, 50, 75) percentile: (405, 1663, 6105)
[M::mem_pestat] low and high boundaries for computing mean and std.dev: (1, 17505)
[M::mem_pestat] mean and std.dev: (3075.68, 2992.51)
[M::mem_pestat] low and high boundaries for proper pairs: (1, 23205)
[M::mem_pestat] analyzing insert size distribution for orientation RR...
[M::mem_pestat] (25, 50, 75) percentile: (170, 284, 1575)
[M::mem_pestat] low and high boundaries for computing mean and std.dev: (1, 4385)
[M::mem_pestat] mean and std.dev: (493.16, 608.62)
[M::mem_pestat] low and high boundaries for proper pairs: (1, 5790)
[M::mem_pestat] skip orientation FF
[M::mem_pestat] skip orientation RF
[M::mem_pestat] skip orientation RR
[M::mem_process_seqs] Processed 1066668 reads in 822.098 CPU sec, 57.026 real sec
[M::process] read 1066668 sequences (160000200 bp)...
[M::process] read 1066668 sequences (160000200 bp)...
[M::mem_pestat] # candidate unique pairs for (FF, FR, RF, RR): (36, 220842, 75, 42)
[M::mem_pestat] analyzing insert size distribution for orientation FF...
[M::mem_pestat] (25, 50, 75) percentile: (327, 627, 2197)
[M::mem_pestat] low and high boundaries for computing mean and std.dev: (1, 5937)
[M::mem_pestat] mean and std.dev: (1134.12, 1120.32)
[M::mem_pestat] low and high boundaries for proper pairs: (1, 7807)
[M::mem_pestat] analyzing insert size distribution for orientation FR...
[M::mem_pestat] (25, 50, 75) percentile: (274, 367, 480)
[M::mem_pestat] low and high boundaries for computing mean and std.dev: (1, 892)
[M::mem_pestat] mean and std.dev: (378.49, 152.33)
[M::mem_pestat] low and high boundaries for proper pairs: (1, 1098)
[M::mem_pestat] analyzing insert size distribution for orientation RF...
[M::mem_pestat] (25, 50, 75) percentile: (262, 1552, 3982)
[M::mem_pestat] low and high boundaries for computing mean and std.dev: (1, 11422)
[M::mem_pestat] mean and std.dev: (2713.61, 3036.35)
[M::mem_pestat] low and high boundaries for proper pairs: (1, 15142)
[M::mem_pestat] analyzing insert size distribution for orientation RR...
[M::mem_pestat] (25, 50, 75) percentile: (224, 692, 1891)
[M::mem_pestat] low and high boundaries for computing mean and std.dev: (1, 5225)
[M::mem_pestat] mean and std.dev: (799.58, 763.46)
[M::mem_pestat] low and high boundaries for proper pairs: (1, 6892)
[M::mem_pestat] skip orientation FF
[M::mem_pestat] skip orientation RF
[M::mem_pestat] skip orientation RR
[M::mem_process_seqs] Processed 1066668 reads in 818.037 CPU sec, 52.510 real sec
[M::mem_pestat] # candidate unique pairs for (FF, FR, RF, RR): (27, 219820, 83, 30)
[M::mem_pestat] analyzing insert size distribution for orientation FF...
[M::mem_pestat] (25, 50, 75) percentile: (380, 884, 1369)
[M::mem_pestat] low and high boundaries for computing mean and std.dev: (1, 3347)
[M::mem_pestat] mean and std.dev: (947.15, 716.96)
[M::mem_pestat] low and high boundaries for proper pairs: (1, 4336)
[M::mem_pestat] analyzing insert size distribution for orientation FR...
[M::mem_pestat] (25, 50, 75) percentile: (263, 358, 472)
[M::mem_pestat] low and high boundaries for computing mean and std.dev: (1, 890)
[M::mem_pestat] mean and std.dev: (369.03, 154.10)
[M::mem_pestat] low and high boundaries for proper pairs: (1, 1099)
[M::mem_pestat] analyzing insert size distribution for orientation RF...
[M::mem_pestat] (25, 50, 75) percentile: (258, 1089, 3255)
[M::mem_pestat] low and high boundaries for computing mean and std.dev: (1, 9249)
[M::mem_pestat] mean and std.dev: (2245.36, 2694.61)
[M::mem_pestat] low and high boundaries for proper pairs: (1, 13024)
[M::mem_pestat] analyzing insert size distribution for orientation RR...
[M::mem_pestat] (25, 50, 75) percentile: (305, 1140, 3361)
[M::mem_pestat] low and high boundaries for computing mean and std.dev: (1, 9473)
[M::mem_pestat] mean and std.dev: (1916.67, 1788.87)
[M::mem_pestat] low and high boundaries for proper pairs: (1, 12529)
[M::mem_pestat] skip orientation FF
[M::mem_pestat] skip orientation RF
[M::mem_pestat] skip orientation RR
[M::process] read 1066668 sequences (160000200 bp)...
[M::mem_process_seqs] Processed 1066668 reads in 819.031 CPU sec, 52.962 real sec
[M::mem_pestat] # candidate unique pairs for (FF, FR, RF, RR): (29, 218206, 79, 22)
[M::mem_pestat] analyzing insert size distribution for orientation FF...
[M::mem_pestat] (25, 50, 75) percentile: (277, 1672, 5175)
[M::mem_pestat] low and high boundaries for computing mean and std.dev: (1, 14971)
[M::mem_pestat] mean and std.dev: (2596.93, 2825.42)
[M::mem_pestat] low and high boundaries for proper pairs: (1, 19869)
[M::mem_pestat] analyzing insert size distribution for orientation FR...
[M::mem_pestat] (25, 50, 75) percentile: (265, 360, 475)
[M::mem_pestat] low and high boundaries for computing mean and std.dev: (1, 895)
[M::mem_pestat] mean and std.dev: (371.12, 154.33)
[M::mem_pestat] low and high boundaries for proper pairs: (1, 1105)
[M::mem_pestat] analyzing insert size distribution for orientation RF...
[M::mem_pestat] (25, 50, 75) percentile: (220, 899, 4932)
[M::mem_pestat] low and high boundaries for computing mean and std.dev: (1, 14356)
[M::mem_pestat] mean and std.dev: (2938.35, 3182.92)
[M::mem_pestat] low and high boundaries for proper pairs: (1, 19068)
[M::mem_pestat] analyzing insert size distribution for orientation RR...
[M::mem_pestat] (25, 50, 75) percentile: (246, 1451, 3039)
[M::mem_pestat] low and high boundaries for computing mean and std.dev: (1, 8625)
[M::mem_pestat] mean and std.dev: (1905.14, 1997.87)
[M::mem_pestat] low and high boundaries for proper pairs: (1, 11418)
[M::mem_pestat] skip orientation FF
[M::mem_pestat] skip orientation RF
[M::mem_pestat] skip orientation RR
[M::process] read 1066668 sequences (160000200 bp)...
[M::mem_process_seqs] Processed 1066668 reads in 820.968 CPU sec, 52.988 real sec
[M::mem_pestat] # candidate unique pairs for (FF, FR, RF, RR): (33, 219924, 82, 23)
[M::mem_pestat] analyzing insert size distribution for orientation FF...
[M::mem_pestat] (25, 50, 75) percentile: (459, 629, 2222)
[M::mem_pestat] low and high boundaries for computing mean and std.dev: (1, 5748)
[M::mem_pestat] mean and std.dev: (1004.91, 982.51)
[M::mem_pestat] low and high boundaries for proper pairs: (1, 7511)
[M::mem_pestat] analyzing insert size distribution for orientation FR...
[M::mem_pestat] (25, 50, 75) percentile: (262, 356, 470)
[M::mem_pestat] low and high boundaries for computing mean and std.dev: (1, 886)
[M::mem_pestat] mean and std.dev: (367.22, 152.87)
[M::mem_pestat] low and high boundaries for proper pairs: (1, 1094)
[M::mem_pestat] analyzing insert size distribution for orientation RF...
[M::mem_pestat] (25, 50, 75) percentile: (233, 704, 5172)
[M::mem_pestat] low and high boundaries for computing mean and std.dev: (1, 15050)
[M::mem_pestat] mean and std.dev: (2575.10, 3098.10)
[M::mem_pestat] low and high boundaries for proper pairs: (1, 19989)
[M::mem_pestat] analyzing insert size distribution for orientation RR...
[M::mem_pestat] (25, 50, 75) percentile: (336, 675, 2929)
[M::mem_pestat] low and high boundaries for computing mean and std.dev: (1, 8115)
[M::mem_pestat] mean and std.dev: (1474.61, 1331.69)
[M::mem_pestat] low and high boundaries for proper pairs: (1, 10708)
[M::mem_pestat] skip orientation FF
[M::mem_pestat] skip orientation RF
[M::mem_pestat] skip orientation RR
[M::process] read 1066668 sequences (160000200 bp)...
[M::mem_process_seqs] Processed 1066668 reads in 821.139 CPU sec, 53.158 real sec
[M::mem_pestat] # candidate unique pairs for (FF, FR, RF, RR): (45, 221713, 78, 19)
[M::mem_pestat] analyzing insert size distribution for orientation FF...
[M::mem_pestat] (25, 50, 75) percentile: (253, 376, 1093)
[M::mem_pestat] low and high boundaries for computing mean and std.dev: (1, 2773)
[M::mem_pestat] mean and std.dev: (472.77, 428.87)
[M::mem_pestat] low and high boundaries for proper pairs: (1, 3613)
[M::mem_pestat] analyzing insert size distribution for orientation FR...
[M::mem_pestat] (25, 50, 75) percentile: (270, 365, 480)
[M::mem_pestat] low and high boundaries for computing mean and std.dev: (1, 900)
[M::mem_pestat] mean and std.dev: (376.26, 154.47)
[M::mem_pestat] low and high boundaries for proper pairs: (1, 1110)
[M::mem_pestat] analyzing insert size distribution for orientation RF...
[M::mem_pestat] (25, 50, 75) percentile: (204, 892, 3774)
[M::mem_pestat] low and high boundaries for computing mean and std.dev: (1, 10914)
[M::mem_pestat] mean and std.dev: (2486.95, 2950.93)
[M::mem_pestat] low and high boundaries for proper pairs: (1, 14484)
[M::mem_pestat] analyzing insert size distribution for orientation RR...
[M::mem_pestat] (25, 50, 75) percentile: (312, 1254, 1750)
[M::mem_pestat] low and high boundaries for computing mean and std.dev: (1, 4626)
[M::mem_pestat] mean and std.dev: (1141.71, 928.50)
[M::mem_pestat] low and high boundaries for proper pairs: (1, 6064)
[M::mem_pestat] skip orientation FF
[M::mem_pestat] skip orientation RF
[M::mem_pestat] skip orientation RR
[M::process] read 1066668 sequences (160000200 bp)...
[M::mem_process_seqs] Processed 1066668 reads in 815.986 CPU sec, 52.790 real sec
[M::mem_pestat] # candidate unique pairs for (FF, FR, RF, RR): (32, 222073, 54, 49)
[M::mem_pestat] analyzing insert size distribution for orientation FF...
[M::mem_pestat] (25, 50, 75) percentile: (271, 458, 556)
[M::mem_pestat] low and high boundaries for computing mean and std.dev: (1, 1126)
[M::mem_pestat] mean and std.dev: (393.83, 198.65)
[M::mem_pestat] low and high boundaries for proper pairs: (1, 1411)
[M::mem_pestat] analyzing insert size distribution for orientation FR...
[M::mem_pestat] (25, 50, 75) percentile: (275, 370, 485)
[M::mem_pestat] low and high boundaries for computing mean and std.dev: (1, 905)
[M::mem_pestat] mean and std.dev: (380.62, 154.47)
[M::mem_pestat] low and high boundaries for proper pairs: (1, 1115)
[M::mem_pestat] analyzing insert size distribution for orientation RF...
[M::mem_pestat] (25, 50, 75) percentile: (388, 1978, 6915)
[M::mem_pestat] low and high boundaries for computing mean and std.dev: (1, 19969)
[M::mem_pestat] mean and std.dev: (3178.19, 3309.22)
[M::mem_pestat] low and high boundaries for proper pairs: (1, 26496)
[M::mem_pestat] analyzing insert size distribution for orientation RR...
[M::mem_pestat] (25, 50, 75) percentile: (391, 597, 2203)
[M::mem_pestat] low and high boundaries for computing mean and std.dev: (1, 5827)
[M::mem_pestat] mean and std.dev: (989.05, 1129.46)
[M::mem_pestat] low and high boundaries for proper pairs: (1, 7639)
[M::mem_pestat] skip orientation FF
[M::mem_pestat] skip orientation RF
[M::mem_pestat] skip orientation RR
[M::process] read 1066668 sequences (160000200 bp)...
[M::mem_process_seqs] Processed 1066668 reads in 819.969 CPU sec, 53.053 real sec
[M::mem_pestat] # candidate unique pairs for (FF, FR, RF, RR): (29, 221323, 80, 42)
[M::mem_pestat] analyzing insert size distribution for orientation FF...
[M::mem_pestat] (25, 50, 75) percentile: (207, 341, 675)
[M::mem_pestat] low and high boundaries for computing mean and std.dev: (1, 1611)
[M::mem_pestat] mean and std.dev: (361.16, 235.80)
[M::mem_pestat] low and high boundaries for proper pairs: (1, 2079)
[M::mem_pestat] analyzing insert size distribution for orientation FR...
[M::mem_pestat] (25, 50, 75) percentile: (274, 367, 479)
[M::mem_pestat] low and high boundaries for computing mean and std.dev: (1, 889)
[M::mem_pestat] mean and std.dev: (377.34, 152.08)
[M::mem_pestat] low and high boundaries for proper pairs: (1, 1094)
[M::mem_pestat] analyzing insert size distribution for orientation RF...
[M::mem_pestat] (25, 50, 75) percentile: (477, 2173, 4566)
[M::mem_pestat] low and high boundaries for computing mean and std.dev: (1, 12744)
[M::mem_pestat] mean and std.dev: (2644.07, 2490.74)
[M::mem_pestat] low and high boundaries for proper pairs: (1, 16833)
[M::mem_pestat] analyzing insert size distribution for orientation RR...
[M::mem_pestat] (25, 50, 75) percentile: (308, 642, 1354)
[M::mem_pestat] low and high boundaries for computing mean and std.dev: (1, 3446)
[M::mem_pestat] mean and std.dev: (816.45, 759.18)
[M::mem_pestat] low and high boundaries for proper pairs: (1, 4492)
[M::mem_pestat] skip orientation FF
[M::mem_pestat] skip orientation RF
[M::mem_pestat] skip orientation RR
[M::process] read 1066668 sequences (160000200 bp)...
[M::mem_process_seqs] Processed 1066668 reads in 831.459 CPU sec, 53.703 real sec
[M::mem_pestat] # candidate unique pairs for (FF, FR, RF, RR): (41, 219641, 67, 23)
[M::mem_pestat] analyzing insert size distribution for orientation FF...
[M::mem_pestat] (25, 50, 75) percentile: (252, 580, 1111)
[M::mem_pestat] low and high boundaries for computing mean and std.dev: (1, 2829)
[M::mem_pestat] mean and std.dev: (625.87, 421.83)
[M::mem_pestat] low and high boundaries for proper pairs: (1, 3688)
[M::mem_pestat] analyzing insert size distribution for orientation FR...
[M::mem_pestat] (25, 50, 75) percentile: (267, 361, 477)
[M::mem_pestat] low and high boundaries for computing mean and std.dev: (1, 897)
[M::mem_pestat] mean and std.dev: (372.82, 153.62)
[M::mem_pestat] low and high boundaries for proper pairs: (1, 1107)
[M::mem_pestat] analyzing insert size distribution for orientation RF...
[M::mem_pestat] (25, 50, 75) percentile: (93, 699, 3170)
[M::mem_pestat] low and high boundaries for computing mean and std.dev: (1, 9324)
[M::mem_pestat] mean and std.dev: (1727.58, 2491.92)
[M::mem_pestat] low and high boundaries for proper pairs: (1, 12401)
[M::mem_pestat] analyzing insert size distribution for orientation RR...
[M::mem_pestat] (25, 50, 75) percentile: (191, 257, 1321)
[M::mem_pestat] low and high boundaries for computing mean and std.dev: (1, 3581)
[M::mem_pestat] mean and std.dev: (567.10, 656.33)
[M::mem_pestat] low and high boundaries for proper pairs: (1, 4711)
[M::mem_pestat] skip orientation FF
[M::mem_pestat] skip orientation RF
[M::mem_pestat] skip orientation RR
[M::process] read 1066668 sequences (160000200 bp)...
[M::mem_process_seqs] Processed 1066668 reads in 838.900 CPU sec, 54.260 real sec
[M::mem_pestat] # candidate unique pairs for (FF, FR, RF, RR): (22, 218232, 75, 37)
[M::mem_pestat] analyzing insert size distribution for orientation FF...
[M::mem_pestat] (25, 50, 75) percentile: (197, 366, 1293)
[M::mem_pestat] low and high boundaries for computing mean and std.dev: (1, 3485)
[M::mem_pestat] mean and std.dev: (480.84, 466.32)
[M::mem_pestat] low and high boundaries for proper pairs: (1, 4581)
[M::mem_pestat] analyzing insert size distribution for orientation FR...
[M::mem_pestat] (25, 50, 75) percentile: (268, 364, 480)
[M::mem_pestat] low and high boundaries for computing mean and std.dev: (1, 904)
[M::mem_pestat] mean and std.dev: (374.32, 154.75)
[M::mem_pestat] low and high boundaries for proper pairs: (1, 1116)
[M::mem_pestat] analyzing insert size distribution for orientation RF...
[M::mem_pestat] (25, 50, 75) percentile: (605, 1513, 5391)
[M::mem_pestat] low and high boundaries for computing mean and std.dev: (1, 14963)
[M::mem_pestat] mean and std.dev: (3267.85, 3282.45)
[M::mem_pestat] low and high boundaries for proper pairs: (1, 19749)
[M::mem_pestat] analyzing insert size distribution for orientation RR...
[M::mem_pestat] (25, 50, 75) percentile: (377, 488, 987)
[M::mem_pestat] low and high boundaries for computing mean and std.dev: (1, 2207)
[M::mem_pestat] mean and std.dev: (658.47, 486.05)
[M::mem_pestat] low and high boundaries for proper pairs: (1, 2817)
[M::mem_pestat] skip orientation FF
[M::mem_pestat] skip orientation RF
[M::mem_pestat] skip orientation RR
[M::process] read 1066668 sequences (160000200 bp)...
[M::mem_process_seqs] Processed 1066668 reads in 823.822 CPU sec, 53.351 real sec
[M::mem_pestat] # candidate unique pairs for (FF, FR, RF, RR): (34, 218868, 62, 29)
[M::mem_pestat] analyzing insert size distribution for orientation FF...
[M::mem_pestat] (25, 50, 75) percentile: (296, 418, 1125)
[M::mem_pestat] low and high boundaries for computing mean and std.dev: (1, 2783)
[M::mem_pestat] mean and std.dev: (641.66, 590.72)
[M::mem_pestat] low and high boundaries for proper pairs: (1, 3612)
[M::mem_pestat] analyzing insert size distribution for orientation FR...
[M::mem_pestat] (25, 50, 75) percentile: (266, 361, 475)
[M::mem_pestat] low and high boundaries for computing mean and std.dev: (1, 893)
[M::mem_pestat] mean and std.dev: (371.59, 153.79)
[M::mem_pestat] low and high boundaries for proper pairs: (1, 1102)
[M::mem_pestat] analyzing insert size distribution for orientation RF...
[M::mem_pestat] (25, 50, 75) percentile: (175, 1112, 2341)
[M::mem_pestat] low and high boundaries for computing mean and std.dev: (1, 6673)
[M::mem_pestat] mean and std.dev: (1494.51, 1781.01)
[M::mem_pestat] low and high boundaries for proper pairs: (1, 8839)
[M::mem_pestat] analyzing insert size distribution for orientation RR...
[M::mem_pestat] (25, 50, 75) percentile: (271, 476, 1928)
[M::mem_pestat] low and high boundaries for computing mean and std.dev: (1, 5242)
[M::mem_pestat] mean and std.dev: (908.52, 1137.55)
[M::mem_pestat] low and high boundaries for proper pairs: (1, 6899)
[M::mem_pestat] skip orientation FF
[M::mem_pestat] skip orientation RF
[M::mem_pestat] skip orientation RR
[M::process] read 1066668 sequences (160000200 bp)...
[M::mem_process_seqs] Processed 1066668 reads in 824.798 CPU sec, 53.280 real sec
[M::mem_pestat] # candidate unique pairs for (FF, FR, RF, RR): (52, 220348, 67, 32)
[M::mem_pestat] analyzing insert size distribution for orientation FF...
[M::mem_pestat] (25, 50, 75) percentile: (235, 309, 656)
[M::mem_pestat] low and high boundaries for computing mean and std.dev: (1, 1498)
[M::mem_pestat] mean and std.dev: (373.35, 231.89)
[M::mem_pestat] low and high boundaries for proper pairs: (1, 1919)
[M::mem_pestat] analyzing insert size distribution for orientation FR...
[M::mem_pestat] (25, 50, 75) percentile: (268, 362, 476)
[M::mem_pestat] low and high boundaries for computing mean and std.dev: (1, 892)
[M::mem_pestat] mean and std.dev: (372.65, 153.08)
[M::mem_pestat] low and high boundaries for proper pairs: (1, 1100)
[M::mem_pestat] analyzing insert size distribution for orientation RF...
[M::mem_pestat] (25, 50, 75) percentile: (167, 1073, 3014)
[M::mem_pestat] low and high boundaries for computing mean and std.dev: (1, 8708)
[M::mem_pestat] mean and std.dev: (1851.31, 2344.67)
[M::mem_pestat] low and high boundaries for proper pairs: (1, 11555)
[M::mem_pestat] analyzing insert size distribution for orientation RR...
[M::mem_pestat] (25, 50, 75) percentile: (243, 429, 653)
[M::mem_pestat] low and high boundaries for computing mean and std.dev: (1, 1473)
[M::mem_pestat] mean and std.dev: (352.85, 238.75)
[M::mem_pestat] low and high boundaries for proper pairs: (1, 1883)
[M::mem_pestat] skip orientation FF
[M::mem_pestat] skip orientation RF
[M::mem_pestat] skip orientation RR
[M::process] read 1066668 sequences (160000200 bp)...
[M::mem_process_seqs] Processed 1066668 reads in 822.830 CPU sec, 53.205 real sec
[M::mem_pestat] # candidate unique pairs for (FF, FR, RF, RR): (34, 221046, 86, 23)
[M::mem_pestat] analyzing insert size distribution for orientation FF...
[M::mem_pestat] (25, 50, 75) percentile: (333, 531, 1384)
[M::mem_pestat] low and high boundaries for computing mean and std.dev: (1, 3486)
[M::mem_pestat] mean and std.dev: (582.67, 383.04)
[M::mem_pestat] low and high boundaries for proper pairs: (1, 4537)
[M::mem_pestat] analyzing insert size distribution for orientation FR...
[M::mem_pestat] (25, 50, 75) percentile: (272, 364, 476)
[M::mem_pestat] low and high boundaries for computing mean and std.dev: (1, 884)
[M::mem_pestat] mean and std.dev: (375.15, 151.87)
[M::mem_pestat] low and high boundaries for proper pairs: (1, 1088)
[M::mem_pestat] analyzing insert size distribution for orientation RF...
[M::mem_pestat] (25, 50, 75) percentile: (267, 1470, 6737)
[M::mem_pestat] low and high boundaries for computing mean and std.dev: (1, 19677)
[M::mem_pestat] mean and std.dev: (3009.79, 3127.74)
[M::mem_pestat] low and high boundaries for proper pairs: (1, 26147)
[M::mem_pestat] analyzing insert size distribution for orientation RR...
[M::mem_pestat] (25, 50, 75) percentile: (207, 419, 2187)
[M::mem_pestat] low and high boundaries for computing mean and std.dev: (1, 6147)
[M::mem_pestat] mean and std.dev: (1257.00, 1533.59)
[M::mem_pestat] low and high boundaries for proper pairs: (1, 8127)
[M::mem_pestat] skip orientation FF
[M::mem_pestat] skip orientation RF
[M::mem_pestat] skip orientation RR
[M::process] read 1066668 sequences (160000200 bp)...
[M::mem_process_seqs] Processed 1066668 reads in 822.236 CPU sec, 53.183 real sec
[M::mem_pestat] # candidate unique pairs for (FF, FR, RF, RR): (26, 220461, 89, 38)
[M::mem_pestat] analyzing insert size distribution for orientation FF...
[M::mem_pestat] (25, 50, 75) percentile: (334, 813, 1815)
[M::mem_pestat] low and high boundaries for computing mean and std.dev: (1, 4777)
[M::mem_pestat] mean and std.dev: (1203.73, 1069.47)
[M::mem_pestat] low and high boundaries for proper pairs: (1, 6258)
[M::mem_pestat] analyzing insert size distribution for orientation FR...
[M::mem_pestat] (25, 50, 75) percentile: (271, 363, 473)
[M::mem_pestat] low and high boundaries for computing mean and std.dev: (1, 877)
[M::mem_pestat] mean and std.dev: (373.14, 150.10)
[M::mem_pestat] low and high boundaries for proper pairs: (1, 1079)
[M::mem_pestat] analyzing insert size distribution for orientation RF...
[M::mem_pestat] (25, 50, 75) percentile: (208, 1017, 4734)
[M::mem_pestat] low and high boundaries for computing mean and std.dev: (1, 13786)
[M::mem_pestat] mean and std.dev: (2602.18, 2972.97)
[M::mem_pestat] low and high boundaries for proper pairs: (1, 18312)
[M::mem_pestat] analyzing insert size distribution for orientation RR...
[M::mem_pestat] (25, 50, 75) percentile: (245, 506, 776)
[M::mem_pestat] low and high boundaries for computing mean and std.dev: (1, 1838)
[M::mem_pestat] mean and std.dev: (564.13, 409.67)
[M::mem_pestat] low and high boundaries for proper pairs: (1, 2369)
[M::mem_pestat] skip orientation FF
[M::mem_pestat] skip orientation RF
[M::mem_pestat] skip orientation RR
[M::process] read 763354 sequences (114503100 bp)...
[M::mem_process_seqs] Processed 1066668 reads in 824.110 CPU sec, 53.360 real sec
[M::mem_pestat] # candidate unique pairs for (FF, FR, RF, RR): (21, 158028, 47, 20)
[M::mem_pestat] analyzing insert size distribution for orientation FF...
[M::mem_pestat] (25, 50, 75) percentile: (360, 512, 1756)
[M::mem_pestat] low and high boundaries for computing mean and std.dev: (1, 4548)
[M::mem_pestat] mean and std.dev: (806.85, 689.88)
[M::mem_pestat] low and high boundaries for proper pairs: (1, 5944)
[M::mem_pestat] analyzing insert size distribution for orientation FR...
[M::mem_pestat] (25, 50, 75) percentile: (274, 365, 476)
[M::mem_pestat] low and high boundaries for computing mean and std.dev: (1, 880)
[M::mem_pestat] mean and std.dev: (375.86, 150.16)
[M::mem_pestat] low and high boundaries for proper pairs: (1, 1082)
[M::mem_pestat] analyzing insert size distribution for orientation RF...
[M::mem_pestat] (25, 50, 75) percentile: (276, 1209, 5071)
[M::mem_pestat] low and high boundaries for computing mean and std.dev: (1, 14661)
[M::mem_pestat] mean and std.dev: (2872.34, 2957.72)
[M::mem_pestat] low and high boundaries for proper pairs: (1, 19456)
[M::mem_pestat] analyzing insert size distribution for orientation RR...
[M::mem_pestat] (25, 50, 75) percentile: (443, 633, 2028)
[M::mem_pestat] low and high boundaries for computing mean and std.dev: (1, 5198)
[M::mem_pestat] mean and std.dev: (1202.55, 1110.38)
[M::mem_pestat] low and high boundaries for proper pairs: (1, 6783)
[M::mem_pestat] skip orientation FF
[M::mem_pestat] skip orientation RF
[M::mem_pestat] skip orientation RR
[M::mem_process_seqs] Processed 763354 reads in 589.654 CPU sec, 38.642 real sec
[main] Version: 0.7.19-r1273
[main] CMD: bwa mem -t 16 -R @RG\tID:MB_14a\tSM:MB_14a\tLB:MB_14a\tPL:ILLUMINA output/05_realign_xbOstLuri2/reference/GCA_061535525.1_xbOstLuri2_USDA-ARS_PSRF_primary_genomic.fna data/raw/MB_14a_S40_L004_R1_001.fastq.gz data/raw/MB_14a_S40_L004_R2_001.fastq.gz
[main] Real time: 2739.968 sec; CPU: 41968.374 sec
[bam_sort_core] merging from 2 files and 8 in-memory blocks...
end 2026-09-27T14:25:16Z sample=MB_14a
