/opt/ohpc/admin/lmod/lmod/init/bash: line 93: LD_LIBRARY_PATH: unbound variable
start 2026-09-27T14:37:53Z host n3492 sample=PGB18_Wild_10 location=PGB18_Wild
[M::bwa_idx_load_from_disk] read 0 ALT contigs
[M::process] read 1066668 sequences (160000200 bp)...
[M::process] read 1066668 sequences (160000200 bp)...
[M::mem_pestat] # candidate unique pairs for (FF, FR, RF, RR): (10, 238264, 24, 9)
[M::mem_pestat] analyzing insert size distribution for orientation FF...
[M::mem_pestat] (25, 50, 75) percentile: (129, 137, 258)
[M::mem_pestat] low and high boundaries for computing mean and std.dev: (1, 516)
[M::mem_pestat] mean and std.dev: (172.44, 113.32)
[M::mem_pestat] low and high boundaries for proper pairs: (1, 645)
[M::mem_pestat] analyzing insert size distribution for orientation FR...
[M::mem_pestat] (25, 50, 75) percentile: (124, 159, 212)
[M::mem_pestat] low and high boundaries for computing mean and std.dev: (1, 388)
[M::mem_pestat] mean and std.dev: (169.70, 67.43)
[M::mem_pestat] low and high boundaries for proper pairs: (1, 476)
[M::mem_pestat] analyzing insert size distribution for orientation RF...
[M::mem_pestat] (25, 50, 75) percentile: (173, 1023, 6388)
[M::mem_pestat] low and high boundaries for computing mean and std.dev: (1, 18818)
[M::mem_pestat] mean and std.dev: (3283.54, 3900.63)
[M::mem_pestat] low and high boundaries for proper pairs: (1, 25033)
[M::mem_pestat] skip orientation RR as there are not enough pairs
[M::mem_pestat] skip orientation FF
[M::mem_pestat] skip orientation RF
[M::mem_process_seqs] Processed 1066668 reads in 715.179 CPU sec, 48.362 real sec
[M::mem_pestat] # candidate unique pairs for (FF, FR, RF, RR): (19, 239057, 40, 9)
[M::mem_pestat] analyzing insert size distribution for orientation FF...
[M::mem_pestat] (25, 50, 75) percentile: (96, 140, 270)
[M::mem_pestat] low and high boundaries for computing mean and std.dev: (1, 618)
[M::mem_pestat] mean and std.dev: (179.39, 124.32)
[M::mem_pestat] low and high boundaries for proper pairs: (1, 792)
[M::mem_pestat] analyzing insert size distribution for orientation FR...
[M::mem_pestat] (25, 50, 75) percentile: (125, 161, 215)
[M::mem_pestat] low and high boundaries for computing mean and std.dev: (1, 395)
[M::mem_pestat] mean and std.dev: (171.64, 68.80)
[M::mem_pestat] low and high boundaries for proper pairs: (1, 485)
[M::mem_pestat] analyzing insert size distribution for orientation RF...
[M::mem_pestat] (25, 50, 75) percentile: (61, 1026, 2690)
[M::mem_pestat] low and high boundaries for computing mean and std.dev: (1, 7948)
[M::mem_pestat] mean and std.dev: (1327.42, 1743.95)
[M::mem_pestat] low and high boundaries for proper pairs: (1, 10577)
[M::mem_pestat] skip orientation RR as there are not enough pairs
[M::mem_pestat] skip orientation FF
[M::mem_pestat] skip orientation RF
[M::process] read 1066668 sequences (160000200 bp)...
[M::mem_process_seqs] Processed 1066668 reads in 719.879 CPU sec, 47.129 real sec
[M::mem_pestat] # candidate unique pairs for (FF, FR, RF, RR): (15, 238825, 38, 9)
[M::mem_pestat] analyzing insert size distribution for orientation FF...
[M::mem_pestat] (25, 50, 75) percentile: (137, 246, 926)
[M::mem_pestat] low and high boundaries for computing mean and std.dev: (1, 2504)
[M::mem_pestat] mean and std.dev: (296.58, 276.27)
[M::mem_pestat] low and high boundaries for proper pairs: (1, 3293)
[M::mem_pestat] analyzing insert size distribution for orientation FR...
[M::mem_pestat] (25, 50, 75) percentile: (125, 161, 213)
[M::mem_pestat] low and high boundaries for computing mean and std.dev: (1, 389)
[M::mem_pestat] mean and std.dev: (170.41, 67.10)
[M::mem_pestat] low and high boundaries for proper pairs: (1, 477)
[M::mem_pestat] analyzing insert size distribution for orientation RF...
[M::mem_pestat] (25, 50, 75) percentile: (88, 520, 1254)
[M::mem_pestat] low and high boundaries for computing mean and std.dev: (1, 3586)
[M::mem_pestat] mean and std.dev: (525.48, 576.03)
[M::mem_pestat] low and high boundaries for proper pairs: (1, 4752)
[M::mem_pestat] skip orientation RR as there are not enough pairs
[M::mem_pestat] skip orientation FF
[M::mem_pestat] skip orientation RF
[M::process] read 1066668 sequences (160000200 bp)...
[M::mem_process_seqs] Processed 1066668 reads in 724.386 CPU sec, 47.161 real sec
[M::mem_pestat] # candidate unique pairs for (FF, FR, RF, RR): (15, 238640, 26, 6)
[M::mem_pestat] analyzing insert size distribution for orientation FF...
[M::mem_pestat] (25, 50, 75) percentile: (156, 209, 756)
[M::mem_pestat] low and high boundaries for computing mean and std.dev: (1, 1956)
[M::mem_pestat] mean and std.dev: (366.33, 284.16)
[M::mem_pestat] low and high boundaries for proper pairs: (1, 2556)
[M::mem_pestat] analyzing insert size distribution for orientation FR...
[M::mem_pestat] (25, 50, 75) percentile: (125, 161, 213)
[M::mem_pestat] low and high boundaries for computing mean and std.dev: (1, 389)
[M::mem_pestat] mean and std.dev: (170.40, 67.00)
[M::mem_pestat] low and high boundaries for proper pairs: (1, 477)
[M::mem_pestat] analyzing insert size distribution for orientation RF...
[M::mem_pestat] (25, 50, 75) percentile: (73, 421, 1295)
[M::mem_pestat] low and high boundaries for computing mean and std.dev: (1, 3739)
[M::mem_pestat] mean and std.dev: (633.61, 811.87)
[M::mem_pestat] low and high boundaries for proper pairs: (1, 4961)
[M::mem_pestat] skip orientation RR as there are not enough pairs
[M::mem_pestat] skip orientation FF
[M::mem_pestat] skip orientation RF
[M::process] read 1066668 sequences (160000200 bp)...
[M::mem_process_seqs] Processed 1066668 reads in 727.027 CPU sec, 47.551 real sec
[M::mem_pestat] # candidate unique pairs for (FF, FR, RF, RR): (7, 239589, 23, 10)
[M::mem_pestat] skip orientation FF as there are not enough pairs
[M::mem_pestat] analyzing insert size distribution for orientation FR...
[M::mem_pestat] (25, 50, 75) percentile: (125, 161, 213)
[M::mem_pestat] low and high boundaries for computing mean and std.dev: (1, 389)
[M::mem_pestat] mean and std.dev: (170.48, 66.91)
[M::mem_pestat] low and high boundaries for proper pairs: (1, 477)
[M::mem_pestat] analyzing insert size distribution for orientation RF...
[M::mem_pestat] (25, 50, 75) percentile: (836, 1403, 4233)
[M::mem_pestat] low and high boundaries for computing mean and std.dev: (1, 11027)
[M::mem_pestat] mean and std.dev: (2694.78, 2750.56)
[M::mem_pestat] low and high boundaries for proper pairs: (1, 14424)
[M::mem_pestat] analyzing insert size distribution for orientation RR...
[M::mem_pestat] (25, 50, 75) percentile: (94, 349, 866)
[M::mem_pestat] low and high boundaries for computing mean and std.dev: (1, 2410)
[M::mem_pestat] mean and std.dev: (581.80, 666.85)
[M::mem_pestat] low and high boundaries for proper pairs: (1, 3249)
[M::mem_pestat] skip orientation RF
[M::mem_pestat] skip orientation RR
[M::process] read 1066668 sequences (160000200 bp)...
[M::mem_process_seqs] Processed 1066668 reads in 722.907 CPU sec, 47.168 real sec
[M::mem_pestat] # candidate unique pairs for (FF, FR, RF, RR): (18, 238373, 27, 10)
[M::mem_pestat] analyzing insert size distribution for orientation FF...
[M::mem_pestat] (25, 50, 75) percentile: (51, 279, 592)
[M::mem_pestat] low and high boundaries for computing mean and std.dev: (1, 1674)
[M::mem_pestat] mean and std.dev: (283.59, 230.66)
[M::mem_pestat] low and high boundaries for proper pairs: (1, 2215)
[M::mem_pestat] analyzing insert size distribution for orientation FR...
[M::mem_pestat] (25, 50, 75) percentile: (125, 161, 212)
[M::mem_pestat] low and high boundaries for computing mean and std.dev: (1, 386)
[M::mem_pestat] mean and std.dev: (170.57, 66.28)
[M::mem_pestat] low and high boundaries for proper pairs: (1, 473)
[M::mem_pestat] analyzing insert size distribution for orientation RF...
[M::mem_pestat] (25, 50, 75) percentile: (171, 716, 1615)
[M::mem_pestat] low and high boundaries for computing mean and std.dev: (1, 4503)
[M::mem_pestat] mean and std.dev: (1004.50, 1191.42)
[M::mem_pestat] low and high boundaries for proper pairs: (1, 5947)
[M::mem_pestat] analyzing insert size distribution for orientation RR...
[M::mem_pestat] (25, 50, 75) percentile: (87, 137, 435)
[M::mem_pestat] low and high boundaries for computing mean and std.dev: (1, 1131)
[M::mem_pestat] mean and std.dev: (304.70, 293.56)
[M::mem_pestat] low and high boundaries for proper pairs: (1, 1479)
[M::mem_pestat] skip orientation FF
[M::mem_pestat] skip orientation RF
[M::mem_pestat] skip orientation RR
[M::process] read 1066668 sequences (160000200 bp)...
[M::mem_process_seqs] Processed 1066668 reads in 740.486 CPU sec, 48.284 real sec
[M::mem_pestat] # candidate unique pairs for (FF, FR, RF, RR): (10, 238983, 23, 5)
[M::mem_pestat] analyzing insert size distribution for orientation FF...
[M::mem_pestat] (25, 50, 75) percentile: (239, 491, 1070)
[M::mem_pestat] low and high boundaries for computing mean and std.dev: (1, 2732)
[M::mem_pestat] mean and std.dev: (467.78, 359.13)
[M::mem_pestat] low and high boundaries for proper pairs: (1, 3563)
[M::mem_pestat] analyzing insert size distribution for orientation FR...
[M::mem_pestat] (25, 50, 75) percentile: (125, 161, 213)
[M::mem_pestat] low and high boundaries for computing mean and std.dev: (1, 389)
[M::mem_pestat] mean and std.dev: (170.87, 66.50)
[M::mem_pestat] low and high boundaries for proper pairs: (1, 477)
[M::mem_pestat] analyzing insert size distribution for orientation RF...
[M::mem_pestat] (25, 50, 75) percentile: (59, 495, 1468)
[M::mem_pestat] low and high boundaries for computing mean and std.dev: (1, 4286)
[M::mem_pestat] mean and std.dev: (707.05, 999.89)
[M::mem_pestat] low and high boundaries for proper pairs: (1, 5695)
[M::mem_pestat] skip orientation RR as there are not enough pairs
[M::mem_pestat] skip orientation FF
[M::mem_pestat] skip orientation RF
[M::process] read 1066668 sequences (160000200 bp)...
[M::mem_process_seqs] Processed 1066668 reads in 727.862 CPU sec, 47.496 real sec
[M::mem_pestat] # candidate unique pairs for (FF, FR, RF, RR): (15, 238136, 30, 8)
[M::mem_pestat] analyzing insert size distribution for orientation FF...
[M::mem_pestat] (25, 50, 75) percentile: (83, 108, 202)
[M::mem_pestat] low and high boundaries for computing mean and std.dev: (1, 440)
[M::mem_pestat] mean and std.dev: (104.50, 46.47)
[M::mem_pestat] low and high boundaries for proper pairs: (1, 559)
[M::mem_pestat] analyzing insert size distribution for orientation FR...
[M::mem_pestat] (25, 50, 75) percentile: (124, 159, 210)
[M::mem_pestat] low and high boundaries for computing mean and std.dev: (1, 382)
[M::mem_pestat] mean and std.dev: (168.34, 65.85)
[M::mem_pestat] low and high boundaries for proper pairs: (1, 468)
[M::mem_pestat] analyzing insert size distribution for orientation RF...
[M::mem_pestat] (25, 50, 75) percentile: (374, 709, 2254)
[M::mem_pestat] low and high boundaries for computing mean and std.dev: (1, 6014)
[M::mem_pestat] mean and std.dev: (1138.21, 1287.22)
[M::mem_pestat] low and high boundaries for proper pairs: (1, 7894)
[M::mem_pestat] skip orientation RR as there are not enough pairs
[M::mem_pestat] skip orientation FF
[M::mem_pestat] skip orientation RF
[M::process] read 1066668 sequences (160000200 bp)...
[M::mem_process_seqs] Processed 1066668 reads in 725.931 CPU sec, 47.504 real sec
[M::mem_pestat] # candidate unique pairs for (FF, FR, RF, RR): (11, 238136, 32, 10)
[M::mem_pestat] analyzing insert size distribution for orientation FF...
[M::mem_pestat] (25, 50, 75) percentile: (107, 115, 285)
[M::mem_pestat] low and high boundaries for computing mean and std.dev: (1, 641)
[M::mem_pestat] mean and std.dev: (165.82, 99.96)
[M::mem_pestat] low and high boundaries for proper pairs: (1, 819)
[M::mem_pestat] analyzing insert size distribution for orientation FR...
[M::mem_pestat] (25, 50, 75) percentile: (123, 159, 211)
[M::mem_pestat] low and high boundaries for computing mean and std.dev: (1, 387)
[M::mem_pestat] mean and std.dev: (168.98, 67.34)
[M::mem_pestat] low and high boundaries for proper pairs: (1, 475)
[M::mem_pestat] analyzing insert size distribution for orientation RF...
[M::mem_pestat] (25, 50, 75) percentile: (264, 1605, 4399)
[M::mem_pestat] low and high boundaries for computing mean and std.dev: (1, 12669)
[M::mem_pestat] mean and std.dev: (2135.50, 2312.42)
[M::mem_pestat] low and high boundaries for proper pairs: (1, 16804)
[M::mem_pestat] analyzing insert size distribution for orientation RR...
[M::mem_pestat] (25, 50, 75) percentile: (114, 174, 174)
[M::mem_pestat] low and high boundaries for computing mean and std.dev: (1, 294)
[M::mem_pestat] mean and std.dev: (130.12, 45.50)
[M::mem_pestat] low and high boundaries for proper pairs: (1, 354)
[M::mem_pestat] skip orientation FF
[M::mem_pestat] skip orientation RF
[M::mem_pestat] skip orientation RR
[M::process] read 1066668 sequences (160000200 bp)...
[M::mem_process_seqs] Processed 1066668 reads in 718.491 CPU sec, 47.012 real sec
[M::mem_pestat] # candidate unique pairs for (FF, FR, RF, RR): (15, 238815, 33, 12)
[M::mem_pestat] analyzing insert size distribution for orientation FF...
[M::mem_pestat] (25, 50, 75) percentile: (370, 705, 3626)
[M::mem_pestat] low and high boundaries for computing mean and std.dev: (1, 10138)
[M::mem_pestat] mean and std.dev: (1960.13, 2363.60)
[M::mem_pestat] low and high boundaries for proper pairs: (1, 13394)
[M::mem_pestat] analyzing insert size distribution for orientation FR...
[M::mem_pestat] (25, 50, 75) percentile: (124, 160, 213)
[M::mem_pestat] low and high boundaries for computing mean and std.dev: (1, 391)
[M::mem_pestat] mean and std.dev: (170.19, 67.60)
[M::mem_pestat] low and high boundaries for proper pairs: (1, 480)
[M::mem_pestat] analyzing insert size distribution for orientation RF...
[M::mem_pestat] (25, 50, 75) percentile: (81, 667, 2632)
[M::mem_pestat] low and high boundaries for computing mean and std.dev: (1, 7734)
[M::mem_pestat] mean and std.dev: (1220.87, 1946.09)
[M::mem_pestat] low and high boundaries for proper pairs: (1, 10285)
[M::mem_pestat] analyzing insert size distribution for orientation RR...
[M::mem_pestat] (25, 50, 75) percentile: (346, 814, 2717)
[M::mem_pestat] low and high boundaries for computing mean and std.dev: (1, 7459)
[M::mem_pestat] mean and std.dev: (1094.67, 1000.85)
[M::mem_pestat] low and high boundaries for proper pairs: (1, 9830)
[M::mem_pestat] skip orientation FF
[M::mem_pestat] skip orientation RF
[M::mem_pestat] skip orientation RR
[M::process] read 1066668 sequences (160000200 bp)...
[M::mem_process_seqs] Processed 1066668 reads in 701.726 CPU sec, 45.747 real sec
[M::mem_pestat] # candidate unique pairs for (FF, FR, RF, RR): (11, 239426, 31, 21)
[M::mem_pestat] analyzing insert size distribution for orientation FF...
[M::mem_pestat] (25, 50, 75) percentile: (56, 123, 294)
[M::mem_pestat] low and high boundaries for computing mean and std.dev: (1, 770)
[M::mem_pestat] mean and std.dev: (120.67, 79.06)
[M::mem_pestat] low and high boundaries for proper pairs: (1, 1008)
[M::mem_pestat] analyzing insert size distribution for orientation FR...
[M::mem_pestat] (25, 50, 75) percentile: (124, 160, 212)
[M::mem_pestat] low and high boundaries for computing mean and std.dev: (1, 388)
[M::mem_pestat] mean and std.dev: (169.99, 66.72)
[M::mem_pestat] low and high boundaries for proper pairs: (1, 476)
[M::mem_pestat] analyzing insert size distribution for orientation RF...
[M::mem_pestat] (25, 50, 75) percentile: (49, 559, 1640)
[M::mem_pestat] low and high boundaries for computing mean and std.dev: (1, 4822)
[M::mem_pestat] mean and std.dev: (629.00, 897.08)
[M::mem_pestat] low and high boundaries for proper pairs: (1, 6413)
[M::mem_pestat] analyzing insert size distribution for orientation RR...
[M::mem_pestat] (25, 50, 75) percentile: (110, 191, 805)
[M::mem_pestat] low and high boundaries for computing mean and std.dev: (1, 2195)
[M::mem_pestat] mean and std.dev: (507.95, 618.67)
[M::mem_pestat] low and high boundaries for proper pairs: (1, 2983)
[M::mem_pestat] skip orientation FF
[M::mem_pestat] skip orientation RF
[M::mem_pestat] skip orientation RR
[M::process] read 1066668 sequences (160000200 bp)...
[M::mem_process_seqs] Processed 1066668 reads in 703.325 CPU sec, 45.725 real sec
[M::mem_pestat] # candidate unique pairs for (FF, FR, RF, RR): (17, 238750, 24, 5)
[M::mem_pestat] analyzing insert size distribution for orientation FF...
[M::mem_pestat] (25, 50, 75) percentile: (81, 137, 911)
[M::mem_pestat] low and high boundaries for computing mean and std.dev: (1, 2571)
[M::mem_pestat] mean and std.dev: (399.76, 483.75)
[M::mem_pestat] low and high boundaries for proper pairs: (1, 3401)
[M::mem_pestat] analyzing insert size distribution for orientation FR...
[M::mem_pestat] (25, 50, 75) percentile: (124, 161, 212)
[M::mem_pestat] low and high boundaries for computing mean and std.dev: (1, 388)
[M::mem_pestat] mean and std.dev: (170.15, 66.89)
[M::mem_pestat] low and high boundaries for proper pairs: (1, 476)
[M::mem_pestat] analyzing insert size distribution for orientation RF...
[M::mem_pestat] (25, 50, 75) percentile: (181, 412, 3216)
[M::mem_pestat] low and high boundaries for computing mean and std.dev: (1, 9286)
[M::mem_pestat] mean and std.dev: (1463.83, 2436.88)
[M::mem_pestat] low and high boundaries for proper pairs: (1, 12321)
[M::mem_pestat] skip orientation RR as there are not enough pairs
[M::mem_pestat] skip orientation FF
[M::mem_pestat] skip orientation RF
[M::process] read 1066668 sequences (160000200 bp)...
[M::mem_process_seqs] Processed 1066668 reads in 704.675 CPU sec, 45.839 real sec
[M::mem_pestat] # candidate unique pairs for (FF, FR, RF, RR): (7, 239781, 26, 12)
[M::mem_pestat] skip orientation FF as there are not enough pairs
[M::mem_pestat] analyzing insert size distribution for orientation FR...
[M::mem_pestat] (25, 50, 75) percentile: (125, 161, 212)
[M::mem_pestat] low and high boundaries for computing mean and std.dev: (1, 386)
[M::mem_pestat] mean and std.dev: (170.21, 66.35)
[M::mem_pestat] low and high boundaries for proper pairs: (1, 473)
[M::mem_pestat] analyzing insert size distribution for orientation RF...
[M::mem_pestat] (25, 50, 75) percentile: (48, 590, 2547)
[M::mem_pestat] low and high boundaries for computing mean and std.dev: (1, 7545)
[M::mem_pestat] mean and std.dev: (1584.92, 2222.26)
[M::mem_pestat] low and high boundaries for proper pairs: (1, 10474)
[M::mem_pestat] analyzing insert size distribution for orientation RR...
[M::mem_pestat] (25, 50, 75) percentile: (110, 172, 3859)
[M::mem_pestat] low and high boundaries for computing mean and std.dev: (1, 11357)
[M::mem_pestat] mean and std.dev: (1896.08, 2469.67)
[M::mem_pestat] low and high boundaries for proper pairs: (1, 15106)
[M::mem_pestat] skip orientation RF
[M::mem_pestat] skip orientation RR
[M::process] read 1066668 sequences (160000200 bp)...
[M::mem_process_seqs] Processed 1066668 reads in 703.136 CPU sec, 45.697 real sec
[M::mem_pestat] # candidate unique pairs for (FF, FR, RF, RR): (11, 239328, 27, 12)
[M::mem_pestat] analyzing insert size distribution for orientation FF...
[M::mem_pestat] (25, 50, 75) percentile: (175, 471, 5630)
[M::mem_pestat] low and high boundaries for computing mean and std.dev: (1, 16540)
[M::mem_pestat] mean and std.dev: (2093.82, 2944.34)
[M::mem_pestat] low and high boundaries for proper pairs: (1, 21995)
[M::mem_pestat] analyzing insert size distribution for orientation FR...
[M::mem_pestat] (25, 50, 75) percentile: (125, 161, 212)
[M::mem_pestat] low and high boundaries for computing mean and std.dev: (1, 386)
[M::mem_pestat] mean and std.dev: (169.90, 65.99)
[M::mem_pestat] low and high boundaries for proper pairs: (1, 473)
[M::mem_pestat] analyzing insert size distribution for orientation RF...
[M::mem_pestat] (25, 50, 75) percentile: (485, 1249, 5858)
[M::mem_pestat] low and high boundaries for computing mean and std.dev: (1, 16604)
[M::mem_pestat] mean and std.dev: (2859.96, 3088.93)
[M::mem_pestat] low and high boundaries for proper pairs: (1, 21977)
[M::mem_pestat] analyzing insert size distribution for orientation RR...
[M::mem_pestat] (25, 50, 75) percentile: (200, 291, 1274)
[M::mem_pestat] low and high boundaries for computing mean and std.dev: (1, 3422)
[M::mem_pestat] mean and std.dev: (330.20, 335.22)
[M::mem_pestat] low and high boundaries for proper pairs: (1, 4496)
[M::mem_pestat] skip orientation FF
[M::mem_pestat] skip orientation RF
[M::mem_pestat] skip orientation RR
[M::process] read 1066668 sequences (160000200 bp)...
[M::mem_process_seqs] Processed 1066668 reads in 714.124 CPU sec, 46.651 real sec
[M::mem_pestat] # candidate unique pairs for (FF, FR, RF, RR): (8, 237849, 37, 17)
[M::mem_pestat] skip orientation FF as there are not enough pairs
[M::mem_pestat] analyzing insert size distribution for orientation FR...
[M::mem_pestat] (25, 50, 75) percentile: (124, 159, 210)
[M::mem_pestat] low and high boundaries for computing mean and std.dev: (1, 382)
[M::mem_pestat] mean and std.dev: (168.39, 65.30)
[M::mem_pestat] low and high boundaries for proper pairs: (1, 468)
[M::mem_pestat] analyzing insert size distribution for orientation RF...
[M::mem_pestat] (25, 50, 75) percentile: (290, 712, 2025)
[M::mem_pestat] low and high boundaries for computing mean and std.dev: (1, 5495)
[M::mem_pestat] mean and std.dev: (1185.91, 1323.84)
[M::mem_pestat] low and high boundaries for proper pairs: (1, 7230)
[M::mem_pestat] analyzing insert size distribution for orientation RR...
[M::mem_pestat] (25, 50, 75) percentile: (156, 217, 1358)
[M::mem_pestat] low and high boundaries for computing mean and std.dev: (1, 3762)
[M::mem_pestat] mean and std.dev: (480.53, 486.43)
[M::mem_pestat] low and high boundaries for proper pairs: (1, 4964)
[M::mem_pestat] skip orientation RF
[M::mem_pestat] skip orientation RR
[M::process] read 1066668 sequences (160000200 bp)...
[M::mem_process_seqs] Processed 1066668 reads in 723.379 CPU sec, 47.470 real sec
[M::mem_pestat] # candidate unique pairs for (FF, FR, RF, RR): (13, 238716, 24, 10)
[M::mem_pestat] analyzing insert size distribution for orientation FF...
[M::mem_pestat] (25, 50, 75) percentile: (355, 487, 1638)
[M::mem_pestat] low and high boundaries for computing mean and std.dev: (1, 4204)
[M::mem_pestat] mean and std.dev: (735.46, 555.68)
[M::mem_pestat] low and high boundaries for proper pairs: (1, 5487)
[M::mem_pestat] analyzing insert size distribution for orientation FR...
[M::mem_pestat] (25, 50, 75) percentile: (122, 158, 209)
[M::mem_pestat] low and high boundaries for computing mean and std.dev: (1, 383)
[M::mem_pestat] mean and std.dev: (167.32, 66.14)
[M::mem_pestat] low and high boundaries for proper pairs: (1, 470)
[M::mem_pestat] analyzing insert size distribution for orientation RF...
[M::mem_pestat] (25, 50, 75) percentile: (75, 366, 940)
[M::mem_pestat] low and high boundaries for computing mean and std.dev: (1, 2670)
[M::mem_pestat] mean and std.dev: (335.55, 408.61)
[M::mem_pestat] low and high boundaries for proper pairs: (1, 3535)
[M::mem_pestat] analyzing insert size distribution for orientation RR...
[M::mem_pestat] (25, 50, 75) percentile: (85, 249, 317)
[M::mem_pestat] low and high boundaries for computing mean and std.dev: (1, 781)
[M::mem_pestat] mean and std.dev: (184.00, 153.24)
[M::mem_pestat] low and high boundaries for proper pairs: (1, 1013)
[M::mem_pestat] skip orientation FF
[M::mem_pestat] skip orientation RF
[M::mem_pestat] skip orientation RR
[M::process] read 1066668 sequences (160000200 bp)...
[M::mem_process_seqs] Processed 1066668 reads in 699.528 CPU sec, 45.920 real sec
[M::mem_pestat] # candidate unique pairs for (FF, FR, RF, RR): (17, 238244, 31, 21)
[M::mem_pestat] analyzing insert size distribution for orientation FF...
[M::mem_pestat] (25, 50, 75) percentile: (212, 474, 781)
[M::mem_pestat] low and high boundaries for computing mean and std.dev: (1, 1919)
[M::mem_pestat] mean and std.dev: (441.31, 320.12)
[M::mem_pestat] low and high boundaries for proper pairs: (1, 2488)
[M::mem_pestat] analyzing insert size distribution for orientation FR...
[M::mem_pestat] (25, 50, 75) percentile: (123, 159, 211)
[M::mem_pestat] low and high boundaries for computing mean and std.dev: (1, 387)
[M::mem_pestat] mean and std.dev: (168.77, 66.94)
[M::mem_pestat] low and high boundaries for proper pairs: (1, 475)
[M::mem_pestat] analyzing insert size distribution for orientation RF...
[M::mem_pestat] (25, 50, 75) percentile: (26, 206, 759)
[M::mem_pestat] low and high boundaries for computing mean and std.dev: (1, 2225)
[M::mem_pestat] mean and std.dev: (339.48, 475.67)
[M::mem_pestat] low and high boundaries for proper pairs: (1, 2958)
[M::mem_pestat] analyzing insert size distribution for orientation RR...
[M::mem_pestat] (25, 50, 75) percentile: (136, 334, 947)
[M::mem_pestat] low and high boundaries for computing mean and std.dev: (1, 2569)
[M::mem_pestat] mean and std.dev: (379.58, 415.85)
[M::mem_pestat] low and high boundaries for proper pairs: (1, 3380)
[M::mem_pestat] skip orientation FF
[M::mem_pestat] skip orientation RF
[M::mem_pestat] skip orientation RR
[M::process] read 1066668 sequences (160000200 bp)...
[M::mem_process_seqs] Processed 1066668 reads in 701.357 CPU sec, 45.728 real sec
[M::mem_pestat] # candidate unique pairs for (FF, FR, RF, RR): (6, 239436, 23, 7)
[M::mem_pestat] skip orientation FF as there are not enough pairs
[M::mem_pestat] analyzing insert size distribution for orientation FR...
[M::mem_pestat] (25, 50, 75) percentile: (123, 159, 210)
[M::mem_pestat] low and high boundaries for computing mean and std.dev: (1, 384)
[M::mem_pestat] mean and std.dev: (168.04, 66.00)
[M::mem_pestat] low and high boundaries for proper pairs: (1, 471)
[M::mem_pestat] analyzing insert size distribution for orientation RF...
[M::mem_pestat] (25, 50, 75) percentile: (348, 740, 6356)
[M::mem_pestat] low and high boundaries for computing mean and std.dev: (1, 18372)
[M::mem_pestat] mean and std.dev: (2685.04, 3376.01)
[M::mem_pestat] low and high boundaries for proper pairs: (1, 24380)
[M::mem_pestat] skip orientation RR as there are not enough pairs
[M::mem_pestat] skip orientation RF
[M::process] read 1066668 sequences (160000200 bp)...
[M::mem_process_seqs] Processed 1066668 reads in 707.733 CPU sec, 46.147 real sec
[M::mem_pestat] # candidate unique pairs for (FF, FR, RF, RR): (23, 239099, 32, 15)
[M::mem_pestat] analyzing insert size distribution for orientation FF...
[M::mem_pestat] (25, 50, 75) percentile: (120, 157, 410)
[M::mem_pestat] low and high boundaries for computing mean and std.dev: (1, 990)
[M::mem_pestat] mean and std.dev: (294.22, 281.08)
[M::mem_pestat] low and high boundaries for proper pairs: (1, 1419)
[M::mem_pestat] analyzing insert size distribution for orientation FR...
[M::mem_pestat] (25, 50, 75) percentile: (124, 159, 210)
[M::mem_pestat] low and high boundaries for computing mean and std.dev: (1, 382)
[M::mem_pestat] mean and std.dev: (168.27, 65.35)
[M::mem_pestat] low and high boundaries for proper pairs: (1, 468)
[M::mem_pestat] analyzing insert size distribution for orientation RF...
[M::mem_pestat] (25, 50, 75) percentile: (57, 385, 3759)
[M::mem_pestat] low and high boundaries for computing mean and std.dev: (1, 11163)
[M::mem_pestat] mean and std.dev: (2479.28, 3289.38)
[M::mem_pestat] low and high boundaries for proper pairs: (1, 15637)
[M::mem_pestat] analyzing insert size distribution for orientation RR...
[M::mem_pestat] (25, 50, 75) percentile: (137, 542, 603)
[M::mem_pestat] low and high boundaries for computing mean and std.dev: (1, 1535)
[M::mem_pestat] mean and std.dev: (382.29, 286.36)
[M::mem_pestat] low and high boundaries for proper pairs: (1, 2001)
[M::mem_pestat] skip orientation FF
[M::mem_pestat] skip orientation RF
[M::mem_pestat] skip orientation RR
[M::mem_process_seqs] Processed 1066668 reads in 701.458 CPU sec, 46.552 real sec
[M::process] read 1066668 sequences (160000200 bp)...
[M::mem_pestat] # candidate unique pairs for (FF, FR, RF, RR): (12, 240299, 35, 5)
[M::mem_pestat] analyzing insert size distribution for orientation FF...
[M::mem_pestat] (25, 50, 75) percentile: (103, 176, 299)
[M::mem_pestat] low and high boundaries for computing mean and std.dev: (1, 691)
[M::mem_pestat] mean and std.dev: (141.80, 85.86)
[M::mem_pestat] low and high boundaries for proper pairs: (1, 887)
[M::mem_pestat] analyzing insert size distribution for orientation FR...
[M::mem_pestat] (25, 50, 75) percentile: (124, 160, 212)
[M::mem_pestat] low and high boundaries for computing mean and std.dev: (1, 388)
[M::mem_pestat] mean and std.dev: (169.89, 66.46)
[M::mem_pestat] low and high boundaries for proper pairs: (1, 476)
[M::mem_pestat] analyzing insert size distribution for orientation RF...
[M::mem_pestat] (25, 50, 75) percentile: (89, 730, 4034)
[M::mem_pestat] low and high boundaries for computing mean and std.dev: (1, 11924)
[M::mem_pestat] mean and std.dev: (2078.17, 2859.98)
[M::mem_pestat] low and high boundaries for proper pairs: (1, 15869)
[M::mem_pestat] skip orientation RR as there are not enough pairs
[M::mem_pestat] skip orientation FF
[M::mem_pestat] skip orientation RF
[M::process] read 1066668 sequences (160000200 bp)...
[M::mem_process_seqs] Processed 1066668 reads in 697.627 CPU sec, 44.944 real sec
[M::mem_pestat] # candidate unique pairs for (FF, FR, RF, RR): (9, 239326, 26, 15)
[M::mem_pestat] skip orientation FF as there are not enough pairs
[M::mem_pestat] analyzing insert size distribution for orientation FR...
[M::mem_pestat] (25, 50, 75) percentile: (125, 160, 211)
[M::mem_pestat] low and high boundaries for computing mean and std.dev: (1, 383)
[M::mem_pestat] mean and std.dev: (169.33, 65.50)
[M::mem_pestat] low and high boundaries for proper pairs: (1, 469)
[M::mem_pestat] analyzing insert size distribution for orientation RF...
[M::mem_pestat] (25, 50, 75) percentile: (169, 752, 1993)
[M::mem_pestat] low and high boundaries for computing mean and std.dev: (1, 5641)
[M::mem_pestat] mean and std.dev: (915.21, 910.94)
[M::mem_pestat] low and high boundaries for proper pairs: (1, 7465)
[M::mem_pestat] analyzing insert size distribution for orientation RR...
[M::mem_pestat] (25, 50, 75) percentile: (112, 140, 642)
[M::mem_pestat] low and high boundaries for computing mean and std.dev: (1, 1702)
[M::mem_pestat] mean and std.dev: (222.42, 201.53)
[M::mem_pestat] low and high boundaries for proper pairs: (1, 2232)
[M::mem_pestat] skip orientation RF
[M::mem_pestat] skip orientation RR
[M::process] read 1066668 sequences (160000200 bp)...
[M::mem_process_seqs] Processed 1066668 reads in 698.957 CPU sec, 45.308 real sec
[M::mem_pestat] # candidate unique pairs for (FF, FR, RF, RR): (7, 238808, 33, 15)
[M::mem_pestat] skip orientation FF as there are not enough pairs
[M::mem_pestat] analyzing insert size distribution for orientation FR...
[M::mem_pestat] (25, 50, 75) percentile: (125, 161, 212)
[M::mem_pestat] low and high boundaries for computing mean and std.dev: (1, 386)
[M::mem_pestat] mean and std.dev: (169.81, 65.95)
[M::mem_pestat] low and high boundaries for proper pairs: (1, 473)
[M::mem_pestat] analyzing insert size distribution for orientation RF...
[M::mem_pestat] (25, 50, 75) percentile: (91, 988, 4977)
[M::mem_pestat] low and high boundaries for computing mean and std.dev: (1, 14749)
[M::mem_pestat] mean and std.dev: (2378.82, 2658.26)
[M::mem_pestat] low and high boundaries for proper pairs: (1, 19635)
[M::mem_pestat] analyzing insert size distribution for orientation RR...
[M::mem_pestat] (25, 50, 75) percentile: (107, 112, 275)
[M::mem_pestat] low and high boundaries for computing mean and std.dev: (1, 611)
[M::mem_pestat] mean and std.dev: (117.25, 64.32)
[M::mem_pestat] low and high boundaries for proper pairs: (1, 779)
[M::mem_pestat] skip orientation RF
[M::mem_pestat] skip orientation RR
[M::process] read 1066668 sequences (160000200 bp)...
[M::mem_process_seqs] Processed 1066668 reads in 710.504 CPU sec, 46.347 real sec
[M::mem_pestat] # candidate unique pairs for (FF, FR, RF, RR): (21, 238337, 28, 7)
[M::mem_pestat] analyzing insert size distribution for orientation FF...
[M::mem_pestat] (25, 50, 75) percentile: (114, 145, 532)
[M::mem_pestat] low and high boundaries for computing mean and std.dev: (1, 1368)
[M::mem_pestat] mean and std.dev: (245.86, 186.29)
[M::mem_pestat] low and high boundaries for proper pairs: (1, 1786)
[M::mem_pestat] analyzing insert size distribution for orientation FR...
[M::mem_pestat] (25, 50, 75) percentile: (123, 158, 209)
[M::mem_pestat] low and high boundaries for computing mean and std.dev: (1, 381)
[M::mem_pestat] mean and std.dev: (167.63, 66.02)
[M::mem_pestat] low and high boundaries for proper pairs: (1, 467)
[M::mem_pestat] analyzing insert size distribution for orientation RF...
[M::mem_pestat] (25, 50, 75) percentile: (256, 893, 4227)
[M::mem_pestat] low and high boundaries for computing mean and std.dev: (1, 12169)
[M::mem_pestat] mean and std.dev: (2317.64, 2895.90)
[M::mem_pestat] low and high boundaries for proper pairs: (1, 16140)
[M::mem_pestat] skip orientation RR as there are not enough pairs
[M::mem_pestat] skip orientation FF
[M::mem_pestat] skip orientation RF
[M::process] read 1066668 sequences (160000200 bp)...
[M::mem_process_seqs] Processed 1066668 reads in 702.624 CPU sec, 45.892 real sec
[M::mem_pestat] # candidate unique pairs for (FF, FR, RF, RR): (15, 237990, 26, 6)
[M::mem_pestat] analyzing insert size distribution for orientation FF...
[M::mem_pestat] (25, 50, 75) percentile: (100, 152, 418)
[M::mem_pestat] low and high boundaries for computing mean and std.dev: (1, 1054)
[M::mem_pestat] mean and std.dev: (187.23, 149.68)
[M::mem_pestat] low and high boundaries for proper pairs: (1, 1372)
[M::mem_pestat] analyzing insert size distribution for orientation FR...
[M::mem_pestat] (25, 50, 75) percentile: (123, 159, 211)
[M::mem_pestat] low and high boundaries for computing mean and std.dev: (1, 387)
[M::mem_pestat] mean and std.dev: (168.57, 67.05)
[M::mem_pestat] low and high boundaries for proper pairs: (1, 475)
[M::mem_pestat] analyzing insert size distribution for orientation RF...
[M::mem_pestat] (25, 50, 75) percentile: (708, 3090, 5879)
[M::mem_pestat] low and high boundaries for computing mean and std.dev: (1, 16221)
[M::mem_pestat] mean and std.dev: (3215.19, 2938.95)
[M::mem_pestat] low and high boundaries for proper pairs: (1, 21392)
[M::mem_pestat] skip orientation RR as there are not enough pairs
[M::mem_pestat] skip orientation FF
[M::mem_pestat] skip orientation RF
[M::process] read 1066668 sequences (160000200 bp)...
[M::mem_process_seqs] Processed 1066668 reads in 700.939 CPU sec, 45.562 real sec
[M::mem_pestat] # candidate unique pairs for (FF, FR, RF, RR): (6, 239243, 33, 8)
[M::mem_pestat] skip orientation FF as there are not enough pairs
[M::mem_pestat] analyzing insert size distribution for orientation FR...
[M::mem_pestat] (25, 50, 75) percentile: (123, 159, 210)
[M::mem_pestat] low and high boundaries for computing mean and std.dev: (1, 384)
[M::mem_pestat] mean and std.dev: (168.47, 66.21)
[M::mem_pestat] low and high boundaries for proper pairs: (1, 471)
[M::mem_pestat] analyzing insert size distribution for orientation RF...
[M::mem_pestat] (25, 50, 75) percentile: (75, 511, 2375)
[M::mem_pestat] low and high boundaries for computing mean and std.dev: (1, 6975)
[M::mem_pestat] mean and std.dev: (1124.40, 1867.84)
[M::mem_pestat] low and high boundaries for proper pairs: (1, 9275)
[M::mem_pestat] skip orientation RR as there are not enough pairs
[M::mem_pestat] skip orientation RF
[M::process] read 1066668 sequences (160000200 bp)...
[M::mem_process_seqs] Processed 1066668 reads in 699.772 CPU sec, 45.724 real sec
[M::mem_pestat] # candidate unique pairs for (FF, FR, RF, RR): (12, 239373, 31, 12)
[M::mem_pestat] analyzing insert size distribution for orientation FF...
[M::mem_pestat] (25, 50, 75) percentile: (176, 592, 1204)
[M::mem_pestat] low and high boundaries for computing mean and std.dev: (1, 3260)
[M::mem_pestat] mean and std.dev: (668.91, 829.23)
[M::mem_pestat] low and high boundaries for proper pairs: (1, 4288)
[M::mem_pestat] analyzing insert size distribution for orientation FR...
[M::mem_pestat] (25, 50, 75) percentile: (124, 160, 211)
[M::mem_pestat] low and high boundaries for computing mean and std.dev: (1, 385)
[M::mem_pestat] mean and std.dev: (169.10, 66.52)
[M::mem_pestat] low and high boundaries for proper pairs: (1, 472)
[M::mem_pestat] analyzing insert size distribution for orientation RF...
[M::mem_pestat] (25, 50, 75) percentile: (177, 1581, 7538)
[M::mem_pestat] low and high boundaries for computing mean and std.dev: (1, 22260)
[M::mem_pestat] mean and std.dev: (3283.84, 3237.19)
[M::mem_pestat] low and high boundaries for proper pairs: (1, 29621)
[M::mem_pestat] analyzing insert size distribution for orientation RR...
[M::mem_pestat] (25, 50, 75) percentile: (108, 453, 773)
[M::mem_pestat] low and high boundaries for computing mean and std.dev: (1, 2103)
[M::mem_pestat] mean and std.dev: (363.58, 321.92)
[M::mem_pestat] low and high boundaries for proper pairs: (1, 2768)
[M::mem_pestat] skip orientation FF
[M::mem_pestat] skip orientation RF
[M::mem_pestat] skip orientation RR
[M::process] read 1066668 sequences (160000200 bp)...
[M::mem_process_seqs] Processed 1066668 reads in 701.762 CPU sec, 45.746 real sec
[M::mem_pestat] # candidate unique pairs for (FF, FR, RF, RR): (19, 239414, 34, 13)
[M::mem_pestat] analyzing insert size distribution for orientation FF...
[M::mem_pestat] (25, 50, 75) percentile: (133, 407, 726)
[M::mem_pestat] low and high boundaries for computing mean and std.dev: (1, 1912)
[M::mem_pestat] mean and std.dev: (335.94, 258.70)
[M::mem_pestat] low and high boundaries for proper pairs: (1, 2505)
[M::mem_pestat] analyzing insert size distribution for orientation FR...
[M::mem_pestat] (25, 50, 75) percentile: (124, 160, 211)
[M::mem_pestat] low and high boundaries for computing mean and std.dev: (1, 385)
[M::mem_pestat] mean and std.dev: (169.43, 66.24)
[M::mem_pestat] low and high boundaries for proper pairs: (1, 472)
[M::mem_pestat] analyzing insert size distribution for orientation RF...
[M::mem_pestat] (25, 50, 75) percentile: (276, 680, 1999)
[M::mem_pestat] low and high boundaries for computing mean and std.dev: (1, 5445)
[M::mem_pestat] mean and std.dev: (915.37, 1125.42)
[M::mem_pestat] low and high boundaries for proper pairs: (1, 7168)
[M::mem_pestat] analyzing insert size distribution for orientation RR...
[M::mem_pestat] (25, 50, 75) percentile: (89, 146, 807)
[M::mem_pestat] low and high boundaries for computing mean and std.dev: (1, 2243)
[M::mem_pestat] mean and std.dev: (176.91, 208.94)
[M::mem_pestat] low and high boundaries for proper pairs: (1, 2961)
[M::mem_pestat] skip orientation FF
[M::mem_pestat] skip orientation RF
[M::mem_pestat] skip orientation RR
[M::process] read 1066668 sequences (160000200 bp)...
[M::mem_process_seqs] Processed 1066668 reads in 702.353 CPU sec, 46.086 real sec
[M::mem_pestat] # candidate unique pairs for (FF, FR, RF, RR): (12, 239588, 17, 10)
[M::mem_pestat] analyzing insert size distribution for orientation FF...
[M::mem_pestat] (25, 50, 75) percentile: (96, 401, 1095)
[M::mem_pestat] low and high boundaries for computing mean and std.dev: (1, 3093)
[M::mem_pestat] mean and std.dev: (406.73, 393.94)
[M::mem_pestat] low and high boundaries for proper pairs: (1, 4092)
[M::mem_pestat] analyzing insert size distribution for orientation FR...
[M::mem_pestat] (25, 50, 75) percentile: (125, 160, 211)
[M::mem_pestat] low and high boundaries for computing mean and std.dev: (1, 383)
[M::mem_pestat] mean and std.dev: (169.48, 65.67)
[M::mem_pestat] low and high boundaries for proper pairs: (1, 469)
[M::mem_pestat] analyzing insert size distribution for orientation RF...
[M::mem_pestat] (25, 50, 75) percentile: (264, 1200, 3735)
[M::mem_pestat] low and high boundaries for computing mean and std.dev: (1, 10677)
[M::mem_pestat] mean and std.dev: (2085.06, 2345.22)
[M::mem_pestat] low and high boundaries for proper pairs: (1, 14148)
[M::mem_pestat] analyzing insert size distribution for orientation RR...
[M::mem_pestat] (25, 50, 75) percentile: (280, 355, 3998)
[M::mem_pestat] low and high boundaries for computing mean and std.dev: (1, 11434)
[M::mem_pestat] mean and std.dev: (1859.90, 2268.50)
[M::mem_pestat] low and high boundaries for proper pairs: (1, 15152)
[M::mem_pestat] skip orientation FF
[M::mem_pestat] skip orientation RF
[M::mem_pestat] skip orientation RR
[M::process] read 1066668 sequences (160000200 bp)...
[M::mem_process_seqs] Processed 1066668 reads in 702.796 CPU sec, 45.823 real sec
[M::mem_pestat] # candidate unique pairs for (FF, FR, RF, RR): (7, 239591, 26, 7)
[M::mem_pestat] skip orientation FF as there are not enough pairs
[M::mem_pestat] analyzing insert size distribution for orientation FR...
[M::mem_pestat] (25, 50, 75) percentile: (124, 160, 210)
[M::mem_pestat] low and high boundaries for computing mean and std.dev: (1, 382)
[M::mem_pestat] mean and std.dev: (168.80, 65.22)
[M::mem_pestat] low and high boundaries for proper pairs: (1, 468)
[M::mem_pestat] analyzing insert size distribution for orientation RF...
[M::mem_pestat] (25, 50, 75) percentile: (116, 1240, 2835)
[M::mem_pestat] low and high boundaries for computing mean and std.dev: (1, 8273)
[M::mem_pestat] mean and std.dev: (1502.33, 1687.93)
[M::mem_pestat] low and high boundaries for proper pairs: (1, 10992)
[M::mem_pestat] skip orientation RR as there are not enough pairs
[M::mem_pestat] skip orientation RF
[M::process] read 1066668 sequences (160000200 bp)...
[M::mem_process_seqs] Processed 1066668 reads in 708.209 CPU sec, 46.373 real sec
[M::mem_pestat] # candidate unique pairs for (FF, FR, RF, RR): (14, 237806, 28, 15)
[M::mem_pestat] analyzing insert size distribution for orientation FF...
[M::mem_pestat] (25, 50, 75) percentile: (83, 185, 299)
[M::mem_pestat] low and high boundaries for computing mean and std.dev: (1, 731)
[M::mem_pestat] mean and std.dev: (167.67, 121.52)
[M::mem_pestat] low and high boundaries for proper pairs: (1, 947)
[M::mem_pestat] analyzing insert size distribution for orientation FR...
[M::mem_pestat] (25, 50, 75) percentile: (124, 159, 210)
[M::mem_pestat] low and high boundaries for computing mean and std.dev: (1, 382)
[M::mem_pestat] mean and std.dev: (168.11, 65.03)
[M::mem_pestat] low and high boundaries for proper pairs: (1, 468)
[M::mem_pestat] analyzing insert size distribution for orientation RF...
[M::mem_pestat] (25, 50, 75) percentile: (549, 1369, 3052)
[M::mem_pestat] low and high boundaries for computing mean and std.dev: (1, 8058)
[M::mem_pestat] mean and std.dev: (1926.11, 2053.97)
[M::mem_pestat] low and high boundaries for proper pairs: (1, 10561)
[M::mem_pestat] analyzing insert size distribution for orientation RR...
[M::mem_pestat] (25, 50, 75) percentile: (116, 176, 577)
[M::mem_pestat] low and high boundaries for computing mean and std.dev: (1, 1499)
[M::mem_pestat] mean and std.dev: (219.83, 189.13)
[M::mem_pestat] low and high boundaries for proper pairs: (1, 1960)
[M::mem_pestat] skip orientation FF
[M::mem_pestat] skip orientation RF
[M::mem_pestat] skip orientation RR
[M::process] read 1066668 sequences (160000200 bp)...
[M::mem_process_seqs] Processed 1066668 reads in 721.288 CPU sec, 46.935 real sec
[M::mem_pestat] # candidate unique pairs for (FF, FR, RF, RR): (7, 238290, 27, 13)
[M::mem_pestat] skip orientation FF as there are not enough pairs
[M::mem_pestat] analyzing insert size distribution for orientation FR...
[M::mem_pestat] (25, 50, 75) percentile: (124, 159, 210)
[M::mem_pestat] low and high boundaries for computing mean and std.dev: (1, 382)
[M::mem_pestat] mean and std.dev: (167.67, 65.43)
[M::mem_pestat] low and high boundaries for proper pairs: (1, 468)
[M::mem_pestat] analyzing insert size distribution for orientation RF...
[M::mem_pestat] (25, 50, 75) percentile: (226, 359, 2795)
[M::mem_pestat] low and high boundaries for computing mean and std.dev: (1, 7933)
[M::mem_pestat] mean and std.dev: (1794.56, 2620.55)
[M::mem_pestat] low and high boundaries for proper pairs: (1, 12277)
[M::mem_pestat] analyzing insert size distribution for orientation RR...
[M::mem_pestat] (25, 50, 75) percentile: (90, 185, 377)
[M::mem_pestat] low and high boundaries for computing mean and std.dev: (1, 951)
[M::mem_pestat] mean and std.dev: (174.55, 114.19)
[M::mem_pestat] low and high boundaries for proper pairs: (1, 1238)
[M::mem_pestat] skip orientation RF
[M::mem_pestat] skip orientation RR
[M::process] read 1066668 sequences (160000200 bp)...
[M::mem_process_seqs] Processed 1066668 reads in 708.810 CPU sec, 46.343 real sec
[M::mem_pestat] # candidate unique pairs for (FF, FR, RF, RR): (13, 239022, 27, 11)
[M::mem_pestat] analyzing insert size distribution for orientation FF...
[M::mem_pestat] (25, 50, 75) percentile: (94, 347, 741)
[M::mem_pestat] low and high boundaries for computing mean and std.dev: (1, 2035)
[M::mem_pestat] mean and std.dev: (303.91, 213.98)
[M::mem_pestat] low and high boundaries for proper pairs: (1, 2682)
[M::mem_pestat] analyzing insert size distribution for orientation FR...
[M::mem_pestat] (25, 50, 75) percentile: (123, 159, 209)
[M::mem_pestat] low and high boundaries for computing mean and std.dev: (1, 381)
[M::mem_pestat] mean and std.dev: (167.45, 65.09)
[M::mem_pestat] low and high boundaries for proper pairs: (1, 467)
[M::mem_pestat] analyzing insert size distribution for orientation RF...
[M::mem_pestat] (25, 50, 75) percentile: (196, 1464, 3185)
[M::mem_pestat] low and high boundaries for computing mean and std.dev: (1, 9163)
[M::mem_pestat] mean and std.dev: (2127.58, 2309.60)
[M::mem_pestat] low and high boundaries for proper pairs: (1, 12152)
[M::mem_pestat] analyzing insert size distribution for orientation RR...
[M::mem_pestat] (25, 50, 75) percentile: (134, 191, 517)
[M::mem_pestat] low and high boundaries for computing mean and std.dev: (1, 1283)
[M::mem_pestat] mean and std.dev: (232.80, 193.51)
[M::mem_pestat] low and high boundaries for proper pairs: (1, 1666)
[M::mem_pestat] skip orientation FF
[M::mem_pestat] skip orientation RF
[M::mem_pestat] skip orientation RR
[M::process] read 1066668 sequences (160000200 bp)...
[M::mem_process_seqs] Processed 1066668 reads in 707.771 CPU sec, 46.046 real sec
[M::mem_pestat] # candidate unique pairs for (FF, FR, RF, RR): (21, 237802, 38, 14)
[M::mem_pestat] analyzing insert size distribution for orientation FF...
[M::mem_pestat] (25, 50, 75) percentile: (117, 189, 569)
[M::mem_pestat] low and high boundaries for computing mean and std.dev: (1, 1473)
[M::mem_pestat] mean and std.dev: (272.32, 224.07)
[M::mem_pestat] low and high boundaries for proper pairs: (1, 1925)
[M::mem_pestat] analyzing insert size distribution for orientation FR...
[M::mem_pestat] (25, 50, 75) percentile: (124, 159, 209)
[M::mem_pestat] low and high boundaries for computing mean and std.dev: (1, 379)
[M::mem_pestat] mean and std.dev: (167.59, 64.97)
[M::mem_pestat] low and high boundaries for proper pairs: (1, 464)
[M::mem_pestat] analyzing insert size distribution for orientation RF...
[M::mem_pestat] (25, 50, 75) percentile: (125, 1912, 4057)
[M::mem_pestat] low and high boundaries for computing mean and std.dev: (1, 11921)
[M::mem_pestat] mean and std.dev: (2676.39, 3003.67)
[M::mem_pestat] low and high boundaries for proper pairs: (1, 15853)
[M::mem_pestat] analyzing insert size distribution for orientation RR...
[M::mem_pestat] (25, 50, 75) percentile: (103, 200, 247)
[M::mem_pestat] low and high boundaries for computing mean and std.dev: (1, 535)
[M::mem_pestat] mean and std.dev: (151.27, 72.27)
[M::mem_pestat] low and high boundaries for proper pairs: (1, 679)
[M::mem_pestat] skip orientation FF
[M::mem_pestat] skip orientation RF
[M::mem_pestat] skip orientation RR
[M::process] read 1066668 sequences (160000200 bp)...
[M::mem_process_seqs] Processed 1066668 reads in 709.705 CPU sec, 46.206 real sec
[M::mem_pestat] # candidate unique pairs for (FF, FR, RF, RR): (11, 238783, 22, 7)
[M::mem_pestat] analyzing insert size distribution for orientation FF...
[M::mem_pestat] (25, 50, 75) percentile: (77, 120, 358)
[M::mem_pestat] low and high boundaries for computing mean and std.dev: (1, 920)
[M::mem_pestat] mean and std.dev: (131.89, 93.91)
[M::mem_pestat] low and high boundaries for proper pairs: (1, 1201)
[M::mem_pestat] analyzing insert size distribution for orientation FR...
[M::mem_pestat] (25, 50, 75) percentile: (124, 160, 211)
[M::mem_pestat] low and high boundaries for computing mean and std.dev: (1, 385)
[M::mem_pestat] mean and std.dev: (169.12, 66.04)
[M::mem_pestat] low and high boundaries for proper pairs: (1, 472)
[M::mem_pestat] analyzing insert size distribution for orientation RF...
[M::mem_pestat] (25, 50, 75) percentile: (45, 301, 658)
[M::mem_pestat] low and high boundaries for computing mean and std.dev: (1, 1884)
[M::mem_pestat] mean and std.dev: (242.78, 242.23)
[M::mem_pestat] low and high boundaries for proper pairs: (1, 2497)
[M::mem_pestat] skip orientation RR as there are not enough pairs
[M::mem_pestat] skip orientation FF
[M::mem_pestat] skip orientation RF
[M::process] read 1066668 sequences (160000200 bp)...
[M::mem_process_seqs] Processed 1066668 reads in 708.730 CPU sec, 46.058 real sec
[M::mem_pestat] # candidate unique pairs for (FF, FR, RF, RR): (12, 238916, 35, 14)
[M::mem_pestat] analyzing insert size distribution for orientation FF...
[M::mem_pestat] (25, 50, 75) percentile: (63, 182, 750)
[M::mem_pestat] low and high boundaries for computing mean and std.dev: (1, 2124)
[M::mem_pestat] mean and std.dev: (392.17, 480.77)
[M::mem_pestat] low and high boundaries for proper pairs: (1, 2811)
[M::mem_pestat] analyzing insert size distribution for orientation FR...
[M::mem_pestat] (25, 50, 75) percentile: (125, 161, 212)
[M::mem_pestat] low and high boundaries for computing mean and std.dev: (1, 386)
[M::mem_pestat] mean and std.dev: (169.91, 66.28)
[M::mem_pestat] low and high boundaries for proper pairs: (1, 473)
[M::mem_pestat] analyzing insert size distribution for orientation RF...
[M::mem_pestat] (25, 50, 75) percentile: (420, 794, 3702)
[M::mem_pestat] low and high boundaries for computing mean and std.dev: (1, 10266)
[M::mem_pestat] mean and std.dev: (2021.66, 2533.03)
[M::mem_pestat] low and high boundaries for proper pairs: (1, 13548)
[M::mem_pestat] analyzing insert size distribution for orientation RR...
[M::mem_pestat] (25, 50, 75) percentile: (104, 295, 894)
[M::mem_pestat] low and high boundaries for computing mean and std.dev: (1, 2474)
[M::mem_pestat] mean and std.dev: (528.85, 674.36)
[M::mem_pestat] low and high boundaries for proper pairs: (1, 3264)
[M::mem_pestat] skip orientation FF
[M::mem_pestat] skip orientation RF
[M::mem_pestat] skip orientation RR
[M::process] read 1066668 sequences (160000200 bp)...
[M::mem_process_seqs] Processed 1066668 reads in 712.703 CPU sec, 46.484 real sec
[M::mem_pestat] # candidate unique pairs for (FF, FR, RF, RR): (17, 237886, 37, 11)
[M::mem_pestat] analyzing insert size distribution for orientation FF...
[M::mem_pestat] (25, 50, 75) percentile: (155, 240, 532)
[M::mem_pestat] low and high boundaries for computing mean and std.dev: (1, 1286)
[M::mem_pestat] mean and std.dev: (283.33, 244.39)
[M::mem_pestat] low and high boundaries for proper pairs: (1, 1663)
[M::mem_pestat] analyzing insert size distribution for orientation FR...
[M::mem_pestat] (25, 50, 75) percentile: (125, 161, 213)
[M::mem_pestat] low and high boundaries for computing mean and std.dev: (1, 389)
[M::mem_pestat] mean and std.dev: (170.76, 66.61)
[M::mem_pestat] low and high boundaries for proper pairs: (1, 477)
[M::mem_pestat] analyzing insert size distribution for orientation RF...
[M::mem_pestat] (25, 50, 75) percentile: (152, 610, 4100)
[M::mem_pestat] low and high boundaries for computing mean and std.dev: (1, 11996)
[M::mem_pestat] mean and std.dev: (2324.41, 3069.49)
[M::mem_pestat] low and high boundaries for proper pairs: (1, 15944)
[M::mem_pestat] analyzing insert size distribution for orientation RR...
[M::mem_pestat] (25, 50, 75) percentile: (101, 167, 414)
[M::mem_pestat] low and high boundaries for computing mean and std.dev: (1, 1040)
[M::mem_pestat] mean and std.dev: (305.27, 272.07)
[M::mem_pestat] low and high boundaries for proper pairs: (1, 1394)
[M::mem_pestat] skip orientation FF
[M::mem_pestat] skip orientation RF
[M::mem_pestat] skip orientation RR
[M::process] read 1066668 sequences (160000200 bp)...
[M::mem_process_seqs] Processed 1066668 reads in 715.349 CPU sec, 46.650 real sec
[M::mem_pestat] # candidate unique pairs for (FF, FR, RF, RR): (8, 237375, 17, 5)
[M::mem_pestat] skip orientation FF as there are not enough pairs
[M::mem_pestat] analyzing insert size distribution for orientation FR...
[M::mem_pestat] (25, 50, 75) percentile: (123, 158, 207)
[M::mem_pestat] low and high boundaries for computing mean and std.dev: (1, 375)
[M::mem_pestat] mean and std.dev: (166.21, 63.67)
[M::mem_pestat] low and high boundaries for proper pairs: (1, 459)
[M::mem_pestat] analyzing insert size distribution for orientation RF...
[M::mem_pestat] (25, 50, 75) percentile: (93, 836, 3917)
[M::mem_pestat] low and high boundaries for computing mean and std.dev: (1, 11565)
[M::mem_pestat] mean and std.dev: (1924.29, 2569.84)
[M::mem_pestat] low and high boundaries for proper pairs: (1, 15389)
[M::mem_pestat] skip orientation RR as there are not enough pairs
[M::mem_pestat] skip orientation RF
[M::mem_process_seqs] Processed 1066668 reads in 713.374 CPU sec, 47.939 real sec
[M::process] read 1066668 sequences (160000200 bp)...
[M::mem_pestat] # candidate unique pairs for (FF, FR, RF, RR): (6, 238111, 17, 11)
[M::mem_pestat] skip orientation FF as there are not enough pairs
[M::mem_pestat] analyzing insert size distribution for orientation FR...
[M::mem_pestat] (25, 50, 75) percentile: (123, 158, 207)
[M::mem_pestat] low and high boundaries for computing mean and std.dev: (1, 375)
[M::mem_pestat] mean and std.dev: (166.02, 63.55)
[M::mem_pestat] low and high boundaries for proper pairs: (1, 459)
[M::mem_pestat] analyzing insert size distribution for orientation RF...
[M::mem_pestat] (25, 50, 75) percentile: (132, 384, 7600)
[M::mem_pestat] low and high boundaries for computing mean and std.dev: (1, 22536)
[M::mem_pestat] mean and std.dev: (3213.53, 3674.28)
[M::mem_pestat] low and high boundaries for proper pairs: (1, 30004)
[M::mem_pestat] analyzing insert size distribution for orientation RR...
[M::mem_pestat] (25, 50, 75) percentile: (131, 186, 649)
[M::mem_pestat] low and high boundaries for computing mean and std.dev: (1, 1685)
[M::mem_pestat] mean and std.dev: (288.10, 313.81)
[M::mem_pestat] low and high boundaries for proper pairs: (1, 2203)
[M::mem_pestat] skip orientation RF
[M::mem_pestat] skip orientation RR
[M::process] read 1066668 sequences (160000200 bp)...
[M::mem_process_seqs] Processed 1066668 reads in 698.290 CPU sec, 44.995 real sec
[M::mem_pestat] # candidate unique pairs for (FF, FR, RF, RR): (23, 239133, 27, 6)
[M::mem_pestat] analyzing insert size distribution for orientation FF...
[M::mem_pestat] (25, 50, 75) percentile: (76, 122, 266)
[M::mem_pestat] low and high boundaries for computing mean and std.dev: (1, 646)
[M::mem_pestat] mean and std.dev: (120.26, 67.10)
[M::mem_pestat] low and high boundaries for proper pairs: (1, 836)
[M::mem_pestat] analyzing insert size distribution for orientation FR...
[M::mem_pestat] (25, 50, 75) percentile: (123, 158, 207)
[M::mem_pestat] low and high boundaries for computing mean and std.dev: (1, 375)
[M::mem_pestat] mean and std.dev: (166.48, 63.61)
[M::mem_pestat] low and high boundaries for proper pairs: (1, 459)
[M::mem_pestat] analyzing insert size distribution for orientation RF...
[M::mem_pestat] (25, 50, 75) percentile: (57, 629, 5115)
[M::mem_pestat] low and high boundaries for computing mean and std.dev: (1, 15231)
[M::mem_pestat] mean and std.dev: (2331.37, 2814.09)
[M::mem_pestat] low and high boundaries for proper pairs: (1, 20289)
[M::mem_pestat] skip orientation RR as there are not enough pairs
[M::mem_pestat] skip orientation FF
[M::mem_pestat] skip orientation RF
[M::process] read 1066668 sequences (160000200 bp)...
[M::mem_process_seqs] Processed 1066668 reads in 702.124 CPU sec, 45.575 real sec
[M::mem_pestat] # candidate unique pairs for (FF, FR, RF, RR): (8, 237967, 22, 11)
[M::mem_pestat] skip orientation FF as there are not enough pairs
[M::mem_pestat] analyzing insert size distribution for orientation FR...
[M::mem_pestat] (25, 50, 75) percentile: (124, 159, 208)
[M::mem_pestat] low and high boundaries for computing mean and std.dev: (1, 376)
[M::mem_pestat] mean and std.dev: (166.81, 63.87)
[M::mem_pestat] low and high boundaries for proper pairs: (1, 460)
[M::mem_pestat] analyzing insert size distribution for orientation RF...
[M::mem_pestat] (25, 50, 75) percentile: (246, 1148, 6149)
[M::mem_pestat] low and high boundaries for computing mean and std.dev: (1, 17955)
[M::mem_pestat] mean and std.dev: (2765.05, 3300.06)
[M::mem_pestat] low and high boundaries for proper pairs: (1, 23858)
[M::mem_pestat] analyzing insert size distribution for orientation RR...
[M::mem_pestat] (25, 50, 75) percentile: (91, 209, 368)
[M::mem_pestat] low and high boundaries for computing mean and std.dev: (1, 922)
[M::mem_pestat] mean and std.dev: (251.64, 174.90)
[M::mem_pestat] low and high boundaries for proper pairs: (1, 1199)
[M::mem_pestat] skip orientation RF
[M::mem_pestat] skip orientation RR
[M::process] read 1066668 sequences (160000200 bp)...
[M::mem_process_seqs] Processed 1066668 reads in 702.756 CPU sec, 45.674 real sec
[M::mem_pestat] # candidate unique pairs for (FF, FR, RF, RR): (7, 238283, 29, 12)
[M::mem_pestat] skip orientation FF as there are not enough pairs
[M::mem_pestat] analyzing insert size distribution for orientation FR...
[M::mem_pestat] (25, 50, 75) percentile: (124, 159, 209)
[M::mem_pestat] low and high boundaries for computing mean and std.dev: (1, 379)
[M::mem_pestat] mean and std.dev: (167.53, 64.78)
[M::mem_pestat] low and high boundaries for proper pairs: (1, 464)
[M::mem_pestat] analyzing insert size distribution for orientation RF...
[M::mem_pestat] (25, 50, 75) percentile: (202, 439, 2744)
[M::mem_pestat] low and high boundaries for computing mean and std.dev: (1, 7828)
[M::mem_pestat] mean and std.dev: (1023.92, 1394.40)
[M::mem_pestat] low and high boundaries for proper pairs: (1, 10370)
[M::mem_pestat] analyzing insert size distribution for orientation RR...
[M::mem_pestat] (25, 50, 75) percentile: (112, 439, 571)
[M::mem_pestat] low and high boundaries for computing mean and std.dev: (1, 1489)
[M::mem_pestat] mean and std.dev: (267.60, 189.88)
[M::mem_pestat] low and high boundaries for proper pairs: (1, 1948)
[M::mem_pestat] skip orientation RF
[M::mem_pestat] skip orientation RR
[M::process] read 1066668 sequences (160000200 bp)...
[M::mem_process_seqs] Processed 1066668 reads in 709.101 CPU sec, 46.203 real sec
[M::mem_pestat] # candidate unique pairs for (FF, FR, RF, RR): (12, 238315, 25, 13)
[M::mem_pestat] analyzing insert size distribution for orientation FF...
[M::mem_pestat] (25, 50, 75) percentile: (176, 271, 605)
[M::mem_pestat] low and high boundaries for computing mean and std.dev: (1, 1463)
[M::mem_pestat] mean and std.dev: (295.18, 200.02)
[M::mem_pestat] low and high boundaries for proper pairs: (1, 1892)
[M::mem_pestat] analyzing insert size distribution for orientation FR...
[M::mem_pestat] (25, 50, 75) percentile: (125, 161, 212)
[M::mem_pestat] low and high boundaries for computing mean and std.dev: (1, 386)
[M::mem_pestat] mean and std.dev: (169.63, 66.02)
[M::mem_pestat] low and high boundaries for proper pairs: (1, 473)
[M::mem_pestat] analyzing insert size distribution for orientation RF...
[M::mem_pestat] (25, 50, 75) percentile: (44, 662, 2162)
[M::mem_pestat] low and high boundaries for computing mean and std.dev: (1, 6398)
[M::mem_pestat] mean and std.dev: (1395.58, 1848.07)
[M::mem_pestat] low and high boundaries for proper pairs: (1, 8788)
[M::mem_pestat] analyzing insert size distribution for orientation RR...
[M::mem_pestat] (25, 50, 75) percentile: (127, 225, 2091)
[M::mem_pestat] low and high boundaries for computing mean and std.dev: (1, 6019)
[M::mem_pestat] mean and std.dev: (788.17, 955.50)
[M::mem_pestat] low and high boundaries for proper pairs: (1, 7983)
[M::mem_pestat] skip orientation FF
[M::mem_pestat] skip orientation RF
[M::mem_pestat] skip orientation RR
[M::process] read 1066668 sequences (160000200 bp)...
[M::mem_process_seqs] Processed 1066668 reads in 706.609 CPU sec, 46.112 real sec
[M::mem_pestat] # candidate unique pairs for (FF, FR, RF, RR): (16, 237750, 30, 13)
[M::mem_pestat] analyzing insert size distribution for orientation FF...
[M::mem_pestat] (25, 50, 75) percentile: (186, 328, 927)
[M::mem_pestat] low and high boundaries for computing mean and std.dev: (1, 2409)
[M::mem_pestat] mean and std.dev: (367.21, 299.02)
[M::mem_pestat] low and high boundaries for proper pairs: (1, 3150)
[M::mem_pestat] analyzing insert size distribution for orientation FR...
[M::mem_pestat] (25, 50, 75) percentile: (125, 161, 212)
[M::mem_pestat] low and high boundaries for computing mean and std.dev: (1, 386)
[M::mem_pestat] mean and std.dev: (169.79, 65.61)
[M::mem_pestat] low and high boundaries for proper pairs: (1, 473)
[M::mem_pestat] analyzing insert size distribution for orientation RF...
[M::mem_pestat] (25, 50, 75) percentile: (55, 330, 712)
[M::mem_pestat] low and high boundaries for computing mean and std.dev: (1, 2026)
[M::mem_pestat] mean and std.dev: (363.65, 452.50)
[M::mem_pestat] low and high boundaries for proper pairs: (1, 2683)
[M::mem_pestat] analyzing insert size distribution for orientation RR...
[M::mem_pestat] (25, 50, 75) percentile: (256, 517, 1306)
[M::mem_pestat] low and high boundaries for computing mean and std.dev: (1, 3406)
[M::mem_pestat] mean and std.dev: (531.27, 415.35)
[M::mem_pestat] low and high boundaries for proper pairs: (1, 4456)
[M::mem_pestat] skip orientation FF
[M::mem_pestat] skip orientation RF
[M::mem_pestat] skip orientation RR
[M::process] read 1066668 sequences (160000200 bp)...
[M::mem_process_seqs] Processed 1066668 reads in 716.008 CPU sec, 46.745 real sec
[M::mem_pestat] # candidate unique pairs for (FF, FR, RF, RR): (11, 237836, 26, 12)
[M::mem_pestat] analyzing insert size distribution for orientation FF...
[M::mem_pestat] (25, 50, 75) percentile: (60, 99, 122)
[M::mem_pestat] low and high boundaries for computing mean and std.dev: (1, 246)
[M::mem_pestat] mean and std.dev: (79.89, 31.01)
[M::mem_pestat] low and high boundaries for proper pairs: (1, 308)
[M::mem_pestat] analyzing insert size distribution for orientation FR...
[M::mem_pestat] (25, 50, 75) percentile: (122, 157, 206)
[M::mem_pestat] low and high boundaries for computing mean and std.dev: (1, 374)
[M::mem_pestat] mean and std.dev: (165.40, 63.33)
[M::mem_pestat] low and high boundaries for proper pairs: (1, 458)
[M::mem_pestat] analyzing insert size distribution for orientation RF...
[M::mem_pestat] (25, 50, 75) percentile: (344, 1115, 5983)
[M::mem_pestat] low and high boundaries for computing mean and std.dev: (1, 17261)
[M::mem_pestat] mean and std.dev: (3132.38, 3584.06)
[M::mem_pestat] low and high boundaries for proper pairs: (1, 22900)
[M::mem_pestat] analyzing insert size distribution for orientation RR...
[M::mem_pestat] (25, 50, 75) percentile: (89, 191, 8047)
[M::mem_pestat] low and high boundaries for computing mean and std.dev: (1, 23963)
[M::mem_pestat] mean and std.dev: (2232.08, 3560.19)
[M::mem_pestat] low and high boundaries for proper pairs: (1, 31921)
[M::mem_pestat] skip orientation FF
[M::mem_pestat] skip orientation RF
[M::mem_pestat] skip orientation RR
[M::process] read 1066668 sequences (160000200 bp)...
[M::mem_process_seqs] Processed 1066668 reads in 706.945 CPU sec, 46.027 real sec
[M::mem_pestat] # candidate unique pairs for (FF, FR, RF, RR): (10, 237586, 18, 18)
[M::mem_pestat] analyzing insert size distribution for orientation FF...
[M::mem_pestat] (25, 50, 75) percentile: (57, 125, 299)
[M::mem_pestat] low and high boundaries for computing mean and std.dev: (1, 783)
[M::mem_pestat] mean and std.dev: (173.40, 134.47)
[M::mem_pestat] low and high boundaries for proper pairs: (1, 1025)
[M::mem_pestat] analyzing insert size distribution for orientation FR...
[M::mem_pestat] (25, 50, 75) percentile: (122, 157, 206)
[M::mem_pestat] low and high boundaries for computing mean and std.dev: (1, 374)
[M::mem_pestat] mean and std.dev: (165.26, 63.26)
[M::mem_pestat] low and high boundaries for proper pairs: (1, 458)
[M::mem_pestat] analyzing insert size distribution for orientation RF...
[M::mem_pestat] (25, 50, 75) percentile: (75, 471, 1921)
[M::mem_pestat] low and high boundaries for computing mean and std.dev: (1, 5613)
[M::mem_pestat] mean and std.dev: (783.44, 1067.61)
[M::mem_pestat] low and high boundaries for proper pairs: (1, 7459)
[M::mem_pestat] analyzing insert size distribution for orientation RR...
[M::mem_pestat] (25, 50, 75) percentile: (87, 309, 699)
[M::mem_pestat] low and high boundaries for computing mean and std.dev: (1, 1923)
[M::mem_pestat] mean and std.dev: (526.50, 572.73)
[M::mem_pestat] low and high boundaries for proper pairs: (1, 2817)
[M::mem_pestat] skip orientation FF
[M::mem_pestat] skip orientation RF
[M::mem_pestat] skip orientation RR
[M::process] read 1066668 sequences (160000200 bp)...
[M::mem_process_seqs] Processed 1066668 reads in 700.418 CPU sec, 45.752 real sec
[M::mem_pestat] # candidate unique pairs for (FF, FR, RF, RR): (13, 237853, 25, 7)
[M::mem_pestat] analyzing insert size distribution for orientation FF...
[M::mem_pestat] (25, 50, 75) percentile: (87, 171, 396)
[M::mem_pestat] low and high boundaries for computing mean and std.dev: (1, 1014)
[M::mem_pestat] mean and std.dev: (169.64, 107.31)
[M::mem_pestat] low and high boundaries for proper pairs: (1, 1323)
[M::mem_pestat] analyzing insert size distribution for orientation FR...
[M::mem_pestat] (25, 50, 75) percentile: (122, 157, 204)
[M::mem_pestat] low and high boundaries for computing mean and std.dev: (1, 368)
[M::mem_pestat] mean and std.dev: (164.15, 62.27)
[M::mem_pestat] low and high boundaries for proper pairs: (1, 450)
[M::mem_pestat] analyzing insert size distribution for orientation RF...
[M::mem_pestat] (25, 50, 75) percentile: (83, 1008, 6180)
[M::mem_pestat] low and high boundaries for computing mean and std.dev: (1, 18374)
[M::mem_pestat] mean and std.dev: (2615.96, 3237.63)
[M::mem_pestat] low and high boundaries for proper pairs: (1, 24471)
[M::mem_pestat] skip orientation RR as there are not enough pairs
[M::mem_pestat] skip orientation FF
[M::mem_pestat] skip orientation RF
[M::process] read 1066668 sequences (160000200 bp)...
[M::mem_process_seqs] Processed 1066668 reads in 701.088 CPU sec, 45.520 real sec
[M::mem_pestat] # candidate unique pairs for (FF, FR, RF, RR): (8, 238050, 26, 9)
[M::mem_pestat] skip orientation FF as there are not enough pairs
[M::mem_pestat] analyzing insert size distribution for orientation FR...
[M::mem_pestat] (25, 50, 75) percentile: (123, 158, 206)
[M::mem_pestat] low and high boundaries for computing mean and std.dev: (1, 372)
[M::mem_pestat] mean and std.dev: (165.38, 63.10)
[M::mem_pestat] low and high boundaries for proper pairs: (1, 455)
[M::mem_pestat] analyzing insert size distribution for orientation RF...
[M::mem_pestat] (25, 50, 75) percentile: (51, 168, 2091)
[M::mem_pestat] low and high boundaries for computing mean and std.dev: (1, 6171)
[M::mem_pestat] mean and std.dev: (623.00, 1164.97)
[M::mem_pestat] low and high boundaries for proper pairs: (1, 8211)
[M::mem_pestat] skip orientation RR as there are not enough pairs
[M::mem_pestat] skip orientation RF
[M::process] read 1066668 sequences (160000200 bp)...
[M::mem_process_seqs] Processed 1066668 reads in 704.305 CPU sec, 45.953 real sec
[M::mem_pestat] # candidate unique pairs for (FF, FR, RF, RR): (8, 238532, 35, 9)
[M::mem_pestat] skip orientation FF as there are not enough pairs
[M::mem_pestat] analyzing insert size distribution for orientation FR...
[M::mem_pestat] (25, 50, 75) percentile: (124, 159, 209)
[M::mem_pestat] low and high boundaries for computing mean and std.dev: (1, 379)
[M::mem_pestat] mean and std.dev: (167.72, 64.74)
[M::mem_pestat] low and high boundaries for proper pairs: (1, 464)
[M::mem_pestat] analyzing insert size distribution for orientation RF...
[M::mem_pestat] (25, 50, 75) percentile: (102, 509, 2663)
[M::mem_pestat] low and high boundaries for computing mean and std.dev: (1, 7785)
[M::mem_pestat] mean and std.dev: (1428.09, 1857.35)
[M::mem_pestat] low and high boundaries for proper pairs: (1, 10346)
[M::mem_pestat] skip orientation RR as there are not enough pairs
[M::mem_pestat] skip orientation RF
[M::process] read 1066668 sequences (160000200 bp)...
[M::mem_process_seqs] Processed 1066668 reads in 702.626 CPU sec, 45.589 real sec
[M::mem_pestat] # candidate unique pairs for (FF, FR, RF, RR): (11, 238558, 35, 15)
[M::mem_pestat] analyzing insert size distribution for orientation FF...
[M::mem_pestat] (25, 50, 75) percentile: (128, 265, 918)
[M::mem_pestat] low and high boundaries for computing mean and std.dev: (1, 2498)
[M::mem_pestat] mean and std.dev: (576.45, 578.69)
[M::mem_pestat] low and high boundaries for proper pairs: (1, 3288)
[M::mem_pestat] analyzing insert size distribution for orientation FR...
[M::mem_pestat] (25, 50, 75) percentile: (124, 160, 211)
[M::mem_pestat] low and high boundaries for computing mean and std.dev: (1, 385)
[M::mem_pestat] mean and std.dev: (169.08, 65.80)
[M::mem_pestat] low and high boundaries for proper pairs: (1, 472)
[M::mem_pestat] analyzing insert size distribution for orientation RF...
[M::mem_pestat] (25, 50, 75) percentile: (128, 438, 3902)
[M::mem_pestat] low and high boundaries for computing mean and std.dev: (1, 11450)
[M::mem_pestat] mean and std.dev: (1886.77, 2586.37)
[M::mem_pestat] low and high boundaries for proper pairs: (1, 15224)
[M::mem_pestat] analyzing insert size distribution for orientation RR...
[M::mem_pestat] (25, 50, 75) percentile: (321, 732, 949)
[M::mem_pestat] low and high boundaries for computing mean and std.dev: (1, 2205)
[M::mem_pestat] mean and std.dev: (654.15, 418.95)
[M::mem_pestat] low and high boundaries for proper pairs: (1, 2833)
[M::mem_pestat] skip orientation FF
[M::mem_pestat] skip orientation RF
[M::mem_pestat] skip orientation RR
[M::process] read 1066668 sequences (160000200 bp)...
[M::mem_process_seqs] Processed 1066668 reads in 709.148 CPU sec, 46.293 real sec
[M::mem_pestat] # candidate unique pairs for (FF, FR, RF, RR): (7, 237706, 28, 15)
[M::mem_pestat] skip orientation FF as there are not enough pairs
[M::mem_pestat] analyzing insert size distribution for orientation FR...
[M::mem_pestat] (25, 50, 75) percentile: (124, 160, 211)
[M::mem_pestat] low and high boundaries for computing mean and std.dev: (1, 385)
[M::mem_pestat] mean and std.dev: (169.12, 65.56)
[M::mem_pestat] low and high boundaries for proper pairs: (1, 472)
[M::mem_pestat] analyzing insert size distribution for orientation RF...
[M::mem_pestat] (25, 50, 75) percentile: (174, 1478, 3942)
[M::mem_pestat] low and high boundaries for computing mean and std.dev: (1, 11478)
[M::mem_pestat] mean and std.dev: (2168.21, 2509.02)
[M::mem_pestat] low and high boundaries for proper pairs: (1, 15246)
[M::mem_pestat] analyzing insert size distribution for orientation RR...
[M::mem_pestat] (25, 50, 75) percentile: (144, 348, 501)
[M::mem_pestat] low and high boundaries for computing mean and std.dev: (1, 1215)
[M::mem_pestat] mean and std.dev: (285.69, 203.39)
[M::mem_pestat] low and high boundaries for proper pairs: (1, 1572)
[M::mem_pestat] skip orientation RF
[M::mem_pestat] skip orientation RR
[M::process] read 1066668 sequences (160000200 bp)...
[M::mem_process_seqs] Processed 1066668 reads in 722.850 CPU sec, 47.200 real sec
[M::mem_pestat] # candidate unique pairs for (FF, FR, RF, RR): (16, 237827, 28, 12)
[M::mem_pestat] analyzing insert size distribution for orientation FF...
[M::mem_pestat] (25, 50, 75) percentile: (133, 208, 1148)
[M::mem_pestat] low and high boundaries for computing mean and std.dev: (1, 3178)
[M::mem_pestat] mean and std.dev: (731.19, 955.09)
[M::mem_pestat] low and high boundaries for proper pairs: (1, 4552)
[M::mem_pestat] analyzing insert size distribution for orientation FR...
[M::mem_pestat] (25, 50, 75) percentile: (122, 157, 206)
[M::mem_pestat] low and high boundaries for computing mean and std.dev: (1, 374)
[M::mem_pestat] mean and std.dev: (165.20, 63.37)
[M::mem_pestat] low and high boundaries for proper pairs: (1, 458)
[M::mem_pestat] analyzing insert size distribution for orientation RF...
[M::mem_pestat] (25, 50, 75) percentile: (353, 1014, 5439)
[M::mem_pestat] low and high boundaries for computing mean and std.dev: (1, 15611)
[M::mem_pestat] mean and std.dev: (2516.68, 2958.96)
[M::mem_pestat] low and high boundaries for proper pairs: (1, 20697)
[M::mem_pestat] analyzing insert size distribution for orientation RR...
[M::mem_pestat] (25, 50, 75) percentile: (149, 156, 2733)
[M::mem_pestat] low and high boundaries for computing mean and std.dev: (1, 7901)
[M::mem_pestat] mean and std.dev: (1162.83, 1686.04)
[M::mem_pestat] low and high boundaries for proper pairs: (1, 10485)
[M::mem_pestat] skip orientation FF
[M::mem_pestat] skip orientation RF
[M::mem_pestat] skip orientation RR
[M::process] read 1066668 sequences (160000200 bp)...
[M::mem_process_seqs] Processed 1066668 reads in 702.128 CPU sec, 45.680 real sec
[M::mem_pestat] # candidate unique pairs for (FF, FR, RF, RR): (11, 237132, 14, 14)
[M::mem_pestat] analyzing insert size distribution for orientation FF...
[M::mem_pestat] (25, 50, 75) percentile: (157, 483, 6244)
[M::mem_pestat] low and high boundaries for computing mean and std.dev: (1, 18418)
[M::mem_pestat] mean and std.dev: (2751.91, 3664.17)
[M::mem_pestat] low and high boundaries for proper pairs: (1, 24505)
[M::mem_pestat] analyzing insert size distribution for orientation FR...
[M::mem_pestat] (25, 50, 75) percentile: (122, 157, 206)
[M::mem_pestat] low and high boundaries for computing mean and std.dev: (1, 374)
[M::mem_pestat] mean and std.dev: (164.97, 63.39)
[M::mem_pestat] low and high boundaries for proper pairs: (1, 458)
[M::mem_pestat] analyzing insert size distribution for orientation RF...
[M::mem_pestat] (25, 50, 75) percentile: (121, 563, 1911)
[M::mem_pestat] low and high boundaries for computing mean and std.dev: (1, 5491)
[M::mem_pestat] mean and std.dev: (962.57, 1240.35)
[M::mem_pestat] low and high boundaries for proper pairs: (1, 7281)
[M::mem_pestat] analyzing insert size distribution for orientation RR...
[M::mem_pestat] (25, 50, 75) percentile: (96, 1360, 2249)
[M::mem_pestat] low and high boundaries for computing mean and std.dev: (1, 6555)
[M::mem_pestat] mean and std.dev: (1202.77, 1174.56)
[M::mem_pestat] low and high boundaries for proper pairs: (1, 8708)
[M::mem_pestat] skip orientation FF
[M::mem_pestat] skip orientation RF
[M::mem_pestat] skip orientation RR
[M::process] read 1066668 sequences (160000200 bp)...
[M::mem_process_seqs] Processed 1066668 reads in 702.463 CPU sec, 45.581 real sec
[M::mem_pestat] # candidate unique pairs for (FF, FR, RF, RR): (10, 237817, 15, 10)
[M::mem_pestat] analyzing insert size distribution for orientation FF...
[M::mem_pestat] (25, 50, 75) percentile: (63, 147, 158)
[M::mem_pestat] low and high boundaries for computing mean and std.dev: (1, 348)
[M::mem_pestat] mean and std.dev: (107.25, 50.28)
[M::mem_pestat] low and high boundaries for proper pairs: (1, 443)
[M::mem_pestat] analyzing insert size distribution for orientation FR...
[M::mem_pestat] (25, 50, 75) percentile: (122, 157, 206)
[M::mem_pestat] low and high boundaries for computing mean and std.dev: (1, 374)
[M::mem_pestat] mean and std.dev: (165.46, 63.54)
[M::mem_pestat] low and high boundaries for proper pairs: (1, 458)
[M::mem_pestat] analyzing insert size distribution for orientation RF...
[M::mem_pestat] (25, 50, 75) percentile: (205, 536, 1757)
[M::mem_pestat] low and high boundaries for computing mean and std.dev: (1, 4861)
[M::mem_pestat] mean and std.dev: (545.75, 510.99)
[M::mem_pestat] low and high boundaries for proper pairs: (1, 6413)
[M::mem_pestat] analyzing insert size distribution for orientation RR...
[M::mem_pestat] (25, 50, 75) percentile: (109, 419, 959)
[M::mem_pestat] low and high boundaries for computing mean and std.dev: (1, 2659)
[M::mem_pestat] mean and std.dev: (382.00, 350.60)
[M::mem_pestat] low and high boundaries for proper pairs: (1, 3509)
[M::mem_pestat] skip orientation FF
[M::mem_pestat] skip orientation RF
[M::mem_pestat] skip orientation RR
[M::process] read 1066668 sequences (160000200 bp)...
[M::mem_process_seqs] Processed 1066668 reads in 701.892 CPU sec, 45.659 real sec
[M::mem_pestat] # candidate unique pairs for (FF, FR, RF, RR): (5, 238464, 36, 11)
[M::mem_pestat] skip orientation FF as there are not enough pairs
[M::mem_pestat] analyzing insert size distribution for orientation FR...
[M::mem_pestat] (25, 50, 75) percentile: (123, 158, 208)
[M::mem_pestat] low and high boundaries for computing mean and std.dev: (1, 378)
[M::mem_pestat] mean and std.dev: (166.89, 64.07)
[M::mem_pestat] low and high boundaries for proper pairs: (1, 463)
[M::mem_pestat] analyzing insert size distribution for orientation RF...
[M::mem_pestat] (25, 50, 75) percentile: (94, 544, 3161)
[M::mem_pestat] low and high boundaries for computing mean and std.dev: (1, 9295)
[M::mem_pestat] mean and std.dev: (1787.29, 2472.02)
[M::mem_pestat] low and high boundaries for proper pairs: (1, 12362)
[M::mem_pestat] analyzing insert size distribution for orientation RR...
[M::mem_pestat] (25, 50, 75) percentile: (112, 263, 2924)
[M::mem_pestat] low and high boundaries for computing mean and std.dev: (1, 8548)
[M::mem_pestat] mean and std.dev: (1687.36, 2682.04)
[M::mem_pestat] low and high boundaries for proper pairs: (1, 12416)
[M::mem_pestat] skip orientation RF
[M::mem_pestat] skip orientation RR
[M::process] read 1066668 sequences (160000200 bp)...
[M::mem_process_seqs] Processed 1066668 reads in 705.304 CPU sec, 45.687 real sec
[M::mem_pestat] # candidate unique pairs for (FF, FR, RF, RR): (11, 237842, 28, 19)
[M::mem_pestat] analyzing insert size distribution for orientation FF...
[M::mem_pestat] (25, 50, 75) percentile: (122, 184, 2335)
[M::mem_pestat] low and high boundaries for computing mean and std.dev: (1, 6761)
[M::mem_pestat] mean and std.dev: (835.80, 1334.85)
[M::mem_pestat] low and high boundaries for proper pairs: (1, 8974)
[M::mem_pestat] analyzing insert size distribution for orientation FR...
[M::mem_pestat] (25, 50, 75) percentile: (125, 161, 212)
[M::mem_pestat] low and high boundaries for computing mean and std.dev: (1, 386)
[M::mem_pestat] mean and std.dev: (169.57, 65.74)
[M::mem_pestat] low and high boundaries for proper pairs: (1, 473)
[M::mem_pestat] analyzing insert size distribution for orientation RF...
[M::mem_pestat] (25, 50, 75) percentile: (284, 1381, 4259)
[M::mem_pestat] low and high boundaries for computing mean and std.dev: (1, 12209)
[M::mem_pestat] mean and std.dev: (2503.93, 2789.16)
[M::mem_pestat] low and high boundaries for proper pairs: (1, 16184)
[M::mem_pestat] analyzing insert size distribution for orientation RR...
[M::mem_pestat] (25, 50, 75) percentile: (93, 241, 2563)
[M::mem_pestat] low and high boundaries for computing mean and std.dev: (1, 7503)
[M::mem_pestat] mean and std.dev: (847.83, 1068.01)
[M::mem_pestat] low and high boundaries for proper pairs: (1, 9973)
[M::mem_pestat] skip orientation FF
[M::mem_pestat] skip orientation RF
[M::mem_pestat] skip orientation RR
[M::mem_process_seqs] Processed 1066668 reads in 704.205 CPU sec, 47.117 real sec
[M::process] read 1066668 sequences (160000200 bp)...
[M::mem_pestat] # candidate unique pairs for (FF, FR, RF, RR): (13, 238468, 31, 6)
[M::mem_pestat] analyzing insert size distribution for orientation FF...
[M::mem_pestat] (25, 50, 75) percentile: (126, 207, 336)
[M::mem_pestat] low and high boundaries for computing mean and std.dev: (1, 756)
[M::mem_pestat] mean and std.dev: (186.18, 99.19)
[M::mem_pestat] low and high boundaries for proper pairs: (1, 966)
[M::mem_pestat] analyzing insert size distribution for orientation FR...
[M::mem_pestat] (25, 50, 75) percentile: (125, 160, 211)
[M::mem_pestat] low and high boundaries for computing mean and std.dev: (1, 383)
[M::mem_pestat] mean and std.dev: (169.23, 65.41)
[M::mem_pestat] low and high boundaries for proper pairs: (1, 469)
[M::mem_pestat] analyzing insert size distribution for orientation RF...
[M::mem_pestat] (25, 50, 75) percentile: (99, 860, 4191)
[M::mem_pestat] low and high boundaries for computing mean and std.dev: (1, 12375)
[M::mem_pestat] mean and std.dev: (2447.42, 3009.26)
[M::mem_pestat] low and high boundaries for proper pairs: (1, 16467)
[M::mem_pestat] skip orientation RR as there are not enough pairs
[M::mem_pestat] skip orientation FF
[M::mem_pestat] skip orientation RF
[M::process] read 943722 sequences (141558300 bp)...
[M::mem_process_seqs] Processed 1066668 reads in 709.597 CPU sec, 45.799 real sec
[M::mem_pestat] # candidate unique pairs for (FF, FR, RF, RR): (11, 210010, 27, 11)
[M::mem_pestat] analyzing insert size distribution for orientation FF...
[M::mem_pestat] (25, 50, 75) percentile: (152, 327, 655)
[M::mem_pestat] low and high boundaries for computing mean and std.dev: (1, 1661)
[M::mem_pestat] mean and std.dev: (427.60, 446.18)
[M::mem_pestat] low and high boundaries for proper pairs: (1, 2212)
[M::mem_pestat] analyzing insert size distribution for orientation FR...
[M::mem_pestat] (25, 50, 75) percentile: (125, 161, 212)
[M::mem_pestat] low and high boundaries for computing mean and std.dev: (1, 386)
[M::mem_pestat] mean and std.dev: (170.33, 66.02)
[M::mem_pestat] low and high boundaries for proper pairs: (1, 473)
[M::mem_pestat] analyzing insert size distribution for orientation RF...
[M::mem_pestat] (25, 50, 75) percentile: (99, 384, 5028)
[M::mem_pestat] low and high boundaries for computing mean and std.dev: (1, 14886)
[M::mem_pestat] mean and std.dev: (2028.19, 3068.21)
[M::mem_pestat] low and high boundaries for proper pairs: (1, 19815)
[M::mem_pestat] analyzing insert size distribution for orientation RR...
[M::mem_pestat] (25, 50, 75) percentile: (128, 150, 493)
[M::mem_pestat] low and high boundaries for computing mean and std.dev: (1, 1223)
[M::mem_pestat] mean and std.dev: (207.89, 165.85)
[M::mem_pestat] low and high boundaries for proper pairs: (1, 1588)
[M::mem_pestat] skip orientation FF
[M::mem_pestat] skip orientation RF
[M::mem_pestat] skip orientation RR
[M::mem_process_seqs] Processed 943722 reads in 630.654 CPU sec, 41.010 real sec
[main] Version: 0.7.19-r1273
[main] CMD: bwa mem -t 16 -R @RG\tID:PGB18_Wild_10\tSM:PGB18_Wild_10\tLB:PGB18_Wild_10\tPL:ILLUMINA output/05_realign_xbOstLuri2/reference/GCA_061535525.1_xbOstLuri2_USDA-ARS_PSRF_primary_genomic.fna data/raw/PGB18_Wild_10_S109_L004_R1_001.fastq.gz data/raw/PGB18_Wild_10_S109_L004_R2_001.fastq.gz
[main] Real time: 2664.164 sec; CPU: 40352.015 sec
[bam_sort_core] merging from 3 files and 8 in-memory blocks...
end 2026-09-27T15:27:32Z sample=PGB18_Wild_10
