/opt/ohpc/admin/lmod/lmod/init/bash: line 93: LD_LIBRARY_PATH: unbound variable
start 2026-09-27T12:52:33Z host n3485 sample=HC18_Triton_Wild_11 location=HC18_Triton_Wild
[M::bwa_idx_load_from_disk] read 0 ALT contigs
[M::process] read 1066668 sequences (160000200 bp)...
[M::process] read 1066668 sequences (160000200 bp)...
[M::mem_pestat] # candidate unique pairs for (FF, FR, RF, RR): (31, 224728, 65, 31)
[M::mem_pestat] analyzing insert size distribution for orientation FF...
[M::mem_pestat] (25, 50, 75) percentile: (379, 743, 1539)
[M::mem_pestat] low and high boundaries for computing mean and std.dev: (1, 3859)
[M::mem_pestat] mean and std.dev: (1099.84, 1009.50)
[M::mem_pestat] low and high boundaries for proper pairs: (1, 5138)
[M::mem_pestat] analyzing insert size distribution for orientation FR...
[M::mem_pestat] (25, 50, 75) percentile: (216, 293, 372)
[M::mem_pestat] low and high boundaries for computing mean and std.dev: (1, 684)
[M::mem_pestat] mean and std.dev: (296.11, 115.13)
[M::mem_pestat] low and high boundaries for proper pairs: (1, 840)
[M::mem_pestat] analyzing insert size distribution for orientation RF...
[M::mem_pestat] (25, 50, 75) percentile: (102, 556, 4873)
[M::mem_pestat] low and high boundaries for computing mean and std.dev: (1, 14415)
[M::mem_pestat] mean and std.dev: (2294.65, 3190.49)
[M::mem_pestat] low and high boundaries for proper pairs: (1, 19186)
[M::mem_pestat] analyzing insert size distribution for orientation RR...
[M::mem_pestat] (25, 50, 75) percentile: (214, 337, 1438)
[M::mem_pestat] low and high boundaries for computing mean and std.dev: (1, 3886)
[M::mem_pestat] mean and std.dev: (586.33, 621.69)
[M::mem_pestat] low and high boundaries for proper pairs: (1, 5110)
[M::mem_pestat] skip orientation FF
[M::mem_pestat] skip orientation RF
[M::mem_pestat] skip orientation RR
[M::mem_process_seqs] Processed 1066668 reads in 771.097 CPU sec, 51.164 real sec
[M::mem_pestat] # candidate unique pairs for (FF, FR, RF, RR): (28, 226179, 80, 34)
[M::mem_pestat] analyzing insert size distribution for orientation FF...
[M::mem_pestat] (25, 50, 75) percentile: (257, 557, 807)
[M::mem_pestat] low and high boundaries for computing mean and std.dev: (1, 1907)
[M::mem_pestat] mean and std.dev: (541.20, 400.38)
[M::mem_pestat] low and high boundaries for proper pairs: (1, 2457)
[M::mem_pestat] analyzing insert size distribution for orientation FR...
[M::mem_pestat] (25, 50, 75) percentile: (218, 295, 375)
[M::mem_pestat] low and high boundaries for computing mean and std.dev: (1, 689)
[M::mem_pestat] mean and std.dev: (298.34, 115.38)
[M::mem_pestat] low and high boundaries for proper pairs: (1, 846)
[M::mem_pestat] analyzing insert size distribution for orientation RF...
[M::mem_pestat] (25, 50, 75) percentile: (157, 424, 3898)
[M::mem_pestat] low and high boundaries for computing mean and std.dev: (1, 11380)
[M::mem_pestat] mean and std.dev: (1947.76, 2767.19)
[M::mem_pestat] low and high boundaries for proper pairs: (1, 15121)
[M::mem_pestat] analyzing insert size distribution for orientation RR...
[M::mem_pestat] (25, 50, 75) percentile: (253, 463, 1372)
[M::mem_pestat] low and high boundaries for computing mean and std.dev: (1, 3610)
[M::mem_pestat] mean and std.dev: (763.80, 833.96)
[M::mem_pestat] low and high boundaries for proper pairs: (1, 4729)
[M::mem_pestat] skip orientation FF
[M::mem_pestat] skip orientation RF
[M::mem_pestat] skip orientation RR
[M::process] read 1066668 sequences (160000200 bp)...
[M::mem_process_seqs] Processed 1066668 reads in 783.913 CPU sec, 50.961 real sec
[M::mem_pestat] # candidate unique pairs for (FF, FR, RF, RR): (25, 225125, 86, 33)
[M::mem_pestat] analyzing insert size distribution for orientation FF...
[M::mem_pestat] (25, 50, 75) percentile: (213, 449, 1475)
[M::mem_pestat] low and high boundaries for computing mean and std.dev: (1, 3999)
[M::mem_pestat] mean and std.dev: (740.61, 983.34)
[M::mem_pestat] low and high boundaries for proper pairs: (1, 5261)
[M::mem_pestat] analyzing insert size distribution for orientation FR...
[M::mem_pestat] (25, 50, 75) percentile: (217, 293, 373)
[M::mem_pestat] low and high boundaries for computing mean and std.dev: (1, 685)
[M::mem_pestat] mean and std.dev: (297.17, 115.69)
[M::mem_pestat] low and high boundaries for proper pairs: (1, 841)
[M::mem_pestat] analyzing insert size distribution for orientation RF...
[M::mem_pestat] (25, 50, 75) percentile: (138, 768, 3331)
[M::mem_pestat] low and high boundaries for computing mean and std.dev: (1, 9717)
[M::mem_pestat] mean and std.dev: (2058.31, 2637.16)
[M::mem_pestat] low and high boundaries for proper pairs: (1, 12910)
[M::mem_pestat] analyzing insert size distribution for orientation RR...
[M::mem_pestat] (25, 50, 75) percentile: (198, 275, 1533)
[M::mem_pestat] low and high boundaries for computing mean and std.dev: (1, 4203)
[M::mem_pestat] mean and std.dev: (748.81, 897.77)
[M::mem_pestat] low and high boundaries for proper pairs: (1, 5538)
[M::mem_pestat] skip orientation FF
[M::mem_pestat] skip orientation RF
[M::mem_pestat] skip orientation RR
[M::process] read 1066668 sequences (160000200 bp)...
[M::mem_process_seqs] Processed 1066668 reads in 785.516 CPU sec, 50.836 real sec
[M::mem_pestat] # candidate unique pairs for (FF, FR, RF, RR): (37, 225481, 71, 28)
[M::mem_pestat] analyzing insert size distribution for orientation FF...
[M::mem_pestat] (25, 50, 75) percentile: (230, 408, 983)
[M::mem_pestat] low and high boundaries for computing mean and std.dev: (1, 2489)
[M::mem_pestat] mean and std.dev: (506.26, 371.60)
[M::mem_pestat] low and high boundaries for proper pairs: (1, 3242)
[M::mem_pestat] analyzing insert size distribution for orientation FR...
[M::mem_pestat] (25, 50, 75) percentile: (216, 291, 371)
[M::mem_pestat] low and high boundaries for computing mean and std.dev: (1, 681)
[M::mem_pestat] mean and std.dev: (295.21, 114.81)
[M::mem_pestat] low and high boundaries for proper pairs: (1, 836)
[M::mem_pestat] analyzing insert size distribution for orientation RF...
[M::mem_pestat] (25, 50, 75) percentile: (217, 670, 2506)
[M::mem_pestat] low and high boundaries for computing mean and std.dev: (1, 7084)
[M::mem_pestat] mean and std.dev: (1247.03, 1572.33)
[M::mem_pestat] low and high boundaries for proper pairs: (1, 9373)
[M::mem_pestat] analyzing insert size distribution for orientation RR...
[M::mem_pestat] (25, 50, 75) percentile: (162, 404, 6479)
[M::mem_pestat] low and high boundaries for computing mean and std.dev: (1, 19113)
[M::mem_pestat] mean and std.dev: (2405.89, 3306.10)
[M::mem_pestat] low and high boundaries for proper pairs: (1, 25430)
[M::mem_pestat] skip orientation FF
[M::mem_pestat] skip orientation RF
[M::mem_pestat] skip orientation RR
[M::process] read 1066668 sequences (160000200 bp)...
[M::mem_process_seqs] Processed 1066668 reads in 788.974 CPU sec, 51.095 real sec
[M::mem_pestat] # candidate unique pairs for (FF, FR, RF, RR): (24, 225123, 69, 21)
[M::mem_pestat] analyzing insert size distribution for orientation FF...
[M::mem_pestat] (25, 50, 75) percentile: (205, 410, 960)
[M::mem_pestat] low and high boundaries for computing mean and std.dev: (1, 2470)
[M::mem_pestat] mean and std.dev: (358.53, 240.07)
[M::mem_pestat] low and high boundaries for proper pairs: (1, 3225)
[M::mem_pestat] analyzing insert size distribution for orientation FR...
[M::mem_pestat] (25, 50, 75) percentile: (215, 290, 368)
[M::mem_pestat] low and high boundaries for computing mean and std.dev: (1, 674)
[M::mem_pestat] mean and std.dev: (293.81, 113.72)
[M::mem_pestat] low and high boundaries for proper pairs: (1, 827)
[M::mem_pestat] analyzing insert size distribution for orientation RF...
[M::mem_pestat] (25, 50, 75) percentile: (124, 749, 3204)
[M::mem_pestat] low and high boundaries for computing mean and std.dev: (1, 9364)
[M::mem_pestat] mean and std.dev: (1997.28, 2649.71)
[M::mem_pestat] low and high boundaries for proper pairs: (1, 12596)
[M::mem_pestat] analyzing insert size distribution for orientation RR...
[M::mem_pestat] (25, 50, 75) percentile: (234, 534, 942)
[M::mem_pestat] low and high boundaries for computing mean and std.dev: (1, 2358)
[M::mem_pestat] mean and std.dev: (640.30, 489.99)
[M::mem_pestat] low and high boundaries for proper pairs: (1, 3066)
[M::mem_pestat] skip orientation FF
[M::mem_pestat] skip orientation RF
[M::mem_pestat] skip orientation RR
[M::process] read 1066668 sequences (160000200 bp)...
[M::mem_process_seqs] Processed 1066668 reads in 808.348 CPU sec, 52.368 real sec
[M::mem_pestat] # candidate unique pairs for (FF, FR, RF, RR): (21, 225113, 66, 33)
[M::mem_pestat] analyzing insert size distribution for orientation FF...
[M::mem_pestat] (25, 50, 75) percentile: (108, 208, 446)
[M::mem_pestat] low and high boundaries for computing mean and std.dev: (1, 1122)
[M::mem_pestat] mean and std.dev: (280.15, 215.85)
[M::mem_pestat] low and high boundaries for proper pairs: (1, 1460)
[M::mem_pestat] analyzing insert size distribution for orientation FR...
[M::mem_pestat] (25, 50, 75) percentile: (213, 288, 367)
[M::mem_pestat] low and high boundaries for computing mean and std.dev: (1, 675)
[M::mem_pestat] mean and std.dev: (292.21, 113.26)
[M::mem_pestat] low and high boundaries for proper pairs: (1, 829)
[M::mem_pestat] analyzing insert size distribution for orientation RF...
[M::mem_pestat] (25, 50, 75) percentile: (230, 1108, 3514)
[M::mem_pestat] low and high boundaries for computing mean and std.dev: (1, 10082)
[M::mem_pestat] mean and std.dev: (2231.71, 2654.62)
[M::mem_pestat] low and high boundaries for proper pairs: (1, 13366)
[M::mem_pestat] analyzing insert size distribution for orientation RR...
[M::mem_pestat] (25, 50, 75) percentile: (212, 325, 1125)
[M::mem_pestat] low and high boundaries for computing mean and std.dev: (1, 2951)
[M::mem_pestat] mean and std.dev: (566.20, 606.73)
[M::mem_pestat] low and high boundaries for proper pairs: (1, 3864)
[M::mem_pestat] skip orientation FF
[M::mem_pestat] skip orientation RF
[M::mem_pestat] skip orientation RR
[M::process] read 1066668 sequences (160000200 bp)...
[M::mem_process_seqs] Processed 1066668 reads in 787.850 CPU sec, 51.011 real sec
[M::mem_pestat] # candidate unique pairs for (FF, FR, RF, RR): (27, 224231, 73, 22)
[M::mem_pestat] analyzing insert size distribution for orientation FF...
[M::mem_pestat] (25, 50, 75) percentile: (96, 315, 775)
[M::mem_pestat] low and high boundaries for computing mean and std.dev: (1, 2133)
[M::mem_pestat] mean and std.dev: (376.57, 415.87)
[M::mem_pestat] low and high boundaries for proper pairs: (1, 2812)
[M::mem_pestat] analyzing insert size distribution for orientation FR...
[M::mem_pestat] (25, 50, 75) percentile: (212, 288, 368)
[M::mem_pestat] low and high boundaries for computing mean and std.dev: (1, 680)
[M::mem_pestat] mean and std.dev: (292.51, 114.46)
[M::mem_pestat] low and high boundaries for proper pairs: (1, 836)
[M::mem_pestat] analyzing insert size distribution for orientation RF...
[M::mem_pestat] (25, 50, 75) percentile: (115, 606, 2886)
[M::mem_pestat] low and high boundaries for computing mean and std.dev: (1, 8428)
[M::mem_pestat] mean and std.dev: (1676.49, 2246.04)
[M::mem_pestat] low and high boundaries for proper pairs: (1, 11199)
[M::mem_pestat] analyzing insert size distribution for orientation RR...
[M::mem_pestat] (25, 50, 75) percentile: (203, 423, 717)
[M::mem_pestat] low and high boundaries for computing mean and std.dev: (1, 1745)
[M::mem_pestat] mean and std.dev: (378.28, 290.25)
[M::mem_pestat] low and high boundaries for proper pairs: (1, 2259)
[M::mem_pestat] skip orientation FF
[M::mem_pestat] skip orientation RF
[M::mem_pestat] skip orientation RR
[M::process] read 1066668 sequences (160000200 bp)...
[M::mem_process_seqs] Processed 1066668 reads in 799.420 CPU sec, 51.826 real sec
[M::mem_pestat] # candidate unique pairs for (FF, FR, RF, RR): (29, 224675, 68, 27)
[M::mem_pestat] analyzing insert size distribution for orientation FF...
[M::mem_pestat] (25, 50, 75) percentile: (154, 630, 703)
[M::mem_pestat] low and high boundaries for computing mean and std.dev: (1, 1801)
[M::mem_pestat] mean and std.dev: (509.19, 373.00)
[M::mem_pestat] low and high boundaries for proper pairs: (1, 2350)
[M::mem_pestat] analyzing insert size distribution for orientation FR...
[M::mem_pestat] (25, 50, 75) percentile: (216, 295, 377)
[M::mem_pestat] low and high boundaries for computing mean and std.dev: (1, 699)
[M::mem_pestat] mean and std.dev: (298.58, 118.08)
[M::mem_pestat] low and high boundaries for proper pairs: (1, 860)
[M::mem_pestat] analyzing insert size distribution for orientation RF...
[M::mem_pestat] (25, 50, 75) percentile: (53, 1196, 3510)
[M::mem_pestat] low and high boundaries for computing mean and std.dev: (1, 10424)
[M::mem_pestat] mean and std.dev: (2341.97, 2991.52)
[M::mem_pestat] low and high boundaries for proper pairs: (1, 14308)
[M::mem_pestat] analyzing insert size distribution for orientation RR...
[M::mem_pestat] (25, 50, 75) percentile: (155, 335, 616)
[M::mem_pestat] low and high boundaries for computing mean and std.dev: (1, 1538)
[M::mem_pestat] mean and std.dev: (404.08, 335.35)
[M::mem_pestat] low and high boundaries for proper pairs: (1, 1999)
[M::mem_pestat] skip orientation FF
[M::mem_pestat] skip orientation RF
[M::mem_pestat] skip orientation RR
[M::process] read 1066668 sequences (160000200 bp)...
[M::mem_process_seqs] Processed 1066668 reads in 783.253 CPU sec, 50.637 real sec
[M::mem_pestat] # candidate unique pairs for (FF, FR, RF, RR): (37, 224996, 99, 30)
[M::mem_pestat] analyzing insert size distribution for orientation FF...
[M::mem_pestat] (25, 50, 75) percentile: (238, 433, 1910)
[M::mem_pestat] low and high boundaries for computing mean and std.dev: (1, 5254)
[M::mem_pestat] mean and std.dev: (566.10, 617.90)
[M::mem_pestat] low and high boundaries for proper pairs: (1, 6926)
[M::mem_pestat] analyzing insert size distribution for orientation FR...
[M::mem_pestat] (25, 50, 75) percentile: (217, 294, 376)
[M::mem_pestat] low and high boundaries for computing mean and std.dev: (1, 694)
[M::mem_pestat] mean and std.dev: (298.76, 117.10)
[M::mem_pestat] low and high boundaries for proper pairs: (1, 853)
[M::mem_pestat] analyzing insert size distribution for orientation RF...
[M::mem_pestat] (25, 50, 75) percentile: (314, 1226, 2614)
[M::mem_pestat] low and high boundaries for computing mean and std.dev: (1, 7214)
[M::mem_pestat] mean and std.dev: (1526.03, 1807.36)
[M::mem_pestat] low and high boundaries for proper pairs: (1, 9514)
[M::mem_pestat] analyzing insert size distribution for orientation RR...
[M::mem_pestat] (25, 50, 75) percentile: (134, 270, 434)
[M::mem_pestat] low and high boundaries for computing mean and std.dev: (1, 1034)
[M::mem_pestat] mean and std.dev: (241.77, 140.16)
[M::mem_pestat] low and high boundaries for proper pairs: (1, 1334)
[M::mem_pestat] skip orientation FF
[M::mem_pestat] skip orientation RF
[M::mem_pestat] skip orientation RR
[M::process] read 1066668 sequences (160000200 bp)...
[M::mem_process_seqs] Processed 1066668 reads in 785.609 CPU sec, 50.764 real sec
[M::mem_pestat] # candidate unique pairs for (FF, FR, RF, RR): (26, 225936, 67, 29)
[M::mem_pestat] analyzing insert size distribution for orientation FF...
[M::mem_pestat] (25, 50, 75) percentile: (212, 303, 442)
[M::mem_pestat] low and high boundaries for computing mean and std.dev: (1, 902)
[M::mem_pestat] mean and std.dev: (300.62, 120.23)
[M::mem_pestat] low and high boundaries for proper pairs: (1, 1132)
[M::mem_pestat] analyzing insert size distribution for orientation FR...
[M::mem_pestat] (25, 50, 75) percentile: (216, 292, 373)
[M::mem_pestat] low and high boundaries for computing mean and std.dev: (1, 687)
[M::mem_pestat] mean and std.dev: (296.35, 115.96)
[M::mem_pestat] low and high boundaries for proper pairs: (1, 844)
[M::mem_pestat] analyzing insert size distribution for orientation RF...
[M::mem_pestat] (25, 50, 75) percentile: (210, 1290, 5250)
[M::mem_pestat] low and high boundaries for computing mean and std.dev: (1, 15330)
[M::mem_pestat] mean and std.dev: (2739.51, 3103.65)
[M::mem_pestat] low and high boundaries for proper pairs: (1, 20370)
[M::mem_pestat] analyzing insert size distribution for orientation RR...
[M::mem_pestat] (25, 50, 75) percentile: (164, 292, 1586)
[M::mem_pestat] low and high boundaries for computing mean and std.dev: (1, 4430)
[M::mem_pestat] mean and std.dev: (517.58, 650.82)
[M::mem_pestat] low and high boundaries for proper pairs: (1, 5852)
[M::mem_pestat] skip orientation FF
[M::mem_pestat] skip orientation RF
[M::mem_pestat] skip orientation RR
[M::process] read 1066668 sequences (160000200 bp)...
[M::mem_process_seqs] Processed 1066668 reads in 788.666 CPU sec, 51.058 real sec
[M::mem_pestat] # candidate unique pairs for (FF, FR, RF, RR): (35, 225481, 68, 36)
[M::mem_pestat] analyzing insert size distribution for orientation FF...
[M::mem_pestat] (25, 50, 75) percentile: (148, 457, 614)
[M::mem_pestat] low and high boundaries for computing mean and std.dev: (1, 1546)
[M::mem_pestat] mean and std.dev: (437.16, 380.30)
[M::mem_pestat] low and high boundaries for proper pairs: (1, 2012)
[M::mem_pestat] analyzing insert size distribution for orientation FR...
[M::mem_pestat] (25, 50, 75) percentile: (216, 292, 373)
[M::mem_pestat] low and high boundaries for computing mean and std.dev: (1, 687)
[M::mem_pestat] mean and std.dev: (296.45, 116.06)
[M::mem_pestat] low and high boundaries for proper pairs: (1, 844)
[M::mem_pestat] analyzing insert size distribution for orientation RF...
[M::mem_pestat] (25, 50, 75) percentile: (225, 487, 3631)
[M::mem_pestat] low and high boundaries for computing mean and std.dev: (1, 10443)
[M::mem_pestat] mean and std.dev: (2025.49, 2383.32)
[M::mem_pestat] low and high boundaries for proper pairs: (1, 13849)
[M::mem_pestat] analyzing insert size distribution for orientation RR...
[M::mem_pestat] (25, 50, 75) percentile: (233, 560, 2395)
[M::mem_pestat] low and high boundaries for computing mean and std.dev: (1, 6719)
[M::mem_pestat] mean and std.dev: (1286.94, 1460.26)
[M::mem_pestat] low and high boundaries for proper pairs: (1, 8881)
[M::mem_pestat] skip orientation FF
[M::mem_pestat] skip orientation RF
[M::mem_pestat] skip orientation RR
[M::process] read 1066668 sequences (160000200 bp)...
[M::mem_process_seqs] Processed 1066668 reads in 781.690 CPU sec, 50.521 real sec
[M::mem_pestat] # candidate unique pairs for (FF, FR, RF, RR): (14, 225796, 55, 32)
[M::mem_pestat] analyzing insert size distribution for orientation FF...
[M::mem_pestat] (25, 50, 75) percentile: (215, 451, 3973)
[M::mem_pestat] low and high boundaries for computing mean and std.dev: (1, 11489)
[M::mem_pestat] mean and std.dev: (2002.57, 2830.15)
[M::mem_pestat] low and high boundaries for proper pairs: (1, 15247)
[M::mem_pestat] analyzing insert size distribution for orientation FR...
[M::mem_pestat] (25, 50, 75) percentile: (214, 290, 371)
[M::mem_pestat] low and high boundaries for computing mean and std.dev: (1, 685)
[M::mem_pestat] mean and std.dev: (294.70, 115.75)
[M::mem_pestat] low and high boundaries for proper pairs: (1, 842)
[M::mem_pestat] analyzing insert size distribution for orientation RF...
[M::mem_pestat] (25, 50, 75) percentile: (197, 745, 5158)
[M::mem_pestat] low and high boundaries for computing mean and std.dev: (1, 15080)
[M::mem_pestat] mean and std.dev: (2633.40, 3087.52)
[M::mem_pestat] low and high boundaries for proper pairs: (1, 20041)
[M::mem_pestat] analyzing insert size distribution for orientation RR...
[M::mem_pestat] (25, 50, 75) percentile: (177, 312, 547)
[M::mem_pestat] low and high boundaries for computing mean and std.dev: (1, 1287)
[M::mem_pestat] mean and std.dev: (316.33, 229.47)
[M::mem_pestat] low and high boundaries for proper pairs: (1, 1657)
[M::mem_pestat] skip orientation FF
[M::mem_pestat] skip orientation RF
[M::mem_pestat] skip orientation RR
[M::process] read 1066668 sequences (160000200 bp)...
[M::mem_process_seqs] Processed 1066668 reads in 790.013 CPU sec, 51.112 real sec
[M::mem_pestat] # candidate unique pairs for (FF, FR, RF, RR): (25, 225467, 74, 19)
[M::mem_pestat] analyzing insert size distribution for orientation FF...
[M::mem_pestat] (25, 50, 75) percentile: (190, 258, 1104)
[M::mem_pestat] low and high boundaries for computing mean and std.dev: (1, 2932)
[M::mem_pestat] mean and std.dev: (392.71, 389.82)
[M::mem_pestat] low and high boundaries for proper pairs: (1, 3846)
[M::mem_pestat] analyzing insert size distribution for orientation FR...
[M::mem_pestat] (25, 50, 75) percentile: (213, 288, 368)
[M::mem_pestat] low and high boundaries for computing mean and std.dev: (1, 678)
[M::mem_pestat] mean and std.dev: (292.94, 114.50)
[M::mem_pestat] low and high boundaries for proper pairs: (1, 833)
[M::mem_pestat] analyzing insert size distribution for orientation RF...
[M::mem_pestat] (25, 50, 75) percentile: (142, 521, 2321)
[M::mem_pestat] low and high boundaries for computing mean and std.dev: (1, 6679)
[M::mem_pestat] mean and std.dev: (1200.29, 1494.19)
[M::mem_pestat] low and high boundaries for proper pairs: (1, 8858)
[M::mem_pestat] analyzing insert size distribution for orientation RR...
[M::mem_pestat] (25, 50, 75) percentile: (216, 286, 1878)
[M::mem_pestat] low and high boundaries for computing mean and std.dev: (1, 5202)
[M::mem_pestat] mean and std.dev: (834.95, 878.60)
[M::mem_pestat] low and high boundaries for proper pairs: (1, 6864)
[M::mem_pestat] skip orientation FF
[M::mem_pestat] skip orientation RF
[M::mem_pestat] skip orientation RR
[M::process] read 1066668 sequences (160000200 bp)...
[M::mem_process_seqs] Processed 1066668 reads in 791.568 CPU sec, 51.235 real sec
[M::mem_pestat] # candidate unique pairs for (FF, FR, RF, RR): (44, 223361, 70, 27)
[M::mem_pestat] analyzing insert size distribution for orientation FF...
[M::mem_pestat] (25, 50, 75) percentile: (162, 427, 665)
[M::mem_pestat] low and high boundaries for computing mean and std.dev: (1, 1671)
[M::mem_pestat] mean and std.dev: (483.38, 415.05)
[M::mem_pestat] low and high boundaries for proper pairs: (1, 2174)
[M::mem_pestat] analyzing insert size distribution for orientation FR...
[M::mem_pestat] (25, 50, 75) percentile: (211, 289, 370)
[M::mem_pestat] low and high boundaries for computing mean and std.dev: (1, 688)
[M::mem_pestat] mean and std.dev: (293.02, 116.55)
[M::mem_pestat] low and high boundaries for proper pairs: (1, 847)
[M::mem_pestat] analyzing insert size distribution for orientation RF...
[M::mem_pestat] (25, 50, 75) percentile: (200, 742, 3490)
[M::mem_pestat] low and high boundaries for computing mean and std.dev: (1, 10070)
[M::mem_pestat] mean and std.dev: (2297.36, 3015.52)
[M::mem_pestat] low and high boundaries for proper pairs: (1, 14359)
[M::mem_pestat] analyzing insert size distribution for orientation RR...
[M::mem_pestat] (25, 50, 75) percentile: (203, 303, 355)
[M::mem_pestat] low and high boundaries for computing mean and std.dev: (1, 659)
[M::mem_pestat] mean and std.dev: (274.58, 124.82)
[M::mem_pestat] low and high boundaries for proper pairs: (1, 811)
[M::mem_pestat] skip orientation FF
[M::mem_pestat] skip orientation RF
[M::mem_pestat] skip orientation RR
[M::process] read 1066668 sequences (160000200 bp)...
[M::mem_process_seqs] Processed 1066668 reads in 801.944 CPU sec, 51.920 real sec
[M::mem_pestat] # candidate unique pairs for (FF, FR, RF, RR): (22, 224625, 80, 34)
[M::mem_pestat] analyzing insert size distribution for orientation FF...
[M::mem_pestat] (25, 50, 75) percentile: (238, 651, 1100)
[M::mem_pestat] low and high boundaries for computing mean and std.dev: (1, 2824)
[M::mem_pestat] mean and std.dev: (667.00, 664.26)
[M::mem_pestat] low and high boundaries for proper pairs: (1, 3686)
[M::mem_pestat] analyzing insert size distribution for orientation FR...
[M::mem_pestat] (25, 50, 75) percentile: (216, 295, 378)
[M::mem_pestat] low and high boundaries for computing mean and std.dev: (1, 702)
[M::mem_pestat] mean and std.dev: (298.74, 118.70)
[M::mem_pestat] low and high boundaries for proper pairs: (1, 864)
[M::mem_pestat] analyzing insert size distribution for orientation RF...
[M::mem_pestat] (25, 50, 75) percentile: (408, 1194, 3637)
[M::mem_pestat] low and high boundaries for computing mean and std.dev: (1, 10095)
[M::mem_pestat] mean and std.dev: (2354.01, 2492.10)
[M::mem_pestat] low and high boundaries for proper pairs: (1, 13324)
[M::mem_pestat] analyzing insert size distribution for orientation RR...
[M::mem_pestat] (25, 50, 75) percentile: (166, 679, 2000)
[M::mem_pestat] low and high boundaries for computing mean and std.dev: (1, 5668)
[M::mem_pestat] mean and std.dev: (1117.67, 1537.40)
[M::mem_pestat] low and high boundaries for proper pairs: (1, 7502)
[M::mem_pestat] skip orientation FF
[M::mem_pestat] skip orientation RF
[M::mem_pestat] skip orientation RR
[M::process] read 1066668 sequences (160000200 bp)...
[M::mem_process_seqs] Processed 1066668 reads in 782.174 CPU sec, 50.745 real sec
[M::mem_pestat] # candidate unique pairs for (FF, FR, RF, RR): (34, 224727, 67, 22)
[M::mem_pestat] analyzing insert size distribution for orientation FF...
[M::mem_pestat] (25, 50, 75) percentile: (220, 351, 2633)
[M::mem_pestat] low and high boundaries for computing mean and std.dev: (1, 7459)
[M::mem_pestat] mean and std.dev: (1200.52, 1901.69)
[M::mem_pestat] low and high boundaries for proper pairs: (1, 9872)
[M::mem_pestat] analyzing insert size distribution for orientation FR...
[M::mem_pestat] (25, 50, 75) percentile: (213, 290, 371)
[M::mem_pestat] low and high boundaries for computing mean and std.dev: (1, 687)
[M::mem_pestat] mean and std.dev: (294.25, 115.92)
[M::mem_pestat] low and high boundaries for proper pairs: (1, 845)
[M::mem_pestat] analyzing insert size distribution for orientation RF...
[M::mem_pestat] (25, 50, 75) percentile: (236, 951, 2707)
[M::mem_pestat] low and high boundaries for computing mean and std.dev: (1, 7649)
[M::mem_pestat] mean and std.dev: (1632.68, 2041.50)
[M::mem_pestat] low and high boundaries for proper pairs: (1, 10120)
[M::mem_pestat] analyzing insert size distribution for orientation RR...
[M::mem_pestat] (25, 50, 75) percentile: (157, 212, 779)
[M::mem_pestat] low and high boundaries for computing mean and std.dev: (1, 2023)
[M::mem_pestat] mean and std.dev: (383.35, 346.66)
[M::mem_pestat] low and high boundaries for proper pairs: (1, 2645)
[M::mem_pestat] skip orientation FF
[M::mem_pestat] skip orientation RF
[M::mem_pestat] skip orientation RR
[M::process] read 1066668 sequences (160000200 bp)...
[M::mem_process_seqs] Processed 1066668 reads in 790.047 CPU sec, 51.094 real sec
[M::mem_pestat] # candidate unique pairs for (FF, FR, RF, RR): (28, 225084, 63, 23)
[M::mem_pestat] analyzing insert size distribution for orientation FF...
[M::mem_pestat] (25, 50, 75) percentile: (268, 559, 1687)
[M::mem_pestat] low and high boundaries for computing mean and std.dev: (1, 4525)
[M::mem_pestat] mean and std.dev: (828.35, 862.39)
[M::mem_pestat] low and high boundaries for proper pairs: (1, 5944)
[M::mem_pestat] analyzing insert size distribution for orientation FR...
[M::mem_pestat] (25, 50, 75) percentile: (212, 288, 368)
[M::mem_pestat] low and high boundaries for computing mean and std.dev: (1, 680)
[M::mem_pestat] mean and std.dev: (292.44, 115.40)
[M::mem_pestat] low and high boundaries for proper pairs: (1, 836)
[M::mem_pestat] analyzing insert size distribution for orientation RF...
[M::mem_pestat] (25, 50, 75) percentile: (185, 1043, 5730)
[M::mem_pestat] low and high boundaries for computing mean and std.dev: (1, 16820)
[M::mem_pestat] mean and std.dev: (2759.35, 3400.55)
[M::mem_pestat] low and high boundaries for proper pairs: (1, 22365)
[M::mem_pestat] analyzing insert size distribution for orientation RR...
[M::mem_pestat] (25, 50, 75) percentile: (229, 350, 1048)
[M::mem_pestat] low and high boundaries for computing mean and std.dev: (1, 2686)
[M::mem_pestat] mean and std.dev: (516.81, 428.71)
[M::mem_pestat] low and high boundaries for proper pairs: (1, 3505)
[M::mem_pestat] skip orientation FF
[M::mem_pestat] skip orientation RF
[M::mem_pestat] skip orientation RR
[M::process] read 1066668 sequences (160000200 bp)...
[M::mem_process_seqs] Processed 1066668 reads in 785.520 CPU sec, 50.975 real sec
[M::mem_pestat] # candidate unique pairs for (FF, FR, RF, RR): (30, 225498, 71, 27)
[M::mem_pestat] analyzing insert size distribution for orientation FF...
[M::mem_pestat] (25, 50, 75) percentile: (218, 358, 2010)
[M::mem_pestat] low and high boundaries for computing mean and std.dev: (1, 5594)
[M::mem_pestat] mean and std.dev: (1232.93, 1460.47)
[M::mem_pestat] low and high boundaries for proper pairs: (1, 7386)
[M::mem_pestat] analyzing insert size distribution for orientation FR...
[M::mem_pestat] (25, 50, 75) percentile: (214, 291, 371)
[M::mem_pestat] low and high boundaries for computing mean and std.dev: (1, 685)
[M::mem_pestat] mean and std.dev: (295.17, 115.94)
[M::mem_pestat] low and high boundaries for proper pairs: (1, 842)
[M::mem_pestat] analyzing insert size distribution for orientation RF...
[M::mem_pestat] (25, 50, 75) percentile: (257, 981, 4203)
[M::mem_pestat] low and high boundaries for computing mean and std.dev: (1, 12095)
[M::mem_pestat] mean and std.dev: (2519.54, 3085.46)
[M::mem_pestat] low and high boundaries for proper pairs: (1, 16041)
[M::mem_pestat] analyzing insert size distribution for orientation RR...
[M::mem_pestat] (25, 50, 75) percentile: (180, 315, 622)
[M::mem_pestat] low and high boundaries for computing mean and std.dev: (1, 1506)
[M::mem_pestat] mean and std.dev: (423.28, 390.27)
[M::mem_pestat] low and high boundaries for proper pairs: (1, 1984)
[M::mem_pestat] skip orientation FF
[M::mem_pestat] skip orientation RF
[M::mem_pestat] skip orientation RR
[M::process] read 1066668 sequences (160000200 bp)...
[M::mem_process_seqs] Processed 1066668 reads in 785.093 CPU sec, 50.944 real sec
[M::mem_pestat] # candidate unique pairs for (FF, FR, RF, RR): (24, 225492, 73, 26)
[M::mem_pestat] analyzing insert size distribution for orientation FF...
[M::mem_pestat] (25, 50, 75) percentile: (180, 645, 1218)
[M::mem_pestat] low and high boundaries for computing mean and std.dev: (1, 3294)
[M::mem_pestat] mean and std.dev: (554.43, 499.94)
[M::mem_pestat] low and high boundaries for proper pairs: (1, 4332)
[M::mem_pestat] analyzing insert size distribution for orientation FR...
[M::mem_pestat] (25, 50, 75) percentile: (213, 288, 369)
[M::mem_pestat] low and high boundaries for computing mean and std.dev: (1, 681)
[M::mem_pestat] mean and std.dev: (293.33, 115.13)
[M::mem_pestat] low and high boundaries for proper pairs: (1, 837)
[M::mem_pestat] analyzing insert size distribution for orientation RF...
[M::mem_pestat] (25, 50, 75) percentile: (195, 663, 5202)
[M::mem_pestat] low and high boundaries for computing mean and std.dev: (1, 15216)
[M::mem_pestat] mean and std.dev: (2800.33, 3554.20)
[M::mem_pestat] low and high boundaries for proper pairs: (1, 20223)
[M::mem_pestat] analyzing insert size distribution for orientation RR...
[M::mem_pestat] (25, 50, 75) percentile: (194, 598, 1519)
[M::mem_pestat] low and high boundaries for computing mean and std.dev: (1, 4169)
[M::mem_pestat] mean and std.dev: (540.27, 487.05)
[M::mem_pestat] low and high boundaries for proper pairs: (1, 5494)
[M::mem_pestat] skip orientation FF
[M::mem_pestat] skip orientation RF
[M::mem_pestat] skip orientation RR
[M::mem_process_seqs] Processed 1066668 reads in 791.507 CPU sec, 52.008 real sec
[M::process] read 1066668 sequences (160000200 bp)...
[M::mem_pestat] # candidate unique pairs for (FF, FR, RF, RR): (27, 225134, 68, 24)
[M::mem_pestat] analyzing insert size distribution for orientation FF...
[M::mem_pestat] (25, 50, 75) percentile: (180, 464, 2404)
[M::mem_pestat] low and high boundaries for computing mean and std.dev: (1, 6852)
[M::mem_pestat] mean and std.dev: (1451.19, 1786.95)
[M::mem_pestat] low and high boundaries for proper pairs: (1, 9076)
[M::mem_pestat] analyzing insert size distribution for orientation FR...
[M::mem_pestat] (25, 50, 75) percentile: (213, 289, 368)
[M::mem_pestat] low and high boundaries for computing mean and std.dev: (1, 678)
[M::mem_pestat] mean and std.dev: (293.32, 114.39)
[M::mem_pestat] low and high boundaries for proper pairs: (1, 833)
[M::mem_pestat] analyzing insert size distribution for orientation RF...
[M::mem_pestat] (25, 50, 75) percentile: (206, 1097, 6314)
[M::mem_pestat] low and high boundaries for computing mean and std.dev: (1, 18530)
[M::mem_pestat] mean and std.dev: (2939.07, 3350.71)
[M::mem_pestat] low and high boundaries for proper pairs: (1, 24638)
[M::mem_pestat] analyzing insert size distribution for orientation RR...
[M::mem_pestat] (25, 50, 75) percentile: (205, 269, 1731)
[M::mem_pestat] low and high boundaries for computing mean and std.dev: (1, 4783)
[M::mem_pestat] mean and std.dev: (578.00, 884.34)
[M::mem_pestat] low and high boundaries for proper pairs: (1, 6309)
[M::mem_pestat] skip orientation FF
[M::mem_pestat] skip orientation RF
[M::mem_pestat] skip orientation RR
[M::process] read 1066668 sequences (160000200 bp)...
[M::mem_process_seqs] Processed 1066668 reads in 789.338 CPU sec, 50.590 real sec
[M::mem_pestat] # candidate unique pairs for (FF, FR, RF, RR): (35, 224325, 66, 21)
[M::mem_pestat] analyzing insert size distribution for orientation FF...
[M::mem_pestat] (25, 50, 75) percentile: (163, 305, 782)
[M::mem_pestat] low and high boundaries for computing mean and std.dev: (1, 2020)
[M::mem_pestat] mean and std.dev: (320.57, 272.57)
[M::mem_pestat] low and high boundaries for proper pairs: (1, 2639)
[M::mem_pestat] analyzing insert size distribution for orientation FR...
[M::mem_pestat] (25, 50, 75) percentile: (213, 291, 373)
[M::mem_pestat] low and high boundaries for computing mean and std.dev: (1, 693)
[M::mem_pestat] mean and std.dev: (294.94, 116.69)
[M::mem_pestat] low and high boundaries for proper pairs: (1, 853)
[M::mem_pestat] analyzing insert size distribution for orientation RF...
[M::mem_pestat] (25, 50, 75) percentile: (154, 957, 4930)
[M::mem_pestat] low and high boundaries for computing mean and std.dev: (1, 14482)
[M::mem_pestat] mean and std.dev: (2605.74, 2959.00)
[M::mem_pestat] low and high boundaries for proper pairs: (1, 19258)
[M::mem_pestat] analyzing insert size distribution for orientation RR...
[M::mem_pestat] (25, 50, 75) percentile: (323, 442, 2656)
[M::mem_pestat] low and high boundaries for computing mean and std.dev: (1, 7322)
[M::mem_pestat] mean and std.dev: (1635.71, 2160.38)
[M::mem_pestat] low and high boundaries for proper pairs: (1, 10277)
[M::mem_pestat] skip orientation FF
[M::mem_pestat] skip orientation RF
[M::mem_pestat] skip orientation RR
[M::process] read 1066668 sequences (160000200 bp)...
[M::mem_process_seqs] Processed 1066668 reads in 781.212 CPU sec, 50.553 real sec
