/opt/ohpc/admin/lmod/lmod/init/bash: line 93: LD_LIBRARY_PATH: unbound variable
start 2026-09-27T11:55:17Z host n3432 sample=FB18_Wild_10 location=FB18_Wild
[M::bwa_idx_load_from_disk] read 0 ALT contigs
[M::process] read 1066668 sequences (160000200 bp)...
[M::process] read 1066668 sequences (160000200 bp)...
[M::mem_pestat] # candidate unique pairs for (FF, FR, RF, RR): (23, 213846, 55, 31)
[M::mem_pestat] analyzing insert size distribution for orientation FF...
[M::mem_pestat] (25, 50, 75) percentile: (193, 281, 2202)
[M::mem_pestat] low and high boundaries for computing mean and std.dev: (1, 6220)
[M::mem_pestat] mean and std.dev: (777.90, 970.78)
[M::mem_pestat] low and high boundaries for proper pairs: (1, 8229)
[M::mem_pestat] analyzing insert size distribution for orientation FR...
[M::mem_pestat] (25, 50, 75) percentile: (166, 233, 305)
[M::mem_pestat] low and high boundaries for computing mean and std.dev: (1, 583)
[M::mem_pestat] mean and std.dev: (238.76, 98.69)
[M::mem_pestat] low and high boundaries for proper pairs: (1, 722)
[M::mem_pestat] analyzing insert size distribution for orientation RF...
[M::mem_pestat] (25, 50, 75) percentile: (112, 745, 3783)
[M::mem_pestat] low and high boundaries for computing mean and std.dev: (1, 11125)
[M::mem_pestat] mean and std.dev: (2240.25, 2895.14)
[M::mem_pestat] low and high boundaries for proper pairs: (1, 14796)
[M::mem_pestat] analyzing insert size distribution for orientation RR...
[M::mem_pestat] (25, 50, 75) percentile: (140, 295, 677)
[M::mem_pestat] low and high boundaries for computing mean and std.dev: (1, 1751)
[M::mem_pestat] mean and std.dev: (346.19, 287.70)
[M::mem_pestat] low and high boundaries for proper pairs: (1, 2288)
[M::mem_pestat] skip orientation FF
[M::mem_pestat] skip orientation RF
[M::mem_pestat] skip orientation RR
[M::mem_process_seqs] Processed 1066668 reads in 815.597 CPU sec, 54.682 real sec
[M::process] read 1066668 sequences (160000200 bp)...
[M::mem_pestat] # candidate unique pairs for (FF, FR, RF, RR): (34, 214808, 39, 30)
[M::mem_pestat] analyzing insert size distribution for orientation FF...
[M::mem_pestat] (25, 50, 75) percentile: (206, 380, 572)
[M::mem_pestat] low and high boundaries for computing mean and std.dev: (1, 1304)
[M::mem_pestat] mean and std.dev: (354.93, 214.91)
[M::mem_pestat] low and high boundaries for proper pairs: (1, 1670)
[M::mem_pestat] analyzing insert size distribution for orientation FR...
[M::mem_pestat] (25, 50, 75) percentile: (168, 236, 307)
[M::mem_pestat] low and high boundaries for computing mean and std.dev: (1, 585)
[M::mem_pestat] mean and std.dev: (241.34, 99.04)
[M::mem_pestat] low and high boundaries for proper pairs: (1, 724)
[M::mem_pestat] analyzing insert size distribution for orientation RF...
[M::mem_pestat] (25, 50, 75) percentile: (182, 823, 3466)
[M::mem_pestat] low and high boundaries for computing mean and std.dev: (1, 10034)
[M::mem_pestat] mean and std.dev: (2338.54, 3068.76)
[M::mem_pestat] low and high boundaries for proper pairs: (1, 14614)
[M::mem_pestat] analyzing insert size distribution for orientation RR...
[M::mem_pestat] (25, 50, 75) percentile: (199, 273, 572)
[M::mem_pestat] low and high boundaries for computing mean and std.dev: (1, 1318)
[M::mem_pestat] mean and std.dev: (370.89, 252.89)
[M::mem_pestat] low and high boundaries for proper pairs: (1, 1691)
[M::mem_pestat] skip orientation FF
[M::mem_pestat] skip orientation RF
[M::mem_pestat] skip orientation RR
[M::mem_process_seqs] Processed 1066668 reads in 829.872 CPU sec, 58.046 real sec
[M::process] read 1066668 sequences (160000200 bp)...
[M::mem_pestat] # candidate unique pairs for (FF, FR, RF, RR): (24, 214150, 45, 23)
[M::mem_pestat] analyzing insert size distribution for orientation FF...
[M::mem_pestat] (25, 50, 75) percentile: (155, 202, 2145)
[M::mem_pestat] low and high boundaries for computing mean and std.dev: (1, 6125)
[M::mem_pestat] mean and std.dev: (860.68, 1379.45)
[M::mem_pestat] low and high boundaries for proper pairs: (1, 8115)
[M::mem_pestat] analyzing insert size distribution for orientation FR...
[M::mem_pestat] (25, 50, 75) percentile: (167, 234, 305)
[M::mem_pestat] low and high boundaries for computing mean and std.dev: (1, 581)
[M::mem_pestat] mean and std.dev: (239.89, 98.32)
[M::mem_pestat] low and high boundaries for proper pairs: (1, 719)
[M::mem_pestat] analyzing insert size distribution for orientation RF...
[M::mem_pestat] (25, 50, 75) percentile: (340, 907, 3233)
[M::mem_pestat] low and high boundaries for computing mean and std.dev: (1, 9019)
[M::mem_pestat] mean and std.dev: (1923.93, 2507.68)
[M::mem_pestat] low and high boundaries for proper pairs: (1, 11955)
[M::mem_pestat] analyzing insert size distribution for orientation RR...
[M::mem_pestat] (25, 50, 75) percentile: (146, 223, 1172)
[M::mem_pestat] low and high boundaries for computing mean and std.dev: (1, 3224)
[M::mem_pestat] mean and std.dev: (747.13, 897.18)
[M::mem_pestat] low and high boundaries for proper pairs: (1, 4336)
[M::mem_pestat] skip orientation FF
[M::mem_pestat] skip orientation RF
[M::mem_pestat] skip orientation RR
[M::mem_process_seqs] Processed 1066668 reads in 825.528 CPU sec, 55.697 real sec
[M::process] read 1066668 sequences (160000200 bp)...
[M::mem_pestat] # candidate unique pairs for (FF, FR, RF, RR): (38, 214591, 60, 30)
[M::mem_pestat] analyzing insert size distribution for orientation FF...
[M::mem_pestat] (25, 50, 75) percentile: (174, 264, 486)
[M::mem_pestat] low and high boundaries for computing mean and std.dev: (1, 1110)
[M::mem_pestat] mean and std.dev: (274.61, 198.96)
[M::mem_pestat] low and high boundaries for proper pairs: (1, 1422)
[M::mem_pestat] analyzing insert size distribution for orientation FR...
[M::mem_pestat] (25, 50, 75) percentile: (167, 234, 304)
[M::mem_pestat] low and high boundaries for computing mean and std.dev: (1, 578)
[M::mem_pestat] mean and std.dev: (239.28, 97.42)
[M::mem_pestat] low and high boundaries for proper pairs: (1, 715)
[M::mem_pestat] analyzing insert size distribution for orientation RF...
[M::mem_pestat] (25, 50, 75) percentile: (281, 1218, 5843)
[M::mem_pestat] low and high boundaries for computing mean and std.dev: (1, 16967)
[M::mem_pestat] mean and std.dev: (2651.67, 2785.12)
[M::mem_pestat] low and high boundaries for proper pairs: (1, 22529)
[M::mem_pestat] analyzing insert size distribution for orientation RR...
[M::mem_pestat] (25, 50, 75) percentile: (143, 206, 394)
[M::mem_pestat] low and high boundaries for computing mean and std.dev: (1, 896)
[M::mem_pestat] mean and std.dev: (228.44, 114.23)
[M::mem_pestat] low and high boundaries for proper pairs: (1, 1147)
[M::mem_pestat] skip orientation FF
[M::mem_pestat] skip orientation RF
[M::mem_pestat] skip orientation RR
[M::mem_process_seqs] Processed 1066668 reads in 839.227 CPU sec, 55.169 real sec
[M::process] read 1066668 sequences (160000200 bp)...
[M::mem_pestat] # candidate unique pairs for (FF, FR, RF, RR): (26, 214445, 43, 28)
[M::mem_pestat] analyzing insert size distribution for orientation FF...
[M::mem_pestat] (25, 50, 75) percentile: (190, 248, 484)
[M::mem_pestat] low and high boundaries for computing mean and std.dev: (1, 1072)
[M::mem_pestat] mean and std.dev: (276.82, 195.24)
[M::mem_pestat] low and high boundaries for proper pairs: (1, 1366)
[M::mem_pestat] analyzing insert size distribution for orientation FR...
[M::mem_pestat] (25, 50, 75) percentile: (167, 232, 301)
[M::mem_pestat] low and high boundaries for computing mean and std.dev: (1, 569)
[M::mem_pestat] mean and std.dev: (237.13, 95.89)
[M::mem_pestat] low and high boundaries for proper pairs: (1, 703)
[M::mem_pestat] analyzing insert size distribution for orientation RF...
[M::mem_pestat] (25, 50, 75) percentile: (63, 195, 2913)
[M::mem_pestat] low and high boundaries for computing mean and std.dev: (1, 8613)
[M::mem_pestat] mean and std.dev: (1485.07, 2278.32)
[M::mem_pestat] low and high boundaries for proper pairs: (1, 11463)
[M::mem_pestat] analyzing insert size distribution for orientation RR...
[M::mem_pestat] (25, 50, 75) percentile: (165, 302, 420)
[M::mem_pestat] low and high boundaries for computing mean and std.dev: (1, 930)
[M::mem_pestat] mean and std.dev: (303.81, 151.54)
[M::mem_pestat] low and high boundaries for proper pairs: (1, 1185)
[M::mem_pestat] skip orientation FF
[M::mem_pestat] skip orientation RF
[M::mem_pestat] skip orientation RR
[M::mem_process_seqs] Processed 1066668 reads in 827.114 CPU sec, 54.934 real sec
[M::process] read 1066668 sequences (160000200 bp)...
[M::mem_pestat] # candidate unique pairs for (FF, FR, RF, RR): (31, 213116, 57, 36)
[M::mem_pestat] analyzing insert size distribution for orientation FF...
[M::mem_pestat] (25, 50, 75) percentile: (139, 227, 398)
[M::mem_pestat] low and high boundaries for computing mean and std.dev: (1, 916)
[M::mem_pestat] mean and std.dev: (254.59, 180.07)
[M::mem_pestat] low and high boundaries for proper pairs: (1, 1175)
[M::mem_pestat] analyzing insert size distribution for orientation FR...
[M::mem_pestat] (25, 50, 75) percentile: (164, 231, 301)
[M::mem_pestat] low and high boundaries for computing mean and std.dev: (1, 575)
[M::mem_pestat] mean and std.dev: (236.62, 97.48)
[M::mem_pestat] low and high boundaries for proper pairs: (1, 712)
[M::mem_pestat] analyzing insert size distribution for orientation RF...
[M::mem_pestat] (25, 50, 75) percentile: (116, 724, 4353)
[M::mem_pestat] low and high boundaries for computing mean and std.dev: (1, 12827)
[M::mem_pestat] mean and std.dev: (2469.70, 2860.16)
[M::mem_pestat] low and high boundaries for proper pairs: (1, 17064)
[M::mem_pestat] analyzing insert size distribution for orientation RR...
[M::mem_pestat] (25, 50, 75) percentile: (203, 340, 589)
[M::mem_pestat] low and high boundaries for computing mean and std.dev: (1, 1361)
[M::mem_pestat] mean and std.dev: (359.88, 279.72)
[M::mem_pestat] low and high boundaries for proper pairs: (1, 1747)
[M::mem_pestat] skip orientation FF
[M::mem_pestat] skip orientation RF
[M::mem_pestat] skip orientation RR
[M::mem_process_seqs] Processed 1066668 reads in 818.371 CPU sec, 53.613 real sec
[M::process] read 1066668 sequences (160000200 bp)...
[M::mem_pestat] # candidate unique pairs for (FF, FR, RF, RR): (26, 212939, 55, 34)
[M::mem_pestat] analyzing insert size distribution for orientation FF...
[M::mem_pestat] (25, 50, 75) percentile: (240, 1236, 3988)
[M::mem_pestat] low and high boundaries for computing mean and std.dev: (1, 11484)
[M::mem_pestat] mean and std.dev: (1824.50, 1928.50)
[M::mem_pestat] low and high boundaries for proper pairs: (1, 15232)
[M::mem_pestat] analyzing insert size distribution for orientation FR...
[M::mem_pestat] (25, 50, 75) percentile: (164, 233, 306)
[M::mem_pestat] low and high boundaries for computing mean and std.dev: (1, 590)
[M::mem_pestat] mean and std.dev: (239.35, 100.62)
[M::mem_pestat] low and high boundaries for proper pairs: (1, 732)
[M::mem_pestat] analyzing insert size distribution for orientation RF...
[M::mem_pestat] (25, 50, 75) percentile: (199, 1265, 2627)
[M::mem_pestat] low and high boundaries for computing mean and std.dev: (1, 7483)
[M::mem_pestat] mean and std.dev: (1915.83, 2276.23)
[M::mem_pestat] low and high boundaries for proper pairs: (1, 11021)
[M::mem_pestat] analyzing insert size distribution for orientation RR...
[M::mem_pestat] (25, 50, 75) percentile: (142, 268, 376)
[M::mem_pestat] low and high boundaries for computing mean and std.dev: (1, 844)
[M::mem_pestat] mean and std.dev: (220.22, 116.73)
[M::mem_pestat] low and high boundaries for proper pairs: (1, 1078)
[M::mem_pestat] skip orientation FF
[M::mem_pestat] skip orientation RF
[M::mem_pestat] skip orientation RR
[M::mem_process_seqs] Processed 1066668 reads in 817.784 CPU sec, 55.236 real sec
[M::mem_pestat] # candidate unique pairs for (FF, FR, RF, RR): (38, 214844, 54, 39)
[M::mem_pestat] analyzing insert size distribution for orientation FF...
[M::mem_pestat] (25, 50, 75) percentile: (171, 232, 640)
[M::mem_pestat] low and high boundaries for computing mean and std.dev: (1, 1578)
[M::mem_pestat] mean and std.dev: (310.88, 282.81)
[M::mem_pestat] low and high boundaries for proper pairs: (1, 2047)
[M::mem_pestat] analyzing insert size distribution for orientation FR...
[M::mem_pestat] (25, 50, 75) percentile: (166, 233, 304)
[M::mem_pestat] low and high boundaries for computing mean and std.dev: (1, 580)
[M::mem_pestat] mean and std.dev: (239.10, 98.95)
[M::mem_pestat] low and high boundaries for proper pairs: (1, 718)
[M::mem_pestat] analyzing insert size distribution for orientation RF...
[M::mem_pestat] (25, 50, 75) percentile: (96, 441, 2432)
[M::mem_pestat] low and high boundaries for computing mean and std.dev: (1, 7104)
[M::mem_pestat] mean and std.dev: (1404.75, 1861.15)
[M::mem_pestat] low and high boundaries for proper pairs: (1, 9440)
[M::mem_pestat] analyzing insert size distribution for orientation RR...
[M::mem_pestat] (25, 50, 75) percentile: (144, 217, 648)
[M::mem_pestat] low and high boundaries for computing mean and std.dev: (1, 1656)
[M::mem_pestat] mean and std.dev: (280.61, 243.77)
[M::mem_pestat] low and high boundaries for proper pairs: (1, 2160)
[M::mem_pestat] skip orientation FF
[M::mem_pestat] skip orientation RF
[M::mem_pestat] skip orientation RR
[M::process] read 1066668 sequences (160000200 bp)...
[M::mem_process_seqs] Processed 1066668 reads in 815.503 CPU sec, 54.789 real sec
[M::mem_pestat] # candidate unique pairs for (FF, FR, RF, RR): (29, 214975, 49, 15)
[M::mem_pestat] analyzing insert size distribution for orientation FF...
[M::mem_pestat] (25, 50, 75) percentile: (179, 277, 444)
[M::mem_pestat] low and high boundaries for computing mean and std.dev: (1, 974)
[M::mem_pestat] mean and std.dev: (268.92, 119.45)
[M::mem_pestat] low and high boundaries for proper pairs: (1, 1239)
[M::mem_pestat] analyzing insert size distribution for orientation FR...
[M::mem_pestat] (25, 50, 75) percentile: (167, 234, 304)
[M::mem_pestat] low and high boundaries for computing mean and std.dev: (1, 578)
[M::mem_pestat] mean and std.dev: (239.43, 98.30)
[M::mem_pestat] low and high boundaries for proper pairs: (1, 715)
[M::mem_pestat] analyzing insert size distribution for orientation RF...
[M::mem_pestat] (25, 50, 75) percentile: (275, 848, 3773)
[M::mem_pestat] low and high boundaries for computing mean and std.dev: (1, 10769)
[M::mem_pestat] mean and std.dev: (2004.82, 2466.85)
[M::mem_pestat] low and high boundaries for proper pairs: (1, 14267)
[M::mem_pestat] analyzing insert size distribution for orientation RR...
[M::mem_pestat] (25, 50, 75) percentile: (120, 162, 302)
[M::mem_pestat] low and high boundaries for computing mean and std.dev: (1, 666)
[M::mem_pestat] mean and std.dev: (189.86, 105.73)
[M::mem_pestat] low and high boundaries for proper pairs: (1, 848)
[M::mem_pestat] skip orientation FF
[M::mem_pestat] skip orientation RF
[M::mem_pestat] skip orientation RR
[M::process] read 1066668 sequences (160000200 bp)...
[M::mem_process_seqs] Processed 1066668 reads in 833.116 CPU sec, 54.764 real sec
[M::mem_pestat] # candidate unique pairs for (FF, FR, RF, RR): (35, 214771, 40, 37)
[M::mem_pestat] analyzing insert size distribution for orientation FF...
[M::mem_pestat] (25, 50, 75) percentile: (171, 275, 1203)
[M::mem_pestat] low and high boundaries for computing mean and std.dev: (1, 3267)
[M::mem_pestat] mean and std.dev: (617.00, 722.00)
[M::mem_pestat] low and high boundaries for proper pairs: (1, 4299)
[M::mem_pestat] analyzing insert size distribution for orientation FR...
[M::mem_pestat] (25, 50, 75) percentile: (166, 232, 302)
[M::mem_pestat] low and high boundaries for computing mean and std.dev: (1, 574)
[M::mem_pestat] mean and std.dev: (237.71, 96.98)
[M::mem_pestat] low and high boundaries for proper pairs: (1, 710)
[M::mem_pestat] analyzing insert size distribution for orientation RF...
[M::mem_pestat] (25, 50, 75) percentile: (254, 751, 5443)
[M::mem_pestat] low and high boundaries for computing mean and std.dev: (1, 15821)
[M::mem_pestat] mean and std.dev: (2614.25, 3053.40)
[M::mem_pestat] low and high boundaries for proper pairs: (1, 21010)
[M::mem_pestat] analyzing insert size distribution for orientation RR...
[M::mem_pestat] (25, 50, 75) percentile: (169, 269, 663)
[M::mem_pestat] low and high boundaries for computing mean and std.dev: (1, 1651)
[M::mem_pestat] mean and std.dev: (387.26, 340.40)
[M::mem_pestat] low and high boundaries for proper pairs: (1, 2145)
[M::mem_pestat] skip orientation FF
[M::mem_pestat] skip orientation RF
[M::mem_pestat] skip orientation RR
[M::process] read 1066668 sequences (160000200 bp)...
[M::mem_process_seqs] Processed 1066668 reads in 829.503 CPU sec, 54.051 real sec
[M::mem_pestat] # candidate unique pairs for (FF, FR, RF, RR): (33, 214143, 55, 35)
[M::mem_pestat] analyzing insert size distribution for orientation FF...
[M::mem_pestat] (25, 50, 75) percentile: (118, 203, 836)
[M::mem_pestat] low and high boundaries for computing mean and std.dev: (1, 2272)
[M::mem_pestat] mean and std.dev: (436.44, 455.35)
[M::mem_pestat] low and high boundaries for proper pairs: (1, 2990)
[M::mem_pestat] analyzing insert size distribution for orientation FR...
[M::mem_pestat] (25, 50, 75) percentile: (166, 232, 301)
[M::mem_pestat] low and high boundaries for computing mean and std.dev: (1, 571)
[M::mem_pestat] mean and std.dev: (237.44, 96.73)
[M::mem_pestat] low and high boundaries for proper pairs: (1, 706)
[M::mem_pestat] analyzing insert size distribution for orientation RF...
[M::mem_pestat] (25, 50, 75) percentile: (131, 1281, 3873)
[M::mem_pestat] low and high boundaries for computing mean and std.dev: (1, 11357)
[M::mem_pestat] mean and std.dev: (2189.71, 2617.67)
[M::mem_pestat] low and high boundaries for proper pairs: (1, 15099)
[M::mem_pestat] analyzing insert size distribution for orientation RR...
[M::mem_pestat] (25, 50, 75) percentile: (223, 275, 585)
[M::mem_pestat] low and high boundaries for computing mean and std.dev: (1, 1309)
[M::mem_pestat] mean and std.dev: (323.88, 203.24)
[M::mem_pestat] low and high boundaries for proper pairs: (1, 1671)
[M::mem_pestat] skip orientation FF
[M::mem_pestat] skip orientation RF
[M::mem_pestat] skip orientation RR
[M::process] read 1066668 sequences (160000200 bp)...
[M::mem_process_seqs] Processed 1066668 reads in 829.909 CPU sec, 54.605 real sec
[M::mem_pestat] # candidate unique pairs for (FF, FR, RF, RR): (35, 213146, 55, 28)
[M::mem_pestat] analyzing insert size distribution for orientation FF...
[M::mem_pestat] (25, 50, 75) percentile: (189, 277, 395)
[M::mem_pestat] low and high boundaries for computing mean and std.dev: (1, 807)
[M::mem_pestat] mean and std.dev: (251.24, 94.87)
[M::mem_pestat] low and high boundaries for proper pairs: (1, 1013)
[M::mem_pestat] analyzing insert size distribution for orientation FR...
[M::mem_pestat] (25, 50, 75) percentile: (161, 229, 301)
[M::mem_pestat] low and high boundaries for computing mean and std.dev: (1, 581)
[M::mem_pestat] mean and std.dev: (235.07, 98.92)
[M::mem_pestat] low and high boundaries for proper pairs: (1, 721)
[M::mem_pestat] analyzing insert size distribution for orientation RF...
[M::mem_pestat] (25, 50, 75) percentile: (170, 744, 4142)
[M::mem_pestat] low and high boundaries for computing mean and std.dev: (1, 12086)
[M::mem_pestat] mean and std.dev: (2362.02, 3186.12)
[M::mem_pestat] low and high boundaries for proper pairs: (1, 16058)
[M::mem_pestat] analyzing insert size distribution for orientation RR...
[M::mem_pestat] (25, 50, 75) percentile: (192, 246, 730)
[M::mem_pestat] low and high boundaries for computing mean and std.dev: (1, 1806)
[M::mem_pestat] mean and std.dev: (394.20, 377.28)
[M::mem_pestat] low and high boundaries for proper pairs: (1, 2344)
[M::mem_pestat] skip orientation FF
[M::mem_pestat] skip orientation RF
[M::mem_pestat] skip orientation RR
[M::process] read 1066668 sequences (160000200 bp)...
[M::mem_process_seqs] Processed 1066668 reads in 823.485 CPU sec, 53.853 real sec
[M::process] read 1066668 sequences (160000200 bp)...
[M::mem_pestat] # candidate unique pairs for (FF, FR, RF, RR): (41, 214024, 47, 33)
[M::mem_pestat] analyzing insert size distribution for orientation FF...
[M::mem_pestat] (25, 50, 75) percentile: (206, 407, 952)
[M::mem_pestat] low and high boundaries for computing mean and std.dev: (1, 2444)
[M::mem_pestat] mean and std.dev: (547.50, 504.14)
[M::mem_pestat] low and high boundaries for proper pairs: (1, 3190)
[M::mem_pestat] analyzing insert size distribution for orientation FR...
[M::mem_pestat] (25, 50, 75) percentile: (164, 232, 304)
[M::mem_pestat] low and high boundaries for computing mean and std.dev: (1, 584)
[M::mem_pestat] mean and std.dev: (238.07, 99.18)
[M::mem_pestat] low and high boundaries for proper pairs: (1, 724)
[M::mem_pestat] analyzing insert size distribution for orientation RF...
[M::mem_pestat] (25, 50, 75) percentile: (192, 625, 2510)
[M::mem_pestat] low and high boundaries for computing mean and std.dev: (1, 7146)
[M::mem_pestat] mean and std.dev: (1300.86, 1723.88)
[M::mem_pestat] low and high boundaries for proper pairs: (1, 9464)
[M::mem_pestat] analyzing insert size distribution for orientation RR...
[M::mem_pestat] (25, 50, 75) percentile: (169, 313, 768)
[M::mem_pestat] low and high boundaries for computing mean and std.dev: (1, 1966)
[M::mem_pestat] mean and std.dev: (480.88, 435.23)
[M::mem_pestat] low and high boundaries for proper pairs: (1, 2565)
[M::mem_pestat] skip orientation FF
[M::mem_pestat] skip orientation RF
[M::mem_pestat] skip orientation RR
[M::mem_process_seqs] Processed 1066668 reads in 812.864 CPU sec, 53.738 real sec
[M::process] read 1066668 sequences (160000200 bp)...
[M::mem_pestat] # candidate unique pairs for (FF, FR, RF, RR): (31, 214472, 48, 13)
[M::mem_pestat] analyzing insert size distribution for orientation FF...
[M::mem_pestat] (25, 50, 75) percentile: (197, 240, 293)
[M::mem_pestat] low and high boundaries for computing mean and std.dev: (5, 485)
[M::mem_pestat] mean and std.dev: (221.67, 81.91)
[M::mem_pestat] low and high boundaries for proper pairs: (1, 581)
[M::mem_pestat] analyzing insert size distribution for orientation FR...
[M::mem_pestat] (25, 50, 75) percentile: (164, 231, 301)
[M::mem_pestat] low and high boundaries for computing mean and std.dev: (1, 575)
[M::mem_pestat] mean and std.dev: (236.33, 97.90)
[M::mem_pestat] low and high boundaries for proper pairs: (1, 712)
[M::mem_pestat] analyzing insert size distribution for orientation RF...
[M::mem_pestat] (25, 50, 75) percentile: (184, 1050, 2984)
[M::mem_pestat] low and high boundaries for computing mean and std.dev: (1, 8584)
[M::mem_pestat] mean and std.dev: (1615.17, 2073.88)
[M::mem_pestat] low and high boundaries for proper pairs: (1, 11384)
[M::mem_pestat] analyzing insert size distribution for orientation RR...
[M::mem_pestat] (25, 50, 75) percentile: (101, 178, 252)
[M::mem_pestat] low and high boundaries for computing mean and std.dev: (1, 554)
[M::mem_pestat] mean and std.dev: (148.55, 68.02)
[M::mem_pestat] low and high boundaries for proper pairs: (1, 705)
[M::mem_pestat] skip orientation FF
[M::mem_pestat] skip orientation RF
[M::mem_pestat] skip orientation RR
[M::mem_process_seqs] Processed 1066668 reads in 816.723 CPU sec, 53.761 real sec
[M::process] read 1066668 sequences (160000200 bp)...
[M::mem_pestat] # candidate unique pairs for (FF, FR, RF, RR): (33, 214194, 67, 37)
[M::mem_pestat] analyzing insert size distribution for orientation FF...
[M::mem_pestat] (25, 50, 75) percentile: (160, 249, 368)
[M::mem_pestat] low and high boundaries for computing mean and std.dev: (1, 784)
[M::mem_pestat] mean and std.dev: (241.50, 134.25)
[M::mem_pestat] low and high boundaries for proper pairs: (1, 992)
[M::mem_pestat] analyzing insert size distribution for orientation FR...
[M::mem_pestat] (25, 50, 75) percentile: (165, 231, 301)
[M::mem_pestat] low and high boundaries for computing mean and std.dev: (1, 573)
[M::mem_pestat] mean and std.dev: (237.21, 98.02)
[M::mem_pestat] low and high boundaries for proper pairs: (1, 709)
[M::mem_pestat] analyzing insert size distribution for orientation RF...
[M::mem_pestat] (25, 50, 75) percentile: (94, 735, 5037)
[M::mem_pestat] low and high boundaries for computing mean and std.dev: (1, 14923)
[M::mem_pestat] mean and std.dev: (2533.06, 3105.99)
[M::mem_pestat] low and high boundaries for proper pairs: (1, 19866)
[M::mem_pestat] analyzing insert size distribution for orientation RR...
[M::mem_pestat] (25, 50, 75) percentile: (137, 237, 807)
[M::mem_pestat] low and high boundaries for computing mean and std.dev: (1, 2147)
[M::mem_pestat] mean and std.dev: (318.12, 298.64)
[M::mem_pestat] low and high boundaries for proper pairs: (1, 2817)
[M::mem_pestat] skip orientation FF
[M::mem_pestat] skip orientation RF
[M::mem_pestat] skip orientation RR
[M::mem_process_seqs] Processed 1066668 reads in 817.946 CPU sec, 53.841 real sec
[M::process] read 1066668 sequences (160000200 bp)...
[M::mem_pestat] # candidate unique pairs for (FF, FR, RF, RR): (22, 214573, 38, 38)
[M::mem_pestat] analyzing insert size distribution for orientation FF...
[M::mem_pestat] (25, 50, 75) percentile: (172, 320, 559)
[M::mem_pestat] low and high boundaries for computing mean and std.dev: (1, 1333)
[M::mem_pestat] mean and std.dev: (304.72, 202.12)
[M::mem_pestat] low and high boundaries for proper pairs: (1, 1720)
[M::mem_pestat] analyzing insert size distribution for orientation FR...
[M::mem_pestat] (25, 50, 75) percentile: (166, 231, 301)
[M::mem_pestat] low and high boundaries for computing mean and std.dev: (1, 571)
[M::mem_pestat] mean and std.dev: (236.70, 96.71)
[M::mem_pestat] low and high boundaries for proper pairs: (1, 706)
[M::mem_pestat] analyzing insert size distribution for orientation RF...
[M::mem_pestat] (25, 50, 75) percentile: (57, 805, 2512)
[M::mem_pestat] low and high boundaries for computing mean and std.dev: (1, 7422)
[M::mem_pestat] mean and std.dev: (1085.32, 1443.38)
[M::mem_pestat] low and high boundaries for proper pairs: (1, 9877)
[M::mem_pestat] analyzing insert size distribution for orientation RR...
[M::mem_pestat] (25, 50, 75) percentile: (153, 290, 972)
[M::mem_pestat] low and high boundaries for computing mean and std.dev: (1, 2610)
[M::mem_pestat] mean and std.dev: (435.33, 507.99)
[M::mem_pestat] low and high boundaries for proper pairs: (1, 3429)
[M::mem_pestat] skip orientation FF
[M::mem_pestat] skip orientation RF
[M::mem_pestat] skip orientation RR
[M::mem_process_seqs] Processed 1066668 reads in 819.379 CPU sec, 54.964 real sec
[M::process] read 1066668 sequences (160000200 bp)...
[M::mem_pestat] # candidate unique pairs for (FF, FR, RF, RR): (29, 213417, 45, 33)
[M::mem_pestat] analyzing insert size distribution for orientation FF...
[M::mem_pestat] (25, 50, 75) percentile: (141, 271, 715)
[M::mem_pestat] low and high boundaries for computing mean and std.dev: (1, 1863)
[M::mem_pestat] mean and std.dev: (355.93, 320.07)
[M::mem_pestat] low and high boundaries for proper pairs: (1, 2437)
[M::mem_pestat] analyzing insert size distribution for orientation FR...
[M::mem_pestat] (25, 50, 75) percentile: (165, 230, 300)
[M::mem_pestat] low and high boundaries for computing mean and std.dev: (1, 570)
[M::mem_pestat] mean and std.dev: (236.06, 96.52)
[M::mem_pestat] low and high boundaries for proper pairs: (1, 705)
[M::mem_pestat] analyzing insert size distribution for orientation RF...
[M::mem_pestat] (25, 50, 75) percentile: (240, 608, 2227)
[M::mem_pestat] low and high boundaries for computing mean and std.dev: (1, 6201)
[M::mem_pestat] mean and std.dev: (973.54, 1137.65)
[M::mem_pestat] low and high boundaries for proper pairs: (1, 8188)
[M::mem_pestat] analyzing insert size distribution for orientation RR...
[M::mem_pestat] (25, 50, 75) percentile: (184, 340, 2669)
[M::mem_pestat] low and high boundaries for computing mean and std.dev: (1, 7639)
[M::mem_pestat] mean and std.dev: (1123.90, 1460.80)
[M::mem_pestat] low and high boundaries for proper pairs: (1, 10124)
[M::mem_pestat] skip orientation FF
[M::mem_pestat] skip orientation RF
[M::mem_pestat] skip orientation RR
[M::mem_process_seqs] Processed 1066668 reads in 824.937 CPU sec, 55.755 real sec
[M::mem_pestat] # candidate unique pairs for (FF, FR, RF, RR): (25, 213786, 48, 21)
[M::mem_pestat] analyzing insert size distribution for orientation FF...
[M::mem_pestat] (25, 50, 75) percentile: (191, 621, 1136)
[M::mem_pestat] low and high boundaries for computing mean and std.dev: (1, 3026)
[M::mem_pestat] mean and std.dev: (610.09, 550.80)
[M::mem_pestat] low and high boundaries for proper pairs: (1, 3971)
[M::mem_pestat] analyzing insert size distribution for orientation FR...
[M::mem_pestat] (25, 50, 75) percentile: (163, 232, 304)
[M::mem_pestat] low and high boundaries for computing mean and std.dev: (1, 586)
[M::mem_pestat] mean and std.dev: (237.73, 99.96)
[M::mem_pestat] low and high boundaries for proper pairs: (1, 727)
[M::mem_pestat] analyzing insert size distribution for orientation RF...
[M::mem_pestat] (25, 50, 75) percentile: (133, 1295, 5443)
[M::mem_pestat] low and high boundaries for computing mean and std.dev: (1, 16063)
[M::mem_pestat] mean and std.dev: (2436.12, 2701.29)
[M::mem_pestat] low and high boundaries for proper pairs: (1, 21373)
[M::mem_pestat] analyzing insert size distribution for orientation RR...
[M::mem_pestat] (25, 50, 75) percentile: (121, 173, 628)
[M::mem_pestat] low and high boundaries for computing mean and std.dev: (1, 1642)
[M::mem_pestat] mean and std.dev: (336.80, 331.41)
[M::mem_pestat] low and high boundaries for proper pairs: (1, 2149)
[M::mem_pestat] skip orientation FF
[M::mem_pestat] skip orientation RF
[M::mem_pestat] skip orientation RR
[M::process] read 1066668 sequences (160000200 bp)...
[M::mem_process_seqs] Processed 1066668 reads in 814.823 CPU sec, 53.741 real sec
[M::mem_pestat] # candidate unique pairs for (FF, FR, RF, RR): (32, 214458, 54, 22)
[M::mem_pestat] analyzing insert size distribution for orientation FF...
[M::mem_pestat] (25, 50, 75) percentile: (169, 213, 401)
[M::mem_pestat] low and high boundaries for computing mean and std.dev: (1, 865)
[M::mem_pestat] mean and std.dev: (241.93, 152.81)
[M::mem_pestat] low and high boundaries for proper pairs: (1, 1097)
[M::mem_pestat] analyzing insert size distribution for orientation FR...
[M::mem_pestat] (25, 50, 75) percentile: (164, 232, 304)
[M::mem_pestat] low and high boundaries for computing mean and std.dev: (1, 584)
[M::mem_pestat] mean and std.dev: (237.86, 99.07)
[M::mem_pestat] low and high boundaries for proper pairs: (1, 724)
[M::mem_pestat] analyzing insert size distribution for orientation RF...
[M::mem_pestat] (25, 50, 75) percentile: (253, 1833, 3805)
[M::mem_pestat] low and high boundaries for computing mean and std.dev: (1, 10909)
[M::mem_pestat] mean and std.dev: (2468.65, 2550.30)
[M::mem_pestat] low and high boundaries for proper pairs: (1, 14461)
[M::mem_pestat] analyzing insert size distribution for orientation RR...
[M::mem_pestat] (25, 50, 75) percentile: (155, 285, 477)
[M::mem_pestat] low and high boundaries for computing mean and std.dev: (1, 1121)
[M::mem_pestat] mean and std.dev: (253.67, 161.86)
[M::mem_pestat] low and high boundaries for proper pairs: (1, 1443)
[M::mem_pestat] skip orientation FF
[M::mem_pestat] skip orientation RF
[M::mem_pestat] skip orientation RR
[M::mem_process_seqs] Processed 1066668 reads in 804.389 CPU sec, 54.690 real sec
[M::process] read 1066668 sequences (160000200 bp)...
[M::process] read 1066668 sequences (160000200 bp)...
[M::mem_pestat] # candidate unique pairs for (FF, FR, RF, RR): (41, 214790, 53, 35)
[M::mem_pestat] analyzing insert size distribution for orientation FF...
[M::mem_pestat] (25, 50, 75) percentile: (167, 321, 473)
[M::mem_pestat] low and high boundaries for computing mean and std.dev: (1, 1085)
[M::mem_pestat] mean and std.dev: (276.30, 169.11)
[M::mem_pestat] low and high boundaries for proper pairs: (1, 1391)
[M::mem_pestat] analyzing insert size distribution for orientation FR...
[M::mem_pestat] (25, 50, 75) percentile: (165, 233, 303)
[M::mem_pestat] low and high boundaries for computing mean and std.dev: (1, 579)
[M::mem_pestat] mean and std.dev: (238.02, 98.15)
[M::mem_pestat] low and high boundaries for proper pairs: (1, 717)
[M::mem_pestat] analyzing insert size distribution for orientation RF...
[M::mem_pestat] (25, 50, 75) percentile: (167, 1529, 4160)
[M::mem_pestat] low and high boundaries for computing mean and std.dev: (1, 12146)
[M::mem_pestat] mean and std.dev: (2606.68, 2853.08)
[M::mem_pestat] low and high boundaries for proper pairs: (1, 16139)
[M::mem_pestat] analyzing insert size distribution for orientation RR...
[M::mem_pestat] (25, 50, 75) percentile: (192, 266, 1062)
[M::mem_pestat] low and high boundaries for computing mean and std.dev: (1, 2802)
[M::mem_pestat] mean and std.dev: (499.68, 525.53)
[M::mem_pestat] low and high boundaries for proper pairs: (1, 3672)
[M::mem_pestat] skip orientation FF
[M::mem_pestat] skip orientation RF
[M::mem_pestat] skip orientation RR
[M::mem_process_seqs] Processed 1066668 reads in 810.443 CPU sec, 53.345 real sec
[M::process] read 1066668 sequences (160000200 bp)...
[M::mem_pestat] # candidate unique pairs for (FF, FR, RF, RR): (32, 214317, 54, 29)
[M::mem_pestat] analyzing insert size distribution for orientation FF...
[M::mem_pestat] (25, 50, 75) percentile: (167, 292, 556)
[M::mem_pestat] low and high boundaries for computing mean and std.dev: (1, 1334)
[M::mem_pestat] mean and std.dev: (278.88, 161.36)
[M::mem_pestat] low and high boundaries for proper pairs: (1, 1723)
[M::mem_pestat] analyzing insert size distribution for orientation FR...
[M::mem_pestat] (25, 50, 75) percentile: (166, 232, 302)
[M::mem_pestat] low and high boundaries for computing mean and std.dev: (1, 574)
[M::mem_pestat] mean and std.dev: (237.44, 97.32)
[M::mem_pestat] low and high boundaries for proper pairs: (1, 710)
[M::mem_pestat] analyzing insert size distribution for orientation RF...
[M::mem_pestat] (25, 50, 75) percentile: (310, 1976, 4227)
[M::mem_pestat] low and high boundaries for computing mean and std.dev: (1, 12061)
[M::mem_pestat] mean and std.dev: (2707.76, 2551.07)
[M::mem_pestat] low and high boundaries for proper pairs: (1, 15978)
[M::mem_pestat] analyzing insert size distribution for orientation RR...
[M::mem_pestat] (25, 50, 75) percentile: (121, 268, 688)
[M::mem_pestat] low and high boundaries for computing mean and std.dev: (1, 1822)
[M::mem_pestat] mean and std.dev: (305.24, 316.45)
[M::mem_pestat] low and high boundaries for proper pairs: (1, 2389)
[M::mem_pestat] skip orientation FF
[M::mem_pestat] skip orientation RF
[M::mem_pestat] skip orientation RR
[M::mem_process_seqs] Processed 1066668 reads in 820.415 CPU sec, 54.004 real sec
[M::process] read 1066668 sequences (160000200 bp)...
[M::mem_pestat] # candidate unique pairs for (FF, FR, RF, RR): (31, 214680, 56, 33)
[M::mem_pestat] analyzing insert size distribution for orientation FF...
[M::mem_pestat] (25, 50, 75) percentile: (149, 199, 349)
[M::mem_pestat] low and high boundaries for computing mean and std.dev: (1, 749)
[M::mem_pestat] mean and std.dev: (217.26, 115.29)
[M::mem_pestat] low and high boundaries for proper pairs: (1, 949)
[M::mem_pestat] analyzing insert size distribution for orientation FR...
[M::mem_pestat] (25, 50, 75) percentile: (164, 229, 299)
[M::mem_pestat] low and high boundaries for computing mean and std.dev: (1, 569)
[M::mem_pestat] mean and std.dev: (235.10, 96.26)
[M::mem_pestat] low and high boundaries for proper pairs: (1, 704)
[M::mem_pestat] analyzing insert size distribution for orientation RF...
[M::mem_pestat] (25, 50, 75) percentile: (342, 1729, 4188)
[M::mem_pestat] low and high boundaries for computing mean and std.dev: (1, 11880)
[M::mem_pestat] mean and std.dev: (2438.46, 2649.36)
[M::mem_pestat] low and high boundaries for proper pairs: (1, 15726)
[M::mem_pestat] analyzing insert size distribution for orientation RR...
[M::mem_pestat] (25, 50, 75) percentile: (134, 211, 614)
[M::mem_pestat] low and high boundaries for computing mean and std.dev: (1, 1574)
[M::mem_pestat] mean and std.dev: (312.00, 307.08)
[M::mem_pestat] low and high boundaries for proper pairs: (1, 2054)
[M::mem_pestat] skip orientation FF
[M::mem_pestat] skip orientation RF
[M::mem_pestat] skip orientation RR
[M::mem_process_seqs] Processed 1066668 reads in 822.968 CPU sec, 54.298 real sec
[M::process] read 1066668 sequences (160000200 bp)...
[M::mem_pestat] # candidate unique pairs for (FF, FR, RF, RR): (30, 213084, 41, 27)
[M::mem_pestat] analyzing insert size distribution for orientation FF...
[M::mem_pestat] (25, 50, 75) percentile: (137, 193, 284)
[M::mem_pestat] low and high boundaries for computing mean and std.dev: (1, 578)
[M::mem_pestat] mean and std.dev: (199.20, 95.01)
[M::mem_pestat] low and high boundaries for proper pairs: (1, 725)
[M::mem_pestat] analyzing insert size distribution for orientation FR...
[M::mem_pestat] (25, 50, 75) percentile: (163, 229, 301)
[M::mem_pestat] low and high boundaries for computing mean and std.dev: (1, 577)
[M::mem_pestat] mean and std.dev: (236.70, 99.40)
[M::mem_pestat] low and high boundaries for proper pairs: (1, 715)
[M::mem_pestat] analyzing insert size distribution for orientation RF...
[M::mem_pestat] (25, 50, 75) percentile: (154, 298, 1295)
[M::mem_pestat] low and high boundaries for computing mean and std.dev: (1, 3577)
[M::mem_pestat] mean and std.dev: (618.13, 670.97)
[M::mem_pestat] low and high boundaries for proper pairs: (1, 4718)
[M::mem_pestat] analyzing insert size distribution for orientation RR...
[M::mem_pestat] (25, 50, 75) percentile: (183, 225, 658)
[M::mem_pestat] low and high boundaries for computing mean and std.dev: (1, 1608)
[M::mem_pestat] mean and std.dev: (307.78, 255.45)
[M::mem_pestat] low and high boundaries for proper pairs: (1, 2083)
[M::mem_pestat] skip orientation FF
[M::mem_pestat] skip orientation RF
[M::mem_pestat] skip orientation RR
[M::mem_process_seqs] Processed 1066668 reads in 837.869 CPU sec, 55.340 real sec
[M::mem_pestat] # candidate unique pairs for (FF, FR, RF, RR): (24, 212713, 29, 37)
[M::mem_pestat] analyzing insert size distribution for orientation FF...
[M::mem_pestat] (25, 50, 75) percentile: (112, 175, 315)
[M::mem_pestat] low and high boundaries for computing mean and std.dev: (1, 721)
[M::mem_pestat] mean and std.dev: (168.95, 76.81)
[M::mem_pestat] low and high boundaries for proper pairs: (1, 924)
[M::mem_pestat] analyzing insert size distribution for orientation FR...
[M::mem_pestat] (25, 50, 75) percentile: (163, 229, 303)
[M::mem_pestat] low and high boundaries for computing mean and std.dev: (1, 583)
[M::mem_pestat] mean and std.dev: (237.36, 100.41)
[M::mem_pestat] low and high boundaries for proper pairs: (1, 723)
[M::mem_pestat] analyzing insert size distribution for orientation RF...
[M::mem_pestat] (25, 50, 75) percentile: (157, 436, 2973)
[M::mem_pestat] low and high boundaries for computing mean and std.dev: (1, 8605)
[M::mem_pestat] mean and std.dev: (1727.66, 2454.48)
[M::mem_pestat] low and high boundaries for proper pairs: (1, 11546)
[M::mem_pestat] analyzing insert size distribution for orientation RR...
[M::mem_pestat] (25, 50, 75) percentile: (160, 237, 418)
[M::mem_pestat] low and high boundaries for computing mean and std.dev: (1, 934)
[M::mem_pestat] mean and std.dev: (274.44, 187.21)
[M::mem_pestat] low and high boundaries for proper pairs: (1, 1192)
[M::mem_pestat] skip orientation FF
[M::mem_pestat] skip orientation RF
[M::mem_pestat] skip orientation RR
[M::process] read 1066668 sequences (160000200 bp)...
[M::mem_process_seqs] Processed 1066668 reads in 826.966 CPU sec, 54.487 real sec
[M::process] read 1066668 sequences (160000200 bp)...
[M::mem_pestat] # candidate unique pairs for (FF, FR, RF, RR): (32, 213418, 43, 41)
[M::mem_pestat] analyzing insert size distribution for orientation FF...
[M::mem_pestat] (25, 50, 75) percentile: (195, 296, 516)
[M::mem_pestat] low and high boundaries for computing mean and std.dev: (1, 1158)
[M::mem_pestat] mean and std.dev: (271.67, 150.00)
[M::mem_pestat] low and high boundaries for proper pairs: (1, 1479)
[M::mem_pestat] analyzing insert size distribution for orientation FR...
[M::mem_pestat] (25, 50, 75) percentile: (163, 230, 301)
[M::mem_pestat] low and high boundaries for computing mean and std.dev: (1, 577)
[M::mem_pestat] mean and std.dev: (236.55, 99.12)
[M::mem_pestat] low and high boundaries for proper pairs: (1, 715)
[M::mem_pestat] analyzing insert size distribution for orientation RF...
[M::mem_pestat] (25, 50, 75) percentile: (291, 1911, 5065)
[M::mem_pestat] low and high boundaries for computing mean and std.dev: (1, 14613)
[M::mem_pestat] mean and std.dev: (2687.42, 2616.42)
[M::mem_pestat] low and high boundaries for proper pairs: (1, 19387)
[M::mem_pestat] analyzing insert size distribution for orientation RR...
[M::mem_pestat] (25, 50, 75) percentile: (143, 181, 418)
[M::mem_pestat] low and high boundaries for computing mean and std.dev: (1, 968)
[M::mem_pestat] mean and std.dev: (242.59, 171.32)
[M::mem_pestat] low and high boundaries for proper pairs: (1, 1243)
[M::mem_pestat] skip orientation FF
[M::mem_pestat] skip orientation RF
[M::mem_pestat] skip orientation RR
[M::mem_process_seqs] Processed 1066668 reads in 825.556 CPU sec, 54.837 real sec
[M::process] read 1066668 sequences (160000200 bp)...
[M::mem_pestat] # candidate unique pairs for (FF, FR, RF, RR): (35, 213533, 47, 25)
[M::mem_pestat] analyzing insert size distribution for orientation FF...
[M::mem_pestat] (25, 50, 75) percentile: (187, 280, 396)
[M::mem_pestat] low and high boundaries for computing mean and std.dev: (1, 814)
[M::mem_pestat] mean and std.dev: (259.30, 140.63)
[M::mem_pestat] low and high boundaries for proper pairs: (1, 1023)
[M::mem_pestat] analyzing insert size distribution for orientation FR...
[M::mem_pestat] (25, 50, 75) percentile: (166, 232, 304)
[M::mem_pestat] low and high boundaries for computing mean and std.dev: (1, 580)
[M::mem_pestat] mean and std.dev: (239.10, 99.25)
[M::mem_pestat] low and high boundaries for proper pairs: (1, 718)
[M::mem_pestat] analyzing insert size distribution for orientation RF...
[M::mem_pestat] (25, 50, 75) percentile: (201, 757, 6091)
[M::mem_pestat] low and high boundaries for computing mean and std.dev: (1, 17871)
[M::mem_pestat] mean and std.dev: (2546.60, 3109.59)
[M::mem_pestat] low and high boundaries for proper pairs: (1, 23761)
[M::mem_pestat] analyzing insert size distribution for orientation RR...
[M::mem_pestat] (25, 50, 75) percentile: (136, 193, 499)
[M::mem_pestat] low and high boundaries for computing mean and std.dev: (1, 1225)
[M::mem_pestat] mean and std.dev: (186.25, 99.60)
[M::mem_pestat] low and high boundaries for proper pairs: (1, 1588)
[M::mem_pestat] skip orientation FF
[M::mem_pestat] skip orientation RF
[M::mem_pestat] skip orientation RR
[M::mem_process_seqs] Processed 1066668 reads in 830.182 CPU sec, 54.444 real sec
[M::mem_pestat] # candidate unique pairs for (FF, FR, RF, RR): (32, 213684, 40, 22)
[M::mem_pestat] analyzing insert size distribution for orientation FF...
[M::mem_pestat] (25, 50, 75) percentile: (151, 287, 636)
[M::mem_pestat] low and high boundaries for computing mean and std.dev: (1, 1606)
[M::mem_pestat] mean and std.dev: (299.30, 215.58)
[M::mem_pestat] low and high boundaries for proper pairs: (1, 2091)
[M::mem_pestat] analyzing insert size distribution for orientation FR...
[M::mem_pestat] (25, 50, 75) percentile: (167, 233, 304)
[M::mem_pestat] low and high boundaries for computing mean and std.dev: (1, 578)
[M::mem_pestat] mean and std.dev: (239.55, 98.50)
[M::mem_pestat] low and high boundaries for proper pairs: (1, 715)
[M::mem_pestat] analyzing insert size distribution for orientation RF...
[M::mem_pestat] (25, 50, 75) percentile: (328, 1323, 5707)
[M::mem_pestat] low and high boundaries for computing mean and std.dev: (1, 16465)
[M::mem_pestat] mean and std.dev: (2848.00, 3111.80)
[M::mem_pestat] low and high boundaries for proper pairs: (1, 21844)
[M::mem_pestat] analyzing insert size distribution for orientation RR...
[M::mem_pestat] (25, 50, 75) percentile: (197, 305, 526)
[M::mem_pestat] low and high boundaries for computing mean and std.dev: (1, 1184)
[M::mem_pestat] mean and std.dev: (336.79, 214.78)
[M::mem_pestat] low and high boundaries for proper pairs: (1, 1513)
[M::mem_pestat] skip orientation FF
[M::mem_pestat] skip orientation RF
[M::mem_pestat] skip orientation RR
[M::process] read 1066668 sequences (160000200 bp)...
[M::mem_process_seqs] Processed 1066668 reads in 834.118 CPU sec, 54.452 real sec
[M::process] read 1066668 sequences (160000200 bp)...
[M::mem_pestat] # candidate unique pairs for (FF, FR, RF, RR): (38, 213550, 45, 32)
[M::mem_pestat] analyzing insert size distribution for orientation FF...
[M::mem_pestat] (25, 50, 75) percentile: (173, 230, 622)
[M::mem_pestat] low and high boundaries for computing mean and std.dev: (1, 1520)
[M::mem_pestat] mean and std.dev: (304.39, 292.66)
[M::mem_pestat] low and high boundaries for proper pairs: (1, 1969)
[M::mem_pestat] analyzing insert size distribution for orientation FR...
[M::mem_pestat] (25, 50, 75) percentile: (163, 228, 298)
[M::mem_pestat] low and high boundaries for computing mean and std.dev: (1, 568)
[M::mem_pestat] mean and std.dev: (234.69, 97.49)
[M::mem_pestat] low and high boundaries for proper pairs: (1, 703)
[M::mem_pestat] analyzing insert size distribution for orientation RF...
[M::mem_pestat] (25, 50, 75) percentile: (200, 537, 3024)
[M::mem_pestat] low and high boundaries for computing mean and std.dev: (1, 8672)
[M::mem_pestat] mean and std.dev: (1602.02, 2252.34)
[M::mem_pestat] low and high boundaries for proper pairs: (1, 11496)
[M::mem_pestat] analyzing insert size distribution for orientation RR...
[M::mem_pestat] (25, 50, 75) percentile: (132, 252, 407)
[M::mem_pestat] low and high boundaries for computing mean and std.dev: (1, 957)
[M::mem_pestat] mean and std.dev: (268.30, 173.51)
[M::mem_pestat] low and high boundaries for proper pairs: (1, 1232)
[M::mem_pestat] skip orientation FF
[M::mem_pestat] skip orientation RF
[M::mem_pestat] skip orientation RR
[M::mem_process_seqs] Processed 1066668 reads in 831.742 CPU sec, 55.025 real sec
[M::mem_pestat] # candidate unique pairs for (FF, FR, RF, RR): (26, 213624, 47, 26)
[M::mem_pestat] analyzing insert size distribution for orientation FF...
[M::mem_pestat] (25, 50, 75) percentile: (150, 219, 236)
[M::mem_pestat] low and high boundaries for computing mean and std.dev: (1, 408)
[M::mem_pestat] mean and std.dev: (168.24, 67.62)
[M::mem_pestat] low and high boundaries for proper pairs: (1, 494)
[M::mem_pestat] analyzing insert size distribution for orientation FR...
[M::mem_pestat] (25, 50, 75) percentile: (161, 226, 297)
[M::mem_pestat] low and high boundaries for computing mean and std.dev: (1, 569)
[M::mem_pestat] mean and std.dev: (233.69, 98.84)
[M::mem_pestat] low and high boundaries for proper pairs: (1, 705)
[M::mem_pestat] analyzing insert size distribution for orientation RF...
[M::mem_pestat] (25, 50, 75) percentile: (134, 781, 3656)
[M::mem_pestat] low and high boundaries for computing mean and std.dev: (1, 10700)
[M::mem_pestat] mean and std.dev: (2294.53, 2924.63)
[M::mem_pestat] low and high boundaries for proper pairs: (1, 14222)
[M::mem_pestat] analyzing insert size distribution for orientation RR...
[M::mem_pestat] (25, 50, 75) percentile: (151, 571, 1689)
[M::mem_pestat] low and high boundaries for computing mean and std.dev: (1, 4765)
[M::mem_pestat] mean and std.dev: (730.73, 926.74)
[M::mem_pestat] low and high boundaries for proper pairs: (1, 6303)
[M::mem_pestat] skip orientation FF
[M::mem_pestat] skip orientation RF
[M::mem_pestat] skip orientation RR
[M::process] read 1066668 sequences (160000200 bp)...
[M::mem_process_seqs] Processed 1066668 reads in 822.620 CPU sec, 54.838 real sec
[M::mem_pestat] # candidate unique pairs for (FF, FR, RF, RR): (29, 212777, 45, 36)
[M::mem_pestat] analyzing insert size distribution for orientation FF...
[M::mem_pestat] (25, 50, 75) percentile: (169, 244, 377)
[M::mem_pestat] low and high boundaries for computing mean and std.dev: (1, 793)
[M::mem_pestat] mean and std.dev: (228.83, 91.82)
[M::mem_pestat] low and high boundaries for proper pairs: (1, 1001)
[M::mem_pestat] analyzing insert size distribution for orientation FR...
[M::mem_pestat] (25, 50, 75) percentile: (163, 228, 299)
[M::mem_pestat] low and high boundaries for computing mean and std.dev: (1, 571)
[M::mem_pestat] mean and std.dev: (235.34, 98.92)
[M::mem_pestat] low and high boundaries for proper pairs: (1, 707)
[M::mem_pestat] analyzing insert size distribution for orientation RF...
[M::mem_pestat] (25, 50, 75) percentile: (97, 424, 3805)
[M::mem_pestat] low and high boundaries for computing mean and std.dev: (1, 11221)
[M::mem_pestat] mean and std.dev: (2169.51, 2947.68)
[M::mem_pestat] low and high boundaries for proper pairs: (1, 14929)
[M::mem_pestat] analyzing insert size distribution for orientation RR...
[M::mem_pestat] (25, 50, 75) percentile: (148, 237, 609)
[M::mem_pestat] low and high boundaries for computing mean and std.dev: (1, 1531)
[M::mem_pestat] mean and std.dev: (342.86, 298.74)
[M::mem_pestat] low and high boundaries for proper pairs: (1, 1992)
[M::mem_pestat] skip orientation FF
[M::mem_pestat] skip orientation RF
[M::mem_pestat] skip orientation RR
[M::process] read 1066668 sequences (160000200 bp)...
[M::mem_process_seqs] Processed 1066668 reads in 828.460 CPU sec, 54.606 real sec
[M::mem_pestat] # candidate unique pairs for (FF, FR, RF, RR): (35, 213792, 51, 31)
[M::mem_pestat] analyzing insert size distribution for orientation FF...
[M::mem_pestat] (25, 50, 75) percentile: (181, 233, 771)
[M::mem_pestat] low and high boundaries for computing mean and std.dev: (1, 1951)
[M::mem_pestat] mean and std.dev: (354.00, 353.61)
[M::mem_pestat] low and high boundaries for proper pairs: (1, 2541)
[M::mem_pestat] analyzing insert size distribution for orientation FR...
[M::mem_pestat] (25, 50, 75) percentile: (163, 230, 302)
[M::mem_pestat] low and high boundaries for computing mean and std.dev: (1, 580)
[M::mem_pestat] mean and std.dev: (237.15, 99.75)
[M::mem_pestat] low and high boundaries for proper pairs: (1, 719)
[M::mem_pestat] analyzing insert size distribution for orientation RF...
[M::mem_pestat] (25, 50, 75) percentile: (168, 1322, 3408)
[M::mem_pestat] low and high boundaries for computing mean and std.dev: (1, 9888)
[M::mem_pestat] mean and std.dev: (2029.24, 2378.32)
[M::mem_pestat] low and high boundaries for proper pairs: (1, 13128)
[M::mem_pestat] analyzing insert size distribution for orientation RR...
[M::mem_pestat] (25, 50, 75) percentile: (90, 179, 373)
[M::mem_pestat] low and high boundaries for computing mean and std.dev: (1, 939)
[M::mem_pestat] mean and std.dev: (159.88, 86.99)
[M::mem_pestat] low and high boundaries for proper pairs: (1, 1222)
[M::mem_pestat] skip orientation FF
[M::mem_pestat] skip orientation RF
[M::mem_pestat] skip orientation RR
[M::process] read 1066668 sequences (160000200 bp)...
[M::mem_process_seqs] Processed 1066668 reads in 833.028 CPU sec, 54.816 real sec
[M::process] read 1066668 sequences (160000200 bp)...
[M::mem_pestat] # candidate unique pairs for (FF, FR, RF, RR): (30, 213787, 50, 44)
[M::mem_pestat] analyzing insert size distribution for orientation FF...
[M::mem_pestat] (25, 50, 75) percentile: (163, 232, 497)
[M::mem_pestat] low and high boundaries for computing mean and std.dev: (1, 1165)
[M::mem_pestat] mean and std.dev: (268.64, 198.72)
[M::mem_pestat] low and high boundaries for proper pairs: (1, 1499)
[M::mem_pestat] analyzing insert size distribution for orientation FR...
[M::mem_pestat] (25, 50, 75) percentile: (166, 232, 302)
[M::mem_pestat] low and high boundaries for computing mean and std.dev: (1, 574)
[M::mem_pestat] mean and std.dev: (238.20, 98.47)
[M::mem_pestat] low and high boundaries for proper pairs: (1, 710)
[M::mem_pestat] analyzing insert size distribution for orientation RF...
[M::mem_pestat] (25, 50, 75) percentile: (114, 1013, 3105)
[M::mem_pestat] low and high boundaries for computing mean and std.dev: (1, 9087)
[M::mem_pestat] mean and std.dev: (2128.98, 2732.36)
[M::mem_pestat] low and high boundaries for proper pairs: (1, 13058)
[M::mem_pestat] analyzing insert size distribution for orientation RR...
[M::mem_pestat] (25, 50, 75) percentile: (189, 277, 1005)
[M::mem_pestat] low and high boundaries for computing mean and std.dev: (1, 2637)
[M::mem_pestat] mean and std.dev: (442.25, 456.33)
[M::mem_pestat] low and high boundaries for proper pairs: (1, 3453)
[M::mem_pestat] skip orientation FF
[M::mem_pestat] skip orientation RF
[M::mem_pestat] skip orientation RR
[M::mem_process_seqs] Processed 1066668 reads in 825.203 CPU sec, 54.520 real sec
[M::process] read 1066668 sequences (160000200 bp)...
[M::mem_pestat] # candidate unique pairs for (FF, FR, RF, RR): (25, 213230, 59, 36)
[M::mem_pestat] analyzing insert size distribution for orientation FF...
[M::mem_pestat] (25, 50, 75) percentile: (142, 389, 1280)
[M::mem_pestat] low and high boundaries for computing mean and std.dev: (1, 3556)
[M::mem_pestat] mean and std.dev: (560.09, 636.08)
[M::mem_pestat] low and high boundaries for proper pairs: (1, 4694)
[M::mem_pestat] analyzing insert size distribution for orientation FR...
[M::mem_pestat] (25, 50, 75) percentile: (163, 228, 297)
[M::mem_pestat] low and high boundaries for computing mean and std.dev: (1, 565)
[M::mem_pestat] mean and std.dev: (234.00, 96.72)
[M::mem_pestat] low and high boundaries for proper pairs: (1, 699)
[M::mem_pestat] analyzing insert size distribution for orientation RF...
[M::mem_pestat] (25, 50, 75) percentile: (170, 673, 3527)
[M::mem_pestat] low and high boundaries for computing mean and std.dev: (1, 10241)
[M::mem_pestat] mean and std.dev: (2098.81, 2553.31)
[M::mem_pestat] low and high boundaries for proper pairs: (1, 13598)
[M::mem_pestat] analyzing insert size distribution for orientation RR...
[M::mem_pestat] (25, 50, 75) percentile: (190, 259, 936)
[M::mem_pestat] low and high boundaries for computing mean and std.dev: (1, 2428)
[M::mem_pestat] mean and std.dev: (460.73, 509.21)
[M::mem_pestat] low and high boundaries for proper pairs: (1, 3174)
[M::mem_pestat] skip orientation FF
[M::mem_pestat] skip orientation RF
[M::mem_pestat] skip orientation RR
[M::mem_process_seqs] Processed 1066668 reads in 826.407 CPU sec, 54.834 real sec
[M::process] read 1066668 sequences (160000200 bp)...
[M::mem_pestat] # candidate unique pairs for (FF, FR, RF, RR): (26, 212460, 39, 38)
[M::mem_pestat] analyzing insert size distribution for orientation FF...
[M::mem_pestat] (25, 50, 75) percentile: (143, 248, 489)
[M::mem_pestat] low and high boundaries for computing mean and std.dev: (1, 1181)
[M::mem_pestat] mean and std.dev: (281.59, 255.95)
[M::mem_pestat] low and high boundaries for proper pairs: (1, 1527)
[M::mem_pestat] analyzing insert size distribution for orientation FR...
[M::mem_pestat] (25, 50, 75) percentile: (159, 224, 295)
[M::mem_pestat] low and high boundaries for computing mean and std.dev: (1, 567)
[M::mem_pestat] mean and std.dev: (231.86, 98.01)
[M::mem_pestat] low and high boundaries for proper pairs: (1, 703)
[M::mem_pestat] analyzing insert size distribution for orientation RF...
[M::mem_pestat] (25, 50, 75) percentile: (110, 1006, 3020)
[M::mem_pestat] low and high boundaries for computing mean and std.dev: (1, 8840)
[M::mem_pestat] mean and std.dev: (1800.50, 2239.66)
[M::mem_pestat] low and high boundaries for proper pairs: (1, 11750)
[M::mem_pestat] analyzing insert size distribution for orientation RR...
[M::mem_pestat] (25, 50, 75) percentile: (148, 230, 950)
[M::mem_pestat] low and high boundaries for computing mean and std.dev: (1, 2554)
[M::mem_pestat] mean and std.dev: (500.74, 533.37)
[M::mem_pestat] low and high boundaries for proper pairs: (1, 3356)
[M::mem_pestat] skip orientation FF
[M::mem_pestat] skip orientation RF
[M::mem_pestat] skip orientation RR
[M::mem_process_seqs] Processed 1066668 reads in 819.385 CPU sec, 54.003 real sec
[M::process] read 1066668 sequences (160000200 bp)...
[M::mem_pestat] # candidate unique pairs for (FF, FR, RF, RR): (19, 213929, 44, 26)
[M::mem_pestat] analyzing insert size distribution for orientation FF...
[M::mem_pestat] (25, 50, 75) percentile: (265, 354, 589)
[M::mem_pestat] low and high boundaries for computing mean and std.dev: (1, 1237)
[M::mem_pestat] mean and std.dev: (392.89, 230.06)
[M::mem_pestat] low and high boundaries for proper pairs: (1, 1561)
[M::mem_pestat] analyzing insert size distribution for orientation FR...
[M::mem_pestat] (25, 50, 75) percentile: (159, 223, 294)
[M::mem_pestat] low and high boundaries for computing mean and std.dev: (1, 564)
[M::mem_pestat] mean and std.dev: (230.69, 97.26)
[M::mem_pestat] low and high boundaries for proper pairs: (1, 699)
[M::mem_pestat] analyzing insert size distribution for orientation RF...
[M::mem_pestat] (25, 50, 75) percentile: (217, 1923, 6380)
[M::mem_pestat] low and high boundaries for computing mean and std.dev: (1, 18706)
[M::mem_pestat] mean and std.dev: (3506.48, 3413.87)
[M::mem_pestat] low and high boundaries for proper pairs: (1, 24869)
[M::mem_pestat] analyzing insert size distribution for orientation RR...
[M::mem_pestat] (25, 50, 75) percentile: (150, 245, 441)
[M::mem_pestat] low and high boundaries for computing mean and std.dev: (1, 1023)
[M::mem_pestat] mean and std.dev: (299.16, 209.49)
[M::mem_pestat] low and high boundaries for proper pairs: (1, 1314)
[M::mem_pestat] skip orientation FF
[M::mem_pestat] skip orientation RF
[M::mem_pestat] skip orientation RR
[M::mem_process_seqs] Processed 1066668 reads in 821.171 CPU sec, 53.883 real sec
[M::process] read 1066668 sequences (160000200 bp)...
[M::mem_pestat] # candidate unique pairs for (FF, FR, RF, RR): (32, 213272, 56, 25)
[M::mem_pestat] analyzing insert size distribution for orientation FF...
[M::mem_pestat] (25, 50, 75) percentile: (133, 209, 929)
[M::mem_pestat] low and high boundaries for computing mean and std.dev: (1, 2521)
[M::mem_pestat] mean and std.dev: (314.36, 358.22)
[M::mem_pestat] low and high boundaries for proper pairs: (1, 3317)
[M::mem_pestat] analyzing insert size distribution for orientation FR...
[M::mem_pestat] (25, 50, 75) percentile: (162, 228, 299)
[M::mem_pestat] low and high boundaries for computing mean and std.dev: (1, 573)
[M::mem_pestat] mean and std.dev: (235.44, 99.14)
[M::mem_pestat] low and high boundaries for proper pairs: (1, 710)
[M::mem_pestat] analyzing insert size distribution for orientation RF...
[M::mem_pestat] (25, 50, 75) percentile: (107, 481, 2320)
[M::mem_pestat] low and high boundaries for computing mean and std.dev: (1, 6746)
[M::mem_pestat] mean and std.dev: (973.42, 1470.86)
[M::mem_pestat] low and high boundaries for proper pairs: (1, 8959)
[M::mem_pestat] analyzing insert size distribution for orientation RR...
[M::mem_pestat] (25, 50, 75) percentile: (151, 222, 910)
[M::mem_pestat] low and high boundaries for computing mean and std.dev: (1, 2428)
[M::mem_pestat] mean and std.dev: (349.18, 296.85)
[M::mem_pestat] low and high boundaries for proper pairs: (1, 3187)
[M::mem_pestat] skip orientation FF
[M::mem_pestat] skip orientation RF
[M::mem_pestat] skip orientation RR
[M::mem_process_seqs] Processed 1066668 reads in 824.310 CPU sec, 54.240 real sec
[M::mem_pestat] # candidate unique pairs for (FF, FR, RF, RR): (30, 212748, 62, 25)
[M::mem_pestat] analyzing insert size distribution for orientation FF...
[M::mem_pestat] (25, 50, 75) percentile: (175, 346, 526)
[M::mem_pestat] low and high boundaries for computing mean and std.dev: (1, 1228)
[M::mem_pestat] mean and std.dev: (290.27, 170.01)
[M::mem_pestat] low and high boundaries for proper pairs: (1, 1579)
[M::mem_pestat] analyzing insert size distribution for orientation FR...
[M::mem_pestat] (25, 50, 75) percentile: (165, 231, 301)
[M::mem_pestat] low and high boundaries for computing mean and std.dev: (1, 573)
[M::mem_pestat] mean and std.dev: (237.27, 98.40)
[M::mem_pestat] low and high boundaries for proper pairs: (1, 709)
[M::mem_pestat] analyzing insert size distribution for orientation RF...
[M::mem_pestat] (25, 50, 75) percentile: (105, 684, 1857)
[M::mem_pestat] low and high boundaries for computing mean and std.dev: (1, 5361)
[M::mem_pestat] mean and std.dev: (840.74, 1092.83)
[M::mem_pestat] low and high boundaries for proper pairs: (1, 7113)
[M::mem_pestat] analyzing insert size distribution for orientation RR...
[M::mem_pestat] (25, 50, 75) percentile: (125, 225, 552)
[M::mem_pestat] low and high boundaries for computing mean and std.dev: (1, 1406)
[M::mem_pestat] mean and std.dev: (287.43, 253.08)
[M::mem_pestat] low and high boundaries for proper pairs: (1, 1833)
[M::mem_pestat] skip orientation FF
[M::mem_pestat] skip orientation RF
[M::mem_pestat] skip orientation RR
[M::mem_process_seqs] Processed 1066668 reads in 827.207 CPU sec, 58.231 real sec
[M::process] read 1066668 sequences (160000200 bp)...
[M::process] read 1066668 sequences (160000200 bp)...
[M::mem_pestat] # candidate unique pairs for (FF, FR, RF, RR): (32, 212760, 46, 34)
[M::mem_pestat] analyzing insert size distribution for orientation FF...
[M::mem_pestat] (25, 50, 75) percentile: (148, 271, 1064)
[M::mem_pestat] low and high boundaries for computing mean and std.dev: (1, 2896)
[M::mem_pestat] mean and std.dev: (618.67, 824.36)
[M::mem_pestat] low and high boundaries for proper pairs: (1, 3916)
[M::mem_pestat] analyzing insert size distribution for orientation FR...
[M::mem_pestat] (25, 50, 75) percentile: (163, 228, 298)
[M::mem_pestat] low and high boundaries for computing mean and std.dev: (1, 568)
[M::mem_pestat] mean and std.dev: (234.69, 97.44)
[M::mem_pestat] low and high boundaries for proper pairs: (1, 703)
[M::mem_pestat] analyzing insert size distribution for orientation RF...
[M::mem_pestat] (25, 50, 75) percentile: (173, 1524, 6004)
[M::mem_pestat] low and high boundaries for computing mean and std.dev: (1, 17666)
[M::mem_pestat] mean and std.dev: (3060.54, 3452.39)
[M::mem_pestat] low and high boundaries for proper pairs: (1, 23497)
[M::mem_pestat] analyzing insert size distribution for orientation RR...
[M::mem_pestat] (25, 50, 75) percentile: (122, 285, 768)
[M::mem_pestat] low and high boundaries for computing mean and std.dev: (1, 2060)
[M::mem_pestat] mean and std.dev: (467.35, 490.81)
[M::mem_pestat] low and high boundaries for proper pairs: (1, 2706)
[M::mem_pestat] skip orientation FF
[M::mem_pestat] skip orientation RF
[M::mem_pestat] skip orientation RR
[M::mem_process_seqs] Processed 1066668 reads in 833.683 CPU sec, 53.657 real sec
[M::process] read 1066668 sequences (160000200 bp)...
[M::mem_pestat] # candidate unique pairs for (FF, FR, RF, RR): (40, 212491, 42, 33)
[M::mem_pestat] analyzing insert size distribution for orientation FF...
[M::mem_pestat] (25, 50, 75) percentile: (149, 252, 497)
[M::mem_pestat] low and high boundaries for computing mean and std.dev: (1, 1193)
[M::mem_pestat] mean and std.dev: (271.26, 225.67)
[M::mem_pestat] low and high boundaries for proper pairs: (1, 1541)
[M::mem_pestat] analyzing insert size distribution for orientation FR...
[M::mem_pestat] (25, 50, 75) percentile: (159, 225, 297)
[M::mem_pestat] low and high boundaries for computing mean and std.dev: (1, 573)
[M::mem_pestat] mean and std.dev: (232.60, 98.62)
[M::mem_pestat] low and high boundaries for proper pairs: (1, 711)
[M::mem_pestat] analyzing insert size distribution for orientation RF...
[M::mem_pestat] (25, 50, 75) percentile: (144, 764, 3255)
[M::mem_pestat] low and high boundaries for computing mean and std.dev: (1, 9477)
[M::mem_pestat] mean and std.dev: (1968.95, 2476.38)
[M::mem_pestat] low and high boundaries for proper pairs: (1, 12588)
[M::mem_pestat] analyzing insert size distribution for orientation RR...
[M::mem_pestat] (25, 50, 75) percentile: (156, 264, 1333)
[M::mem_pestat] low and high boundaries for computing mean and std.dev: (1, 3687)
[M::mem_pestat] mean and std.dev: (591.43, 669.87)
[M::mem_pestat] low and high boundaries for proper pairs: (1, 4864)
[M::mem_pestat] skip orientation FF
[M::mem_pestat] skip orientation RF
[M::mem_pestat] skip orientation RR
[M::mem_process_seqs] Processed 1066668 reads in 817.717 CPU sec, 53.620 real sec
[M::process] read 1066668 sequences (160000200 bp)...
[M::mem_pestat] # candidate unique pairs for (FF, FR, RF, RR): (22, 212507, 31, 38)
[M::mem_pestat] analyzing insert size distribution for orientation FF...
[M::mem_pestat] (25, 50, 75) percentile: (121, 198, 316)
[M::mem_pestat] low and high boundaries for computing mean and std.dev: (1, 706)
[M::mem_pestat] mean and std.dev: (224.70, 155.08)
[M::mem_pestat] low and high boundaries for proper pairs: (1, 901)
[M::mem_pestat] analyzing insert size distribution for orientation FR...
[M::mem_pestat] (25, 50, 75) percentile: (160, 225, 297)
[M::mem_pestat] low and high boundaries for computing mean and std.dev: (1, 571)
[M::mem_pestat] mean and std.dev: (232.81, 98.60)
[M::mem_pestat] low and high boundaries for proper pairs: (1, 708)
[M::mem_pestat] analyzing insert size distribution for orientation RF...
[M::mem_pestat] (25, 50, 75) percentile: (228, 488, 2415)
[M::mem_pestat] low and high boundaries for computing mean and std.dev: (1, 6789)
[M::mem_pestat] mean and std.dev: (1229.82, 1745.31)
[M::mem_pestat] low and high boundaries for proper pairs: (1, 8976)
[M::mem_pestat] analyzing insert size distribution for orientation RR...
[M::mem_pestat] (25, 50, 75) percentile: (148, 314, 618)
[M::mem_pestat] low and high boundaries for computing mean and std.dev: (1, 1558)
[M::mem_pestat] mean and std.dev: (381.72, 322.34)
[M::mem_pestat] low and high boundaries for proper pairs: (1, 2028)
[M::mem_pestat] skip orientation FF
[M::mem_pestat] skip orientation RF
[M::mem_pestat] skip orientation RR
[M::mem_process_seqs] Processed 1066668 reads in 821.979 CPU sec, 54.167 real sec
[M::mem_pestat] # candidate unique pairs for (FF, FR, RF, RR): (26, 213389, 44, 30)
[M::mem_pestat] analyzing insert size distribution for orientation FF...
[M::mem_pestat] (25, 50, 75) percentile: (145, 163, 407)
[M::mem_pestat] low and high boundaries for computing mean and std.dev: (1, 931)
[M::mem_pestat] mean and std.dev: (234.95, 165.57)
[M::mem_pestat] low and high boundaries for proper pairs: (1, 1193)
[M::mem_pestat] analyzing insert size distribution for orientation FR...
[M::mem_pestat] (25, 50, 75) percentile: (163, 229, 299)
[M::mem_pestat] low and high boundaries for computing mean and std.dev: (1, 571)
[M::mem_pestat] mean and std.dev: (235.57, 97.91)
[M::mem_pestat] low and high boundaries for proper pairs: (1, 707)
[M::mem_pestat] analyzing insert size distribution for orientation RF...
[M::mem_pestat] (25, 50, 75) percentile: (148, 677, 3145)
[M::mem_pestat] low and high boundaries for computing mean and std.dev: (1, 9139)
[M::mem_pestat] mean and std.dev: (1772.86, 2498.35)
[M::mem_pestat] low and high boundaries for proper pairs: (1, 12136)
[M::mem_pestat] analyzing insert size distribution for orientation RR...
[M::mem_pestat] (25, 50, 75) percentile: (184, 236, 518)
[M::mem_pestat] low and high boundaries for computing mean and std.dev: (1, 1186)
[M::mem_pestat] mean and std.dev: (293.73, 206.32)
[M::mem_pestat] low and high boundaries for proper pairs: (1, 1520)
[M::mem_pestat] skip orientation FF
[M::mem_pestat] skip orientation RF
[M::mem_pestat] skip orientation RR
[M::process] read 1066668 sequences (160000200 bp)...
[M::mem_process_seqs] Processed 1066668 reads in 824.154 CPU sec, 54.115 real sec
[M::process] read 882544 sequences (132381600 bp)...
[M::mem_pestat] # candidate unique pairs for (FF, FR, RF, RR): (34, 213950, 58, 29)
[M::mem_pestat] analyzing insert size distribution for orientation FF...
[M::mem_pestat] (25, 50, 75) percentile: (138, 199, 416)
[M::mem_pestat] low and high boundaries for computing mean and std.dev: (1, 972)
[M::mem_pestat] mean and std.dev: (239.34, 203.10)
[M::mem_pestat] low and high boundaries for proper pairs: (1, 1250)
[M::mem_pestat] analyzing insert size distribution for orientation FR...
[M::mem_pestat] (25, 50, 75) percentile: (166, 231, 301)
[M::mem_pestat] low and high boundaries for computing mean and std.dev: (1, 571)
[M::mem_pestat] mean and std.dev: (237.32, 97.64)
[M::mem_pestat] low and high boundaries for proper pairs: (1, 706)
[M::mem_pestat] analyzing insert size distribution for orientation RF...
[M::mem_pestat] (25, 50, 75) percentile: (136, 358, 2822)
[M::mem_pestat] low and high boundaries for computing mean and std.dev: (1, 8194)
[M::mem_pestat] mean and std.dev: (1734.61, 2523.89)
[M::mem_pestat] low and high boundaries for proper pairs: (1, 11830)
[M::mem_pestat] analyzing insert size distribution for orientation RR...
[M::mem_pestat] (25, 50, 75) percentile: (116, 234, 424)
[M::mem_pestat] low and high boundaries for computing mean and std.dev: (1, 1040)
[M::mem_pestat] mean and std.dev: (264.32, 156.06)
[M::mem_pestat] low and high boundaries for proper pairs: (1, 1348)
[M::mem_pestat] skip orientation FF
[M::mem_pestat] skip orientation RF
[M::mem_pestat] skip orientation RR
[M::mem_process_seqs] Processed 1066668 reads in 825.982 CPU sec, 53.886 real sec
[M::mem_pestat] # candidate unique pairs for (FF, FR, RF, RR): (32, 176088, 43, 31)
[M::mem_pestat] analyzing insert size distribution for orientation FF...
[M::mem_pestat] (25, 50, 75) percentile: (191, 224, 562)
[M::mem_pestat] low and high boundaries for computing mean and std.dev: (1, 1304)
[M::mem_pestat] mean and std.dev: (302.21, 246.44)
[M::mem_pestat] low and high boundaries for proper pairs: (1, 1675)
[M::mem_pestat] analyzing insert size distribution for orientation FR...
[M::mem_pestat] (25, 50, 75) percentile: (167, 232, 302)
[M::mem_pestat] low and high boundaries for computing mean and std.dev: (1, 572)
[M::mem_pestat] mean and std.dev: (238.42, 97.48)
[M::mem_pestat] low and high boundaries for proper pairs: (1, 707)
[M::mem_pestat] analyzing insert size distribution for orientation RF...
[M::mem_pestat] (25, 50, 75) percentile: (143, 1251, 4532)
[M::mem_pestat] low and high boundaries for computing mean and std.dev: (1, 13310)
[M::mem_pestat] mean and std.dev: (2217.21, 2657.49)
[M::mem_pestat] low and high boundaries for proper pairs: (1, 17699)
[M::mem_pestat] analyzing insert size distribution for orientation RR...
[M::mem_pestat] (25, 50, 75) percentile: (123, 167, 867)
[M::mem_pestat] low and high boundaries for computing mean and std.dev: (1, 2355)
[M::mem_pestat] mean and std.dev: (404.25, 547.51)
[M::mem_pestat] low and high boundaries for proper pairs: (1, 3099)
[M::mem_pestat] skip orientation FF
[M::mem_pestat] skip orientation RF
[M::mem_pestat] skip orientation RR
[M::mem_process_seqs] Processed 882544 reads in 694.117 CPU sec, 45.630 real sec
[main] Version: 0.7.19-r1273
[main] CMD: bwa mem -t 16 -R @RG\tID:FB18_Wild_10\tSM:FB18_Wild_10\tLB:FB18_Wild_10\tPL:ILLUMINA output/05_realign_xbOstLuri2/reference/GCA_061535525.1_xbOstLuri2_USDA-ARS_PSRF_primary_genomic.fna data/raw/FB18_Wild_10_S3_L004_R1_001.fastq.gz data/raw/FB18_Wild_10_S3_L004_R2_001.fastq.gz
[main] Real time: 2355.941 sec; CPU: 35308.125 sec
[bam_sort_core] merging from 2 files and 8 in-memory blocks...
end 2026-09-27T12:38:39Z sample=FB18_Wild_10
