/opt/ohpc/admin/lmod/lmod/init/bash: line 93: LD_LIBRARY_PATH: unbound variable
start 2026-09-27T13:41:34Z host n3432 sample=MB_3a location=MB
[M::bwa_idx_load_from_disk] read 0 ALT contigs
[M::process] read 1066668 sequences (160000200 bp)...
[M::process] read 1066668 sequences (160000200 bp)...
[M::mem_pestat] # candidate unique pairs for (FF, FR, RF, RR): (32, 228645, 51, 27)
[M::mem_pestat] analyzing insert size distribution for orientation FF...
[M::mem_pestat] (25, 50, 75) percentile: (350, 458, 3891)
[M::mem_pestat] low and high boundaries for computing mean and std.dev: (1, 10973)
[M::mem_pestat] mean and std.dev: (2046.47, 2674.27)
[M::mem_pestat] low and high boundaries for proper pairs: (1, 14514)
[M::mem_pestat] analyzing insert size distribution for orientation FR...
[M::mem_pestat] (25, 50, 75) percentile: (267, 350, 446)
[M::mem_pestat] low and high boundaries for computing mean and std.dev: (1, 804)
[M::mem_pestat] mean and std.dev: (356.69, 135.79)
[M::mem_pestat] low and high boundaries for proper pairs: (1, 983)
[M::mem_pestat] analyzing insert size distribution for orientation RF...
[M::mem_pestat] (25, 50, 75) percentile: (101, 995, 2605)
[M::mem_pestat] low and high boundaries for computing mean and std.dev: (1, 7613)
[M::mem_pestat] mean and std.dev: (1621.47, 1963.64)
[M::mem_pestat] low and high boundaries for proper pairs: (1, 10117)
[M::mem_pestat] analyzing insert size distribution for orientation RR...
[M::mem_pestat] (25, 50, 75) percentile: (309, 803, 1688)
[M::mem_pestat] low and high boundaries for computing mean and std.dev: (1, 4446)
[M::mem_pestat] mean and std.dev: (881.32, 690.61)
[M::mem_pestat] low and high boundaries for proper pairs: (1, 5825)
[M::mem_pestat] skip orientation FF
[M::mem_pestat] skip orientation RF
[M::mem_pestat] skip orientation RR
[M::mem_process_seqs] Processed 1066668 reads in 743.520 CPU sec, 50.353 real sec
[M::mem_pestat] # candidate unique pairs for (FF, FR, RF, RR): (40, 229718, 60, 36)
[M::mem_pestat] analyzing insert size distribution for orientation FF...
[M::mem_pestat] (25, 50, 75) percentile: (210, 726, 1568)
[M::mem_pestat] low and high boundaries for computing mean and std.dev: (1, 4284)
[M::mem_pestat] mean and std.dev: (911.53, 1012.55)
[M::mem_pestat] low and high boundaries for proper pairs: (1, 5642)
[M::mem_pestat] analyzing insert size distribution for orientation FR...
[M::mem_pestat] (25, 50, 75) percentile: (270, 354, 451)
[M::mem_pestat] low and high boundaries for computing mean and std.dev: (1, 813)
[M::mem_pestat] mean and std.dev: (361.15, 137.01)
[M::mem_pestat] low and high boundaries for proper pairs: (1, 994)
[M::mem_pestat] analyzing insert size distribution for orientation RF...
[M::mem_pestat] (25, 50, 75) percentile: (215, 1461, 4361)
[M::mem_pestat] low and high boundaries for computing mean and std.dev: (1, 12653)
[M::mem_pestat] mean and std.dev: (2569.38, 2892.79)
[M::mem_pestat] low and high boundaries for proper pairs: (1, 16799)
[M::mem_pestat] analyzing insert size distribution for orientation RR...
[M::mem_pestat] (25, 50, 75) percentile: (299, 599, 1002)
[M::mem_pestat] low and high boundaries for computing mean and std.dev: (1, 2408)
[M::mem_pestat] mean and std.dev: (511.41, 301.57)
[M::mem_pestat] low and high boundaries for proper pairs: (1, 3111)
[M::mem_pestat] skip orientation FF
[M::mem_pestat] skip orientation RF
[M::mem_pestat] skip orientation RR
[M::process] read 1066668 sequences (160000200 bp)...
[M::mem_process_seqs] Processed 1066668 reads in 747.822 CPU sec, 48.492 real sec
[M::mem_pestat] # candidate unique pairs for (FF, FR, RF, RR): (29, 227784, 80, 27)
[M::mem_pestat] analyzing insert size distribution for orientation FF...
[M::mem_pestat] (25, 50, 75) percentile: (187, 509, 925)
[M::mem_pestat] low and high boundaries for computing mean and std.dev: (1, 2401)
[M::mem_pestat] mean and std.dev: (477.64, 333.13)
[M::mem_pestat] low and high boundaries for proper pairs: (1, 3139)
[M::mem_pestat] analyzing insert size distribution for orientation FR...
[M::mem_pestat] (25, 50, 75) percentile: (266, 350, 450)
[M::mem_pestat] low and high boundaries for computing mean and std.dev: (1, 818)
[M::mem_pestat] mean and std.dev: (358.81, 138.52)
[M::mem_pestat] low and high boundaries for proper pairs: (1, 1002)
[M::mem_pestat] analyzing insert size distribution for orientation RF...
[M::mem_pestat] (25, 50, 75) percentile: (280, 1166, 4247)
[M::mem_pestat] low and high boundaries for computing mean and std.dev: (1, 12181)
[M::mem_pestat] mean and std.dev: (2256.22, 2527.79)
[M::mem_pestat] low and high boundaries for proper pairs: (1, 16148)
[M::mem_pestat] analyzing insert size distribution for orientation RR...
[M::mem_pestat] (25, 50, 75) percentile: (255, 302, 829)
[M::mem_pestat] low and high boundaries for computing mean and std.dev: (1, 1977)
[M::mem_pestat] mean and std.dev: (377.70, 223.14)
[M::mem_pestat] low and high boundaries for proper pairs: (1, 2551)
[M::mem_pestat] skip orientation FF
[M::mem_pestat] skip orientation RF
[M::mem_pestat] skip orientation RR
[M::process] read 1066668 sequences (160000200 bp)...
[M::mem_process_seqs] Processed 1066668 reads in 757.218 CPU sec, 48.999 real sec
[M::mem_pestat] # candidate unique pairs for (FF, FR, RF, RR): (27, 228486, 63, 34)
[M::mem_pestat] analyzing insert size distribution for orientation FF...
[M::mem_pestat] (25, 50, 75) percentile: (344, 603, 1661)
[M::mem_pestat] low and high boundaries for computing mean and std.dev: (1, 4295)
[M::mem_pestat] mean and std.dev: (1038.65, 938.81)
[M::mem_pestat] low and high boundaries for proper pairs: (1, 5612)
[M::mem_pestat] analyzing insert size distribution for orientation FR...
[M::mem_pestat] (25, 50, 75) percentile: (267, 350, 449)
[M::mem_pestat] low and high boundaries for computing mean and std.dev: (1, 813)
[M::mem_pestat] mean and std.dev: (358.56, 138.06)
[M::mem_pestat] low and high boundaries for proper pairs: (1, 995)
[M::mem_pestat] analyzing insert size distribution for orientation RF...
[M::mem_pestat] (25, 50, 75) percentile: (192, 870, 2082)
[M::mem_pestat] low and high boundaries for computing mean and std.dev: (1, 5862)
[M::mem_pestat] mean and std.dev: (1262.79, 1534.09)
[M::mem_pestat] low and high boundaries for proper pairs: (1, 7752)
[M::mem_pestat] analyzing insert size distribution for orientation RR...
[M::mem_pestat] (25, 50, 75) percentile: (357, 532, 1194)
[M::mem_pestat] low and high boundaries for computing mean and std.dev: (1, 2868)
[M::mem_pestat] mean and std.dev: (457.04, 291.94)
[M::mem_pestat] low and high boundaries for proper pairs: (1, 3705)
[M::mem_pestat] skip orientation FF
[M::mem_pestat] skip orientation RF
[M::mem_pestat] skip orientation RR
[M::process] read 1066668 sequences (160000200 bp)...
[M::mem_process_seqs] Processed 1066668 reads in 761.705 CPU sec, 49.371 real sec
[M::mem_pestat] # candidate unique pairs for (FF, FR, RF, RR): (28, 228968, 71, 37)
[M::mem_pestat] analyzing insert size distribution for orientation FF...
[M::mem_pestat] (25, 50, 75) percentile: (292, 523, 1192)
[M::mem_pestat] low and high boundaries for computing mean and std.dev: (1, 2992)
[M::mem_pestat] mean and std.dev: (580.00, 524.05)
[M::mem_pestat] low and high boundaries for proper pairs: (1, 3892)
[M::mem_pestat] analyzing insert size distribution for orientation FR...
[M::mem_pestat] (25, 50, 75) percentile: (268, 352, 451)
[M::mem_pestat] low and high boundaries for computing mean and std.dev: (1, 817)
[M::mem_pestat] mean and std.dev: (360.07, 138.32)
[M::mem_pestat] low and high boundaries for proper pairs: (1, 1000)
[M::mem_pestat] analyzing insert size distribution for orientation RF...
[M::mem_pestat] (25, 50, 75) percentile: (287, 1562, 7017)
[M::mem_pestat] low and high boundaries for computing mean and std.dev: (1, 20477)
[M::mem_pestat] mean and std.dev: (3490.97, 3676.79)
[M::mem_pestat] low and high boundaries for proper pairs: (1, 27207)
[M::mem_pestat] analyzing insert size distribution for orientation RR...
[M::mem_pestat] (25, 50, 75) percentile: (275, 644, 3443)
[M::mem_pestat] low and high boundaries for computing mean and std.dev: (1, 9779)
[M::mem_pestat] mean and std.dev: (1662.14, 1827.47)
[M::mem_pestat] low and high boundaries for proper pairs: (1, 12947)
[M::mem_pestat] skip orientation FF
[M::mem_pestat] skip orientation RF
[M::mem_pestat] skip orientation RR
[M::process] read 1066668 sequences (160000200 bp)...
[M::mem_process_seqs] Processed 1066668 reads in 770.179 CPU sec, 49.906 real sec
[M::mem_pestat] # candidate unique pairs for (FF, FR, RF, RR): (35, 229657, 81, 37)
[M::mem_pestat] analyzing insert size distribution for orientation FF...
[M::mem_pestat] (25, 50, 75) percentile: (214, 524, 749)
[M::mem_pestat] low and high boundaries for computing mean and std.dev: (1, 1819)
[M::mem_pestat] mean and std.dev: (492.87, 358.29)
[M::mem_pestat] low and high boundaries for proper pairs: (1, 2354)
[M::mem_pestat] analyzing insert size distribution for orientation FR...
[M::mem_pestat] (25, 50, 75) percentile: (264, 346, 443)
[M::mem_pestat] low and high boundaries for computing mean and std.dev: (1, 801)
[M::mem_pestat] mean and std.dev: (354.38, 136.04)
[M::mem_pestat] low and high boundaries for proper pairs: (1, 980)
[M::mem_pestat] analyzing insert size distribution for orientation RF...
[M::mem_pestat] (25, 50, 75) percentile: (271, 1427, 4820)
[M::mem_pestat] low and high boundaries for computing mean and std.dev: (1, 13918)
[M::mem_pestat] mean and std.dev: (2562.51, 2670.69)
[M::mem_pestat] low and high boundaries for proper pairs: (1, 18467)
[M::mem_pestat] analyzing insert size distribution for orientation RR...
[M::mem_pestat] (25, 50, 75) percentile: (325, 576, 2696)
[M::mem_pestat] low and high boundaries for computing mean and std.dev: (1, 7438)
[M::mem_pestat] mean and std.dev: (1526.95, 2021.55)
[M::mem_pestat] low and high boundaries for proper pairs: (1, 9809)
[M::mem_pestat] skip orientation FF
[M::mem_pestat] skip orientation RF
[M::mem_pestat] skip orientation RR
[M::process] read 1066668 sequences (160000200 bp)...
[M::mem_process_seqs] Processed 1066668 reads in 778.340 CPU sec, 50.412 real sec
[M::mem_pestat] # candidate unique pairs for (FF, FR, RF, RR): (28, 228658, 82, 38)
[M::mem_pestat] analyzing insert size distribution for orientation FF...
[M::mem_pestat] (25, 50, 75) percentile: (401, 919, 1701)
[M::mem_pestat] low and high boundaries for computing mean and std.dev: (1, 4301)
[M::mem_pestat] mean and std.dev: (894.12, 701.51)
[M::mem_pestat] low and high boundaries for proper pairs: (1, 5601)
[M::mem_pestat] analyzing insert size distribution for orientation FR...
[M::mem_pestat] (25, 50, 75) percentile: (264, 346, 445)
[M::mem_pestat] low and high boundaries for computing mean and std.dev: (1, 807)
[M::mem_pestat] mean and std.dev: (355.28, 137.30)
[M::mem_pestat] low and high boundaries for proper pairs: (1, 988)
[M::mem_pestat] analyzing insert size distribution for orientation RF...
[M::mem_pestat] (25, 50, 75) percentile: (259, 2760, 6611)
[M::mem_pestat] low and high boundaries for computing mean and std.dev: (1, 19315)
[M::mem_pestat] mean and std.dev: (3456.60, 3237.57)
[M::mem_pestat] low and high boundaries for proper pairs: (1, 25667)
[M::mem_pestat] analyzing insert size distribution for orientation RR...
[M::mem_pestat] (25, 50, 75) percentile: (275, 504, 759)
[M::mem_pestat] low and high boundaries for computing mean and std.dev: (1, 1727)
[M::mem_pestat] mean and std.dev: (462.82, 334.00)
[M::mem_pestat] low and high boundaries for proper pairs: (1, 2211)
[M::mem_pestat] skip orientation FF
[M::mem_pestat] skip orientation RF
[M::mem_pestat] skip orientation RR
[M::process] read 1066668 sequences (160000200 bp)...
[M::mem_process_seqs] Processed 1066668 reads in 767.926 CPU sec, 49.682 real sec
[M::mem_pestat] # candidate unique pairs for (FF, FR, RF, RR): (43, 227501, 80, 46)
[M::mem_pestat] analyzing insert size distribution for orientation FF...
[M::mem_pestat] (25, 50, 75) percentile: (190, 272, 587)
[M::mem_pestat] low and high boundaries for computing mean and std.dev: (1, 1381)
[M::mem_pestat] mean and std.dev: (365.23, 292.25)
[M::mem_pestat] low and high boundaries for proper pairs: (1, 1778)
[M::mem_pestat] analyzing insert size distribution for orientation FR...
[M::mem_pestat] (25, 50, 75) percentile: (264, 349, 449)
[M::mem_pestat] low and high boundaries for computing mean and std.dev: (1, 819)
[M::mem_pestat] mean and std.dev: (357.19, 139.03)
[M::mem_pestat] low and high boundaries for proper pairs: (1, 1004)
[M::mem_pestat] analyzing insert size distribution for orientation RF...
[M::mem_pestat] (25, 50, 75) percentile: (126, 772, 4557)
[M::mem_pestat] low and high boundaries for computing mean and std.dev: (1, 13419)
[M::mem_pestat] mean and std.dev: (2335.65, 2842.82)
[M::mem_pestat] low and high boundaries for proper pairs: (1, 17850)
[M::mem_pestat] analyzing insert size distribution for orientation RR...
[M::mem_pestat] (25, 50, 75) percentile: (282, 486, 1094)
[M::mem_pestat] low and high boundaries for computing mean and std.dev: (1, 2718)
[M::mem_pestat] mean and std.dev: (742.66, 621.50)
[M::mem_pestat] low and high boundaries for proper pairs: (1, 3530)
[M::mem_pestat] skip orientation FF
[M::mem_pestat] skip orientation RF
[M::mem_pestat] skip orientation RR
[M::process] read 1066668 sequences (160000200 bp)...
[M::mem_process_seqs] Processed 1066668 reads in 766.482 CPU sec, 49.651 real sec
[M::mem_pestat] # candidate unique pairs for (FF, FR, RF, RR): (36, 227783, 54, 38)
[M::mem_pestat] analyzing insert size distribution for orientation FF...
[M::mem_pestat] (25, 50, 75) percentile: (167, 469, 910)
[M::mem_pestat] low and high boundaries for computing mean and std.dev: (1, 2396)
[M::mem_pestat] mean and std.dev: (443.10, 383.05)
[M::mem_pestat] low and high boundaries for proper pairs: (1, 3139)
[M::mem_pestat] analyzing insert size distribution for orientation FR...
[M::mem_pestat] (25, 50, 75) percentile: (271, 358, 459)
[M::mem_pestat] low and high boundaries for computing mean and std.dev: (1, 835)
[M::mem_pestat] mean and std.dev: (365.41, 140.91)
[M::mem_pestat] low and high boundaries for proper pairs: (1, 1023)
[M::mem_pestat] analyzing insert size distribution for orientation RF...
[M::mem_pestat] (25, 50, 75) percentile: (223, 882, 2195)
[M::mem_pestat] low and high boundaries for computing mean and std.dev: (1, 6139)
[M::mem_pestat] mean and std.dev: (1380.76, 1629.09)
[M::mem_pestat] low and high boundaries for proper pairs: (1, 8111)
[M::mem_pestat] analyzing insert size distribution for orientation RR...
[M::mem_pestat] (25, 50, 75) percentile: (208, 410, 1814)
[M::mem_pestat] low and high boundaries for computing mean and std.dev: (1, 5026)
[M::mem_pestat] mean and std.dev: (765.52, 1078.53)
[M::mem_pestat] low and high boundaries for proper pairs: (1, 6632)
[M::mem_pestat] skip orientation FF
[M::mem_pestat] skip orientation RF
[M::mem_pestat] skip orientation RR
[M::process] read 1066668 sequences (160000200 bp)...
[M::mem_process_seqs] Processed 1066668 reads in 757.632 CPU sec, 49.230 real sec
[M::mem_pestat] # candidate unique pairs for (FF, FR, RF, RR): (33, 228710, 74, 28)
[M::mem_pestat] analyzing insert size distribution for orientation FF...
[M::mem_pestat] (25, 50, 75) percentile: (232, 325, 821)
[M::mem_pestat] low and high boundaries for computing mean and std.dev: (1, 1999)
[M::mem_pestat] mean and std.dev: (376.48, 240.18)
[M::mem_pestat] low and high boundaries for proper pairs: (1, 2588)
[M::mem_pestat] analyzing insert size distribution for orientation FR...
[M::mem_pestat] (25, 50, 75) percentile: (269, 355, 455)
[M::mem_pestat] low and high boundaries for computing mean and std.dev: (1, 827)
[M::mem_pestat] mean and std.dev: (362.85, 140.40)
[M::mem_pestat] low and high boundaries for proper pairs: (1, 1013)
[M::mem_pestat] analyzing insert size distribution for orientation RF...
[M::mem_pestat] (25, 50, 75) percentile: (538, 2395, 5867)
[M::mem_pestat] low and high boundaries for computing mean and std.dev: (1, 16525)
[M::mem_pestat] mean and std.dev: (3500.11, 3398.79)
[M::mem_pestat] low and high boundaries for proper pairs: (1, 21854)
[M::mem_pestat] analyzing insert size distribution for orientation RR...
[M::mem_pestat] (25, 50, 75) percentile: (227, 549, 1449)
[M::mem_pestat] low and high boundaries for computing mean and std.dev: (1, 3893)
[M::mem_pestat] mean and std.dev: (831.15, 857.57)
[M::mem_pestat] low and high boundaries for proper pairs: (1, 5115)
[M::mem_pestat] skip orientation FF
[M::mem_pestat] skip orientation RF
[M::mem_pestat] skip orientation RR
[M::process] read 1066668 sequences (160000200 bp)...
[M::mem_process_seqs] Processed 1066668 reads in 756.719 CPU sec, 49.035 real sec
[M::mem_pestat] # candidate unique pairs for (FF, FR, RF, RR): (32, 228700, 95, 32)
[M::mem_pestat] analyzing insert size distribution for orientation FF...
[M::mem_pestat] (25, 50, 75) percentile: (446, 773, 2801)
[M::mem_pestat] low and high boundaries for computing mean and std.dev: (1, 7511)
[M::mem_pestat] mean and std.dev: (1447.97, 1448.00)
[M::mem_pestat] low and high boundaries for proper pairs: (1, 9866)
[M::mem_pestat] analyzing insert size distribution for orientation FR...
[M::mem_pestat] (25, 50, 75) percentile: (266, 351, 453)
[M::mem_pestat] low and high boundaries for computing mean and std.dev: (1, 827)
[M::mem_pestat] mean and std.dev: (360.52, 140.75)
[M::mem_pestat] low and high boundaries for proper pairs: (1, 1014)
[M::mem_pestat] analyzing insert size distribution for orientation RF...
[M::mem_pestat] (25, 50, 75) percentile: (339, 1019, 5681)
[M::mem_pestat] low and high boundaries for computing mean and std.dev: (1, 16365)
[M::mem_pestat] mean and std.dev: (2873.86, 3182.90)
[M::mem_pestat] low and high boundaries for proper pairs: (1, 21707)
[M::mem_pestat] analyzing insert size distribution for orientation RR...
[M::mem_pestat] (25, 50, 75) percentile: (242, 406, 686)
[M::mem_pestat] low and high boundaries for computing mean and std.dev: (1, 1574)
[M::mem_pestat] mean and std.dev: (375.25, 235.76)
[M::mem_pestat] low and high boundaries for proper pairs: (1, 2018)
[M::mem_pestat] skip orientation FF
[M::mem_pestat] skip orientation RF
[M::mem_pestat] skip orientation RR
[M::process] read 1066668 sequences (160000200 bp)...
[M::mem_process_seqs] Processed 1066668 reads in 761.962 CPU sec, 49.428 real sec
[M::mem_pestat] # candidate unique pairs for (FF, FR, RF, RR): (33, 229617, 73, 42)
[M::mem_pestat] analyzing insert size distribution for orientation FF...
[M::mem_pestat] (25, 50, 75) percentile: (305, 955, 2310)
[M::mem_pestat] low and high boundaries for computing mean and std.dev: (1, 6320)
[M::mem_pestat] mean and std.dev: (1577.88, 1565.31)
[M::mem_pestat] low and high boundaries for proper pairs: (1, 8325)
[M::mem_pestat] analyzing insert size distribution for orientation FR...
[M::mem_pestat] (25, 50, 75) percentile: (269, 354, 454)
[M::mem_pestat] low and high boundaries for computing mean and std.dev: (1, 824)
[M::mem_pestat] mean and std.dev: (362.16, 139.49)
[M::mem_pestat] low and high boundaries for proper pairs: (1, 1009)
[M::mem_pestat] analyzing insert size distribution for orientation RF...
[M::mem_pestat] (25, 50, 75) percentile: (186, 468, 3171)
[M::mem_pestat] low and high boundaries for computing mean and std.dev: (1, 9141)
[M::mem_pestat] mean and std.dev: (1598.71, 2041.63)
[M::mem_pestat] low and high boundaries for proper pairs: (1, 12126)
[M::mem_pestat] analyzing insert size distribution for orientation RR...
[M::mem_pestat] (25, 50, 75) percentile: (246, 388, 625)
[M::mem_pestat] low and high boundaries for computing mean and std.dev: (1, 1383)
[M::mem_pestat] mean and std.dev: (343.27, 209.42)
[M::mem_pestat] low and high boundaries for proper pairs: (1, 1762)
[M::mem_pestat] skip orientation FF
[M::mem_pestat] skip orientation RF
[M::mem_pestat] skip orientation RR
[M::process] read 1066668 sequences (160000200 bp)...
[M::mem_process_seqs] Processed 1066668 reads in 765.513 CPU sec, 49.769 real sec
[M::mem_pestat] # candidate unique pairs for (FF, FR, RF, RR): (33, 228740, 83, 35)
[M::mem_pestat] analyzing insert size distribution for orientation FF...
[M::mem_pestat] (25, 50, 75) percentile: (162, 421, 1166)
[M::mem_pestat] low and high boundaries for computing mean and std.dev: (1, 3174)
[M::mem_pestat] mean and std.dev: (621.81, 603.88)
[M::mem_pestat] low and high boundaries for proper pairs: (1, 4178)
[M::mem_pestat] analyzing insert size distribution for orientation FR...
[M::mem_pestat] (25, 50, 75) percentile: (267, 351, 452)
[M::mem_pestat] low and high boundaries for computing mean and std.dev: (1, 822)
[M::mem_pestat] mean and std.dev: (360.56, 139.66)
[M::mem_pestat] low and high boundaries for proper pairs: (1, 1007)
[M::mem_pestat] analyzing insert size distribution for orientation RF...
[M::mem_pestat] (25, 50, 75) percentile: (253, 1719, 4362)
[M::mem_pestat] low and high boundaries for computing mean and std.dev: (1, 12580)
[M::mem_pestat] mean and std.dev: (2537.08, 2831.26)
[M::mem_pestat] low and high boundaries for proper pairs: (1, 16689)
[M::mem_pestat] analyzing insert size distribution for orientation RR...
[M::mem_pestat] (25, 50, 75) percentile: (307, 687, 2002)
[M::mem_pestat] low and high boundaries for computing mean and std.dev: (1, 5392)
[M::mem_pestat] mean and std.dev: (1005.77, 1107.91)
[M::mem_pestat] low and high boundaries for proper pairs: (1, 7087)
[M::mem_pestat] skip orientation FF
[M::mem_pestat] skip orientation RF
[M::mem_pestat] skip orientation RR
[M::process] read 1066668 sequences (160000200 bp)...
[M::mem_process_seqs] Processed 1066668 reads in 767.772 CPU sec, 49.944 real sec
[M::mem_pestat] # candidate unique pairs for (FF, FR, RF, RR): (35, 229026, 82, 24)
[M::mem_pestat] analyzing insert size distribution for orientation FF...
[M::mem_pestat] (25, 50, 75) percentile: (227, 467, 2788)
[M::mem_pestat] low and high boundaries for computing mean and std.dev: (1, 7910)
[M::mem_pestat] mean and std.dev: (1357.40, 1636.56)
[M::mem_pestat] low and high boundaries for proper pairs: (1, 10471)
[M::mem_pestat] analyzing insert size distribution for orientation FR...
[M::mem_pestat] (25, 50, 75) percentile: (263, 348, 450)
[M::mem_pestat] low and high boundaries for computing mean and std.dev: (1, 824)
[M::mem_pestat] mean and std.dev: (357.73, 139.68)
[M::mem_pestat] low and high boundaries for proper pairs: (1, 1011)
[M::mem_pestat] analyzing insert size distribution for orientation RF...
[M::mem_pestat] (25, 50, 75) percentile: (206, 1084, 3503)
[M::mem_pestat] low and high boundaries for computing mean and std.dev: (1, 10097)
[M::mem_pestat] mean and std.dev: (2373.73, 2775.60)
[M::mem_pestat] low and high boundaries for proper pairs: (1, 13476)
[M::mem_pestat] analyzing insert size distribution for orientation RR...
[M::mem_pestat] (25, 50, 75) percentile: (235, 459, 1480)
[M::mem_pestat] low and high boundaries for computing mean and std.dev: (1, 3970)
[M::mem_pestat] mean and std.dev: (784.26, 700.24)
[M::mem_pestat] low and high boundaries for proper pairs: (1, 5215)
[M::mem_pestat] skip orientation FF
[M::mem_pestat] skip orientation RF
[M::mem_pestat] skip orientation RR
[M::process] read 1066668 sequences (160000200 bp)...
[M::mem_process_seqs] Processed 1066668 reads in 772.868 CPU sec, 50.151 real sec
[M::mem_pestat] # candidate unique pairs for (FF, FR, RF, RR): (33, 227783, 69, 36)
[M::mem_pestat] analyzing insert size distribution for orientation FF...
[M::mem_pestat] (25, 50, 75) percentile: (376, 938, 5392)
[M::mem_pestat] low and high boundaries for computing mean and std.dev: (1, 15424)
[M::mem_pestat] mean and std.dev: (2339.24, 2756.83)
[M::mem_pestat] low and high boundaries for proper pairs: (1, 20440)
[M::mem_pestat] analyzing insert size distribution for orientation FR...
[M::mem_pestat] (25, 50, 75) percentile: (261, 346, 445)
[M::mem_pestat] low and high boundaries for computing mean and std.dev: (1, 813)
[M::mem_pestat] mean and std.dev: (354.60, 138.63)
[M::mem_pestat] low and high boundaries for proper pairs: (1, 997)
[M::mem_pestat] analyzing insert size distribution for orientation RF...
[M::mem_pestat] (25, 50, 75) percentile: (253, 1432, 5736)
[M::mem_pestat] low and high boundaries for computing mean and std.dev: (1, 16702)
[M::mem_pestat] mean and std.dev: (2889.86, 3169.36)
[M::mem_pestat] low and high boundaries for proper pairs: (1, 22185)
[M::mem_pestat] analyzing insert size distribution for orientation RR...
[M::mem_pestat] (25, 50, 75) percentile: (212, 488, 1325)
[M::mem_pestat] low and high boundaries for computing mean and std.dev: (1, 3551)
[M::mem_pestat] mean and std.dev: (792.85, 956.76)
[M::mem_pestat] low and high boundaries for proper pairs: (1, 4664)
[M::mem_pestat] skip orientation FF
[M::mem_pestat] skip orientation RF
[M::mem_pestat] skip orientation RR
[M::process] read 1066668 sequences (160000200 bp)...
[M::mem_process_seqs] Processed 1066668 reads in 789.995 CPU sec, 51.322 real sec
[M::mem_pestat] # candidate unique pairs for (FF, FR, RF, RR): (32, 228009, 69, 37)
[M::mem_pestat] analyzing insert size distribution for orientation FF...
[M::mem_pestat] (25, 50, 75) percentile: (209, 511, 1505)
[M::mem_pestat] low and high boundaries for computing mean and std.dev: (1, 4097)
[M::mem_pestat] mean and std.dev: (751.37, 909.29)
[M::mem_pestat] low and high boundaries for proper pairs: (1, 5393)
[M::mem_pestat] analyzing insert size distribution for orientation FR...
[M::mem_pestat] (25, 50, 75) percentile: (266, 352, 452)
[M::mem_pestat] low and high boundaries for computing mean and std.dev: (1, 824)
[M::mem_pestat] mean and std.dev: (359.22, 139.92)
[M::mem_pestat] low and high boundaries for proper pairs: (1, 1010)
[M::mem_pestat] analyzing insert size distribution for orientation RF...
[M::mem_pestat] (25, 50, 75) percentile: (129, 1083, 6714)
[M::mem_pestat] low and high boundaries for computing mean and std.dev: (1, 19884)
[M::mem_pestat] mean and std.dev: (3157.06, 3618.03)
[M::mem_pestat] low and high boundaries for proper pairs: (1, 26469)
[M::mem_pestat] analyzing insert size distribution for orientation RR...
[M::mem_pestat] (25, 50, 75) percentile: (227, 1025, 2994)
[M::mem_pestat] low and high boundaries for computing mean and std.dev: (1, 8528)
[M::mem_pestat] mean and std.dev: (1692.92, 1977.84)
[M::mem_pestat] low and high boundaries for proper pairs: (1, 11295)
[M::mem_pestat] skip orientation FF
[M::mem_pestat] skip orientation RF
[M::mem_pestat] skip orientation RR
[M::process] read 1066668 sequences (160000200 bp)...
[M::mem_process_seqs] Processed 1066668 reads in 757.262 CPU sec, 49.323 real sec
[M::mem_pestat] # candidate unique pairs for (FF, FR, RF, RR): (24, 228869, 82, 39)
[M::mem_pestat] analyzing insert size distribution for orientation FF...
[M::mem_pestat] (25, 50, 75) percentile: (378, 717, 2369)
[M::mem_pestat] low and high boundaries for computing mean and std.dev: (1, 6351)
[M::mem_pestat] mean and std.dev: (1431.67, 1503.87)
[M::mem_pestat] low and high boundaries for proper pairs: (1, 8342)
[M::mem_pestat] analyzing insert size distribution for orientation FR...
[M::mem_pestat] (25, 50, 75) percentile: (268, 353, 453)
[M::mem_pestat] low and high boundaries for computing mean and std.dev: (1, 823)
[M::mem_pestat] mean and std.dev: (360.73, 139.06)
[M::mem_pestat] low and high boundaries for proper pairs: (1, 1008)
[M::mem_pestat] analyzing insert size distribution for orientation RF...
[M::mem_pestat] (25, 50, 75) percentile: (165, 604, 2173)
[M::mem_pestat] low and high boundaries for computing mean and std.dev: (1, 6189)
[M::mem_pestat] mean and std.dev: (684.24, 915.95)
[M::mem_pestat] low and high boundaries for proper pairs: (1, 8197)
[M::mem_pestat] analyzing insert size distribution for orientation RR...
[M::mem_pestat] (25, 50, 75) percentile: (259, 515, 3268)
[M::mem_pestat] low and high boundaries for computing mean and std.dev: (1, 9286)
[M::mem_pestat] mean and std.dev: (1744.85, 1870.12)
[M::mem_pestat] low and high boundaries for proper pairs: (1, 12295)
[M::mem_pestat] skip orientation FF
[M::mem_pestat] skip orientation RF
[M::mem_pestat] skip orientation RR
[M::process] read 1066668 sequences (160000200 bp)...
[M::mem_process_seqs] Processed 1066668 reads in 755.907 CPU sec, 49.077 real sec
[M::mem_pestat] # candidate unique pairs for (FF, FR, RF, RR): (40, 228679, 57, 43)
[M::mem_pestat] analyzing insert size distribution for orientation FF...
[M::mem_pestat] (25, 50, 75) percentile: (362, 706, 1769)
[M::mem_pestat] low and high boundaries for computing mean and std.dev: (1, 4583)
[M::mem_pestat] mean and std.dev: (735.74, 584.49)
[M::mem_pestat] low and high boundaries for proper pairs: (1, 5990)
[M::mem_pestat] analyzing insert size distribution for orientation FR...
[M::mem_pestat] (25, 50, 75) percentile: (263, 348, 449)
[M::mem_pestat] low and high boundaries for computing mean and std.dev: (1, 821)
[M::mem_pestat] mean and std.dev: (356.72, 140.19)
[M::mem_pestat] low and high boundaries for proper pairs: (1, 1007)
[M::mem_pestat] analyzing insert size distribution for orientation RF...
[M::mem_pestat] (25, 50, 75) percentile: (448, 976, 3801)
[M::mem_pestat] low and high boundaries for computing mean and std.dev: (1, 10507)
[M::mem_pestat] mean and std.dev: (2429.11, 2611.25)
[M::mem_pestat] low and high boundaries for proper pairs: (1, 13860)
[M::mem_pestat] analyzing insert size distribution for orientation RR...
[M::mem_pestat] (25, 50, 75) percentile: (392, 843, 1901)
[M::mem_pestat] low and high boundaries for computing mean and std.dev: (1, 4919)
[M::mem_pestat] mean and std.dev: (862.40, 669.99)
[M::mem_pestat] low and high boundaries for proper pairs: (1, 6428)
[M::mem_pestat] skip orientation FF
[M::mem_pestat] skip orientation RF
[M::mem_pestat] skip orientation RR
[M::process] read 1066668 sequences (160000200 bp)...
[M::mem_process_seqs] Processed 1066668 reads in 767.585 CPU sec, 49.698 real sec
[M::mem_pestat] # candidate unique pairs for (FF, FR, RF, RR): (38, 228001, 68, 25)
[M::mem_pestat] analyzing insert size distribution for orientation FF...
[M::mem_pestat] (25, 50, 75) percentile: (374, 781, 1394)
[M::mem_pestat] low and high boundaries for computing mean and std.dev: (1, 3434)
[M::mem_pestat] mean and std.dev: (872.63, 649.46)
[M::mem_pestat] low and high boundaries for proper pairs: (1, 4454)
[M::mem_pestat] analyzing insert size distribution for orientation FR...
[M::mem_pestat] (25, 50, 75) percentile: (264, 348, 448)
[M::mem_pestat] low and high boundaries for computing mean and std.dev: (1, 816)
[M::mem_pestat] mean and std.dev: (357.00, 139.29)
[M::mem_pestat] low and high boundaries for proper pairs: (1, 1000)
[M::mem_pestat] analyzing insert size distribution for orientation RF...
[M::mem_pestat] (25, 50, 75) percentile: (189, 1202, 4412)
[M::mem_pestat] low and high boundaries for computing mean and std.dev: (1, 12858)
[M::mem_pestat] mean and std.dev: (2337.40, 2639.29)
[M::mem_pestat] low and high boundaries for proper pairs: (1, 17081)
[M::mem_pestat] analyzing insert size distribution for orientation RR...
[M::mem_pestat] (25, 50, 75) percentile: (273, 370, 1698)
[M::mem_pestat] low and high boundaries for computing mean and std.dev: (1, 4548)
[M::mem_pestat] mean and std.dev: (791.38, 951.59)
[M::mem_pestat] low and high boundaries for proper pairs: (1, 5973)
[M::mem_pestat] skip orientation FF
[M::mem_pestat] skip orientation RF
[M::mem_pestat] skip orientation RR
[M::process] read 1066668 sequences (160000200 bp)...
[M::mem_process_seqs] Processed 1066668 reads in 767.767 CPU sec, 49.748 real sec
[M::mem_pestat] # candidate unique pairs for (FF, FR, RF, RR): (37, 228353, 80, 32)
[M::mem_pestat] analyzing insert size distribution for orientation FF...
[M::mem_pestat] (25, 50, 75) percentile: (272, 640, 1209)
[M::mem_pestat] low and high boundaries for computing mean and std.dev: (1, 3083)
[M::mem_pestat] mean and std.dev: (673.24, 550.78)
[M::mem_pestat] low and high boundaries for proper pairs: (1, 4020)
[M::mem_pestat] analyzing insert size distribution for orientation FR...
[M::mem_pestat] (25, 50, 75) percentile: (267, 352, 455)
[M::mem_pestat] low and high boundaries for computing mean and std.dev: (1, 831)
[M::mem_pestat] mean and std.dev: (361.83, 141.44)
[M::mem_pestat] low and high boundaries for proper pairs: (1, 1019)
[M::mem_pestat] analyzing insert size distribution for orientation RF...
[M::mem_pestat] (25, 50, 75) percentile: (180, 741, 5004)
[M::mem_pestat] low and high boundaries for computing mean and std.dev: (1, 14652)
[M::mem_pestat] mean and std.dev: (2485.82, 3131.32)
[M::mem_pestat] low and high boundaries for proper pairs: (1, 19476)
[M::mem_pestat] analyzing insert size distribution for orientation RR...
[M::mem_pestat] (25, 50, 75) percentile: (294, 469, 1547)
[M::mem_pestat] low and high boundaries for computing mean and std.dev: (1, 4053)
[M::mem_pestat] mean and std.dev: (745.28, 779.21)
[M::mem_pestat] low and high boundaries for proper pairs: (1, 5306)
[M::mem_pestat] skip orientation FF
[M::mem_pestat] skip orientation RF
[M::mem_pestat] skip orientation RR
[M::mem_process_seqs] Processed 1066668 reads in 767.951 CPU sec, 54.153 real sec
[M::process] read 1066668 sequences (160000200 bp)...
[M::process] read 1066668 sequences (160000200 bp)...
[M::mem_pestat] # candidate unique pairs for (FF, FR, RF, RR): (44, 228284, 65, 26)
[M::mem_pestat] analyzing insert size distribution for orientation FF...
[M::mem_pestat] (25, 50, 75) percentile: (217, 397, 3093)
[M::mem_pestat] low and high boundaries for computing mean and std.dev: (1, 8845)
[M::mem_pestat] mean and std.dev: (1596.23, 2067.41)
[M::mem_pestat] low and high boundaries for proper pairs: (1, 11721)
[M::mem_pestat] analyzing insert size distribution for orientation FR...
[M::mem_pestat] (25, 50, 75) percentile: (265, 350, 452)
[M::mem_pestat] low and high boundaries for computing mean and std.dev: (1, 826)
[M::mem_pestat] mean and std.dev: (359.56, 140.12)
[M::mem_pestat] low and high boundaries for proper pairs: (1, 1013)
[M::mem_pestat] analyzing insert size distribution for orientation RF...
[M::mem_pestat] (25, 50, 75) percentile: (267, 997, 4217)
[M::mem_pestat] low and high boundaries for computing mean and std.dev: (1, 12117)
[M::mem_pestat] mean and std.dev: (2403.43, 2964.71)
[M::mem_pestat] low and high boundaries for proper pairs: (1, 16067)
[M::mem_pestat] analyzing insert size distribution for orientation RR...
[M::mem_pestat] (25, 50, 75) percentile: (209, 454, 1172)
[M::mem_pestat] low and high boundaries for computing mean and std.dev: (1, 3098)
[M::mem_pestat] mean and std.dev: (642.38, 517.41)
[M::mem_pestat] low and high boundaries for proper pairs: (1, 4061)
[M::mem_pestat] skip orientation FF
[M::mem_pestat] skip orientation RF
[M::mem_pestat] skip orientation RR
[M::mem_process_seqs] Processed 1066668 reads in 768.033 CPU sec, 49.362 real sec
[M::mem_pestat] # candidate unique pairs for (FF, FR, RF, RR): (31, 228217, 71, 29)
[M::mem_pestat] analyzing insert size distribution for orientation FF...
[M::mem_pestat] (25, 50, 75) percentile: (194, 301, 949)
[M::mem_pestat] low and high boundaries for computing mean and std.dev: (1, 2459)
[M::mem_pestat] mean and std.dev: (606.93, 596.81)
[M::mem_pestat] low and high boundaries for proper pairs: (1, 3214)
[M::mem_pestat] analyzing insert size distribution for orientation FR...
[M::mem_pestat] (25, 50, 75) percentile: (265, 349, 449)
[M::mem_pestat] low and high boundaries for computing mean and std.dev: (1, 817)
[M::mem_pestat] mean and std.dev: (357.99, 139.40)
[M::mem_pestat] low and high boundaries for proper pairs: (1, 1001)
[M::mem_pestat] analyzing insert size distribution for orientation RF...
[M::mem_pestat] (25, 50, 75) percentile: (316, 918, 3220)
[M::mem_pestat] low and high boundaries for computing mean and std.dev: (1, 9028)
[M::mem_pestat] mean and std.dev: (1946.32, 2309.23)
[M::mem_pestat] low and high boundaries for proper pairs: (1, 11932)
[M::mem_pestat] analyzing insert size distribution for orientation RR...
[M::mem_pestat] (25, 50, 75) percentile: (232, 451, 1746)
[M::mem_pestat] low and high boundaries for computing mean and std.dev: (1, 4774)
[M::mem_pestat] mean and std.dev: (937.83, 1065.65)
[M::mem_pestat] low and high boundaries for proper pairs: (1, 6288)
[M::mem_pestat] skip orientation FF
[M::mem_pestat] skip orientation RF
[M::mem_pestat] skip orientation RR
[M::process] read 1066668 sequences (160000200 bp)...
[M::mem_process_seqs] Processed 1066668 reads in 767.459 CPU sec, 49.952 real sec
[M::mem_pestat] # candidate unique pairs for (FF, FR, RF, RR): (46, 228052, 56, 27)
[M::mem_pestat] analyzing insert size distribution for orientation FF...
[M::mem_pestat] (25, 50, 75) percentile: (380, 807, 2374)
[M::mem_pestat] low and high boundaries for computing mean and std.dev: (1, 6362)
[M::mem_pestat] mean and std.dev: (1348.64, 1359.16)
[M::mem_pestat] low and high boundaries for proper pairs: (1, 8356)
[M::mem_pestat] analyzing insert size distribution for orientation FR...
[M::mem_pestat] (25, 50, 75) percentile: (264, 348, 447)
[M::mem_pestat] low and high boundaries for computing mean and std.dev: (1, 813)
[M::mem_pestat] mean and std.dev: (356.37, 138.49)
[M::mem_pestat] low and high boundaries for proper pairs: (1, 996)
[M::mem_pestat] analyzing insert size distribution for orientation RF...
[M::mem_pestat] (25, 50, 75) percentile: (271, 1417, 3761)
[M::mem_pestat] low and high boundaries for computing mean and std.dev: (1, 10741)
[M::mem_pestat] mean and std.dev: (2556.95, 3059.02)
[M::mem_pestat] low and high boundaries for proper pairs: (1, 14793)
[M::mem_pestat] analyzing insert size distribution for orientation RR...
[M::mem_pestat] (25, 50, 75) percentile: (250, 528, 1599)
[M::mem_pestat] low and high boundaries for computing mean and std.dev: (1, 4297)
[M::mem_pestat] mean and std.dev: (715.36, 663.97)
[M::mem_pestat] low and high boundaries for proper pairs: (1, 5646)
[M::mem_pestat] skip orientation FF
[M::mem_pestat] skip orientation RF
[M::mem_pestat] skip orientation RR
[M::process] read 1066668 sequences (160000200 bp)...
[M::mem_process_seqs] Processed 1066668 reads in 766.429 CPU sec, 49.642 real sec
[M::mem_pestat] # candidate unique pairs for (FF, FR, RF, RR): (41, 228643, 73, 59)
[M::mem_pestat] analyzing insert size distribution for orientation FF...
[M::mem_pestat] (25, 50, 75) percentile: (355, 592, 1770)
[M::mem_pestat] low and high boundaries for computing mean and std.dev: (1, 4600)
[M::mem_pestat] mean and std.dev: (976.80, 876.28)
[M::mem_pestat] low and high boundaries for proper pairs: (1, 6015)
[M::mem_pestat] analyzing insert size distribution for orientation FR...
[M::mem_pestat] (25, 50, 75) percentile: (269, 355, 455)
[M::mem_pestat] low and high boundaries for computing mean and std.dev: (1, 827)
[M::mem_pestat] mean and std.dev: (362.37, 139.73)
[M::mem_pestat] low and high boundaries for proper pairs: (1, 1013)
[M::mem_pestat] analyzing insert size distribution for orientation RF...
[M::mem_pestat] (25, 50, 75) percentile: (196, 1720, 6332)
[M::mem_pestat] low and high boundaries for computing mean and std.dev: (1, 18604)
[M::mem_pestat] mean and std.dev: (3050.93, 3233.38)
[M::mem_pestat] low and high boundaries for proper pairs: (1, 24740)
[M::mem_pestat] analyzing insert size distribution for orientation RR...
[M::mem_pestat] (25, 50, 75) percentile: (335, 475, 1413)
[M::mem_pestat] low and high boundaries for computing mean and std.dev: (1, 3569)
[M::mem_pestat] mean and std.dev: (791.26, 847.95)
[M::mem_pestat] low and high boundaries for proper pairs: (1, 4647)
[M::mem_pestat] skip orientation FF
[M::mem_pestat] skip orientation RF
[M::mem_pestat] skip orientation RR
[M::process] read 1066668 sequences (160000200 bp)...
[M::mem_process_seqs] Processed 1066668 reads in 750.772 CPU sec, 48.728 real sec
[M::mem_pestat] # candidate unique pairs for (FF, FR, RF, RR): (33, 228748, 87, 37)
[M::mem_pestat] analyzing insert size distribution for orientation FF...
[M::mem_pestat] (25, 50, 75) percentile: (200, 348, 1851)
[M::mem_pestat] low and high boundaries for computing mean and std.dev: (1, 5153)
[M::mem_pestat] mean and std.dev: (870.48, 911.04)
[M::mem_pestat] low and high boundaries for proper pairs: (1, 6804)
[M::mem_pestat] analyzing insert size distribution for orientation FR...
[M::mem_pestat] (25, 50, 75) percentile: (264, 348, 447)
[M::mem_pestat] low and high boundaries for computing mean and std.dev: (1, 813)
[M::mem_pestat] mean and std.dev: (356.00, 138.30)
[M::mem_pestat] low and high boundaries for proper pairs: (1, 996)
[M::mem_pestat] analyzing insert size distribution for orientation RF...
[M::mem_pestat] (25, 50, 75) percentile: (243, 892, 5918)
[M::mem_pestat] low and high boundaries for computing mean and std.dev: (1, 17268)
[M::mem_pestat] mean and std.dev: (2502.56, 2792.19)
[M::mem_pestat] low and high boundaries for proper pairs: (1, 22943)
[M::mem_pestat] analyzing insert size distribution for orientation RR...
[M::mem_pestat] (25, 50, 75) percentile: (271, 558, 1435)
[M::mem_pestat] low and high boundaries for computing mean and std.dev: (1, 3763)
[M::mem_pestat] mean and std.dev: (814.11, 665.89)
[M::mem_pestat] low and high boundaries for proper pairs: (1, 4927)
[M::mem_pestat] skip orientation FF
[M::mem_pestat] skip orientation RF
[M::mem_pestat] skip orientation RR
[M::process] read 1066668 sequences (160000200 bp)...
[M::mem_process_seqs] Processed 1066668 reads in 749.959 CPU sec, 48.574 real sec
[M::mem_pestat] # candidate unique pairs for (FF, FR, RF, RR): (38, 227839, 81, 36)
[M::mem_pestat] analyzing insert size distribution for orientation FF...
[M::mem_pestat] (25, 50, 75) percentile: (288, 511, 1474)
[M::mem_pestat] low and high boundaries for computing mean and std.dev: (1, 3846)
[M::mem_pestat] mean and std.dev: (613.47, 579.86)
[M::mem_pestat] low and high boundaries for proper pairs: (1, 5032)
[M::mem_pestat] analyzing insert size distribution for orientation FR...
[M::mem_pestat] (25, 50, 75) percentile: (267, 351, 451)
[M::mem_pestat] low and high boundaries for computing mean and std.dev: (1, 819)
[M::mem_pestat] mean and std.dev: (359.68, 139.57)
[M::mem_pestat] low and high boundaries for proper pairs: (1, 1003)
[M::mem_pestat] analyzing insert size distribution for orientation RF...
[M::mem_pestat] (25, 50, 75) percentile: (405, 1201, 5996)
[M::mem_pestat] low and high boundaries for computing mean and std.dev: (1, 17178)
[M::mem_pestat] mean and std.dev: (2938.57, 3133.59)
[M::mem_pestat] low and high boundaries for proper pairs: (1, 22769)
[M::mem_pestat] analyzing insert size distribution for orientation RR...
[M::mem_pestat] (25, 50, 75) percentile: (261, 526, 1672)
[M::mem_pestat] low and high boundaries for computing mean and std.dev: (1, 4494)
[M::mem_pestat] mean and std.dev: (882.64, 1087.94)
[M::mem_pestat] low and high boundaries for proper pairs: (1, 5905)
[M::mem_pestat] skip orientation FF
[M::mem_pestat] skip orientation RF
[M::mem_pestat] skip orientation RR
[M::process] read 1066668 sequences (160000200 bp)...
[M::mem_process_seqs] Processed 1066668 reads in 760.256 CPU sec, 49.328 real sec
[M::mem_pestat] # candidate unique pairs for (FF, FR, RF, RR): (27, 228483, 73, 46)
[M::mem_pestat] analyzing insert size distribution for orientation FF...
[M::mem_pestat] (25, 50, 75) percentile: (130, 294, 1864)
[M::mem_pestat] low and high boundaries for computing mean and std.dev: (1, 5332)
[M::mem_pestat] mean and std.dev: (991.00, 1184.09)
[M::mem_pestat] low and high boundaries for proper pairs: (1, 7066)
[M::mem_pestat] analyzing insert size distribution for orientation FR...
[M::mem_pestat] (25, 50, 75) percentile: (266, 350, 450)
[M::mem_pestat] low and high boundaries for computing mean and std.dev: (1, 818)
[M::mem_pestat] mean and std.dev: (359.20, 138.70)
[M::mem_pestat] low and high boundaries for proper pairs: (1, 1002)
[M::mem_pestat] analyzing insert size distribution for orientation RF...
[M::mem_pestat] (25, 50, 75) percentile: (177, 823, 2879)
[M::mem_pestat] low and high boundaries for computing mean and std.dev: (1, 8283)
[M::mem_pestat] mean and std.dev: (1657.66, 2060.69)
[M::mem_pestat] low and high boundaries for proper pairs: (1, 10985)
[M::mem_pestat] analyzing insert size distribution for orientation RR...
[M::mem_pestat] (25, 50, 75) percentile: (353, 644, 1568)
[M::mem_pestat] low and high boundaries for computing mean and std.dev: (1, 3998)
[M::mem_pestat] mean and std.dev: (856.67, 698.00)
[M::mem_pestat] low and high boundaries for proper pairs: (1, 5213)
[M::mem_pestat] skip orientation FF
[M::mem_pestat] skip orientation RF
[M::mem_pestat] skip orientation RR
[M::process] read 1066668 sequences (160000200 bp)...
[M::mem_process_seqs] Processed 1066668 reads in 766.785 CPU sec, 49.726 real sec
[M::mem_pestat] # candidate unique pairs for (FF, FR, RF, RR): (24, 228461, 65, 35)
[M::mem_pestat] analyzing insert size distribution for orientation FF...
[M::mem_pestat] (25, 50, 75) percentile: (274, 646, 1546)
[M::mem_pestat] low and high boundaries for computing mean and std.dev: (1, 4090)
[M::mem_pestat] mean and std.dev: (779.30, 722.00)
[M::mem_pestat] low and high boundaries for proper pairs: (1, 5362)
[M::mem_pestat] analyzing insert size distribution for orientation FR...
[M::mem_pestat] (25, 50, 75) percentile: (264, 348, 450)
[M::mem_pestat] low and high boundaries for computing mean and std.dev: (1, 822)
[M::mem_pestat] mean and std.dev: (357.97, 139.74)
[M::mem_pestat] low and high boundaries for proper pairs: (1, 1008)
[M::mem_pestat] analyzing insert size distribution for orientation RF...
[M::mem_pestat] (25, 50, 75) percentile: (195, 392, 4297)
[M::mem_pestat] low and high boundaries for computing mean and std.dev: (1, 12501)
[M::mem_pestat] mean and std.dev: (2083.46, 2830.50)
[M::mem_pestat] low and high boundaries for proper pairs: (1, 16603)
[M::mem_pestat] analyzing insert size distribution for orientation RR...
[M::mem_pestat] (25, 50, 75) percentile: (199, 299, 978)
[M::mem_pestat] low and high boundaries for computing mean and std.dev: (1, 2536)
[M::mem_pestat] mean and std.dev: (531.94, 448.07)
[M::mem_pestat] low and high boundaries for proper pairs: (1, 3315)
[M::mem_pestat] skip orientation FF
[M::mem_pestat] skip orientation RF
[M::mem_pestat] skip orientation RR
[M::process] read 1066668 sequences (160000200 bp)...
[M::mem_process_seqs] Processed 1066668 reads in 764.996 CPU sec, 49.639 real sec
[M::mem_pestat] # candidate unique pairs for (FF, FR, RF, RR): (37, 228041, 68, 32)
[M::mem_pestat] analyzing insert size distribution for orientation FF...
[M::mem_pestat] (25, 50, 75) percentile: (220, 437, 1863)
[M::mem_pestat] low and high boundaries for computing mean and std.dev: (1, 5149)
[M::mem_pestat] mean and std.dev: (818.64, 1081.09)
[M::mem_pestat] low and high boundaries for proper pairs: (1, 6792)
[M::mem_pestat] analyzing insert size distribution for orientation FR...
[M::mem_pestat] (25, 50, 75) percentile: (262, 346, 447)
[M::mem_pestat] low and high boundaries for computing mean and std.dev: (1, 817)
[M::mem_pestat] mean and std.dev: (355.62, 139.08)
[M::mem_pestat] low and high boundaries for proper pairs: (1, 1002)
[M::mem_pestat] analyzing insert size distribution for orientation RF...
[M::mem_pestat] (25, 50, 75) percentile: (272, 963, 4939)
[M::mem_pestat] low and high boundaries for computing mean and std.dev: (1, 14273)
[M::mem_pestat] mean and std.dev: (2731.21, 3301.03)
[M::mem_pestat] low and high boundaries for proper pairs: (1, 18940)
[M::mem_pestat] analyzing insert size distribution for orientation RR...
[M::mem_pestat] (25, 50, 75) percentile: (317, 446, 915)
[M::mem_pestat] low and high boundaries for computing mean and std.dev: (1, 2111)
[M::mem_pestat] mean and std.dev: (575.16, 385.23)
[M::mem_pestat] low and high boundaries for proper pairs: (1, 2709)
[M::mem_pestat] skip orientation FF
[M::mem_pestat] skip orientation RF
[M::mem_pestat] skip orientation RR
[M::process] read 1066668 sequences (160000200 bp)...
[M::mem_process_seqs] Processed 1066668 reads in 777.318 CPU sec, 50.259 real sec
[M::mem_pestat] # candidate unique pairs for (FF, FR, RF, RR): (45, 227145, 85, 27)
[M::mem_pestat] analyzing insert size distribution for orientation FF...
[M::mem_pestat] (25, 50, 75) percentile: (249, 334, 1073)
[M::mem_pestat] low and high boundaries for computing mean and std.dev: (1, 2721)
[M::mem_pestat] mean and std.dev: (637.52, 673.05)
[M::mem_pestat] low and high boundaries for proper pairs: (1, 3545)
[M::mem_pestat] analyzing insert size distribution for orientation FR...
[M::mem_pestat] (25, 50, 75) percentile: (263, 350, 453)
[M::mem_pestat] low and high boundaries for computing mean and std.dev: (1, 833)
[M::mem_pestat] mean and std.dev: (359.35, 141.59)
[M::mem_pestat] low and high boundaries for proper pairs: (1, 1023)
[M::mem_pestat] analyzing insert size distribution for orientation RF...
[M::mem_pestat] (25, 50, 75) percentile: (147, 725, 2701)
[M::mem_pestat] low and high boundaries for computing mean and std.dev: (1, 7809)
[M::mem_pestat] mean and std.dev: (1262.47, 1763.92)
[M::mem_pestat] low and high boundaries for proper pairs: (1, 10363)
[M::mem_pestat] analyzing insert size distribution for orientation RR...
[M::mem_pestat] (25, 50, 75) percentile: (232, 630, 1500)
[M::mem_pestat] low and high boundaries for computing mean and std.dev: (1, 4036)
[M::mem_pestat] mean and std.dev: (932.84, 937.06)
[M::mem_pestat] low and high boundaries for proper pairs: (1, 5304)
[M::mem_pestat] skip orientation FF
[M::mem_pestat] skip orientation RF
[M::mem_pestat] skip orientation RR
[M::process] read 1066668 sequences (160000200 bp)...
[M::mem_process_seqs] Processed 1066668 reads in 790.280 CPU sec, 51.323 real sec
[M::mem_pestat] # candidate unique pairs for (FF, FR, RF, RR): (30, 226072, 67, 34)
[M::mem_pestat] analyzing insert size distribution for orientation FF...
[M::mem_pestat] (25, 50, 75) percentile: (288, 362, 1337)
[M::mem_pestat] low and high boundaries for computing mean and std.dev: (1, 3435)
[M::mem_pestat] mean and std.dev: (743.93, 754.53)
[M::mem_pestat] low and high boundaries for proper pairs: (1, 4484)
[M::mem_pestat] analyzing insert size distribution for orientation FR...
[M::mem_pestat] (25, 50, 75) percentile: (272, 365, 478)
[M::mem_pestat] low and high boundaries for computing mean and std.dev: (1, 890)
[M::mem_pestat] mean and std.dev: (375.78, 150.55)
[M::mem_pestat] low and high boundaries for proper pairs: (1, 1096)
[M::mem_pestat] analyzing insert size distribution for orientation RF...
[M::mem_pestat] (25, 50, 75) percentile: (302, 1430, 3675)
[M::mem_pestat] low and high boundaries for computing mean and std.dev: (1, 10421)
[M::mem_pestat] mean and std.dev: (2653.81, 3069.91)
[M::mem_pestat] low and high boundaries for proper pairs: (1, 14933)
[M::mem_pestat] analyzing insert size distribution for orientation RR...
[M::mem_pestat] (25, 50, 75) percentile: (227, 400, 1115)
[M::mem_pestat] low and high boundaries for computing mean and std.dev: (1, 2891)
[M::mem_pestat] mean and std.dev: (453.00, 317.35)
[M::mem_pestat] low and high boundaries for proper pairs: (1, 3779)
[M::mem_pestat] skip orientation FF
[M::mem_pestat] skip orientation RF
[M::mem_pestat] skip orientation RR
[M::process] read 1066668 sequences (160000200 bp)...
[M::mem_process_seqs] Processed 1066668 reads in 778.630 CPU sec, 50.476 real sec
[M::mem_pestat] # candidate unique pairs for (FF, FR, RF, RR): (63, 226220, 74, 19)
[M::mem_pestat] analyzing insert size distribution for orientation FF...
[M::mem_pestat] (25, 50, 75) percentile: (362, 504, 1256)
[M::mem_pestat] low and high boundaries for computing mean and std.dev: (1, 3044)
[M::mem_pestat] mean and std.dev: (661.20, 512.02)
[M::mem_pestat] low and high boundaries for proper pairs: (1, 3938)
[M::mem_pestat] analyzing insert size distribution for orientation FR...
[M::mem_pestat] (25, 50, 75) percentile: (266, 357, 467)
[M::mem_pestat] low and high boundaries for computing mean and std.dev: (1, 869)
[M::mem_pestat] mean and std.dev: (367.50, 147.43)
[M::mem_pestat] low and high boundaries for proper pairs: (1, 1070)
[M::mem_pestat] analyzing insert size distribution for orientation RF...
[M::mem_pestat] (25, 50, 75) percentile: (101, 760, 3391)
[M::mem_pestat] low and high boundaries for computing mean and std.dev: (1, 9971)
[M::mem_pestat] mean and std.dev: (2115.89, 2632.80)
[M::mem_pestat] low and high boundaries for proper pairs: (1, 13261)
[M::mem_pestat] analyzing insert size distribution for orientation RR...
[M::mem_pestat] (25, 50, 75) percentile: (306, 622, 916)
[M::mem_pestat] low and high boundaries for computing mean and std.dev: (1, 2136)
[M::mem_pestat] mean and std.dev: (648.16, 458.52)
[M::mem_pestat] low and high boundaries for proper pairs: (1, 2746)
[M::mem_pestat] skip orientation FF
[M::mem_pestat] skip orientation RF
[M::mem_pestat] skip orientation RR
[M::process] read 1066668 sequences (160000200 bp)...
[M::mem_process_seqs] Processed 1066668 reads in 778.369 CPU sec, 50.292 real sec
[M::mem_pestat] # candidate unique pairs for (FF, FR, RF, RR): (39, 226655, 52, 39)
[M::mem_pestat] analyzing insert size distribution for orientation FF...
[M::mem_pestat] (25, 50, 75) percentile: (307, 390, 2731)
[M::mem_pestat] low and high boundaries for computing mean and std.dev: (1, 7579)
[M::mem_pestat] mean and std.dev: (1767.72, 2399.26)
[M::mem_pestat] low and high boundaries for proper pairs: (1, 11365)
[M::mem_pestat] analyzing insert size distribution for orientation FR...
[M::mem_pestat] (25, 50, 75) percentile: (266, 356, 463)
[M::mem_pestat] low and high boundaries for computing mean and std.dev: (1, 857)
[M::mem_pestat] mean and std.dev: (365.53, 145.63)
[M::mem_pestat] low and high boundaries for proper pairs: (1, 1054)
[M::mem_pestat] analyzing insert size distribution for orientation RF...
[M::mem_pestat] (25, 50, 75) percentile: (800, 1961, 5265)
[M::mem_pestat] low and high boundaries for computing mean and std.dev: (1, 14195)
[M::mem_pestat] mean and std.dev: (2737.94, 2451.23)
[M::mem_pestat] low and high boundaries for proper pairs: (1, 18660)
[M::mem_pestat] analyzing insert size distribution for orientation RR...
[M::mem_pestat] (25, 50, 75) percentile: (620, 2025, 4446)
[M::mem_pestat] low and high boundaries for computing mean and std.dev: (1, 12098)
[M::mem_pestat] mean and std.dev: (3310.56, 3288.19)
[M::mem_pestat] low and high boundaries for proper pairs: (1, 16463)
[M::mem_pestat] skip orientation FF
[M::mem_pestat] skip orientation RF
[M::mem_pestat] skip orientation RR
[M::process] read 1066668 sequences (160000200 bp)...
[M::mem_process_seqs] Processed 1066668 reads in 777.758 CPU sec, 50.327 real sec
[M::mem_pestat] # candidate unique pairs for (FF, FR, RF, RR): (33, 227636, 82, 49)
[M::mem_pestat] analyzing insert size distribution for orientation FF...
[M::mem_pestat] (25, 50, 75) percentile: (328, 487, 2312)
[M::mem_pestat] low and high boundaries for computing mean and std.dev: (1, 6280)
[M::mem_pestat] mean and std.dev: (1132.68, 1431.53)
[M::mem_pestat] low and high boundaries for proper pairs: (1, 8264)
[M::mem_pestat] analyzing insert size distribution for orientation FR...
[M::mem_pestat] (25, 50, 75) percentile: (270, 358, 466)
[M::mem_pestat] low and high boundaries for computing mean and std.dev: (1, 858)
[M::mem_pestat] mean and std.dev: (368.69, 145.97)
[M::mem_pestat] low and high boundaries for proper pairs: (1, 1054)
[M::mem_pestat] analyzing insert size distribution for orientation RF...
[M::mem_pestat] (25, 50, 75) percentile: (270, 1724, 4719)
[M::mem_pestat] low and high boundaries for computing mean and std.dev: (1, 13617)
[M::mem_pestat] mean and std.dev: (3021.32, 3097.61)
[M::mem_pestat] low and high boundaries for proper pairs: (1, 18066)
[M::mem_pestat] analyzing insert size distribution for orientation RR...
[M::mem_pestat] (25, 50, 75) percentile: (204, 402, 1441)
[M::mem_pestat] low and high boundaries for computing mean and std.dev: (1, 3915)
[M::mem_pestat] mean and std.dev: (611.32, 605.36)
[M::mem_pestat] low and high boundaries for proper pairs: (1, 5152)
[M::mem_pestat] skip orientation FF
[M::mem_pestat] skip orientation RF
[M::mem_pestat] skip orientation RR
[M::process] read 1066668 sequences (160000200 bp)...
[M::mem_process_seqs] Processed 1066668 reads in 778.639 CPU sec, 50.412 real sec
[M::mem_pestat] # candidate unique pairs for (FF, FR, RF, RR): (30, 227647, 70, 44)
[M::mem_pestat] analyzing insert size distribution for orientation FF...
[M::mem_pestat] (25, 50, 75) percentile: (329, 783, 1360)
[M::mem_pestat] low and high boundaries for computing mean and std.dev: (1, 3422)
[M::mem_pestat] mean and std.dev: (761.15, 561.00)
[M::mem_pestat] low and high boundaries for proper pairs: (1, 4453)
[M::mem_pestat] analyzing insert size distribution for orientation FR...
[M::mem_pestat] (25, 50, 75) percentile: (270, 358, 465)
[M::mem_pestat] low and high boundaries for computing mean and std.dev: (1, 855)
[M::mem_pestat] mean and std.dev: (368.53, 144.94)
[M::mem_pestat] low and high boundaries for proper pairs: (1, 1050)
[M::mem_pestat] analyzing insert size distribution for orientation RF...
[M::mem_pestat] (25, 50, 75) percentile: (248, 1275, 5279)
[M::mem_pestat] low and high boundaries for computing mean and std.dev: (1, 15341)
[M::mem_pestat] mean and std.dev: (2872.93, 3252.80)
[M::mem_pestat] low and high boundaries for proper pairs: (1, 20372)
[M::mem_pestat] analyzing insert size distribution for orientation RR...
[M::mem_pestat] (25, 50, 75) percentile: (267, 396, 665)
[M::mem_pestat] low and high boundaries for computing mean and std.dev: (1, 1461)
[M::mem_pestat] mean and std.dev: (399.92, 229.12)
[M::mem_pestat] low and high boundaries for proper pairs: (1, 1859)
[M::mem_pestat] skip orientation FF
[M::mem_pestat] skip orientation RF
[M::mem_pestat] skip orientation RR
[M::process] read 1066668 sequences (160000200 bp)...
[M::mem_process_seqs] Processed 1066668 reads in 787.027 CPU sec, 51.041 real sec
[M::mem_pestat] # candidate unique pairs for (FF, FR, RF, RR): (32, 226995, 85, 38)
[M::mem_pestat] analyzing insert size distribution for orientation FF...
[M::mem_pestat] (25, 50, 75) percentile: (366, 510, 866)
[M::mem_pestat] low and high boundaries for computing mean and std.dev: (1, 1866)
[M::mem_pestat] mean and std.dev: (458.00, 226.15)
[M::mem_pestat] low and high boundaries for proper pairs: (1, 2366)
[M::mem_pestat] analyzing insert size distribution for orientation FR...
[M::mem_pestat] (25, 50, 75) percentile: (270, 356, 463)
[M::mem_pestat] low and high boundaries for computing mean and std.dev: (1, 849)
[M::mem_pestat] mean and std.dev: (367.35, 144.41)
[M::mem_pestat] low and high boundaries for proper pairs: (1, 1042)
[M::mem_pestat] analyzing insert size distribution for orientation RF...
[M::mem_pestat] (25, 50, 75) percentile: (224, 1253, 3900)
[M::mem_pestat] low and high boundaries for computing mean and std.dev: (1, 11252)
[M::mem_pestat] mean and std.dev: (2538.33, 3034.86)
[M::mem_pestat] low and high boundaries for proper pairs: (1, 14928)
[M::mem_pestat] analyzing insert size distribution for orientation RR...
[M::mem_pestat] (25, 50, 75) percentile: (340, 615, 1929)
[M::mem_pestat] low and high boundaries for computing mean and std.dev: (1, 5107)
[M::mem_pestat] mean and std.dev: (974.47, 909.34)
[M::mem_pestat] low and high boundaries for proper pairs: (1, 6696)
[M::mem_pestat] skip orientation FF
[M::mem_pestat] skip orientation RF
[M::mem_pestat] skip orientation RR
[M::process] read 1066668 sequences (160000200 bp)...
[M::mem_process_seqs] Processed 1066668 reads in 784.821 CPU sec, 50.755 real sec
[M::mem_pestat] # candidate unique pairs for (FF, FR, RF, RR): (27, 227270, 85, 34)
[M::mem_pestat] analyzing insert size distribution for orientation FF...
[M::mem_pestat] (25, 50, 75) percentile: (228, 456, 1200)
[M::mem_pestat] low and high boundaries for computing mean and std.dev: (1, 3144)
[M::mem_pestat] mean and std.dev: (717.19, 609.14)
[M::mem_pestat] low and high boundaries for proper pairs: (1, 4116)
[M::mem_pestat] analyzing insert size distribution for orientation FR...
[M::mem_pestat] (25, 50, 75) percentile: (264, 352, 462)
[M::mem_pestat] low and high boundaries for computing mean and std.dev: (1, 858)
[M::mem_pestat] mean and std.dev: (364.70, 147.17)
[M::mem_pestat] low and high boundaries for proper pairs: (1, 1056)
[M::mem_pestat] analyzing insert size distribution for orientation RF...
[M::mem_pestat] (25, 50, 75) percentile: (870, 3444, 5710)
[M::mem_pestat] low and high boundaries for computing mean and std.dev: (1, 15390)
[M::mem_pestat] mean and std.dev: (3483.86, 2826.40)
[M::mem_pestat] low and high boundaries for proper pairs: (1, 20230)
[M::mem_pestat] analyzing insert size distribution for orientation RR...
[M::mem_pestat] (25, 50, 75) percentile: (275, 468, 2642)
[M::mem_pestat] low and high boundaries for computing mean and std.dev: (1, 7376)
[M::mem_pestat] mean and std.dev: (1763.35, 2225.84)
[M::mem_pestat] low and high boundaries for proper pairs: (1, 10667)
[M::mem_pestat] skip orientation FF
[M::mem_pestat] skip orientation RF
[M::mem_pestat] skip orientation RR
[M::process] read 1066668 sequences (160000200 bp)...
[M::mem_process_seqs] Processed 1066668 reads in 799.833 CPU sec, 51.809 real sec
[M::mem_pestat] # candidate unique pairs for (FF, FR, RF, RR): (26, 225490, 85, 23)
[M::mem_pestat] analyzing insert size distribution for orientation FF...
[M::mem_pestat] (25, 50, 75) percentile: (228, 415, 1392)
[M::mem_pestat] low and high boundaries for computing mean and std.dev: (1, 3720)
[M::mem_pestat] mean and std.dev: (668.28, 645.67)
[M::mem_pestat] low and high boundaries for proper pairs: (1, 4884)
[M::mem_pestat] analyzing insert size distribution for orientation FR...
[M::mem_pestat] (25, 50, 75) percentile: (264, 356, 470)
[M::mem_pestat] low and high boundaries for computing mean and std.dev: (1, 882)
[M::mem_pestat] mean and std.dev: (368.27, 150.82)
[M::mem_pestat] low and high boundaries for proper pairs: (1, 1088)
[M::mem_pestat] analyzing insert size distribution for orientation RF...
[M::mem_pestat] (25, 50, 75) percentile: (186, 819, 2050)
[M::mem_pestat] low and high boundaries for computing mean and std.dev: (1, 5778)
[M::mem_pestat] mean and std.dev: (1197.59, 1247.26)
[M::mem_pestat] low and high boundaries for proper pairs: (1, 7642)
[M::mem_pestat] analyzing insert size distribution for orientation RR...
[M::mem_pestat] (25, 50, 75) percentile: (382, 729, 1757)
[M::mem_pestat] low and high boundaries for computing mean and std.dev: (1, 4507)
[M::mem_pestat] mean and std.dev: (980.10, 1100.54)
[M::mem_pestat] low and high boundaries for proper pairs: (1, 5882)
[M::mem_pestat] skip orientation FF
[M::mem_pestat] skip orientation RF
[M::mem_pestat] skip orientation RR
[M::mem_process_seqs] Processed 1066668 reads in 782.801 CPU sec, 52.333 real sec
[M::process] read 1066668 sequences (160000200 bp)...
[M::mem_pestat] # candidate unique pairs for (FF, FR, RF, RR): (32, 226705, 67, 23)
[M::mem_pestat] analyzing insert size distribution for orientation FF...
[M::mem_pestat] (25, 50, 75) percentile: (278, 402, 585)
[M::mem_pestat] low and high boundaries for computing mean and std.dev: (1, 1199)
[M::mem_pestat] mean and std.dev: (385.39, 217.28)
[M::mem_pestat] low and high boundaries for proper pairs: (1, 1506)
[M::mem_pestat] analyzing insert size distribution for orientation FR...
[M::mem_pestat] (25, 50, 75) percentile: (264, 354, 466)
[M::mem_pestat] low and high boundaries for computing mean and std.dev: (1, 870)
[M::mem_pestat] mean and std.dev: (366.31, 148.67)
[M::mem_pestat] low and high boundaries for proper pairs: (1, 1072)
[M::mem_pestat] analyzing insert size distribution for orientation RF...
[M::mem_pestat] (25, 50, 75) percentile: (440, 880, 3708)
[M::mem_pestat] low and high boundaries for computing mean and std.dev: (1, 10244)
[M::mem_pestat] mean and std.dev: (2496.07, 2985.40)
[M::mem_pestat] low and high boundaries for proper pairs: (1, 14438)
[M::mem_pestat] analyzing insert size distribution for orientation RR...
[M::mem_pestat] (25, 50, 75) percentile: (242, 405, 1354)
[M::mem_pestat] low and high boundaries for computing mean and std.dev: (1, 3578)
[M::mem_pestat] mean and std.dev: (521.30, 498.61)
[M::mem_pestat] low and high boundaries for proper pairs: (1, 4690)
[M::mem_pestat] skip orientation FF
[M::mem_pestat] skip orientation RF
[M::mem_pestat] skip orientation RR
[M::process] read 1066668 sequences (160000200 bp)...
[M::mem_process_seqs] Processed 1066668 reads in 772.696 CPU sec, 49.624 real sec
[M::mem_pestat] # candidate unique pairs for (FF, FR, RF, RR): (34, 226029, 73, 30)
[M::mem_pestat] analyzing insert size distribution for orientation FF...
[M::mem_pestat] (25, 50, 75) percentile: (170, 464, 2487)
[M::mem_pestat] low and high boundaries for computing mean and std.dev: (1, 7121)
[M::mem_pestat] mean and std.dev: (1439.39, 1803.80)
[M::mem_pestat] low and high boundaries for proper pairs: (1, 9438)
[M::mem_pestat] analyzing insert size distribution for orientation FR...
[M::mem_pestat] (25, 50, 75) percentile: (265, 356, 466)
[M::mem_pestat] low and high boundaries for computing mean and std.dev: (1, 868)
[M::mem_pestat] mean and std.dev: (367.30, 148.05)
[M::mem_pestat] low and high boundaries for proper pairs: (1, 1069)
[M::mem_pestat] analyzing insert size distribution for orientation RF...
[M::mem_pestat] (25, 50, 75) percentile: (351, 2021, 6464)
[M::mem_pestat] low and high boundaries for computing mean and std.dev: (1, 18690)
[M::mem_pestat] mean and std.dev: (3179.82, 3077.54)
[M::mem_pestat] low and high boundaries for proper pairs: (1, 24803)
[M::mem_pestat] analyzing insert size distribution for orientation RR...
[M::mem_pestat] (25, 50, 75) percentile: (264, 475, 671)
[M::mem_pestat] low and high boundaries for computing mean and std.dev: (1, 1485)
[M::mem_pestat] mean and std.dev: (507.82, 305.56)
[M::mem_pestat] low and high boundaries for proper pairs: (1, 1892)
[M::mem_pestat] skip orientation FF
[M::mem_pestat] skip orientation RF
[M::mem_pestat] skip orientation RR
[M::process] read 1066668 sequences (160000200 bp)...
[M::mem_process_seqs] Processed 1066668 reads in 783.146 CPU sec, 50.814 real sec
[M::mem_pestat] # candidate unique pairs for (FF, FR, RF, RR): (35, 227085, 48, 24)
[M::mem_pestat] analyzing insert size distribution for orientation FF...
[M::mem_pestat] (25, 50, 75) percentile: (166, 370, 3050)
[M::mem_pestat] low and high boundaries for computing mean and std.dev: (1, 8818)
[M::mem_pestat] mean and std.dev: (1232.00, 1701.75)
[M::mem_pestat] low and high boundaries for proper pairs: (1, 11702)
[M::mem_pestat] analyzing insert size distribution for orientation FR...
[M::mem_pestat] (25, 50, 75) percentile: (271, 362, 475)
[M::mem_pestat] low and high boundaries for computing mean and std.dev: (1, 883)
[M::mem_pestat] mean and std.dev: (374.01, 150.41)
[M::mem_pestat] low and high boundaries for proper pairs: (1, 1087)
[M::mem_pestat] analyzing insert size distribution for orientation RF...
[M::mem_pestat] (25, 50, 75) percentile: (102, 493, 2147)
[M::mem_pestat] low and high boundaries for computing mean and std.dev: (1, 6237)
[M::mem_pestat] mean and std.dev: (1031.31, 1261.79)
[M::mem_pestat] low and high boundaries for proper pairs: (1, 8282)
[M::mem_pestat] analyzing insert size distribution for orientation RR...
[M::mem_pestat] (25, 50, 75) percentile: (278, 657, 1600)
[M::mem_pestat] low and high boundaries for computing mean and std.dev: (1, 4244)
[M::mem_pestat] mean and std.dev: (800.35, 700.96)
[M::mem_pestat] low and high boundaries for proper pairs: (1, 5566)
[M::mem_pestat] skip orientation FF
[M::mem_pestat] skip orientation RF
[M::mem_pestat] skip orientation RR
[M::process] read 1066668 sequences (160000200 bp)...
[M::mem_process_seqs] Processed 1066668 reads in 776.361 CPU sec, 50.471 real sec
[M::mem_pestat] # candidate unique pairs for (FF, FR, RF, RR): (48, 226972, 54, 45)
[M::mem_pestat] analyzing insert size distribution for orientation FF...
[M::mem_pestat] (25, 50, 75) percentile: (363, 676, 1654)
[M::mem_pestat] low and high boundaries for computing mean and std.dev: (1, 4236)
[M::mem_pestat] mean and std.dev: (693.02, 465.66)
[M::mem_pestat] low and high boundaries for proper pairs: (1, 5527)
[M::mem_pestat] analyzing insert size distribution for orientation FR...
[M::mem_pestat] (25, 50, 75) percentile: (270, 359, 469)
[M::mem_pestat] low and high boundaries for computing mean and std.dev: (1, 867)
[M::mem_pestat] mean and std.dev: (370.68, 147.39)
[M::mem_pestat] low and high boundaries for proper pairs: (1, 1066)
[M::mem_pestat] analyzing insert size distribution for orientation RF...
[M::mem_pestat] (25, 50, 75) percentile: (322, 963, 4941)
[M::mem_pestat] low and high boundaries for computing mean and std.dev: (1, 14179)
[M::mem_pestat] mean and std.dev: (2642.59, 3142.92)
[M::mem_pestat] low and high boundaries for proper pairs: (1, 18798)
[M::mem_pestat] analyzing insert size distribution for orientation RR...
[M::mem_pestat] (25, 50, 75) percentile: (327, 739, 1914)
[M::mem_pestat] low and high boundaries for computing mean and std.dev: (1, 5088)
[M::mem_pestat] mean and std.dev: (1106.54, 1157.21)
[M::mem_pestat] low and high boundaries for proper pairs: (1, 6675)
[M::mem_pestat] skip orientation FF
[M::mem_pestat] skip orientation RF
[M::mem_pestat] skip orientation RR
[M::process] read 1066668 sequences (160000200 bp)...
[M::mem_process_seqs] Processed 1066668 reads in 788.736 CPU sec, 50.992 real sec
[M::mem_pestat] # candidate unique pairs for (FF, FR, RF, RR): (12, 227065, 70, 36)
[M::mem_pestat] analyzing insert size distribution for orientation FF...
[M::mem_pestat] (25, 50, 75) percentile: (377, 844, 3752)
[M::mem_pestat] low and high boundaries for computing mean and std.dev: (1, 10502)
[M::mem_pestat] mean and std.dev: (2499.83, 3252.12)
[M::mem_pestat] low and high boundaries for proper pairs: (1, 15508)
[M::mem_pestat] analyzing insert size distribution for orientation FR...
[M::mem_pestat] (25, 50, 75) percentile: (270, 358, 468)
[M::mem_pestat] low and high boundaries for computing mean and std.dev: (1, 864)
[M::mem_pestat] mean and std.dev: (370.19, 147.14)
[M::mem_pestat] low and high boundaries for proper pairs: (1, 1062)
[M::mem_pestat] analyzing insert size distribution for orientation RF...
[M::mem_pestat] (25, 50, 75) percentile: (409, 1968, 5164)
[M::mem_pestat] low and high boundaries for computing mean and std.dev: (1, 14674)
[M::mem_pestat] mean and std.dev: (3134.43, 3237.73)
[M::mem_pestat] low and high boundaries for proper pairs: (1, 19429)
[M::mem_pestat] analyzing insert size distribution for orientation RR...
[M::mem_pestat] (25, 50, 75) percentile: (363, 940, 4220)
[M::mem_pestat] low and high boundaries for computing mean and std.dev: (1, 11934)
[M::mem_pestat] mean and std.dev: (2172.22, 2272.60)
[M::mem_pestat] low and high boundaries for proper pairs: (1, 15791)
[M::mem_pestat] skip orientation FF
[M::mem_pestat] skip orientation RF
[M::mem_pestat] skip orientation RR
[M::process] read 1066668 sequences (160000200 bp)...
[M::mem_process_seqs] Processed 1066668 reads in 782.748 CPU sec, 50.694 real sec
[M::mem_pestat] # candidate unique pairs for (FF, FR, RF, RR): (25, 226080, 88, 42)
[M::mem_pestat] analyzing insert size distribution for orientation FF...
[M::mem_pestat] (25, 50, 75) percentile: (163, 371, 986)
[M::mem_pestat] low and high boundaries for computing mean and std.dev: (1, 2632)
[M::mem_pestat] mean and std.dev: (484.59, 387.58)
[M::mem_pestat] low and high boundaries for proper pairs: (1, 3455)
[M::mem_pestat] analyzing insert size distribution for orientation FR...
[M::mem_pestat] (25, 50, 75) percentile: (262, 351, 461)
[M::mem_pestat] low and high boundaries for computing mean and std.dev: (1, 859)
[M::mem_pestat] mean and std.dev: (363.20, 147.99)
[M::mem_pestat] low and high boundaries for proper pairs: (1, 1058)
[M::mem_pestat] analyzing insert size distribution for orientation RF...
[M::mem_pestat] (25, 50, 75) percentile: (205, 1004, 5049)
[M::mem_pestat] low and high boundaries for computing mean and std.dev: (1, 14737)
[M::mem_pestat] mean and std.dev: (2607.95, 2937.74)
[M::mem_pestat] low and high boundaries for proper pairs: (1, 19581)
[M::mem_pestat] analyzing insert size distribution for orientation RR...
[M::mem_pestat] (25, 50, 75) percentile: (225, 522, 1645)
[M::mem_pestat] low and high boundaries for computing mean and std.dev: (1, 4485)
[M::mem_pestat] mean and std.dev: (956.67, 1061.07)
[M::mem_pestat] low and high boundaries for proper pairs: (1, 5905)
[M::mem_pestat] skip orientation FF
[M::mem_pestat] skip orientation RF
[M::mem_pestat] skip orientation RR
[M::process] read 1066668 sequences (160000200 bp)...
[M::mem_process_seqs] Processed 1066668 reads in 784.887 CPU sec, 50.830 real sec
[M::mem_pestat] # candidate unique pairs for (FF, FR, RF, RR): (42, 225301, 63, 43)
[M::mem_pestat] analyzing insert size distribution for orientation FF...
[M::mem_pestat] (25, 50, 75) percentile: (317, 532, 1615)
[M::mem_pestat] low and high boundaries for computing mean and std.dev: (1, 4211)
[M::mem_pestat] mean and std.dev: (1157.05, 1392.64)
[M::mem_pestat] low and high boundaries for proper pairs: (1, 6728)
[M::mem_pestat] analyzing insert size distribution for orientation FR...
[M::mem_pestat] (25, 50, 75) percentile: (263, 354, 467)
[M::mem_pestat] low and high boundaries for computing mean and std.dev: (1, 875)
[M::mem_pestat] mean and std.dev: (366.04, 149.69)
[M::mem_pestat] low and high boundaries for proper pairs: (1, 1079)
[M::mem_pestat] analyzing insert size distribution for orientation RF...
[M::mem_pestat] (25, 50, 75) percentile: (326, 1399, 6328)
[M::mem_pestat] low and high boundaries for computing mean and std.dev: (1, 18332)
[M::mem_pestat] mean and std.dev: (2970.76, 3090.30)
[M::mem_pestat] low and high boundaries for proper pairs: (1, 24334)
[M::mem_pestat] analyzing insert size distribution for orientation RR...
[M::mem_pestat] (25, 50, 75) percentile: (248, 522, 1944)
[M::mem_pestat] low and high boundaries for computing mean and std.dev: (1, 5336)
[M::mem_pestat] mean and std.dev: (1128.55, 1276.63)
[M::mem_pestat] low and high boundaries for proper pairs: (1, 7032)
[M::mem_pestat] skip orientation FF
[M::mem_pestat] skip orientation RF
[M::mem_pestat] skip orientation RR
[M::process] read 1066668 sequences (160000200 bp)...
[M::mem_process_seqs] Processed 1066668 reads in 783.099 CPU sec, 50.871 real sec
[M::mem_pestat] # candidate unique pairs for (FF, FR, RF, RR): (26, 225051, 64, 38)
[M::mem_pestat] analyzing insert size distribution for orientation FF...
[M::mem_pestat] (25, 50, 75) percentile: (181, 322, 492)
[M::mem_pestat] low and high boundaries for computing mean and std.dev: (1, 1114)
[M::mem_pestat] mean and std.dev: (298.55, 154.67)
[M::mem_pestat] low and high boundaries for proper pairs: (1, 1425)
[M::mem_pestat] analyzing insert size distribution for orientation FR...
[M::mem_pestat] (25, 50, 75) percentile: (258, 346, 455)
[M::mem_pestat] low and high boundaries for computing mean and std.dev: (1, 849)
[M::mem_pestat] mean and std.dev: (357.89, 146.33)
[M::mem_pestat] low and high boundaries for proper pairs: (1, 1046)
[M::mem_pestat] analyzing insert size distribution for orientation RF...
[M::mem_pestat] (25, 50, 75) percentile: (107, 2244, 6247)
[M::mem_pestat] low and high boundaries for computing mean and std.dev: (1, 18527)
[M::mem_pestat] mean and std.dev: (2853.75, 2909.70)
[M::mem_pestat] low and high boundaries for proper pairs: (1, 24667)
[M::mem_pestat] analyzing insert size distribution for orientation RR...
[M::mem_pestat] (25, 50, 75) percentile: (318, 546, 1619)
[M::mem_pestat] low and high boundaries for computing mean and std.dev: (1, 4221)
[M::mem_pestat] mean and std.dev: (499.50, 400.57)
[M::mem_pestat] low and high boundaries for proper pairs: (1, 5522)
[M::mem_pestat] skip orientation FF
[M::mem_pestat] skip orientation RF
[M::mem_pestat] skip orientation RR
[M::process] read 1066668 sequences (160000200 bp)...
[M::mem_process_seqs] Processed 1066668 reads in 778.275 CPU sec, 50.439 real sec
[M::mem_pestat] # candidate unique pairs for (FF, FR, RF, RR): (40, 226258, 63, 50)
[M::mem_pestat] analyzing insert size distribution for orientation FF...
[M::mem_pestat] (25, 50, 75) percentile: (350, 564, 1030)
[M::mem_pestat] low and high boundaries for computing mean and std.dev: (1, 2390)
[M::mem_pestat] mean and std.dev: (625.09, 518.21)
[M::mem_pestat] low and high boundaries for proper pairs: (1, 3070)
[M::mem_pestat] analyzing insert size distribution for orientation FR...
[M::mem_pestat] (25, 50, 75) percentile: (263, 353, 465)
[M::mem_pestat] low and high boundaries for computing mean and std.dev: (1, 869)
[M::mem_pestat] mean and std.dev: (365.38, 148.47)
[M::mem_pestat] low and high boundaries for proper pairs: (1, 1071)
[M::mem_pestat] analyzing insert size distribution for orientation RF...
[M::mem_pestat] (25, 50, 75) percentile: (505, 1384, 5151)
[M::mem_pestat] low and high boundaries for computing mean and std.dev: (1, 14443)
[M::mem_pestat] mean and std.dev: (2794.22, 3028.85)
[M::mem_pestat] low and high boundaries for proper pairs: (1, 19089)
[M::mem_pestat] analyzing insert size distribution for orientation RR...
[M::mem_pestat] (25, 50, 75) percentile: (241, 435, 1050)
[M::mem_pestat] low and high boundaries for computing mean and std.dev: (1, 2668)
[M::mem_pestat] mean and std.dev: (680.60, 679.16)
[M::mem_pestat] low and high boundaries for proper pairs: (1, 3477)
[M::mem_pestat] skip orientation FF
[M::mem_pestat] skip orientation RF
[M::mem_pestat] skip orientation RR
[M::process] read 1066668 sequences (160000200 bp)...
[M::mem_process_seqs] Processed 1066668 reads in 780.078 CPU sec, 50.591 real sec
[M::mem_pestat] # candidate unique pairs for (FF, FR, RF, RR): (24, 226424, 97, 32)
[M::mem_pestat] analyzing insert size distribution for orientation FF...
[M::mem_pestat] (25, 50, 75) percentile: (227, 395, 523)
[M::mem_pestat] low and high boundaries for computing mean and std.dev: (1, 1115)
[M::mem_pestat] mean and std.dev: (335.33, 196.44)
[M::mem_pestat] low and high boundaries for proper pairs: (1, 1411)
[M::mem_pestat] analyzing insert size distribution for orientation FR...
[M::mem_pestat] (25, 50, 75) percentile: (271, 362, 475)
[M::mem_pestat] low and high boundaries for computing mean and std.dev: (1, 883)
[M::mem_pestat] mean and std.dev: (374.05, 150.39)
[M::mem_pestat] low and high boundaries for proper pairs: (1, 1087)
[M::mem_pestat] analyzing insert size distribution for orientation RF...
[M::mem_pestat] (25, 50, 75) percentile: (379, 1481, 6224)
[M::mem_pestat] low and high boundaries for computing mean and std.dev: (1, 17914)
[M::mem_pestat] mean and std.dev: (3156.19, 3395.97)
[M::mem_pestat] low and high boundaries for proper pairs: (1, 23759)
[M::mem_pestat] analyzing insert size distribution for orientation RR...
[M::mem_pestat] (25, 50, 75) percentile: (417, 585, 1085)
[M::mem_pestat] low and high boundaries for computing mean and std.dev: (1, 2421)
[M::mem_pestat] mean and std.dev: (614.04, 384.87)
[M::mem_pestat] low and high boundaries for proper pairs: (1, 3089)
[M::mem_pestat] skip orientation FF
[M::mem_pestat] skip orientation RF
[M::mem_pestat] skip orientation RR
[M::process] read 1066668 sequences (160000200 bp)...
[M::mem_process_seqs] Processed 1066668 reads in 783.495 CPU sec, 50.740 real sec
[M::mem_pestat] # candidate unique pairs for (FF, FR, RF, RR): (42, 226686, 65, 43)
[M::mem_pestat] analyzing insert size distribution for orientation FF...
[M::mem_pestat] (25, 50, 75) percentile: (339, 1060, 2867)
[M::mem_pestat] low and high boundaries for computing mean and std.dev: (1, 7923)
[M::mem_pestat] mean and std.dev: (1780.83, 1930.29)
[M::mem_pestat] low and high boundaries for proper pairs: (1, 10451)
[M::mem_pestat] analyzing insert size distribution for orientation FR...
[M::mem_pestat] (25, 50, 75) percentile: (269, 358, 470)
[M::mem_pestat] low and high boundaries for computing mean and std.dev: (1, 872)
[M::mem_pestat] mean and std.dev: (370.19, 148.23)
[M::mem_pestat] low and high boundaries for proper pairs: (1, 1073)
[M::mem_pestat] analyzing insert size distribution for orientation RF...
[M::mem_pestat] (25, 50, 75) percentile: (236, 1782, 6110)
[M::mem_pestat] low and high boundaries for computing mean and std.dev: (1, 17858)
[M::mem_pestat] mean and std.dev: (2881.02, 3083.95)
[M::mem_pestat] low and high boundaries for proper pairs: (1, 23732)
[M::mem_pestat] analyzing insert size distribution for orientation RR...
[M::mem_pestat] (25, 50, 75) percentile: (271, 558, 1810)
[M::mem_pestat] low and high boundaries for computing mean and std.dev: (1, 4888)
[M::mem_pestat] mean and std.dev: (759.22, 788.20)
[M::mem_pestat] low and high boundaries for proper pairs: (1, 6427)
[M::mem_pestat] skip orientation FF
[M::mem_pestat] skip orientation RF
[M::mem_pestat] skip orientation RR
[M::process] read 1066668 sequences (160000200 bp)...
[M::mem_process_seqs] Processed 1066668 reads in 782.632 CPU sec, 50.594 real sec
[M::mem_pestat] # candidate unique pairs for (FF, FR, RF, RR): (46, 226797, 55, 39)
[M::mem_pestat] analyzing insert size distribution for orientation FF...
[M::mem_pestat] (25, 50, 75) percentile: (228, 430, 1542)
[M::mem_pestat] low and high boundaries for computing mean and std.dev: (1, 4170)
[M::mem_pestat] mean and std.dev: (703.91, 780.10)
[M::mem_pestat] low and high boundaries for proper pairs: (1, 5484)
[M::mem_pestat] analyzing insert size distribution for orientation FR...
[M::mem_pestat] (25, 50, 75) percentile: (268, 356, 465)
[M::mem_pestat] low and high boundaries for computing mean and std.dev: (1, 859)
[M::mem_pestat] mean and std.dev: (367.68, 146.71)
[M::mem_pestat] low and high boundaries for proper pairs: (1, 1056)
[M::mem_pestat] analyzing insert size distribution for orientation RF...
[M::mem_pestat] (25, 50, 75) percentile: (352, 1137, 3756)
[M::mem_pestat] low and high boundaries for computing mean and std.dev: (1, 10564)
[M::mem_pestat] mean and std.dev: (2422.04, 2810.57)
[M::mem_pestat] low and high boundaries for proper pairs: (1, 13968)
[M::mem_pestat] analyzing insert size distribution for orientation RR...
[M::mem_pestat] (25, 50, 75) percentile: (287, 595, 1228)
[M::mem_pestat] low and high boundaries for computing mean and std.dev: (1, 3110)
[M::mem_pestat] mean and std.dev: (692.84, 519.86)
[M::mem_pestat] low and high boundaries for proper pairs: (1, 4051)
[M::mem_pestat] skip orientation FF
[M::mem_pestat] skip orientation RF
[M::mem_pestat] skip orientation RR
[M::process] read 1066668 sequences (160000200 bp)...
[M::mem_process_seqs] Processed 1066668 reads in 799.485 CPU sec, 51.783 real sec
[M::mem_pestat] # candidate unique pairs for (FF, FR, RF, RR): (23, 225349, 91, 38)
[M::mem_pestat] analyzing insert size distribution for orientation FF...
[M::mem_pestat] (25, 50, 75) percentile: (224, 414, 752)
[M::mem_pestat] low and high boundaries for computing mean and std.dev: (1, 1808)
[M::mem_pestat] mean and std.dev: (363.72, 206.30)
[M::mem_pestat] low and high boundaries for proper pairs: (1, 2336)
[M::mem_pestat] analyzing insert size distribution for orientation FR...
[M::mem_pestat] (25, 50, 75) percentile: (263, 354, 466)
[M::mem_pestat] low and high boundaries for computing mean and std.dev: (1, 872)
[M::mem_pestat] mean and std.dev: (365.89, 149.47)
[M::mem_pestat] low and high boundaries for proper pairs: (1, 1075)
[M::mem_pestat] analyzing insert size distribution for orientation RF...
[M::mem_pestat] (25, 50, 75) percentile: (128, 402, 3606)
[M::mem_pestat] low and high boundaries for computing mean and std.dev: (1, 10562)
[M::mem_pestat] mean and std.dev: (2310.63, 3080.57)
[M::mem_pestat] low and high boundaries for proper pairs: (1, 14633)
[M::mem_pestat] analyzing insert size distribution for orientation RR...
[M::mem_pestat] (25, 50, 75) percentile: (399, 596, 2043)
[M::mem_pestat] low and high boundaries for computing mean and std.dev: (1, 5331)
[M::mem_pestat] mean and std.dev: (1031.61, 999.30)
[M::mem_pestat] low and high boundaries for proper pairs: (1, 6975)
[M::mem_pestat] skip orientation FF
[M::mem_pestat] skip orientation RF
[M::mem_pestat] skip orientation RR
[M::process] read 1066668 sequences (160000200 bp)...
[M::mem_process_seqs] Processed 1066668 reads in 788.723 CPU sec, 51.170 real sec
[M::process] read 1066668 sequences (160000200 bp)...
[M::mem_pestat] # candidate unique pairs for (FF, FR, RF, RR): (36, 224533, 101, 14)
[M::mem_pestat] analyzing insert size distribution for orientation FF...
[M::mem_pestat] (25, 50, 75) percentile: (284, 371, 892)
[M::mem_pestat] low and high boundaries for computing mean and std.dev: (1, 2108)
[M::mem_pestat] mean and std.dev: (469.85, 343.29)
[M::mem_pestat] low and high boundaries for proper pairs: (1, 2716)
[M::mem_pestat] analyzing insert size distribution for orientation FR...
[M::mem_pestat] (25, 50, 75) percentile: (261, 351, 462)
[M::mem_pestat] low and high boundaries for computing mean and std.dev: (1, 864)
[M::mem_pestat] mean and std.dev: (362.47, 148.04)
[M::mem_pestat] low and high boundaries for proper pairs: (1, 1065)
[M::mem_pestat] analyzing insert size distribution for orientation RF...
[M::mem_pestat] (25, 50, 75) percentile: (352, 1428, 6188)
[M::mem_pestat] low and high boundaries for computing mean and std.dev: (1, 17860)
[M::mem_pestat] mean and std.dev: (2909.25, 3264.99)
[M::mem_pestat] low and high boundaries for proper pairs: (1, 23696)
[M::mem_pestat] analyzing insert size distribution for orientation RR...
[M::mem_pestat] (25, 50, 75) percentile: (334, 460, 1682)
[M::mem_pestat] low and high boundaries for computing mean and std.dev: (1, 4378)
[M::mem_pestat] mean and std.dev: (781.42, 641.38)
[M::mem_pestat] low and high boundaries for proper pairs: (1, 5726)
[M::mem_pestat] skip orientation FF
[M::mem_pestat] skip orientation RF
[M::mem_pestat] skip orientation RR
[M::mem_process_seqs] Processed 1066668 reads in 781.134 CPU sec, 50.719 real sec
[M::mem_pestat] # candidate unique pairs for (FF, FR, RF, RR): (30, 225235, 68, 32)
[M::mem_pestat] analyzing insert size distribution for orientation FF...
[M::mem_pestat] (25, 50, 75) percentile: (196, 510, 1716)
[M::mem_pestat] low and high boundaries for computing mean and std.dev: (1, 4756)
[M::mem_pestat] mean and std.dev: (1074.23, 1326.06)
[M::mem_pestat] low and high boundaries for proper pairs: (1, 6378)
[M::mem_pestat] analyzing insert size distribution for orientation FR...
[M::mem_pestat] (25, 50, 75) percentile: (261, 352, 463)
[M::mem_pestat] low and high boundaries for computing mean and std.dev: (1, 867)
[M::mem_pestat] mean and std.dev: (363.61, 148.14)
[M::mem_pestat] low and high boundaries for proper pairs: (1, 1069)
[M::mem_pestat] analyzing insert size distribution for orientation RF...
[M::mem_pestat] (25, 50, 75) percentile: (371, 1197, 3664)
[M::mem_pestat] low and high boundaries for computing mean and std.dev: (1, 10250)
[M::mem_pestat] mean and std.dev: (2650.35, 3212.46)
[M::mem_pestat] low and high boundaries for proper pairs: (1, 15500)
[M::mem_pestat] analyzing insert size distribution for orientation RR...
[M::mem_pestat] (25, 50, 75) percentile: (374, 661, 966)
[M::mem_pestat] low and high boundaries for computing mean and std.dev: (1, 2150)
[M::mem_pestat] mean and std.dev: (710.09, 446.50)
[M::mem_pestat] low and high boundaries for proper pairs: (1, 2742)
[M::mem_pestat] skip orientation FF
[M::mem_pestat] skip orientation RF
[M::mem_pestat] skip orientation RR
[M::process] read 1066668 sequences (160000200 bp)...
[M::mem_process_seqs] Processed 1066668 reads in 783.988 CPU sec, 50.610 real sec
[M::mem_pestat] # candidate unique pairs for (FF, FR, RF, RR): (25, 226967, 74, 25)
[M::mem_pestat] analyzing insert size distribution for orientation FF...
[M::mem_pestat] (25, 50, 75) percentile: (271, 642, 2194)
[M::mem_pestat] low and high boundaries for computing mean and std.dev: (1, 6040)
[M::mem_pestat] mean and std.dev: (1244.60, 1338.35)
[M::mem_pestat] low and high boundaries for proper pairs: (1, 7963)
[M::mem_pestat] analyzing insert size distribution for orientation FR...
[M::mem_pestat] (25, 50, 75) percentile: (266, 355, 464)
[M::mem_pestat] low and high boundaries for computing mean and std.dev: (1, 860)
[M::mem_pestat] mean and std.dev: (366.68, 147.48)
[M::mem_pestat] low and high boundaries for proper pairs: (1, 1058)
[M::mem_pestat] analyzing insert size distribution for orientation RF...
[M::mem_pestat] (25, 50, 75) percentile: (385, 2294, 6579)
[M::mem_pestat] low and high boundaries for computing mean and std.dev: (1, 18967)
[M::mem_pestat] mean and std.dev: (3374.74, 3290.03)
[M::mem_pestat] low and high boundaries for proper pairs: (1, 25161)
[M::mem_pestat] analyzing insert size distribution for orientation RR...
[M::mem_pestat] (25, 50, 75) percentile: (166, 273, 1364)
[M::mem_pestat] low and high boundaries for computing mean and std.dev: (1, 3760)
[M::mem_pestat] mean and std.dev: (656.68, 767.55)
[M::mem_pestat] low and high boundaries for proper pairs: (1, 4958)
[M::mem_pestat] skip orientation FF
[M::mem_pestat] skip orientation RF
[M::mem_pestat] skip orientation RR
[M::process] read 1066668 sequences (160000200 bp)...
[M::mem_process_seqs] Processed 1066668 reads in 776.245 CPU sec, 50.187 real sec
[M::mem_pestat] # candidate unique pairs for (FF, FR, RF, RR): (25, 226422, 68, 34)
[M::mem_pestat] analyzing insert size distribution for orientation FF...
[M::mem_pestat] (25, 50, 75) percentile: (173, 426, 895)
[M::mem_pestat] low and high boundaries for computing mean and std.dev: (1, 2339)
[M::mem_pestat] mean and std.dev: (524.04, 432.64)
[M::mem_pestat] low and high boundaries for proper pairs: (1, 3061)
[M::mem_pestat] analyzing insert size distribution for orientation FR...
[M::mem_pestat] (25, 50, 75) percentile: (268, 356, 467)
[M::mem_pestat] low and high boundaries for computing mean and std.dev: (1, 865)
[M::mem_pestat] mean and std.dev: (368.83, 147.52)
[M::mem_pestat] low and high boundaries for proper pairs: (1, 1064)
[M::mem_pestat] analyzing insert size distribution for orientation RF...
[M::mem_pestat] (25, 50, 75) percentile: (459, 1041, 5364)
[M::mem_pestat] low and high boundaries for computing mean and std.dev: (1, 15174)
[M::mem_pestat] mean and std.dev: (2861.21, 2982.25)
[M::mem_pestat] low and high boundaries for proper pairs: (1, 20079)
[M::mem_pestat] analyzing insert size distribution for orientation RR...
[M::mem_pestat] (25, 50, 75) percentile: (230, 277, 1041)
[M::mem_pestat] low and high boundaries for computing mean and std.dev: (1, 2663)
[M::mem_pestat] mean and std.dev: (466.57, 363.81)
[M::mem_pestat] low and high boundaries for proper pairs: (1, 3474)
[M::mem_pestat] skip orientation FF
[M::mem_pestat] skip orientation RF
[M::mem_pestat] skip orientation RR
[M::process] read 1066668 sequences (160000200 bp)...
[M::mem_process_seqs] Processed 1066668 reads in 788.455 CPU sec, 51.011 real sec
[M::mem_pestat] # candidate unique pairs for (FF, FR, RF, RR): (31, 226443, 65, 22)
[M::mem_pestat] analyzing insert size distribution for orientation FF...
[M::mem_pestat] (25, 50, 75) percentile: (406, 673, 1000)
[M::mem_pestat] low and high boundaries for computing mean and std.dev: (1, 2188)
[M::mem_pestat] mean and std.dev: (672.89, 434.70)
[M::mem_pestat] low and high boundaries for proper pairs: (1, 2782)
[M::mem_pestat] analyzing insert size distribution for orientation FR...
[M::mem_pestat] (25, 50, 75) percentile: (267, 354, 461)
[M::mem_pestat] low and high boundaries for computing mean and std.dev: (1, 849)
[M::mem_pestat] mean and std.dev: (365.15, 144.48)
[M::mem_pestat] low and high boundaries for proper pairs: (1, 1043)
[M::mem_pestat] analyzing insert size distribution for orientation RF...
[M::mem_pestat] (25, 50, 75) percentile: (175, 1868, 4095)
[M::mem_pestat] low and high boundaries for computing mean and std.dev: (1, 11935)
[M::mem_pestat] mean and std.dev: (2494.72, 2603.57)
[M::mem_pestat] low and high boundaries for proper pairs: (1, 15855)
[M::mem_pestat] analyzing insert size distribution for orientation RR...
[M::mem_pestat] (25, 50, 75) percentile: (158, 436, 579)
[M::mem_pestat] low and high boundaries for computing mean and std.dev: (1, 1421)
[M::mem_pestat] mean and std.dev: (435.15, 357.38)
[M::mem_pestat] low and high boundaries for proper pairs: (1, 1865)
[M::mem_pestat] skip orientation FF
[M::mem_pestat] skip orientation RF
[M::mem_pestat] skip orientation RR
[M::mem_process_seqs] Processed 1066668 reads in 784.276 CPU sec, 52.276 real sec
[M::process] read 1032140 sequences (154821000 bp)...
[M::mem_pestat] # candidate unique pairs for (FF, FR, RF, RR): (38, 219247, 73, 22)
[M::mem_pestat] analyzing insert size distribution for orientation FF...
[M::mem_pestat] (25, 50, 75) percentile: (250, 631, 1759)
[M::mem_pestat] low and high boundaries for computing mean and std.dev: (1, 4777)
[M::mem_pestat] mean and std.dev: (936.37, 865.29)
[M::mem_pestat] low and high boundaries for proper pairs: (1, 6286)
[M::mem_pestat] analyzing insert size distribution for orientation FR...
[M::mem_pestat] (25, 50, 75) percentile: (270, 356, 463)
[M::mem_pestat] low and high boundaries for computing mean and std.dev: (1, 849)
[M::mem_pestat] mean and std.dev: (367.49, 144.85)
[M::mem_pestat] low and high boundaries for proper pairs: (1, 1042)
[M::mem_pestat] analyzing insert size distribution for orientation RF...
[M::mem_pestat] (25, 50, 75) percentile: (137, 782, 3877)
[M::mem_pestat] low and high boundaries for computing mean and std.dev: (1, 11357)
[M::mem_pestat] mean and std.dev: (2381.01, 3147.33)
[M::mem_pestat] low and high boundaries for proper pairs: (1, 15097)
[M::mem_pestat] analyzing insert size distribution for orientation RR...
[M::mem_pestat] (25, 50, 75) percentile: (394, 559, 1383)
[M::mem_pestat] low and high boundaries for computing mean and std.dev: (1, 3361)
[M::mem_pestat] mean and std.dev: (564.06, 373.03)
[M::mem_pestat] low and high boundaries for proper pairs: (1, 4350)
[M::mem_pestat] skip orientation FF
[M::mem_pestat] skip orientation RF
[M::mem_pestat] skip orientation RR
[M::mem_process_seqs] Processed 1032140 reads in 753.661 CPU sec, 48.446 real sec
[main] Version: 0.7.19-r1273
[main] CMD: bwa mem -t 16 -R @RG\tID:MB_3a\tSM:MB_3a\tLB:MB_3a\tPL:ILLUMINA output/05_realign_xbOstLuri2/reference/GCA_061535525.1_xbOstLuri2_USDA-ARS_PSRF_primary_genomic.fna data/raw/MB_3a_S35_L004_R1_001.fastq.gz data/raw/MB_3a_S35_L004_R2_001.fastq.gz
[main] Real time: 2890.482 sec; CPU: 44072.983 sec
[bam_sort_core] merging from 3 files and 8 in-memory blocks...
end 2026-09-27T14:35:52Z sample=MB_3a
