/opt/ohpc/admin/lmod/lmod/init/bash: line 93: LD_LIBRARY_PATH: unbound variable
start 2026-09-27T14:08:37Z host n3437 sample=NS18_Sequim_Wild_7 location=NS18_Sequim_Wild
[M::bwa_idx_load_from_disk] read 0 ALT contigs
[M::process] read 1066668 sequences (160000200 bp)...
[M::process] read 1066668 sequences (160000200 bp)...
[M::mem_pestat] # candidate unique pairs for (FF, FR, RF, RR): (41, 234034, 68, 25)
[M::mem_pestat] analyzing insert size distribution for orientation FF...
[M::mem_pestat] (25, 50, 75) percentile: (161, 222, 1343)
[M::mem_pestat] low and high boundaries for computing mean and std.dev: (1, 3707)
[M::mem_pestat] mean and std.dev: (536.19, 733.51)
[M::mem_pestat] low and high boundaries for proper pairs: (1, 4889)
[M::mem_pestat] analyzing insert size distribution for orientation FR...
[M::mem_pestat] (25, 50, 75) percentile: (185, 255, 328)
[M::mem_pestat] low and high boundaries for computing mean and std.dev: (1, 614)
[M::mem_pestat] mean and std.dev: (259.99, 103.57)
[M::mem_pestat] low and high boundaries for proper pairs: (1, 757)
[M::mem_pestat] analyzing insert size distribution for orientation RF...
[M::mem_pestat] (25, 50, 75) percentile: (142, 525, 3269)
[M::mem_pestat] low and high boundaries for computing mean and std.dev: (1, 9523)
[M::mem_pestat] mean and std.dev: (2024.22, 2843.43)
[M::mem_pestat] low and high boundaries for proper pairs: (1, 13398)
[M::mem_pestat] analyzing insert size distribution for orientation RR...
[M::mem_pestat] (25, 50, 75) percentile: (177, 326, 747)
[M::mem_pestat] low and high boundaries for computing mean and std.dev: (1, 1887)
[M::mem_pestat] mean and std.dev: (384.82, 287.65)
[M::mem_pestat] low and high boundaries for proper pairs: (1, 2457)
[M::mem_pestat] skip orientation FF
[M::mem_pestat] skip orientation RF
[M::mem_pestat] skip orientation RR
[M::mem_process_seqs] Processed 1066668 reads in 722.130 CPU sec, 48.219 real sec
[M::mem_pestat] # candidate unique pairs for (FF, FR, RF, RR): (25, 234734, 75, 15)
[M::mem_pestat] analyzing insert size distribution for orientation FF...
[M::mem_pestat] (25, 50, 75) percentile: (138, 425, 2507)
[M::mem_pestat] low and high boundaries for computing mean and std.dev: (1, 7245)
[M::mem_pestat] mean and std.dev: (962.78, 1507.49)
[M::mem_pestat] low and high boundaries for proper pairs: (1, 9614)
[M::mem_pestat] analyzing insert size distribution for orientation FR...
[M::mem_pestat] (25, 50, 75) percentile: (189, 259, 333)
[M::mem_pestat] low and high boundaries for computing mean and std.dev: (1, 621)
[M::mem_pestat] mean and std.dev: (264.07, 105.06)
[M::mem_pestat] low and high boundaries for proper pairs: (1, 765)
[M::mem_pestat] analyzing insert size distribution for orientation RF...
[M::mem_pestat] (25, 50, 75) percentile: (185, 1241, 5130)
[M::mem_pestat] low and high boundaries for computing mean and std.dev: (1, 15020)
[M::mem_pestat] mean and std.dev: (2711.80, 3081.60)
[M::mem_pestat] low and high boundaries for proper pairs: (1, 19965)
[M::mem_pestat] analyzing insert size distribution for orientation RR...
[M::mem_pestat] (25, 50, 75) percentile: (197, 292, 832)
[M::mem_pestat] low and high boundaries for computing mean and std.dev: (1, 2102)
[M::mem_pestat] mean and std.dev: (451.62, 446.46)
[M::mem_pestat] low and high boundaries for proper pairs: (1, 2737)
[M::mem_pestat] skip orientation FF
[M::mem_pestat] skip orientation RF
[M::mem_pestat] skip orientation RR
[M::process] read 1066668 sequences (160000200 bp)...
[M::mem_process_seqs] Processed 1066668 reads in 727.846 CPU sec, 47.115 real sec
[M::mem_pestat] # candidate unique pairs for (FF, FR, RF, RR): (28, 234325, 68, 28)
[M::mem_pestat] analyzing insert size distribution for orientation FF...
[M::mem_pestat] (25, 50, 75) percentile: (189, 294, 1496)
[M::mem_pestat] low and high boundaries for computing mean and std.dev: (1, 4110)
[M::mem_pestat] mean and std.dev: (667.12, 704.48)
[M::mem_pestat] low and high boundaries for proper pairs: (1, 5417)
[M::mem_pestat] analyzing insert size distribution for orientation FR...
[M::mem_pestat] (25, 50, 75) percentile: (188, 257, 329)
[M::mem_pestat] low and high boundaries for computing mean and std.dev: (1, 611)
[M::mem_pestat] mean and std.dev: (261.58, 103.42)
[M::mem_pestat] low and high boundaries for proper pairs: (1, 752)
[M::mem_pestat] analyzing insert size distribution for orientation RF...
[M::mem_pestat] (25, 50, 75) percentile: (107, 415, 3991)
[M::mem_pestat] low and high boundaries for computing mean and std.dev: (1, 11759)
[M::mem_pestat] mean and std.dev: (2283.71, 2678.77)
[M::mem_pestat] low and high boundaries for proper pairs: (1, 15643)
[M::mem_pestat] analyzing insert size distribution for orientation RR...
[M::mem_pestat] (25, 50, 75) percentile: (196, 267, 512)
[M::mem_pestat] low and high boundaries for computing mean and std.dev: (1, 1144)
[M::mem_pestat] mean and std.dev: (308.96, 207.65)
[M::mem_pestat] low and high boundaries for proper pairs: (1, 1460)
[M::mem_pestat] skip orientation FF
[M::mem_pestat] skip orientation RF
[M::mem_pestat] skip orientation RR
[M::process] read 1066668 sequences (160000200 bp)...
[M::mem_process_seqs] Processed 1066668 reads in 731.707 CPU sec, 47.335 real sec
[M::mem_pestat] # candidate unique pairs for (FF, FR, RF, RR): (23, 234534, 85, 22)
[M::mem_pestat] analyzing insert size distribution for orientation FF...
[M::mem_pestat] (25, 50, 75) percentile: (140, 246, 1770)
[M::mem_pestat] low and high boundaries for computing mean and std.dev: (1, 5030)
[M::mem_pestat] mean and std.dev: (912.91, 1287.96)
[M::mem_pestat] low and high boundaries for proper pairs: (1, 6660)
[M::mem_pestat] analyzing insert size distribution for orientation FR...
[M::mem_pestat] (25, 50, 75) percentile: (188, 256, 329)
[M::mem_pestat] low and high boundaries for computing mean and std.dev: (1, 611)
[M::mem_pestat] mean and std.dev: (261.64, 103.40)
[M::mem_pestat] low and high boundaries for proper pairs: (1, 752)
[M::mem_pestat] analyzing insert size distribution for orientation RF...
[M::mem_pestat] (25, 50, 75) percentile: (127, 1018, 4523)
[M::mem_pestat] low and high boundaries for computing mean and std.dev: (1, 13315)
[M::mem_pestat] mean and std.dev: (2466.62, 2996.07)
[M::mem_pestat] low and high boundaries for proper pairs: (1, 17711)
[M::mem_pestat] analyzing insert size distribution for orientation RR...
[M::mem_pestat] (25, 50, 75) percentile: (149, 401, 1010)
[M::mem_pestat] low and high boundaries for computing mean and std.dev: (1, 2732)
[M::mem_pestat] mean and std.dev: (522.00, 395.06)
[M::mem_pestat] low and high boundaries for proper pairs: (1, 3593)
[M::mem_pestat] skip orientation FF
[M::mem_pestat] skip orientation RF
[M::mem_pestat] skip orientation RR
[M::process] read 1066668 sequences (160000200 bp)...
[M::mem_process_seqs] Processed 1066668 reads in 738.713 CPU sec, 47.773 real sec
[M::mem_pestat] # candidate unique pairs for (FF, FR, RF, RR): (30, 235315, 61, 17)
[M::mem_pestat] analyzing insert size distribution for orientation FF...
[M::mem_pestat] (25, 50, 75) percentile: (144, 232, 1039)
[M::mem_pestat] low and high boundaries for computing mean and std.dev: (1, 2829)
[M::mem_pestat] mean and std.dev: (393.44, 404.29)
[M::mem_pestat] low and high boundaries for proper pairs: (1, 3724)
[M::mem_pestat] analyzing insert size distribution for orientation FR...
[M::mem_pestat] (25, 50, 75) percentile: (188, 256, 329)
[M::mem_pestat] low and high boundaries for computing mean and std.dev: (1, 611)
[M::mem_pestat] mean and std.dev: (261.91, 103.28)
[M::mem_pestat] low and high boundaries for proper pairs: (1, 752)
[M::mem_pestat] analyzing insert size distribution for orientation RF...
[M::mem_pestat] (25, 50, 75) percentile: (101, 566, 4560)
[M::mem_pestat] low and high boundaries for computing mean and std.dev: (1, 13478)
[M::mem_pestat] mean and std.dev: (2377.64, 3094.00)
[M::mem_pestat] low and high boundaries for proper pairs: (1, 17937)
[M::mem_pestat] analyzing insert size distribution for orientation RR...
[M::mem_pestat] (25, 50, 75) percentile: (181, 272, 1120)
[M::mem_pestat] low and high boundaries for computing mean and std.dev: (1, 2998)
[M::mem_pestat] mean and std.dev: (505.73, 626.09)
[M::mem_pestat] low and high boundaries for proper pairs: (1, 3937)
[M::mem_pestat] skip orientation FF
[M::mem_pestat] skip orientation RF
[M::mem_pestat] skip orientation RR
[M::process] read 1066668 sequences (160000200 bp)...
[M::mem_process_seqs] Processed 1066668 reads in 748.798 CPU sec, 48.372 real sec
[M::mem_pestat] # candidate unique pairs for (FF, FR, RF, RR): (21, 234833, 87, 27)
[M::mem_pestat] analyzing insert size distribution for orientation FF...
[M::mem_pestat] (25, 50, 75) percentile: (126, 195, 4169)
[M::mem_pestat] low and high boundaries for computing mean and std.dev: (1, 12255)
[M::mem_pestat] mean and std.dev: (1771.05, 2909.01)
[M::mem_pestat] low and high boundaries for proper pairs: (1, 16298)
[M::mem_pestat] analyzing insert size distribution for orientation FR...
[M::mem_pestat] (25, 50, 75) percentile: (187, 254, 325)
[M::mem_pestat] low and high boundaries for computing mean and std.dev: (1, 601)
[M::mem_pestat] mean and std.dev: (259.14, 101.64)
[M::mem_pestat] low and high boundaries for proper pairs: (1, 739)
[M::mem_pestat] analyzing insert size distribution for orientation RF...
[M::mem_pestat] (25, 50, 75) percentile: (143, 467, 2016)
[M::mem_pestat] low and high boundaries for computing mean and std.dev: (1, 5762)
[M::mem_pestat] mean and std.dev: (805.67, 1042.65)
[M::mem_pestat] low and high boundaries for proper pairs: (1, 7635)
[M::mem_pestat] analyzing insert size distribution for orientation RR...
[M::mem_pestat] (25, 50, 75) percentile: (200, 408, 687)
[M::mem_pestat] low and high boundaries for computing mean and std.dev: (1, 1661)
[M::mem_pestat] mean and std.dev: (431.08, 297.80)
[M::mem_pestat] low and high boundaries for proper pairs: (1, 2148)
[M::mem_pestat] skip orientation FF
[M::mem_pestat] skip orientation RF
[M::mem_pestat] skip orientation RR
[M::process] read 1066668 sequences (160000200 bp)...
[M::mem_process_seqs] Processed 1066668 reads in 738.156 CPU sec, 47.606 real sec
[M::mem_pestat] # candidate unique pairs for (FF, FR, RF, RR): (35, 233857, 77, 23)
[M::mem_pestat] analyzing insert size distribution for orientation FF...
[M::mem_pestat] (25, 50, 75) percentile: (201, 256, 645)
[M::mem_pestat] low and high boundaries for computing mean and std.dev: (1, 1533)
[M::mem_pestat] mean and std.dev: (333.78, 263.04)
[M::mem_pestat] low and high boundaries for proper pairs: (1, 1977)
[M::mem_pestat] analyzing insert size distribution for orientation FR...
[M::mem_pestat] (25, 50, 75) percentile: (186, 254, 326)
[M::mem_pestat] low and high boundaries for computing mean and std.dev: (1, 606)
[M::mem_pestat] mean and std.dev: (259.30, 102.23)
[M::mem_pestat] low and high boundaries for proper pairs: (1, 746)
[M::mem_pestat] analyzing insert size distribution for orientation RF...
[M::mem_pestat] (25, 50, 75) percentile: (58, 240, 1120)
[M::mem_pestat] low and high boundaries for computing mean and std.dev: (1, 3244)
[M::mem_pestat] mean and std.dev: (596.82, 829.96)
[M::mem_pestat] low and high boundaries for proper pairs: (1, 4306)
[M::mem_pestat] analyzing insert size distribution for orientation RR...
[M::mem_pestat] (25, 50, 75) percentile: (181, 603, 1408)
[M::mem_pestat] low and high boundaries for computing mean and std.dev: (1, 3862)
[M::mem_pestat] mean and std.dev: (899.73, 993.24)
[M::mem_pestat] low and high boundaries for proper pairs: (1, 5089)
[M::mem_pestat] skip orientation FF
[M::mem_pestat] skip orientation RF
[M::mem_pestat] skip orientation RR
[M::process] read 1066668 sequences (160000200 bp)...
[M::mem_process_seqs] Processed 1066668 reads in 743.893 CPU sec, 48.042 real sec
[M::mem_pestat] # candidate unique pairs for (FF, FR, RF, RR): (20, 233545, 66, 27)
[M::mem_pestat] analyzing insert size distribution for orientation FF...
[M::mem_pestat] (25, 50, 75) percentile: (258, 857, 3559)
[M::mem_pestat] low and high boundaries for computing mean and std.dev: (1, 10161)
[M::mem_pestat] mean and std.dev: (1504.25, 1700.73)
[M::mem_pestat] low and high boundaries for proper pairs: (1, 13462)
[M::mem_pestat] analyzing insert size distribution for orientation FR...
[M::mem_pestat] (25, 50, 75) percentile: (183, 254, 330)
[M::mem_pestat] low and high boundaries for computing mean and std.dev: (1, 624)
[M::mem_pestat] mean and std.dev: (260.52, 106.09)
[M::mem_pestat] low and high boundaries for proper pairs: (1, 771)
[M::mem_pestat] analyzing insert size distribution for orientation RF...
[M::mem_pestat] (25, 50, 75) percentile: (142, 1335, 5984)
[M::mem_pestat] low and high boundaries for computing mean and std.dev: (1, 17668)
[M::mem_pestat] mean and std.dev: (3024.74, 3402.01)
[M::mem_pestat] low and high boundaries for proper pairs: (1, 23510)
[M::mem_pestat] analyzing insert size distribution for orientation RR...
[M::mem_pestat] (25, 50, 75) percentile: (214, 308, 452)
[M::mem_pestat] low and high boundaries for computing mean and std.dev: (1, 928)
[M::mem_pestat] mean and std.dev: (262.00, 133.23)
[M::mem_pestat] low and high boundaries for proper pairs: (1, 1166)
[M::mem_pestat] skip orientation FF
[M::mem_pestat] skip orientation RF
[M::mem_pestat] skip orientation RR
[M::process] read 1066668 sequences (160000200 bp)...
[M::mem_process_seqs] Processed 1066668 reads in 730.174 CPU sec, 47.219 real sec
[M::mem_pestat] # candidate unique pairs for (FF, FR, RF, RR): (17, 234888, 57, 18)
[M::mem_pestat] analyzing insert size distribution for orientation FF...
[M::mem_pestat] (25, 50, 75) percentile: (183, 232, 786)
[M::mem_pestat] low and high boundaries for computing mean and std.dev: (1, 1992)
[M::mem_pestat] mean and std.dev: (345.27, 316.97)
[M::mem_pestat] low and high boundaries for proper pairs: (1, 2595)
[M::mem_pestat] analyzing insert size distribution for orientation FR...
[M::mem_pestat] (25, 50, 75) percentile: (187, 258, 334)
[M::mem_pestat] low and high boundaries for computing mean and std.dev: (1, 628)
[M::mem_pestat] mean and std.dev: (263.72, 106.36)
[M::mem_pestat] low and high boundaries for proper pairs: (1, 775)
[M::mem_pestat] analyzing insert size distribution for orientation RF...
[M::mem_pestat] (25, 50, 75) percentile: (188, 1098, 4546)
[M::mem_pestat] low and high boundaries for computing mean and std.dev: (1, 13262)
[M::mem_pestat] mean and std.dev: (2692.93, 3052.56)
[M::mem_pestat] low and high boundaries for proper pairs: (1, 17620)
[M::mem_pestat] analyzing insert size distribution for orientation RR...
[M::mem_pestat] (25, 50, 75) percentile: (141, 316, 632)
[M::mem_pestat] low and high boundaries for computing mean and std.dev: (1, 1614)
[M::mem_pestat] mean and std.dev: (324.12, 262.14)
[M::mem_pestat] low and high boundaries for proper pairs: (1, 2105)
[M::mem_pestat] skip orientation FF
[M::mem_pestat] skip orientation RF
[M::mem_pestat] skip orientation RR
[M::process] read 1066668 sequences (160000200 bp)...
[M::mem_process_seqs] Processed 1066668 reads in 730.133 CPU sec, 47.144 real sec
[M::mem_pestat] # candidate unique pairs for (FF, FR, RF, RR): (36, 235020, 71, 17)
[M::mem_pestat] analyzing insert size distribution for orientation FF...
[M::mem_pestat] (25, 50, 75) percentile: (83, 363, 686)
[M::mem_pestat] low and high boundaries for computing mean and std.dev: (1, 1892)
[M::mem_pestat] mean and std.dev: (312.94, 275.08)
[M::mem_pestat] low and high boundaries for proper pairs: (1, 2495)
[M::mem_pestat] analyzing insert size distribution for orientation FR...
[M::mem_pestat] (25, 50, 75) percentile: (186, 255, 329)
[M::mem_pestat] low and high boundaries for computing mean and std.dev: (1, 615)
[M::mem_pestat] mean and std.dev: (261.11, 104.37)
[M::mem_pestat] low and high boundaries for proper pairs: (1, 758)
[M::mem_pestat] analyzing insert size distribution for orientation RF...
[M::mem_pestat] (25, 50, 75) percentile: (93, 336, 3551)
[M::mem_pestat] low and high boundaries for computing mean and std.dev: (1, 10467)
[M::mem_pestat] mean and std.dev: (2136.13, 3135.58)
[M::mem_pestat] low and high boundaries for proper pairs: (1, 14678)
[M::mem_pestat] analyzing insert size distribution for orientation RR...
[M::mem_pestat] (25, 50, 75) percentile: (210, 389, 1045)
[M::mem_pestat] low and high boundaries for computing mean and std.dev: (1, 2715)
[M::mem_pestat] mean and std.dev: (429.36, 348.63)
[M::mem_pestat] low and high boundaries for proper pairs: (1, 3550)
[M::mem_pestat] skip orientation FF
[M::mem_pestat] skip orientation RF
[M::mem_pestat] skip orientation RR
[M::process] read 1066668 sequences (160000200 bp)...
[M::mem_process_seqs] Processed 1066668 reads in 729.594 CPU sec, 47.013 real sec
[M::mem_pestat] # candidate unique pairs for (FF, FR, RF, RR): (25, 233772, 68, 33)
[M::mem_pestat] analyzing insert size distribution for orientation FF...
[M::mem_pestat] (25, 50, 75) percentile: (234, 256, 1853)
[M::mem_pestat] low and high boundaries for computing mean and std.dev: (1, 5091)
[M::mem_pestat] mean and std.dev: (788.48, 935.88)
[M::mem_pestat] low and high boundaries for proper pairs: (1, 6710)
[M::mem_pestat] analyzing insert size distribution for orientation FR...
[M::mem_pestat] (25, 50, 75) percentile: (187, 256, 330)
[M::mem_pestat] low and high boundaries for computing mean and std.dev: (1, 616)
[M::mem_pestat] mean and std.dev: (261.99, 104.21)
[M::mem_pestat] low and high boundaries for proper pairs: (1, 759)
[M::mem_pestat] analyzing insert size distribution for orientation RF...
[M::mem_pestat] (25, 50, 75) percentile: (79, 683, 4357)
[M::mem_pestat] low and high boundaries for computing mean and std.dev: (1, 12913)
[M::mem_pestat] mean and std.dev: (2294.66, 3018.88)
[M::mem_pestat] low and high boundaries for proper pairs: (1, 17191)
[M::mem_pestat] analyzing insert size distribution for orientation RR...
[M::mem_pestat] (25, 50, 75) percentile: (192, 347, 2879)
[M::mem_pestat] low and high boundaries for computing mean and std.dev: (1, 8253)
[M::mem_pestat] mean and std.dev: (1725.66, 2799.39)
[M::mem_pestat] low and high boundaries for proper pairs: (1, 12923)
[M::mem_pestat] skip orientation FF
[M::mem_pestat] skip orientation RF
[M::mem_pestat] skip orientation RR
[M::process] read 1066668 sequences (160000200 bp)...
[M::mem_process_seqs] Processed 1066668 reads in 738.368 CPU sec, 47.639 real sec
[M::mem_pestat] # candidate unique pairs for (FF, FR, RF, RR): (30, 234337, 73, 19)
[M::mem_pestat] analyzing insert size distribution for orientation FF...
[M::mem_pestat] (25, 50, 75) percentile: (192, 420, 838)
[M::mem_pestat] low and high boundaries for computing mean and std.dev: (1, 2130)
[M::mem_pestat] mean and std.dev: (455.85, 414.50)
[M::mem_pestat] low and high boundaries for proper pairs: (1, 2776)
[M::mem_pestat] analyzing insert size distribution for orientation FR...
[M::mem_pestat] (25, 50, 75) percentile: (187, 255, 329)
[M::mem_pestat] low and high boundaries for computing mean and std.dev: (1, 613)
[M::mem_pestat] mean and std.dev: (261.03, 103.92)
[M::mem_pestat] low and high boundaries for proper pairs: (1, 755)
[M::mem_pestat] analyzing insert size distribution for orientation RF...
[M::mem_pestat] (25, 50, 75) percentile: (89, 747, 4075)
[M::mem_pestat] low and high boundaries for computing mean and std.dev: (1, 12047)
[M::mem_pestat] mean and std.dev: (2174.30, 2806.87)
[M::mem_pestat] low and high boundaries for proper pairs: (1, 16033)
[M::mem_pestat] analyzing insert size distribution for orientation RR...
[M::mem_pestat] (25, 50, 75) percentile: (241, 348, 1192)
[M::mem_pestat] low and high boundaries for computing mean and std.dev: (1, 3094)
[M::mem_pestat] mean and std.dev: (453.80, 339.79)
[M::mem_pestat] low and high boundaries for proper pairs: (1, 4045)
[M::mem_pestat] skip orientation FF
[M::mem_pestat] skip orientation RF
[M::mem_pestat] skip orientation RR
[M::process] read 1066668 sequences (160000200 bp)...
[M::mem_process_seqs] Processed 1066668 reads in 740.935 CPU sec, 47.841 real sec
[M::mem_pestat] # candidate unique pairs for (FF, FR, RF, RR): (22, 234142, 62, 13)
[M::mem_pestat] analyzing insert size distribution for orientation FF...
[M::mem_pestat] (25, 50, 75) percentile: (189, 475, 2803)
[M::mem_pestat] low and high boundaries for computing mean and std.dev: (1, 8031)
[M::mem_pestat] mean and std.dev: (1296.40, 1987.45)
[M::mem_pestat] low and high boundaries for proper pairs: (1, 10645)
[M::mem_pestat] analyzing insert size distribution for orientation FR...
[M::mem_pestat] (25, 50, 75) percentile: (186, 254, 326)
[M::mem_pestat] low and high boundaries for computing mean and std.dev: (1, 606)
[M::mem_pestat] mean and std.dev: (259.31, 102.50)
[M::mem_pestat] low and high boundaries for proper pairs: (1, 746)
[M::mem_pestat] analyzing insert size distribution for orientation RF...
[M::mem_pestat] (25, 50, 75) percentile: (171, 2956, 4942)
[M::mem_pestat] low and high boundaries for computing mean and std.dev: (1, 14484)
[M::mem_pestat] mean and std.dev: (3307.16, 3199.94)
[M::mem_pestat] low and high boundaries for proper pairs: (1, 19255)
[M::mem_pestat] analyzing insert size distribution for orientation RR...
[M::mem_pestat] (25, 50, 75) percentile: (139, 184, 679)
[M::mem_pestat] low and high boundaries for computing mean and std.dev: (1, 1759)
[M::mem_pestat] mean and std.dev: (254.73, 195.21)
[M::mem_pestat] low and high boundaries for proper pairs: (1, 2299)
[M::mem_pestat] skip orientation FF
[M::mem_pestat] skip orientation RF
[M::mem_pestat] skip orientation RR
[M::process] read 1066668 sequences (160000200 bp)...
[M::mem_process_seqs] Processed 1066668 reads in 738.874 CPU sec, 47.641 real sec
[M::mem_pestat] # candidate unique pairs for (FF, FR, RF, RR): (27, 234450, 71, 20)
[M::mem_pestat] analyzing insert size distribution for orientation FF...
[M::mem_pestat] (25, 50, 75) percentile: (156, 251, 649)
[M::mem_pestat] low and high boundaries for computing mean and std.dev: (1, 1635)
[M::mem_pestat] mean and std.dev: (260.90, 164.34)
[M::mem_pestat] low and high boundaries for proper pairs: (1, 2128)
[M::mem_pestat] analyzing insert size distribution for orientation FR...
[M::mem_pestat] (25, 50, 75) percentile: (183, 252, 324)
[M::mem_pestat] low and high boundaries for computing mean and std.dev: (1, 606)
[M::mem_pestat] mean and std.dev: (257.43, 102.98)
[M::mem_pestat] low and high boundaries for proper pairs: (1, 747)
[M::mem_pestat] analyzing insert size distribution for orientation RF...
[M::mem_pestat] (25, 50, 75) percentile: (156, 598, 3480)
[M::mem_pestat] low and high boundaries for computing mean and std.dev: (1, 10128)
[M::mem_pestat] mean and std.dev: (2228.10, 3027.71)
[M::mem_pestat] low and high boundaries for proper pairs: (1, 14339)
[M::mem_pestat] analyzing insert size distribution for orientation RR...
[M::mem_pestat] (25, 50, 75) percentile: (219, 360, 577)
[M::mem_pestat] low and high boundaries for computing mean and std.dev: (1, 1293)
[M::mem_pestat] mean and std.dev: (333.83, 197.13)
[M::mem_pestat] low and high boundaries for proper pairs: (1, 1651)
[M::mem_pestat] skip orientation FF
[M::mem_pestat] skip orientation RF
[M::mem_pestat] skip orientation RR
[M::process] read 1066668 sequences (160000200 bp)...
[M::mem_process_seqs] Processed 1066668 reads in 746.725 CPU sec, 48.138 real sec
[M::mem_pestat] # candidate unique pairs for (FF, FR, RF, RR): (23, 233961, 69, 23)
[M::mem_pestat] analyzing insert size distribution for orientation FF...
[M::mem_pestat] (25, 50, 75) percentile: (223, 335, 401)
[M::mem_pestat] low and high boundaries for computing mean and std.dev: (1, 757)
[M::mem_pestat] mean and std.dev: (269.42, 108.06)
[M::mem_pestat] low and high boundaries for proper pairs: (1, 935)
[M::mem_pestat] analyzing insert size distribution for orientation FR...
[M::mem_pestat] (25, 50, 75) percentile: (183, 254, 329)
[M::mem_pestat] low and high boundaries for computing mean and std.dev: (1, 621)
[M::mem_pestat] mean and std.dev: (259.87, 105.72)
[M::mem_pestat] low and high boundaries for proper pairs: (1, 767)
[M::mem_pestat] analyzing insert size distribution for orientation RF...
[M::mem_pestat] (25, 50, 75) percentile: (155, 355, 3974)
[M::mem_pestat] low and high boundaries for computing mean and std.dev: (1, 11612)
[M::mem_pestat] mean and std.dev: (2283.62, 3119.68)
[M::mem_pestat] low and high boundaries for proper pairs: (1, 15431)
[M::mem_pestat] analyzing insert size distribution for orientation RR...
[M::mem_pestat] (25, 50, 75) percentile: (237, 338, 1790)
[M::mem_pestat] low and high boundaries for computing mean and std.dev: (1, 4896)
[M::mem_pestat] mean and std.dev: (738.67, 1034.75)
[M::mem_pestat] low and high boundaries for proper pairs: (1, 6449)
[M::mem_pestat] skip orientation FF
[M::mem_pestat] skip orientation RF
[M::mem_pestat] skip orientation RR
[M::process] read 1066668 sequences (160000200 bp)...
[M::mem_process_seqs] Processed 1066668 reads in 731.338 CPU sec, 47.155 real sec
[M::mem_pestat] # candidate unique pairs for (FF, FR, RF, RR): (16, 234567, 69, 25)
[M::mem_pestat] analyzing insert size distribution for orientation FF...
[M::mem_pestat] (25, 50, 75) percentile: (173, 348, 844)
[M::mem_pestat] low and high boundaries for computing mean and std.dev: (1, 2186)
[M::mem_pestat] mean and std.dev: (339.31, 290.18)
[M::mem_pestat] low and high boundaries for proper pairs: (1, 2857)
[M::mem_pestat] analyzing insert size distribution for orientation FR...
[M::mem_pestat] (25, 50, 75) percentile: (185, 255, 329)
[M::mem_pestat] low and high boundaries for computing mean and std.dev: (1, 617)
[M::mem_pestat] mean and std.dev: (260.35, 104.60)
[M::mem_pestat] low and high boundaries for proper pairs: (1, 761)
[M::mem_pestat] analyzing insert size distribution for orientation RF...
[M::mem_pestat] (25, 50, 75) percentile: (358, 1190, 4884)
[M::mem_pestat] low and high boundaries for computing mean and std.dev: (1, 13936)
[M::mem_pestat] mean and std.dev: (2715.35, 2843.20)
[M::mem_pestat] low and high boundaries for proper pairs: (1, 18462)
[M::mem_pestat] analyzing insert size distribution for orientation RR...
[M::mem_pestat] (25, 50, 75) percentile: (144, 203, 590)
[M::mem_pestat] low and high boundaries for computing mean and std.dev: (1, 1482)
[M::mem_pestat] mean and std.dev: (318.91, 298.77)
[M::mem_pestat] low and high boundaries for proper pairs: (1, 1928)
[M::mem_pestat] skip orientation FF
[M::mem_pestat] skip orientation RF
[M::mem_pestat] skip orientation RR
[M::process] read 1066668 sequences (160000200 bp)...
[M::mem_process_seqs] Processed 1066668 reads in 730.437 CPU sec, 47.113 real sec
[M::mem_pestat] # candidate unique pairs for (FF, FR, RF, RR): (29, 234804, 58, 30)
[M::mem_pestat] analyzing insert size distribution for orientation FF...
[M::mem_pestat] (25, 50, 75) percentile: (167, 309, 862)
[M::mem_pestat] low and high boundaries for computing mean and std.dev: (1, 2252)
[M::mem_pestat] mean and std.dev: (457.27, 450.92)
[M::mem_pestat] low and high boundaries for proper pairs: (1, 2947)
[M::mem_pestat] analyzing insert size distribution for orientation FR...
[M::mem_pestat] (25, 50, 75) percentile: (184, 253, 327)
[M::mem_pestat] low and high boundaries for computing mean and std.dev: (1, 613)
[M::mem_pestat] mean and std.dev: (258.94, 103.95)
[M::mem_pestat] low and high boundaries for proper pairs: (1, 756)
[M::mem_pestat] analyzing insert size distribution for orientation RF...
[M::mem_pestat] (25, 50, 75) percentile: (142, 538, 2134)
[M::mem_pestat] low and high boundaries for computing mean and std.dev: (1, 6118)
[M::mem_pestat] mean and std.dev: (910.13, 1231.33)
[M::mem_pestat] low and high boundaries for proper pairs: (1, 8110)
[M::mem_pestat] analyzing insert size distribution for orientation RR...
[M::mem_pestat] (25, 50, 75) percentile: (226, 451, 1521)
[M::mem_pestat] low and high boundaries for computing mean and std.dev: (1, 4111)
[M::mem_pestat] mean and std.dev: (801.34, 779.10)
[M::mem_pestat] low and high boundaries for proper pairs: (1, 5406)
[M::mem_pestat] skip orientation FF
[M::mem_pestat] skip orientation RF
[M::mem_pestat] skip orientation RR
[M::process] read 1066668 sequences (160000200 bp)...
[M::mem_process_seqs] Processed 1066668 reads in 736.503 CPU sec, 47.487 real sec
[M::mem_pestat] # candidate unique pairs for (FF, FR, RF, RR): (33, 234742, 75, 16)
[M::mem_pestat] analyzing insert size distribution for orientation FF...
[M::mem_pestat] (25, 50, 75) percentile: (217, 346, 1764)
[M::mem_pestat] low and high boundaries for computing mean and std.dev: (1, 4858)
[M::mem_pestat] mean and std.dev: (894.50, 1130.58)
[M::mem_pestat] low and high boundaries for proper pairs: (1, 6405)
[M::mem_pestat] analyzing insert size distribution for orientation FR...
[M::mem_pestat] (25, 50, 75) percentile: (184, 253, 326)
[M::mem_pestat] low and high boundaries for computing mean and std.dev: (1, 610)
[M::mem_pestat] mean and std.dev: (258.34, 103.40)
[M::mem_pestat] low and high boundaries for proper pairs: (1, 752)
[M::mem_pestat] analyzing insert size distribution for orientation RF...
[M::mem_pestat] (25, 50, 75) percentile: (144, 792, 3959)
[M::mem_pestat] low and high boundaries for computing mean and std.dev: (1, 11589)
[M::mem_pestat] mean and std.dev: (2090.32, 2670.13)
[M::mem_pestat] low and high boundaries for proper pairs: (1, 15404)
[M::mem_pestat] analyzing insert size distribution for orientation RR...
[M::mem_pestat] (25, 50, 75) percentile: (199, 346, 3574)
[M::mem_pestat] low and high boundaries for computing mean and std.dev: (1, 10324)
[M::mem_pestat] mean and std.dev: (2284.44, 3266.68)
[M::mem_pestat] low and high boundaries for proper pairs: (1, 15351)
[M::mem_pestat] skip orientation FF
[M::mem_pestat] skip orientation RF
[M::mem_pestat] skip orientation RR
[M::process] read 1066668 sequences (160000200 bp)...
[M::mem_process_seqs] Processed 1066668 reads in 738.108 CPU sec, 47.619 real sec
[M::mem_pestat] # candidate unique pairs for (FF, FR, RF, RR): (22, 234587, 53, 28)
[M::mem_pestat] analyzing insert size distribution for orientation FF...
[M::mem_pestat] (25, 50, 75) percentile: (137, 763, 913)
[M::mem_pestat] low and high boundaries for computing mean and std.dev: (1, 2465)
[M::mem_pestat] mean and std.dev: (645.25, 685.68)
[M::mem_pestat] low and high boundaries for proper pairs: (1, 3388)
[M::mem_pestat] analyzing insert size distribution for orientation FR...
[M::mem_pestat] (25, 50, 75) percentile: (187, 254, 327)
[M::mem_pestat] low and high boundaries for computing mean and std.dev: (1, 607)
[M::mem_pestat] mean and std.dev: (259.81, 103.04)
[M::mem_pestat] low and high boundaries for proper pairs: (1, 747)
[M::mem_pestat] analyzing insert size distribution for orientation RF...
[M::mem_pestat] (25, 50, 75) percentile: (132, 263, 1462)
[M::mem_pestat] low and high boundaries for computing mean and std.dev: (1, 4122)
[M::mem_pestat] mean and std.dev: (648.08, 881.79)
[M::mem_pestat] low and high boundaries for proper pairs: (1, 5452)
[M::mem_pestat] analyzing insert size distribution for orientation RR...
[M::mem_pestat] (25, 50, 75) percentile: (246, 528, 1751)
[M::mem_pestat] low and high boundaries for computing mean and std.dev: (1, 4761)
[M::mem_pestat] mean and std.dev: (860.64, 956.66)
[M::mem_pestat] low and high boundaries for proper pairs: (1, 6266)
[M::mem_pestat] skip orientation FF
[M::mem_pestat] skip orientation RF
[M::mem_pestat] skip orientation RR
[M::mem_process_seqs] Processed 1066668 reads in 736.946 CPU sec, 48.168 real sec
[M::process] read 1066668 sequences (160000200 bp)...
[M::mem_pestat] # candidate unique pairs for (FF, FR, RF, RR): (25, 233901, 58, 26)
[M::mem_pestat] analyzing insert size distribution for orientation FF...
[M::mem_pestat] (25, 50, 75) percentile: (215, 289, 1251)
[M::mem_pestat] low and high boundaries for computing mean and std.dev: (1, 3323)
[M::mem_pestat] mean and std.dev: (513.41, 559.90)
[M::mem_pestat] low and high boundaries for proper pairs: (1, 4359)
[M::mem_pestat] analyzing insert size distribution for orientation FR...
[M::mem_pestat] (25, 50, 75) percentile: (186, 254, 326)
[M::mem_pestat] low and high boundaries for computing mean and std.dev: (1, 606)
[M::mem_pestat] mean and std.dev: (259.28, 102.82)
[M::mem_pestat] low and high boundaries for proper pairs: (1, 746)
[M::mem_pestat] analyzing insert size distribution for orientation RF...
[M::mem_pestat] (25, 50, 75) percentile: (137, 413, 2817)
[M::mem_pestat] low and high boundaries for computing mean and std.dev: (1, 8177)
[M::mem_pestat] mean and std.dev: (1601.20, 2169.09)
[M::mem_pestat] low and high boundaries for proper pairs: (1, 10857)
[M::mem_pestat] analyzing insert size distribution for orientation RR...
[M::mem_pestat] (25, 50, 75) percentile: (236, 385, 1529)
[M::mem_pestat] low and high boundaries for computing mean and std.dev: (1, 4115)
[M::mem_pestat] mean and std.dev: (990.76, 1115.54)
[M::mem_pestat] low and high boundaries for proper pairs: (1, 5453)
[M::mem_pestat] skip orientation FF
[M::mem_pestat] skip orientation RF
[M::mem_pestat] skip orientation RR
[M::process] read 1066668 sequences (160000200 bp)...
[M::mem_process_seqs] Processed 1066668 reads in 734.856 CPU sec, 46.957 real sec
[M::mem_pestat] # candidate unique pairs for (FF, FR, RF, RR): (32, 234316, 68, 25)
[M::mem_pestat] analyzing insert size distribution for orientation FF...
[M::mem_pestat] (25, 50, 75) percentile: (223, 552, 1976)
[M::mem_pestat] low and high boundaries for computing mean and std.dev: (1, 5482)
[M::mem_pestat] mean and std.dev: (659.92, 759.12)
[M::mem_pestat] low and high boundaries for proper pairs: (1, 7235)
[M::mem_pestat] analyzing insert size distribution for orientation FR...
[M::mem_pestat] (25, 50, 75) percentile: (183, 253, 325)
[M::mem_pestat] low and high boundaries for computing mean and std.dev: (1, 609)
[M::mem_pestat] mean and std.dev: (257.60, 102.99)
[M::mem_pestat] low and high boundaries for proper pairs: (1, 751)
[M::mem_pestat] analyzing insert size distribution for orientation RF...
[M::mem_pestat] (25, 50, 75) percentile: (134, 568, 2768)
[M::mem_pestat] low and high boundaries for computing mean and std.dev: (1, 8036)
[M::mem_pestat] mean and std.dev: (1304.92, 1857.91)
[M::mem_pestat] low and high boundaries for proper pairs: (1, 10670)
[M::mem_pestat] analyzing insert size distribution for orientation RR...
[M::mem_pestat] (25, 50, 75) percentile: (169, 406, 1486)
[M::mem_pestat] low and high boundaries for computing mean and std.dev: (1, 4120)
[M::mem_pestat] mean and std.dev: (706.96, 872.82)
[M::mem_pestat] low and high boundaries for proper pairs: (1, 5437)
[M::mem_pestat] skip orientation FF
[M::mem_pestat] skip orientation RF
[M::mem_pestat] skip orientation RR
[M::process] read 1066668 sequences (160000200 bp)...
[M::mem_process_seqs] Processed 1066668 reads in 737.308 CPU sec, 47.668 real sec
[M::mem_pestat] # candidate unique pairs for (FF, FR, RF, RR): (29, 234278, 63, 23)
[M::mem_pestat] analyzing insert size distribution for orientation FF...
[M::mem_pestat] (25, 50, 75) percentile: (201, 510, 1132)
[M::mem_pestat] low and high boundaries for computing mean and std.dev: (1, 2994)
[M::mem_pestat] mean and std.dev: (472.08, 353.89)
[M::mem_pestat] low and high boundaries for proper pairs: (1, 3925)
[M::mem_pestat] analyzing insert size distribution for orientation FR...
[M::mem_pestat] (25, 50, 75) percentile: (185, 256, 331)
[M::mem_pestat] low and high boundaries for computing mean and std.dev: (1, 623)
[M::mem_pestat] mean and std.dev: (261.15, 105.74)
[M::mem_pestat] low and high boundaries for proper pairs: (1, 769)
[M::mem_pestat] analyzing insert size distribution for orientation RF...
[M::mem_pestat] (25, 50, 75) percentile: (212, 559, 3399)
[M::mem_pestat] low and high boundaries for computing mean and std.dev: (1, 9773)
[M::mem_pestat] mean and std.dev: (2047.70, 2464.45)
[M::mem_pestat] low and high boundaries for proper pairs: (1, 12960)
[M::mem_pestat] analyzing insert size distribution for orientation RR...
[M::mem_pestat] (25, 50, 75) percentile: (222, 275, 571)
[M::mem_pestat] low and high boundaries for computing mean and std.dev: (1, 1269)
[M::mem_pestat] mean and std.dev: (326.00, 256.49)
[M::mem_pestat] low and high boundaries for proper pairs: (1, 1618)
[M::mem_pestat] skip orientation FF
[M::mem_pestat] skip orientation RF
[M::mem_pestat] skip orientation RR
[M::process] read 1066668 sequences (160000200 bp)...
[M::mem_process_seqs] Processed 1066668 reads in 725.731 CPU sec, 46.855 real sec
[M::mem_pestat] # candidate unique pairs for (FF, FR, RF, RR): (16, 234500, 65, 26)
[M::mem_pestat] analyzing insert size distribution for orientation FF...
[M::mem_pestat] (25, 50, 75) percentile: (108, 201, 1058)
[M::mem_pestat] low and high boundaries for computing mean and std.dev: (1, 2958)
[M::mem_pestat] mean and std.dev: (432.44, 435.87)
[M::mem_pestat] low and high boundaries for proper pairs: (1, 3908)
[M::mem_pestat] analyzing insert size distribution for orientation FR...
[M::mem_pestat] (25, 50, 75) percentile: (184, 254, 327)
[M::mem_pestat] low and high boundaries for computing mean and std.dev: (1, 613)
[M::mem_pestat] mean and std.dev: (259.12, 104.02)
[M::mem_pestat] low and high boundaries for proper pairs: (1, 756)
[M::mem_pestat] analyzing insert size distribution for orientation RF...
[M::mem_pestat] (25, 50, 75) percentile: (71, 280, 2606)
[M::mem_pestat] low and high boundaries for computing mean and std.dev: (1, 7676)
[M::mem_pestat] mean and std.dev: (1287.75, 1990.20)
[M::mem_pestat] low and high boundaries for proper pairs: (1, 10211)
[M::mem_pestat] analyzing insert size distribution for orientation RR...
[M::mem_pestat] (25, 50, 75) percentile: (139, 497, 1173)
[M::mem_pestat] low and high boundaries for computing mean and std.dev: (1, 3241)
[M::mem_pestat] mean and std.dev: (687.50, 626.67)
[M::mem_pestat] low and high boundaries for proper pairs: (1, 4275)
[M::mem_pestat] skip orientation FF
[M::mem_pestat] skip orientation RF
[M::mem_pestat] skip orientation RR
[M::process] read 1066668 sequences (160000200 bp)...
[M::mem_process_seqs] Processed 1066668 reads in 725.873 CPU sec, 46.785 real sec
[M::mem_pestat] # candidate unique pairs for (FF, FR, RF, RR): (28, 234325, 60, 26)
[M::mem_pestat] analyzing insert size distribution for orientation FF...
[M::mem_pestat] (25, 50, 75) percentile: (222, 1208, 3843)
[M::mem_pestat] low and high boundaries for computing mean and std.dev: (1, 11085)
[M::mem_pestat] mean and std.dev: (1642.11, 1802.56)
[M::mem_pestat] low and high boundaries for proper pairs: (1, 14706)
[M::mem_pestat] analyzing insert size distribution for orientation FR...
[M::mem_pestat] (25, 50, 75) percentile: (186, 256, 331)
[M::mem_pestat] low and high boundaries for computing mean and std.dev: (1, 621)
[M::mem_pestat] mean and std.dev: (262.26, 105.73)
[M::mem_pestat] low and high boundaries for proper pairs: (1, 766)
[M::mem_pestat] analyzing insert size distribution for orientation RF...
[M::mem_pestat] (25, 50, 75) percentile: (153, 379, 4833)
[M::mem_pestat] low and high boundaries for computing mean and std.dev: (1, 14193)
[M::mem_pestat] mean and std.dev: (2166.78, 2914.82)
[M::mem_pestat] low and high boundaries for proper pairs: (1, 18873)
[M::mem_pestat] analyzing insert size distribution for orientation RR...
[M::mem_pestat] (25, 50, 75) percentile: (219, 427, 1022)
[M::mem_pestat] low and high boundaries for computing mean and std.dev: (1, 2628)
[M::mem_pestat] mean and std.dev: (715.50, 681.70)
[M::mem_pestat] low and high boundaries for proper pairs: (1, 3442)
[M::mem_pestat] skip orientation FF
[M::mem_pestat] skip orientation RF
[M::mem_pestat] skip orientation RR
[M::process] read 1066668 sequences (160000200 bp)...
[M::mem_process_seqs] Processed 1066668 reads in 730.111 CPU sec, 47.187 real sec
[M::mem_pestat] # candidate unique pairs for (FF, FR, RF, RR): (21, 234259, 63, 32)
[M::mem_pestat] analyzing insert size distribution for orientation FF...
[M::mem_pestat] (25, 50, 75) percentile: (134, 196, 403)
[M::mem_pestat] low and high boundaries for computing mean and std.dev: (1, 941)
[M::mem_pestat] mean and std.dev: (245.94, 187.85)
[M::mem_pestat] low and high boundaries for proper pairs: (1, 1210)
[M::mem_pestat] analyzing insert size distribution for orientation FR...
[M::mem_pestat] (25, 50, 75) percentile: (185, 255, 327)
[M::mem_pestat] low and high boundaries for computing mean and std.dev: (1, 611)
[M::mem_pestat] mean and std.dev: (259.73, 103.53)
[M::mem_pestat] low and high boundaries for proper pairs: (1, 753)
[M::mem_pestat] analyzing insert size distribution for orientation RF...
[M::mem_pestat] (25, 50, 75) percentile: (87, 586, 2014)
[M::mem_pestat] low and high boundaries for computing mean and std.dev: (1, 5868)
[M::mem_pestat] mean and std.dev: (1027.79, 1515.20)
[M::mem_pestat] low and high boundaries for proper pairs: (1, 7795)
[M::mem_pestat] analyzing insert size distribution for orientation RR...
[M::mem_pestat] (25, 50, 75) percentile: (184, 365, 1662)
[M::mem_pestat] low and high boundaries for computing mean and std.dev: (1, 4618)
[M::mem_pestat] mean and std.dev: (790.10, 956.47)
[M::mem_pestat] low and high boundaries for proper pairs: (1, 6096)
[M::mem_pestat] skip orientation FF
[M::mem_pestat] skip orientation RF
[M::mem_pestat] skip orientation RR
[M::process] read 1066668 sequences (160000200 bp)...
[M::mem_process_seqs] Processed 1066668 reads in 736.399 CPU sec, 47.533 real sec
[M::mem_pestat] # candidate unique pairs for (FF, FR, RF, RR): (18, 234312, 59, 17)
[M::mem_pestat] analyzing insert size distribution for orientation FF...
[M::mem_pestat] (25, 50, 75) percentile: (254, 651, 1507)
[M::mem_pestat] low and high boundaries for computing mean and std.dev: (1, 4013)
[M::mem_pestat] mean and std.dev: (549.14, 389.57)
[M::mem_pestat] low and high boundaries for proper pairs: (1, 5266)
[M::mem_pestat] analyzing insert size distribution for orientation FR...
[M::mem_pestat] (25, 50, 75) percentile: (186, 254, 326)
[M::mem_pestat] low and high boundaries for computing mean and std.dev: (1, 606)
[M::mem_pestat] mean and std.dev: (259.06, 102.43)
[M::mem_pestat] low and high boundaries for proper pairs: (1, 746)
[M::mem_pestat] analyzing insert size distribution for orientation RF...
[M::mem_pestat] (25, 50, 75) percentile: (92, 504, 2939)
[M::mem_pestat] low and high boundaries for computing mean and std.dev: (1, 8633)
[M::mem_pestat] mean and std.dev: (1507.14, 2006.49)
[M::mem_pestat] low and high boundaries for proper pairs: (1, 11480)
[M::mem_pestat] analyzing insert size distribution for orientation RR...
[M::mem_pestat] (25, 50, 75) percentile: (149, 413, 580)
[M::mem_pestat] low and high boundaries for computing mean and std.dev: (1, 1442)
[M::mem_pestat] mean and std.dev: (454.12, 405.73)
[M::mem_pestat] low and high boundaries for proper pairs: (1, 2077)
[M::mem_pestat] skip orientation FF
[M::mem_pestat] skip orientation RF
[M::mem_pestat] skip orientation RR
[M::process] read 1066668 sequences (160000200 bp)...
[M::mem_process_seqs] Processed 1066668 reads in 738.958 CPU sec, 47.719 real sec
[M::mem_pestat] # candidate unique pairs for (FF, FR, RF, RR): (24, 234310, 65, 29)
[M::mem_pestat] analyzing insert size distribution for orientation FF...
[M::mem_pestat] (25, 50, 75) percentile: (225, 359, 790)
[M::mem_pestat] low and high boundaries for computing mean and std.dev: (1, 1920)
[M::mem_pestat] mean and std.dev: (454.96, 354.22)
[M::mem_pestat] low and high boundaries for proper pairs: (1, 2485)
[M::mem_pestat] analyzing insert size distribution for orientation FR...
[M::mem_pestat] (25, 50, 75) percentile: (183, 251, 323)
[M::mem_pestat] low and high boundaries for computing mean and std.dev: (1, 603)
[M::mem_pestat] mean and std.dev: (256.57, 102.43)
[M::mem_pestat] low and high boundaries for proper pairs: (1, 743)
[M::mem_pestat] analyzing insert size distribution for orientation RF...
[M::mem_pestat] (25, 50, 75) percentile: (124, 620, 3881)
[M::mem_pestat] low and high boundaries for computing mean and std.dev: (1, 11395)
[M::mem_pestat] mean and std.dev: (2132.22, 2744.13)
[M::mem_pestat] low and high boundaries for proper pairs: (1, 15152)
[M::mem_pestat] analyzing insert size distribution for orientation RR...
[M::mem_pestat] (25, 50, 75) percentile: (142, 208, 476)
[M::mem_pestat] low and high boundaries for computing mean and std.dev: (1, 1144)
[M::mem_pestat] mean and std.dev: (297.11, 250.91)
[M::mem_pestat] low and high boundaries for proper pairs: (1, 1478)
[M::mem_pestat] skip orientation FF
[M::mem_pestat] skip orientation RF
[M::mem_pestat] skip orientation RR
[M::process] read 1066668 sequences (160000200 bp)...
[M::mem_process_seqs] Processed 1066668 reads in 744.548 CPU sec, 48.156 real sec
[M::mem_pestat] # candidate unique pairs for (FF, FR, RF, RR): (17, 233021, 59, 23)
[M::mem_pestat] analyzing insert size distribution for orientation FF...
[M::mem_pestat] (25, 50, 75) percentile: (326, 460, 2234)
[M::mem_pestat] low and high boundaries for computing mean and std.dev: (1, 6050)
[M::mem_pestat] mean and std.dev: (866.56, 876.79)
[M::mem_pestat] low and high boundaries for proper pairs: (1, 7958)
[M::mem_pestat] analyzing insert size distribution for orientation FR...
[M::mem_pestat] (25, 50, 75) percentile: (182, 251, 327)
[M::mem_pestat] low and high boundaries for computing mean and std.dev: (1, 617)
[M::mem_pestat] mean and std.dev: (258.77, 106.00)
[M::mem_pestat] low and high boundaries for proper pairs: (1, 762)
[M::mem_pestat] analyzing insert size distribution for orientation RF...
[M::mem_pestat] (25, 50, 75) percentile: (164, 360, 3530)
[M::mem_pestat] low and high boundaries for computing mean and std.dev: (1, 10262)
[M::mem_pestat] mean and std.dev: (1841.61, 2651.60)
[M::mem_pestat] low and high boundaries for proper pairs: (1, 13628)
[M::mem_pestat] analyzing insert size distribution for orientation RR...
[M::mem_pestat] (25, 50, 75) percentile: (207, 324, 2527)
[M::mem_pestat] low and high boundaries for computing mean and std.dev: (1, 7167)
[M::mem_pestat] mean and std.dev: (1138.52, 1230.47)
[M::mem_pestat] low and high boundaries for proper pairs: (1, 9487)
[M::mem_pestat] skip orientation FF
[M::mem_pestat] skip orientation RF
[M::mem_pestat] skip orientation RR
[M::process] read 1066668 sequences (160000200 bp)...
[M::mem_process_seqs] Processed 1066668 reads in 757.657 CPU sec, 48.993 real sec
[M::mem_pestat] # candidate unique pairs for (FF, FR, RF, RR): (31, 232140, 62, 23)
[M::mem_pestat] analyzing insert size distribution for orientation FF...
[M::mem_pestat] (25, 50, 75) percentile: (158, 270, 1039)
[M::mem_pestat] low and high boundaries for computing mean and std.dev: (1, 2801)
[M::mem_pestat] mean and std.dev: (375.88, 334.98)
[M::mem_pestat] low and high boundaries for proper pairs: (1, 3682)
[M::mem_pestat] analyzing insert size distribution for orientation FR...
[M::mem_pestat] (25, 50, 75) percentile: (184, 254, 332)
[M::mem_pestat] low and high boundaries for computing mean and std.dev: (1, 628)
[M::mem_pestat] mean and std.dev: (262.24, 108.73)
[M::mem_pestat] low and high boundaries for proper pairs: (1, 776)
[M::mem_pestat] analyzing insert size distribution for orientation RF...
[M::mem_pestat] (25, 50, 75) percentile: (248, 1942, 4859)
[M::mem_pestat] low and high boundaries for computing mean and std.dev: (1, 14081)
[M::mem_pestat] mean and std.dev: (2766.10, 2753.22)
[M::mem_pestat] low and high boundaries for proper pairs: (1, 18692)
[M::mem_pestat] analyzing insert size distribution for orientation RR...
[M::mem_pestat] (25, 50, 75) percentile: (137, 246, 877)
[M::mem_pestat] low and high boundaries for computing mean and std.dev: (1, 2357)
[M::mem_pestat] mean and std.dev: (427.30, 386.14)
[M::mem_pestat] low and high boundaries for proper pairs: (1, 3097)
[M::mem_pestat] skip orientation FF
[M::mem_pestat] skip orientation RF
[M::mem_pestat] skip orientation RR
[M::process] read 1066668 sequences (160000200 bp)...
[M::mem_process_seqs] Processed 1066668 reads in 748.926 CPU sec, 48.342 real sec
[M::mem_pestat] # candidate unique pairs for (FF, FR, RF, RR): (14, 233650, 84, 22)
[M::mem_pestat] analyzing insert size distribution for orientation FF...
[M::mem_pestat] (25, 50, 75) percentile: (187, 380, 585)
[M::mem_pestat] low and high boundaries for computing mean and std.dev: (1, 1381)
[M::mem_pestat] mean and std.dev: (276.27, 155.16)
[M::mem_pestat] low and high boundaries for proper pairs: (1, 1779)
[M::mem_pestat] analyzing insert size distribution for orientation FR...
[M::mem_pestat] (25, 50, 75) percentile: (182, 251, 327)
[M::mem_pestat] low and high boundaries for computing mean and std.dev: (1, 617)
[M::mem_pestat] mean and std.dev: (258.70, 106.32)
[M::mem_pestat] low and high boundaries for proper pairs: (1, 762)
[M::mem_pestat] analyzing insert size distribution for orientation RF...
[M::mem_pestat] (25, 50, 75) percentile: (142, 374, 809)
[M::mem_pestat] low and high boundaries for computing mean and std.dev: (1, 2143)
[M::mem_pestat] mean and std.dev: (366.74, 374.73)
[M::mem_pestat] low and high boundaries for proper pairs: (1, 2810)
[M::mem_pestat] analyzing insert size distribution for orientation RR...
[M::mem_pestat] (25, 50, 75) percentile: (232, 488, 1315)
[M::mem_pestat] low and high boundaries for computing mean and std.dev: (1, 3481)
[M::mem_pestat] mean and std.dev: (477.67, 402.67)
[M::mem_pestat] low and high boundaries for proper pairs: (1, 4564)
[M::mem_pestat] skip orientation FF
[M::mem_pestat] skip orientation RF
[M::mem_pestat] skip orientation RR
[M::process] read 1066668 sequences (160000200 bp)...
[M::mem_process_seqs] Processed 1066668 reads in 743.141 CPU sec, 48.017 real sec
[M::mem_pestat] # candidate unique pairs for (FF, FR, RF, RR): (21, 233097, 55, 21)
[M::mem_pestat] analyzing insert size distribution for orientation FF...
[M::mem_pestat] (25, 50, 75) percentile: (152, 414, 3711)
[M::mem_pestat] low and high boundaries for computing mean and std.dev: (1, 10829)
[M::mem_pestat] mean and std.dev: (2176.71, 2721.40)
[M::mem_pestat] low and high boundaries for proper pairs: (1, 14388)
[M::mem_pestat] analyzing insert size distribution for orientation FR...
[M::mem_pestat] (25, 50, 75) percentile: (183, 253, 329)
[M::mem_pestat] low and high boundaries for computing mean and std.dev: (1, 621)
[M::mem_pestat] mean and std.dev: (260.00, 106.33)
[M::mem_pestat] low and high boundaries for proper pairs: (1, 767)
[M::mem_pestat] analyzing insert size distribution for orientation RF...
[M::mem_pestat] (25, 50, 75) percentile: (98, 381, 1826)
[M::mem_pestat] low and high boundaries for computing mean and std.dev: (1, 5282)
[M::mem_pestat] mean and std.dev: (730.11, 1040.97)
[M::mem_pestat] low and high boundaries for proper pairs: (1, 7010)
[M::mem_pestat] analyzing insert size distribution for orientation RR...
[M::mem_pestat] (25, 50, 75) percentile: (171, 371, 1967)
[M::mem_pestat] low and high boundaries for computing mean and std.dev: (1, 5559)
[M::mem_pestat] mean and std.dev: (1138.76, 1358.02)
[M::mem_pestat] low and high boundaries for proper pairs: (1, 7355)
[M::mem_pestat] skip orientation FF
[M::mem_pestat] skip orientation RF
[M::mem_pestat] skip orientation RR
[M::process] read 1066668 sequences (160000200 bp)...
[M::mem_process_seqs] Processed 1066668 reads in 747.683 CPU sec, 48.259 real sec
[M::mem_pestat] # candidate unique pairs for (FF, FR, RF, RR): (27, 234663, 89, 21)
[M::mem_pestat] analyzing insert size distribution for orientation FF...
[M::mem_pestat] (25, 50, 75) percentile: (193, 685, 2677)
[M::mem_pestat] low and high boundaries for computing mean and std.dev: (1, 7645)
[M::mem_pestat] mean and std.dev: (1462.60, 1840.67)
[M::mem_pestat] low and high boundaries for proper pairs: (1, 10129)
[M::mem_pestat] analyzing insert size distribution for orientation FR...
[M::mem_pestat] (25, 50, 75) percentile: (187, 256, 330)
[M::mem_pestat] low and high boundaries for computing mean and std.dev: (1, 616)
[M::mem_pestat] mean and std.dev: (262.21, 105.17)
[M::mem_pestat] low and high boundaries for proper pairs: (1, 759)
[M::mem_pestat] analyzing insert size distribution for orientation RF...
[M::mem_pestat] (25, 50, 75) percentile: (167, 916, 3540)
[M::mem_pestat] low and high boundaries for computing mean and std.dev: (1, 10286)
[M::mem_pestat] mean and std.dev: (2438.10, 3074.56)
[M::mem_pestat] low and high boundaries for proper pairs: (1, 14736)
[M::mem_pestat] analyzing insert size distribution for orientation RR...
[M::mem_pestat] (25, 50, 75) percentile: (253, 461, 2405)
[M::mem_pestat] low and high boundaries for computing mean and std.dev: (1, 6709)
[M::mem_pestat] mean and std.dev: (939.26, 1322.00)
[M::mem_pestat] low and high boundaries for proper pairs: (1, 8861)
[M::mem_pestat] skip orientation FF
[M::mem_pestat] skip orientation RF
[M::mem_pestat] skip orientation RR
[M::process] read 1066668 sequences (160000200 bp)...
[M::mem_process_seqs] Processed 1066668 reads in 751.365 CPU sec, 48.449 real sec
[M::mem_pestat] # candidate unique pairs for (FF, FR, RF, RR): (33, 233612, 61, 36)
[M::mem_pestat] analyzing insert size distribution for orientation FF...
[M::mem_pestat] (25, 50, 75) percentile: (235, 465, 1605)
[M::mem_pestat] low and high boundaries for computing mean and std.dev: (1, 4345)
[M::mem_pestat] mean and std.dev: (938.26, 1128.95)
[M::mem_pestat] low and high boundaries for proper pairs: (1, 5715)
[M::mem_pestat] analyzing insert size distribution for orientation FR...
[M::mem_pestat] (25, 50, 75) percentile: (187, 255, 330)
[M::mem_pestat] low and high boundaries for computing mean and std.dev: (1, 616)
[M::mem_pestat] mean and std.dev: (262.24, 105.07)
[M::mem_pestat] low and high boundaries for proper pairs: (1, 759)
[M::mem_pestat] analyzing insert size distribution for orientation RF...
[M::mem_pestat] (25, 50, 75) percentile: (98, 369, 3092)
[M::mem_pestat] low and high boundaries for computing mean and std.dev: (1, 9080)
[M::mem_pestat] mean and std.dev: (1612.83, 2418.54)
[M::mem_pestat] low and high boundaries for proper pairs: (1, 12074)
[M::mem_pestat] analyzing insert size distribution for orientation RR...
[M::mem_pestat] (25, 50, 75) percentile: (147, 332, 838)
[M::mem_pestat] low and high boundaries for computing mean and std.dev: (1, 2220)
[M::mem_pestat] mean and std.dev: (403.81, 400.23)
[M::mem_pestat] low and high boundaries for proper pairs: (1, 2911)
[M::mem_pestat] skip orientation FF
[M::mem_pestat] skip orientation RF
[M::mem_pestat] skip orientation RR
[M::process] read 1066668 sequences (160000200 bp)...
[M::mem_process_seqs] Processed 1066668 reads in 747.811 CPU sec, 48.267 real sec
[M::mem_pestat] # candidate unique pairs for (FF, FR, RF, RR): (39, 233058, 69, 21)
[M::mem_pestat] analyzing insert size distribution for orientation FF...
[M::mem_pestat] (25, 50, 75) percentile: (171, 315, 812)
[M::mem_pestat] low and high boundaries for computing mean and std.dev: (1, 2094)
[M::mem_pestat] mean and std.dev: (451.39, 378.57)
[M::mem_pestat] low and high boundaries for proper pairs: (1, 2735)
[M::mem_pestat] analyzing insert size distribution for orientation FR...
[M::mem_pestat] (25, 50, 75) percentile: (183, 251, 325)
[M::mem_pestat] low and high boundaries for computing mean and std.dev: (1, 609)
[M::mem_pestat] mean and std.dev: (257.90, 104.47)
[M::mem_pestat] low and high boundaries for proper pairs: (1, 751)
[M::mem_pestat] analyzing insert size distribution for orientation RF...
[M::mem_pestat] (25, 50, 75) percentile: (180, 455, 6007)
[M::mem_pestat] low and high boundaries for computing mean and std.dev: (1, 17661)
[M::mem_pestat] mean and std.dev: (2749.62, 3228.53)
[M::mem_pestat] low and high boundaries for proper pairs: (1, 23488)
[M::mem_pestat] analyzing insert size distribution for orientation RR...
[M::mem_pestat] (25, 50, 75) percentile: (124, 189, 573)
[M::mem_pestat] low and high boundaries for computing mean and std.dev: (1, 1471)
[M::mem_pestat] mean and std.dev: (299.20, 278.33)
[M::mem_pestat] low and high boundaries for proper pairs: (1, 1920)
[M::mem_pestat] skip orientation FF
[M::mem_pestat] skip orientation RF
[M::mem_pestat] skip orientation RR
[M::process] read 1066668 sequences (160000200 bp)...
[M::mem_process_seqs] Processed 1066668 reads in 751.521 CPU sec, 48.397 real sec
[M::mem_pestat] # candidate unique pairs for (FF, FR, RF, RR): (27, 233462, 50, 30)
[M::mem_pestat] analyzing insert size distribution for orientation FF...
[M::mem_pestat] (25, 50, 75) percentile: (156, 651, 3998)
[M::mem_pestat] low and high boundaries for computing mean and std.dev: (1, 11682)
[M::mem_pestat] mean and std.dev: (2203.93, 2625.13)
[M::mem_pestat] low and high boundaries for proper pairs: (1, 15524)
[M::mem_pestat] analyzing insert size distribution for orientation FR...
[M::mem_pestat] (25, 50, 75) percentile: (179, 248, 323)
[M::mem_pestat] low and high boundaries for computing mean and std.dev: (1, 611)
[M::mem_pestat] mean and std.dev: (255.47, 105.89)
[M::mem_pestat] low and high boundaries for proper pairs: (1, 755)
[M::mem_pestat] analyzing insert size distribution for orientation RF...
[M::mem_pestat] (25, 50, 75) percentile: (155, 444, 2914)
[M::mem_pestat] low and high boundaries for computing mean and std.dev: (1, 8432)
[M::mem_pestat] mean and std.dev: (1395.83, 1885.32)
[M::mem_pestat] low and high boundaries for proper pairs: (1, 11191)
[M::mem_pestat] analyzing insert size distribution for orientation RR...
[M::mem_pestat] (25, 50, 75) percentile: (200, 365, 673)
[M::mem_pestat] low and high boundaries for computing mean and std.dev: (1, 1619)
[M::mem_pestat] mean and std.dev: (502.07, 404.27)
[M::mem_pestat] low and high boundaries for proper pairs: (1, 2119)
[M::mem_pestat] skip orientation FF
[M::mem_pestat] skip orientation RF
[M::mem_pestat] skip orientation RR
[M::process] read 1066668 sequences (160000200 bp)...
[M::mem_process_seqs] Processed 1066668 reads in 737.496 CPU sec, 47.577 real sec
[M::mem_pestat] # candidate unique pairs for (FF, FR, RF, RR): (34, 232701, 66, 22)
[M::mem_pestat] analyzing insert size distribution for orientation FF...
[M::mem_pestat] (25, 50, 75) percentile: (184, 309, 1667)
[M::mem_pestat] low and high boundaries for computing mean and std.dev: (1, 4633)
[M::mem_pestat] mean and std.dev: (725.84, 1031.36)
[M::mem_pestat] low and high boundaries for proper pairs: (1, 6116)
[M::mem_pestat] analyzing insert size distribution for orientation FR...
[M::mem_pestat] (25, 50, 75) percentile: (181, 249, 324)
[M::mem_pestat] low and high boundaries for computing mean and std.dev: (1, 610)
[M::mem_pestat] mean and std.dev: (256.81, 105.54)
[M::mem_pestat] low and high boundaries for proper pairs: (1, 753)
[M::mem_pestat] analyzing insert size distribution for orientation RF...
[M::mem_pestat] (25, 50, 75) percentile: (143, 185, 1174)
[M::mem_pestat] low and high boundaries for computing mean and std.dev: (1, 3236)
[M::mem_pestat] mean and std.dev: (335.89, 403.21)
[M::mem_pestat] low and high boundaries for proper pairs: (1, 4267)
[M::mem_pestat] analyzing insert size distribution for orientation RR...
[M::mem_pestat] (25, 50, 75) percentile: (177, 313, 686)
[M::mem_pestat] low and high boundaries for computing mean and std.dev: (1, 1704)
[M::mem_pestat] mean and std.dev: (462.81, 434.65)
[M::mem_pestat] low and high boundaries for proper pairs: (1, 2213)
[M::mem_pestat] skip orientation FF
[M::mem_pestat] skip orientation RF
[M::mem_pestat] skip orientation RR
[M::process] read 1066668 sequences (160000200 bp)...
[M::mem_process_seqs] Processed 1066668 reads in 750.318 CPU sec, 48.347 real sec
[M::mem_pestat] # candidate unique pairs for (FF, FR, RF, RR): (21, 233570, 69, 28)
[M::mem_pestat] analyzing insert size distribution for orientation FF...
[M::mem_pestat] (25, 50, 75) percentile: (128, 223, 490)
[M::mem_pestat] low and high boundaries for computing mean and std.dev: (1, 1214)
[M::mem_pestat] mean and std.dev: (276.79, 287.02)
[M::mem_pestat] low and high boundaries for proper pairs: (1, 1576)
[M::mem_pestat] analyzing insert size distribution for orientation FR...
[M::mem_pestat] (25, 50, 75) percentile: (182, 251, 326)
[M::mem_pestat] low and high boundaries for computing mean and std.dev: (1, 614)
[M::mem_pestat] mean and std.dev: (258.25, 105.96)
[M::mem_pestat] low and high boundaries for proper pairs: (1, 758)
[M::mem_pestat] analyzing insert size distribution for orientation RF...
[M::mem_pestat] (25, 50, 75) percentile: (62, 488, 3903)
[M::mem_pestat] low and high boundaries for computing mean and std.dev: (1, 11585)
[M::mem_pestat] mean and std.dev: (2129.12, 2691.16)
[M::mem_pestat] low and high boundaries for proper pairs: (1, 15426)
[M::mem_pestat] analyzing insert size distribution for orientation RR...
[M::mem_pestat] (25, 50, 75) percentile: (187, 321, 721)
[M::mem_pestat] low and high boundaries for computing mean and std.dev: (1, 1789)
[M::mem_pestat] mean and std.dev: (420.38, 331.51)
[M::mem_pestat] low and high boundaries for proper pairs: (1, 2323)
[M::mem_pestat] skip orientation FF
[M::mem_pestat] skip orientation RF
[M::mem_pestat] skip orientation RR
[M::mem_process_seqs] Processed 1066668 reads in 746.832 CPU sec, 49.207 real sec
[M::process] read 1066668 sequences (160000200 bp)...
[M::mem_pestat] # candidate unique pairs for (FF, FR, RF, RR): (33, 233287, 49, 17)
[M::mem_pestat] analyzing insert size distribution for orientation FF...
[M::mem_pestat] (25, 50, 75) percentile: (197, 282, 1363)
[M::mem_pestat] low and high boundaries for computing mean and std.dev: (1, 3695)
[M::mem_pestat] mean and std.dev: (629.70, 771.33)
[M::mem_pestat] low and high boundaries for proper pairs: (1, 4861)
[M::mem_pestat] analyzing insert size distribution for orientation FR...
[M::mem_pestat] (25, 50, 75) percentile: (185, 254, 331)
[M::mem_pestat] low and high boundaries for computing mean and std.dev: (1, 623)
[M::mem_pestat] mean and std.dev: (262.05, 107.50)
[M::mem_pestat] low and high boundaries for proper pairs: (1, 769)
[M::mem_pestat] analyzing insert size distribution for orientation RF...
[M::mem_pestat] (25, 50, 75) percentile: (134, 957, 3062)
[M::mem_pestat] low and high boundaries for computing mean and std.dev: (1, 8918)
[M::mem_pestat] mean and std.dev: (1849.89, 2637.66)
[M::mem_pestat] low and high boundaries for proper pairs: (1, 12401)
[M::mem_pestat] analyzing insert size distribution for orientation RR...
[M::mem_pestat] (25, 50, 75) percentile: (237, 332, 473)
[M::mem_pestat] low and high boundaries for computing mean and std.dev: (1, 945)
[M::mem_pestat] mean and std.dev: (309.47, 119.72)
[M::mem_pestat] low and high boundaries for proper pairs: (1, 1181)
[M::mem_pestat] skip orientation FF
[M::mem_pestat] skip orientation RF
[M::mem_pestat] skip orientation RR
[M::process] read 1066668 sequences (160000200 bp)...
[M::mem_process_seqs] Processed 1066668 reads in 744.061 CPU sec, 47.524 real sec
[M::mem_pestat] # candidate unique pairs for (FF, FR, RF, RR): (24, 233189, 69, 17)
[M::mem_pestat] analyzing insert size distribution for orientation FF...
[M::mem_pestat] (25, 50, 75) percentile: (300, 579, 6583)
[M::mem_pestat] low and high boundaries for computing mean and std.dev: (1, 19149)
[M::mem_pestat] mean and std.dev: (2219.92, 2732.64)
[M::mem_pestat] low and high boundaries for proper pairs: (1, 25432)
[M::mem_pestat] analyzing insert size distribution for orientation FR...
[M::mem_pestat] (25, 50, 75) percentile: (186, 254, 328)
[M::mem_pestat] low and high boundaries for computing mean and std.dev: (1, 612)
[M::mem_pestat] mean and std.dev: (260.78, 104.73)
[M::mem_pestat] low and high boundaries for proper pairs: (1, 754)
[M::mem_pestat] analyzing insert size distribution for orientation RF...
[M::mem_pestat] (25, 50, 75) percentile: (65, 366, 3002)
[M::mem_pestat] low and high boundaries for computing mean and std.dev: (1, 8876)
[M::mem_pestat] mean and std.dev: (1604.97, 2110.96)
[M::mem_pestat] low and high boundaries for proper pairs: (1, 11813)
[M::mem_pestat] analyzing insert size distribution for orientation RR...
[M::mem_pestat] (25, 50, 75) percentile: (198, 326, 1408)
[M::mem_pestat] low and high boundaries for computing mean and std.dev: (1, 3828)
[M::mem_pestat] mean and std.dev: (689.76, 826.50)
[M::mem_pestat] low and high boundaries for proper pairs: (1, 5038)
[M::mem_pestat] skip orientation FF
[M::mem_pestat] skip orientation RF
[M::mem_pestat] skip orientation RR
[M::process] read 1066668 sequences (160000200 bp)...
[M::mem_process_seqs] Processed 1066668 reads in 747.689 CPU sec, 48.235 real sec
[M::mem_pestat] # candidate unique pairs for (FF, FR, RF, RR): (18, 232948, 63, 18)
[M::mem_pestat] analyzing insert size distribution for orientation FF...
[M::mem_pestat] (25, 50, 75) percentile: (153, 344, 719)
[M::mem_pestat] low and high boundaries for computing mean and std.dev: (1, 1851)
[M::mem_pestat] mean and std.dev: (374.06, 331.01)
[M::mem_pestat] low and high boundaries for proper pairs: (1, 2417)
[M::mem_pestat] analyzing insert size distribution for orientation FR...
[M::mem_pestat] (25, 50, 75) percentile: (184, 252, 325)
[M::mem_pestat] low and high boundaries for computing mean and std.dev: (1, 607)
[M::mem_pestat] mean and std.dev: (258.45, 103.85)
[M::mem_pestat] low and high boundaries for proper pairs: (1, 748)
[M::mem_pestat] analyzing insert size distribution for orientation RF...
[M::mem_pestat] (25, 50, 75) percentile: (130, 288, 2185)
[M::mem_pestat] low and high boundaries for computing mean and std.dev: (1, 6295)
[M::mem_pestat] mean and std.dev: (942.18, 1323.76)
[M::mem_pestat] low and high boundaries for proper pairs: (1, 8350)
[M::mem_pestat] analyzing insert size distribution for orientation RR...
[M::mem_pestat] (25, 50, 75) percentile: (137, 364, 776)
[M::mem_pestat] low and high boundaries for computing mean and std.dev: (1, 2054)
[M::mem_pestat] mean and std.dev: (494.25, 554.82)
[M::mem_pestat] low and high boundaries for proper pairs: (1, 2714)
[M::mem_pestat] skip orientation FF
[M::mem_pestat] skip orientation RF
[M::mem_pestat] skip orientation RR
[M::process] read 1066668 sequences (160000200 bp)...
[M::mem_process_seqs] Processed 1066668 reads in 750.185 CPU sec, 48.383 real sec
[M::mem_pestat] # candidate unique pairs for (FF, FR, RF, RR): (28, 233055, 69, 29)
[M::mem_pestat] analyzing insert size distribution for orientation FF...
[M::mem_pestat] (25, 50, 75) percentile: (156, 209, 600)
[M::mem_pestat] low and high boundaries for computing mean and std.dev: (1, 1488)
[M::mem_pestat] mean and std.dev: (344.32, 370.97)
[M::mem_pestat] low and high boundaries for proper pairs: (1, 1932)
[M::mem_pestat] analyzing insert size distribution for orientation FR...
[M::mem_pestat] (25, 50, 75) percentile: (178, 246, 320)
[M::mem_pestat] low and high boundaries for computing mean and std.dev: (1, 604)
[M::mem_pestat] mean and std.dev: (253.36, 104.68)
[M::mem_pestat] low and high boundaries for proper pairs: (1, 746)
[M::mem_pestat] analyzing insert size distribution for orientation RF...
[M::mem_pestat] (25, 50, 75) percentile: (185, 713, 1947)
[M::mem_pestat] low and high boundaries for computing mean and std.dev: (1, 5471)
[M::mem_pestat] mean and std.dev: (884.28, 1120.40)
[M::mem_pestat] low and high boundaries for proper pairs: (1, 7233)
[M::mem_pestat] analyzing insert size distribution for orientation RR...
[M::mem_pestat] (25, 50, 75) percentile: (301, 392, 1876)
[M::mem_pestat] low and high boundaries for computing mean and std.dev: (1, 5026)
[M::mem_pestat] mean and std.dev: (976.26, 1259.35)
[M::mem_pestat] low and high boundaries for proper pairs: (1, 6601)
[M::mem_pestat] skip orientation FF
[M::mem_pestat] skip orientation RF
[M::mem_pestat] skip orientation RR
[M::process] read 1066668 sequences (160000200 bp)...
[M::mem_process_seqs] Processed 1066668 reads in 735.040 CPU sec, 47.516 real sec
[M::mem_pestat] # candidate unique pairs for (FF, FR, RF, RR): (24, 233016, 53, 20)
[M::mem_pestat] analyzing insert size distribution for orientation FF...
[M::mem_pestat] (25, 50, 75) percentile: (136, 222, 335)
[M::mem_pestat] low and high boundaries for computing mean and std.dev: (1, 733)
[M::mem_pestat] mean and std.dev: (217.33, 135.03)
[M::mem_pestat] low and high boundaries for proper pairs: (1, 932)
[M::mem_pestat] analyzing insert size distribution for orientation FR...
[M::mem_pestat] (25, 50, 75) percentile: (178, 246, 320)
[M::mem_pestat] low and high boundaries for computing mean and std.dev: (1, 604)
[M::mem_pestat] mean and std.dev: (253.76, 104.68)
[M::mem_pestat] low and high boundaries for proper pairs: (1, 746)
[M::mem_pestat] analyzing insert size distribution for orientation RF...
[M::mem_pestat] (25, 50, 75) percentile: (85, 180, 791)
[M::mem_pestat] low and high boundaries for computing mean and std.dev: (1, 2203)
[M::mem_pestat] mean and std.dev: (319.13, 452.60)
[M::mem_pestat] low and high boundaries for proper pairs: (1, 2909)
[M::mem_pestat] analyzing insert size distribution for orientation RR...
[M::mem_pestat] (25, 50, 75) percentile: (129, 215, 424)
[M::mem_pestat] low and high boundaries for computing mean and std.dev: (1, 1014)
[M::mem_pestat] mean and std.dev: (260.16, 197.96)
[M::mem_pestat] low and high boundaries for proper pairs: (1, 1309)
[M::mem_pestat] skip orientation FF
[M::mem_pestat] skip orientation RF
[M::mem_pestat] skip orientation RR
[M::process] read 1066668 sequences (160000200 bp)...
[M::mem_process_seqs] Processed 1066668 reads in 736.587 CPU sec, 47.544 real sec
[M::mem_pestat] # candidate unique pairs for (FF, FR, RF, RR): (28, 233054, 60, 28)
[M::mem_pestat] analyzing insert size distribution for orientation FF...
[M::mem_pestat] (25, 50, 75) percentile: (187, 372, 677)
[M::mem_pestat] low and high boundaries for computing mean and std.dev: (1, 1657)
[M::mem_pestat] mean and std.dev: (446.42, 435.59)
[M::mem_pestat] low and high boundaries for proper pairs: (1, 2189)
[M::mem_pestat] analyzing insert size distribution for orientation FR...
[M::mem_pestat] (25, 50, 75) percentile: (178, 245, 319)
[M::mem_pestat] low and high boundaries for computing mean and std.dev: (1, 601)
[M::mem_pestat] mean and std.dev: (252.88, 103.80)
[M::mem_pestat] low and high boundaries for proper pairs: (1, 742)
[M::mem_pestat] analyzing insert size distribution for orientation RF...
[M::mem_pestat] (25, 50, 75) percentile: (155, 501, 2152)
[M::mem_pestat] low and high boundaries for computing mean and std.dev: (1, 6146)
[M::mem_pestat] mean and std.dev: (972.63, 1404.28)
[M::mem_pestat] low and high boundaries for proper pairs: (1, 8143)
[M::mem_pestat] analyzing insert size distribution for orientation RR...
[M::mem_pestat] (25, 50, 75) percentile: (204, 345, 1399)
[M::mem_pestat] low and high boundaries for computing mean and std.dev: (1, 3789)
[M::mem_pestat] mean and std.dev: (675.04, 865.78)
[M::mem_pestat] low and high boundaries for proper pairs: (1, 4984)
[M::mem_pestat] skip orientation FF
[M::mem_pestat] skip orientation RF
[M::mem_pestat] skip orientation RR
[M::process] read 1066668 sequences (160000200 bp)...
[M::mem_process_seqs] Processed 1066668 reads in 736.738 CPU sec, 47.574 real sec
[M::mem_pestat] # candidate unique pairs for (FF, FR, RF, RR): (26, 233493, 63, 18)
[M::mem_pestat] analyzing insert size distribution for orientation FF...
[M::mem_pestat] (25, 50, 75) percentile: (164, 514, 1800)
[M::mem_pestat] low and high boundaries for computing mean and std.dev: (1, 5072)
[M::mem_pestat] mean and std.dev: (635.52, 989.29)
[M::mem_pestat] low and high boundaries for proper pairs: (1, 6708)
[M::mem_pestat] analyzing insert size distribution for orientation FR...
[M::mem_pestat] (25, 50, 75) percentile: (184, 253, 328)
[M::mem_pestat] low and high boundaries for computing mean and std.dev: (1, 616)
[M::mem_pestat] mean and std.dev: (259.95, 106.35)
[M::mem_pestat] low and high boundaries for proper pairs: (1, 760)
[M::mem_pestat] analyzing insert size distribution for orientation RF...
[M::mem_pestat] (25, 50, 75) percentile: (199, 931, 3881)
[M::mem_pestat] low and high boundaries for computing mean and std.dev: (1, 11245)
[M::mem_pestat] mean and std.dev: (2271.87, 2843.99)
[M::mem_pestat] low and high boundaries for proper pairs: (1, 14927)
[M::mem_pestat] analyzing insert size distribution for orientation RR...
[M::mem_pestat] (25, 50, 75) percentile: (228, 339, 1048)
[M::mem_pestat] low and high boundaries for computing mean and std.dev: (1, 2688)
[M::mem_pestat] mean and std.dev: (505.00, 398.09)
[M::mem_pestat] low and high boundaries for proper pairs: (1, 3508)
[M::mem_pestat] skip orientation FF
[M::mem_pestat] skip orientation RF
[M::mem_pestat] skip orientation RR
[M::process] read 1066668 sequences (160000200 bp)...
[M::mem_process_seqs] Processed 1066668 reads in 741.215 CPU sec, 47.884 real sec
[M::mem_pestat] # candidate unique pairs for (FF, FR, RF, RR): (23, 233461, 62, 20)
[M::mem_pestat] analyzing insert size distribution for orientation FF...
[M::mem_pestat] (25, 50, 75) percentile: (208, 361, 725)
[M::mem_pestat] low and high boundaries for computing mean and std.dev: (1, 1759)
[M::mem_pestat] mean and std.dev: (382.90, 259.62)
[M::mem_pestat] low and high boundaries for proper pairs: (1, 2276)
[M::mem_pestat] analyzing insert size distribution for orientation FR...
[M::mem_pestat] (25, 50, 75) percentile: (186, 254, 328)
[M::mem_pestat] low and high boundaries for computing mean and std.dev: (1, 612)
[M::mem_pestat] mean and std.dev: (260.81, 105.44)
[M::mem_pestat] low and high boundaries for proper pairs: (1, 754)
[M::mem_pestat] analyzing insert size distribution for orientation RF...
[M::mem_pestat] (25, 50, 75) percentile: (133, 694, 4670)
[M::mem_pestat] low and high boundaries for computing mean and std.dev: (1, 13744)
[M::mem_pestat] mean and std.dev: (2492.55, 2920.30)
[M::mem_pestat] low and high boundaries for proper pairs: (1, 18281)
[M::mem_pestat] analyzing insert size distribution for orientation RR...
[M::mem_pestat] (25, 50, 75) percentile: (172, 261, 2201)
[M::mem_pestat] low and high boundaries for computing mean and std.dev: (1, 6259)
[M::mem_pestat] mean and std.dev: (1237.70, 1668.02)
[M::mem_pestat] low and high boundaries for proper pairs: (1, 8288)
[M::mem_pestat] skip orientation FF
[M::mem_pestat] skip orientation RF
[M::mem_pestat] skip orientation RR
[M::process] read 1066668 sequences (160000200 bp)...
[M::mem_process_seqs] Processed 1066668 reads in 748.999 CPU sec, 48.421 real sec
[M::mem_pestat] # candidate unique pairs for (FF, FR, RF, RR): (21, 232885, 66, 29)
[M::mem_pestat] analyzing insert size distribution for orientation FF...
[M::mem_pestat] (25, 50, 75) percentile: (186, 274, 1716)
[M::mem_pestat] low and high boundaries for computing mean and std.dev: (1, 4776)
[M::mem_pestat] mean and std.dev: (757.00, 1060.43)
[M::mem_pestat] low and high boundaries for proper pairs: (1, 6306)
[M::mem_pestat] analyzing insert size distribution for orientation FR...
[M::mem_pestat] (25, 50, 75) percentile: (185, 253, 326)
[M::mem_pestat] low and high boundaries for computing mean and std.dev: (1, 608)
[M::mem_pestat] mean and std.dev: (259.26, 104.47)
[M::mem_pestat] low and high boundaries for proper pairs: (1, 749)
[M::mem_pestat] analyzing insert size distribution for orientation RF...
[M::mem_pestat] (25, 50, 75) percentile: (119, 613, 3019)
[M::mem_pestat] low and high boundaries for computing mean and std.dev: (1, 8819)
[M::mem_pestat] mean and std.dev: (1555.06, 2211.11)
[M::mem_pestat] low and high boundaries for proper pairs: (1, 11719)
[M::mem_pestat] analyzing insert size distribution for orientation RR...
[M::mem_pestat] (25, 50, 75) percentile: (169, 266, 1634)
[M::mem_pestat] low and high boundaries for computing mean and std.dev: (1, 4564)
[M::mem_pestat] mean and std.dev: (580.69, 666.44)
[M::mem_pestat] low and high boundaries for proper pairs: (1, 6029)
[M::mem_pestat] skip orientation FF
[M::mem_pestat] skip orientation RF
[M::mem_pestat] skip orientation RR
[M::process] read 1066668 sequences (160000200 bp)...
[M::mem_process_seqs] Processed 1066668 reads in 762.514 CPU sec, 49.218 real sec
[M::mem_pestat] # candidate unique pairs for (FF, FR, RF, RR): (29, 232457, 63, 24)
[M::mem_pestat] analyzing insert size distribution for orientation FF...
[M::mem_pestat] (25, 50, 75) percentile: (153, 241, 596)
[M::mem_pestat] low and high boundaries for computing mean and std.dev: (1, 1482)
[M::mem_pestat] mean and std.dev: (315.08, 213.96)
[M::mem_pestat] low and high boundaries for proper pairs: (1, 1925)
[M::mem_pestat] analyzing insert size distribution for orientation FR...
[M::mem_pestat] (25, 50, 75) percentile: (179, 247, 323)
[M::mem_pestat] low and high boundaries for computing mean and std.dev: (1, 611)
[M::mem_pestat] mean and std.dev: (255.30, 106.19)
[M::mem_pestat] low and high boundaries for proper pairs: (1, 755)
[M::mem_pestat] analyzing insert size distribution for orientation RF...
[M::mem_pestat] (25, 50, 75) percentile: (88, 328, 3000)
[M::mem_pestat] low and high boundaries for computing mean and std.dev: (1, 8824)
[M::mem_pestat] mean and std.dev: (1565.26, 2175.31)
[M::mem_pestat] low and high boundaries for proper pairs: (1, 11736)
[M::mem_pestat] analyzing insert size distribution for orientation RR...
[M::mem_pestat] (25, 50, 75) percentile: (255, 525, 2126)
[M::mem_pestat] low and high boundaries for computing mean and std.dev: (1, 5868)
[M::mem_pestat] mean and std.dev: (775.95, 1029.43)
[M::mem_pestat] low and high boundaries for proper pairs: (1, 7739)
[M::mem_pestat] skip orientation FF
[M::mem_pestat] skip orientation RF
[M::mem_pestat] skip orientation RR
[M::process] read 1066668 sequences (160000200 bp)...
[M::mem_process_seqs] Processed 1066668 reads in 742.003 CPU sec, 47.964 real sec
[M::mem_pestat] # candidate unique pairs for (FF, FR, RF, RR): (20, 232667, 68, 21)
[M::mem_pestat] analyzing insert size distribution for orientation FF...
[M::mem_pestat] (25, 50, 75) percentile: (157, 323, 1262)
[M::mem_pestat] low and high boundaries for computing mean and std.dev: (1, 3472)
[M::mem_pestat] mean and std.dev: (613.11, 740.75)
[M::mem_pestat] low and high boundaries for proper pairs: (1, 4577)
[M::mem_pestat] analyzing insert size distribution for orientation FR...
[M::mem_pestat] (25, 50, 75) percentile: (178, 247, 322)
[M::mem_pestat] low and high boundaries for computing mean and std.dev: (1, 610)
[M::mem_pestat] mean and std.dev: (254.76, 106.14)
[M::mem_pestat] low and high boundaries for proper pairs: (1, 754)
[M::mem_pestat] analyzing insert size distribution for orientation RF...
[M::mem_pestat] (25, 50, 75) percentile: (213, 1834, 3373)
[M::mem_pestat] low and high boundaries for computing mean and std.dev: (1, 9693)
[M::mem_pestat] mean and std.dev: (2227.92, 2435.43)
[M::mem_pestat] low and high boundaries for proper pairs: (1, 12853)
[M::mem_pestat] analyzing insert size distribution for orientation RR...
[M::mem_pestat] (25, 50, 75) percentile: (92, 233, 1613)
[M::mem_pestat] low and high boundaries for computing mean and std.dev: (1, 4655)
[M::mem_pestat] mean and std.dev: (820.67, 999.77)
[M::mem_pestat] low and high boundaries for proper pairs: (1, 6176)
[M::mem_pestat] skip orientation FF
[M::mem_pestat] skip orientation RF
[M::mem_pestat] skip orientation RR
[M::process] read 1066668 sequences (160000200 bp)...
[M::mem_process_seqs] Processed 1066668 reads in 743.529 CPU sec, 47.946 real sec
[M::mem_pestat] # candidate unique pairs for (FF, FR, RF, RR): (19, 232263, 63, 13)
[M::mem_pestat] analyzing insert size distribution for orientation FF...
[M::mem_pestat] (25, 50, 75) percentile: (208, 230, 540)
[M::mem_pestat] low and high boundaries for computing mean and std.dev: (1, 1204)
[M::mem_pestat] mean and std.dev: (251.88, 159.45)
[M::mem_pestat] low and high boundaries for proper pairs: (1, 1536)
[M::mem_pestat] analyzing insert size distribution for orientation FR...
[M::mem_pestat] (25, 50, 75) percentile: (179, 248, 324)
[M::mem_pestat] low and high boundaries for computing mean and std.dev: (1, 614)
[M::mem_pestat] mean and std.dev: (256.25, 106.45)
[M::mem_pestat] low and high boundaries for proper pairs: (1, 759)
[M::mem_pestat] analyzing insert size distribution for orientation RF...
[M::mem_pestat] (25, 50, 75) percentile: (128, 431, 2335)
[M::mem_pestat] low and high boundaries for computing mean and std.dev: (1, 6749)
[M::mem_pestat] mean and std.dev: (1113.10, 1444.41)
[M::mem_pestat] low and high boundaries for proper pairs: (1, 8956)
[M::mem_pestat] analyzing insert size distribution for orientation RR...
[M::mem_pestat] (25, 50, 75) percentile: (366, 790, 3645)
[M::mem_pestat] low and high boundaries for computing mean and std.dev: (1, 10203)
[M::mem_pestat] mean and std.dev: (1694.08, 2125.93)
[M::mem_pestat] low and high boundaries for proper pairs: (1, 13482)
[M::mem_pestat] skip orientation FF
[M::mem_pestat] skip orientation RF
[M::mem_pestat] skip orientation RR
[M::process] read 1066668 sequences (160000200 bp)...
[M::mem_process_seqs] Processed 1066668 reads in 743.424 CPU sec, 48.063 real sec
[M::mem_pestat] # candidate unique pairs for (FF, FR, RF, RR): (26, 234115, 64, 20)
[M::mem_pestat] analyzing insert size distribution for orientation FF...
[M::mem_pestat] (25, 50, 75) percentile: (228, 666, 3546)
[M::mem_pestat] low and high boundaries for computing mean and std.dev: (1, 10182)
[M::mem_pestat] mean and std.dev: (2533.38, 3271.38)
[M::mem_pestat] low and high boundaries for proper pairs: (1, 15619)
[M::mem_pestat] analyzing insert size distribution for orientation FR...
[M::mem_pestat] (25, 50, 75) percentile: (185, 253, 326)
[M::mem_pestat] low and high boundaries for computing mean and std.dev: (1, 608)
[M::mem_pestat] mean and std.dev: (259.07, 104.38)
[M::mem_pestat] low and high boundaries for proper pairs: (1, 749)
[M::mem_pestat] analyzing insert size distribution for orientation RF...
[M::mem_pestat] (25, 50, 75) percentile: (175, 947, 4472)
[M::mem_pestat] low and high boundaries for computing mean and std.dev: (1, 13066)
[M::mem_pestat] mean and std.dev: (2670.97, 3186.98)
[M::mem_pestat] low and high boundaries for proper pairs: (1, 17363)
[M::mem_pestat] analyzing insert size distribution for orientation RR...
[M::mem_pestat] (25, 50, 75) percentile: (194, 766, 7721)
[M::mem_pestat] low and high boundaries for computing mean and std.dev: (1, 22775)
[M::mem_pestat] mean and std.dev: (2888.55, 3604.33)
[M::mem_pestat] low and high boundaries for proper pairs: (1, 30302)
[M::mem_pestat] skip orientation FF
[M::mem_pestat] skip orientation RF
[M::mem_pestat] skip orientation RR
[M::process] read 1066668 sequences (160000200 bp)...
[M::mem_process_seqs] Processed 1066668 reads in 741.785 CPU sec, 47.843 real sec
[M::mem_pestat] # candidate unique pairs for (FF, FR, RF, RR): (28, 233540, 72, 25)
[M::mem_pestat] analyzing insert size distribution for orientation FF...
[M::mem_pestat] (25, 50, 75) percentile: (280, 534, 1200)
[M::mem_pestat] low and high boundaries for computing mean and std.dev: (1, 3040)
[M::mem_pestat] mean and std.dev: (690.64, 586.16)
[M::mem_pestat] low and high boundaries for proper pairs: (1, 3960)
[M::mem_pestat] analyzing insert size distribution for orientation FR...
[M::mem_pestat] (25, 50, 75) percentile: (186, 254, 327)
[M::mem_pestat] low and high boundaries for computing mean and std.dev: (1, 609)
[M::mem_pestat] mean and std.dev: (260.05, 103.81)
[M::mem_pestat] low and high boundaries for proper pairs: (1, 750)
[M::mem_pestat] analyzing insert size distribution for orientation RF...
[M::mem_pestat] (25, 50, 75) percentile: (119, 783, 3979)
[M::mem_pestat] low and high boundaries for computing mean and std.dev: (1, 11699)
[M::mem_pestat] mean and std.dev: (2118.21, 2833.65)
[M::mem_pestat] low and high boundaries for proper pairs: (1, 15559)
[M::mem_pestat] analyzing insert size distribution for orientation RR...
[M::mem_pestat] (25, 50, 75) percentile: (127, 208, 568)
[M::mem_pestat] low and high boundaries for computing mean and std.dev: (1, 1450)
[M::mem_pestat] mean and std.dev: (251.38, 180.70)
[M::mem_pestat] low and high boundaries for proper pairs: (1, 1891)
[M::mem_pestat] skip orientation FF
[M::mem_pestat] skip orientation RF
[M::mem_pestat] skip orientation RR
[M::process] read 1066668 sequences (160000200 bp)...
[M::mem_process_seqs] Processed 1066668 reads in 745.139 CPU sec, 48.130 real sec
[M::mem_pestat] # candidate unique pairs for (FF, FR, RF, RR): (23, 232768, 67, 33)
[M::mem_pestat] analyzing insert size distribution for orientation FF...
[M::mem_pestat] (25, 50, 75) percentile: (202, 316, 1015)
[M::mem_pestat] low and high boundaries for computing mean and std.dev: (1, 2641)
[M::mem_pestat] mean and std.dev: (382.68, 431.07)
[M::mem_pestat] low and high boundaries for proper pairs: (1, 3454)
[M::mem_pestat] analyzing insert size distribution for orientation FR...
[M::mem_pestat] (25, 50, 75) percentile: (186, 254, 328)
[M::mem_pestat] low and high boundaries for computing mean and std.dev: (1, 612)
[M::mem_pestat] mean and std.dev: (260.50, 104.38)
[M::mem_pestat] low and high boundaries for proper pairs: (1, 754)
[M::mem_pestat] analyzing insert size distribution for orientation RF...
[M::mem_pestat] (25, 50, 75) percentile: (148, 791, 6293)
[M::mem_pestat] low and high boundaries for computing mean and std.dev: (1, 18583)
[M::mem_pestat] mean and std.dev: (2781.97, 3414.77)
[M::mem_pestat] low and high boundaries for proper pairs: (1, 24728)
[M::mem_pestat] analyzing insert size distribution for orientation RR...
[M::mem_pestat] (25, 50, 75) percentile: (123, 254, 662)
[M::mem_pestat] low and high boundaries for computing mean and std.dev: (1, 1740)
[M::mem_pestat] mean and std.dev: (304.67, 259.01)
[M::mem_pestat] low and high boundaries for proper pairs: (1, 2279)
[M::mem_pestat] skip orientation FF
[M::mem_pestat] skip orientation RF
[M::mem_pestat] skip orientation RR
[M::process] read 165268 sequences (24790200 bp)...
[M::mem_process_seqs] Processed 1066668 reads in 751.453 CPU sec, 48.481 real sec
[M::mem_pestat] # candidate unique pairs for (FF, FR, RF, RR): (4, 36043, 7, 4)
[M::mem_pestat] skip orientation FF as there are not enough pairs
[M::mem_pestat] analyzing insert size distribution for orientation FR...
[M::mem_pestat] (25, 50, 75) percentile: (188, 255, 327)
[M::mem_pestat] low and high boundaries for computing mean and std.dev: (1, 605)
[M::mem_pestat] mean and std.dev: (260.87, 103.54)
[M::mem_pestat] low and high boundaries for proper pairs: (1, 744)
[M::mem_pestat] skip orientation RF as there are not enough pairs
[M::mem_pestat] skip orientation RR as there are not enough pairs
[M::mem_process_seqs] Processed 165268 reads in 118.658 CPU sec, 7.756 real sec
[main] Version: 0.7.19-r1273
[main] CMD: bwa mem -t 16 -R @RG\tID:NS18_Sequim_Wild_7\tSM:NS18_Sequim_Wild_7\tLB:NS18_Sequim_Wild_7\tPL:ILLUMINA output/05_realign_xbOstLuri2/reference/GCA_061535525.1_xbOstLuri2_USDA-ARS_PSRF_primary_genomic.fna data/raw/NS18_Sequim_Wild_7_S14_L004_R1_001.fastq.gz data/raw/NS18_Sequim_Wild_7_S14_L004_R2_001.fastq.gz
[main] Real time: 2519.199 sec; CPU: 38631.337 sec
[bam_sort_core] merging from 2 files and 8 in-memory blocks...
end 2026-09-27T14:55:24Z sample=NS18_Sequim_Wild_7
