/opt/ohpc/admin/lmod/lmod/init/bash: line 93: LD_LIBRARY_PATH: unbound variable
start 2026-09-27T11:55:05Z host n3450 sample=Coos_Bay_7 location=Coos_Bay
[M::bwa_idx_load_from_disk] read 0 ALT contigs
[M::process] read 1066668 sequences (160000200 bp)...
[M::process] read 1066668 sequences (160000200 bp)...
[M::mem_pestat] # candidate unique pairs for (FF, FR, RF, RR): (44, 221447, 86, 46)
[M::mem_pestat] analyzing insert size distribution for orientation FF...
[M::mem_pestat] (25, 50, 75) percentile: (187, 450, 1176)
[M::mem_pestat] low and high boundaries for computing mean and std.dev: (1, 3154)
[M::mem_pestat] mean and std.dev: (567.05, 535.26)
[M::mem_pestat] low and high boundaries for proper pairs: (1, 4143)
[M::mem_pestat] analyzing insert size distribution for orientation FR...
[M::mem_pestat] (25, 50, 75) percentile: (267, 344, 436)
[M::mem_pestat] low and high boundaries for computing mean and std.dev: (1, 774)
[M::mem_pestat] mean and std.dev: (352.22, 127.93)
[M::mem_pestat] low and high boundaries for proper pairs: (1, 943)
[M::mem_pestat] analyzing insert size distribution for orientation RF...
[M::mem_pestat] (25, 50, 75) percentile: (274, 1244, 3731)
[M::mem_pestat] low and high boundaries for computing mean and std.dev: (1, 10645)
[M::mem_pestat] mean and std.dev: (2558.01, 3109.54)
[M::mem_pestat] low and high boundaries for proper pairs: (1, 14996)
[M::mem_pestat] analyzing insert size distribution for orientation RR...
[M::mem_pestat] (25, 50, 75) percentile: (290, 430, 1105)
[M::mem_pestat] low and high boundaries for computing mean and std.dev: (1, 2735)
[M::mem_pestat] mean and std.dev: (667.21, 538.17)
[M::mem_pestat] low and high boundaries for proper pairs: (1, 3550)
[M::mem_pestat] skip orientation FF
[M::mem_pestat] skip orientation RF
[M::mem_pestat] skip orientation RR
[M::mem_process_seqs] Processed 1066668 reads in 778.597 CPU sec, 52.053 real sec
[M::mem_pestat] # candidate unique pairs for (FF, FR, RF, RR): (25, 222732, 79, 39)
[M::mem_pestat] analyzing insert size distribution for orientation FF...
[M::mem_pestat] (25, 50, 75) percentile: (256, 550, 1224)
[M::mem_pestat] low and high boundaries for computing mean and std.dev: (1, 3160)
[M::mem_pestat] mean and std.dev: (812.29, 755.73)
[M::mem_pestat] low and high boundaries for proper pairs: (1, 4128)
[M::mem_pestat] analyzing insert size distribution for orientation FR...
[M::mem_pestat] (25, 50, 75) percentile: (267, 344, 439)
[M::mem_pestat] low and high boundaries for computing mean and std.dev: (1, 783)
[M::mem_pestat] mean and std.dev: (353.56, 129.35)
[M::mem_pestat] low and high boundaries for proper pairs: (1, 955)
[M::mem_pestat] analyzing insert size distribution for orientation RF...
[M::mem_pestat] (25, 50, 75) percentile: (242, 1144, 3275)
[M::mem_pestat] low and high boundaries for computing mean and std.dev: (1, 9341)
[M::mem_pestat] mean and std.dev: (1850.97, 2134.56)
[M::mem_pestat] low and high boundaries for proper pairs: (1, 12374)
[M::mem_pestat] analyzing insert size distribution for orientation RR...
[M::mem_pestat] (25, 50, 75) percentile: (213, 396, 1475)
[M::mem_pestat] low and high boundaries for computing mean and std.dev: (1, 3999)
[M::mem_pestat] mean and std.dev: (690.29, 756.24)
[M::mem_pestat] low and high boundaries for proper pairs: (1, 5261)
[M::mem_pestat] skip orientation FF
[M::mem_pestat] skip orientation RF
[M::mem_pestat] skip orientation RR
[M::process] read 1066668 sequences (160000200 bp)...
[M::mem_process_seqs] Processed 1066668 reads in 786.353 CPU sec, 50.950 real sec
[M::mem_pestat] # candidate unique pairs for (FF, FR, RF, RR): (38, 222191, 86, 29)
[M::mem_pestat] analyzing insert size distribution for orientation FF...
[M::mem_pestat] (25, 50, 75) percentile: (270, 503, 1153)
[M::mem_pestat] low and high boundaries for computing mean and std.dev: (1, 2919)
[M::mem_pestat] mean and std.dev: (661.68, 673.33)
[M::mem_pestat] low and high boundaries for proper pairs: (1, 3802)
[M::mem_pestat] analyzing insert size distribution for orientation FR...
[M::mem_pestat] (25, 50, 75) percentile: (266, 343, 439)
[M::mem_pestat] low and high boundaries for computing mean and std.dev: (1, 785)
[M::mem_pestat] mean and std.dev: (353.72, 130.03)
[M::mem_pestat] low and high boundaries for proper pairs: (1, 958)
[M::mem_pestat] analyzing insert size distribution for orientation RF...
[M::mem_pestat] (25, 50, 75) percentile: (498, 1482, 4778)
[M::mem_pestat] low and high boundaries for computing mean and std.dev: (1, 13338)
[M::mem_pestat] mean and std.dev: (2696.19, 2793.83)
[M::mem_pestat] low and high boundaries for proper pairs: (1, 17618)
[M::mem_pestat] analyzing insert size distribution for orientation RR...
[M::mem_pestat] (25, 50, 75) percentile: (288, 610, 2574)
[M::mem_pestat] low and high boundaries for computing mean and std.dev: (1, 7146)
[M::mem_pestat] mean and std.dev: (1477.00, 2039.30)
[M::mem_pestat] low and high boundaries for proper pairs: (1, 9634)
[M::mem_pestat] skip orientation FF
[M::mem_pestat] skip orientation RF
[M::mem_pestat] skip orientation RR
[M::process] read 1066668 sequences (160000200 bp)...
[M::mem_process_seqs] Processed 1066668 reads in 802.963 CPU sec, 51.974 real sec
[M::mem_pestat] # candidate unique pairs for (FF, FR, RF, RR): (43, 222915, 60, 36)
[M::mem_pestat] analyzing insert size distribution for orientation FF...
[M::mem_pestat] (25, 50, 75) percentile: (227, 530, 1140)
[M::mem_pestat] low and high boundaries for computing mean and std.dev: (1, 2966)
[M::mem_pestat] mean and std.dev: (539.77, 457.63)
[M::mem_pestat] low and high boundaries for proper pairs: (1, 3879)
[M::mem_pestat] analyzing insert size distribution for orientation FR...
[M::mem_pestat] (25, 50, 75) percentile: (265, 341, 436)
[M::mem_pestat] low and high boundaries for computing mean and std.dev: (1, 778)
[M::mem_pestat] mean and std.dev: (351.59, 129.02)
[M::mem_pestat] low and high boundaries for proper pairs: (1, 949)
[M::mem_pestat] analyzing insert size distribution for orientation RF...
[M::mem_pestat] (25, 50, 75) percentile: (171, 964, 2569)
[M::mem_pestat] low and high boundaries for computing mean and std.dev: (1, 7365)
[M::mem_pestat] mean and std.dev: (1653.64, 1763.74)
[M::mem_pestat] low and high boundaries for proper pairs: (1, 9763)
[M::mem_pestat] analyzing insert size distribution for orientation RR...
[M::mem_pestat] (25, 50, 75) percentile: (377, 543, 2234)
[M::mem_pestat] low and high boundaries for computing mean and std.dev: (1, 5948)
[M::mem_pestat] mean and std.dev: (1220.24, 1465.29)
[M::mem_pestat] low and high boundaries for proper pairs: (1, 7805)
[M::mem_pestat] skip orientation FF
[M::mem_pestat] skip orientation RF
[M::mem_pestat] skip orientation RR
[M::process] read 1066668 sequences (160000200 bp)...
[M::mem_process_seqs] Processed 1066668 reads in 814.091 CPU sec, 52.663 real sec
[M::mem_pestat] # candidate unique pairs for (FF, FR, RF, RR): (32, 221965, 71, 31)
[M::mem_pestat] analyzing insert size distribution for orientation FF...
[M::mem_pestat] (25, 50, 75) percentile: (247, 698, 2709)
[M::mem_pestat] low and high boundaries for computing mean and std.dev: (1, 7633)
[M::mem_pestat] mean and std.dev: (847.63, 1063.44)
[M::mem_pestat] low and high boundaries for proper pairs: (1, 10095)
[M::mem_pestat] analyzing insert size distribution for orientation FR...
[M::mem_pestat] (25, 50, 75) percentile: (263, 339, 432)
[M::mem_pestat] low and high boundaries for computing mean and std.dev: (1, 770)
[M::mem_pestat] mean and std.dev: (348.83, 127.95)
[M::mem_pestat] low and high boundaries for proper pairs: (1, 939)
[M::mem_pestat] analyzing insert size distribution for orientation RF...
[M::mem_pestat] (25, 50, 75) percentile: (327, 2270, 6272)
[M::mem_pestat] low and high boundaries for computing mean and std.dev: (1, 18162)
[M::mem_pestat] mean and std.dev: (3040.66, 2908.04)
[M::mem_pestat] low and high boundaries for proper pairs: (1, 24107)
[M::mem_pestat] analyzing insert size distribution for orientation RR...
[M::mem_pestat] (25, 50, 75) percentile: (250, 395, 876)
[M::mem_pestat] low and high boundaries for computing mean and std.dev: (1, 2128)
[M::mem_pestat] mean and std.dev: (521.64, 361.96)
[M::mem_pestat] low and high boundaries for proper pairs: (1, 2754)
[M::mem_pestat] skip orientation FF
[M::mem_pestat] skip orientation RF
[M::mem_pestat] skip orientation RR
[M::process] read 1066668 sequences (160000200 bp)...
[M::mem_process_seqs] Processed 1066668 reads in 804.625 CPU sec, 52.032 real sec
[M::mem_pestat] # candidate unique pairs for (FF, FR, RF, RR): (41, 220833, 103, 37)
[M::mem_pestat] analyzing insert size distribution for orientation FF...
[M::mem_pestat] (25, 50, 75) percentile: (339, 1341, 6590)
[M::mem_pestat] low and high boundaries for computing mean and std.dev: (1, 19092)
[M::mem_pestat] mean and std.dev: (3264.05, 3412.64)
[M::mem_pestat] low and high boundaries for proper pairs: (1, 25343)
[M::mem_pestat] analyzing insert size distribution for orientation FR...
[M::mem_pestat] (25, 50, 75) percentile: (265, 342, 436)
[M::mem_pestat] low and high boundaries for computing mean and std.dev: (1, 778)
[M::mem_pestat] mean and std.dev: (351.59, 129.15)
[M::mem_pestat] low and high boundaries for proper pairs: (1, 949)
[M::mem_pestat] analyzing insert size distribution for orientation RF...
[M::mem_pestat] (25, 50, 75) percentile: (258, 1125, 4756)
[M::mem_pestat] low and high boundaries for computing mean and std.dev: (1, 13752)
[M::mem_pestat] mean and std.dev: (2801.42, 3276.72)
[M::mem_pestat] low and high boundaries for proper pairs: (1, 18250)
[M::mem_pestat] analyzing insert size distribution for orientation RR...
[M::mem_pestat] (25, 50, 75) percentile: (254, 342, 1644)
[M::mem_pestat] low and high boundaries for computing mean and std.dev: (1, 4424)
[M::mem_pestat] mean and std.dev: (931.14, 1065.76)
[M::mem_pestat] low and high boundaries for proper pairs: (1, 5814)
[M::mem_pestat] skip orientation FF
[M::mem_pestat] skip orientation RF
[M::mem_pestat] skip orientation RR
[M::process] read 1066668 sequences (160000200 bp)...
[M::mem_process_seqs] Processed 1066668 reads in 800.945 CPU sec, 51.724 real sec
[M::mem_pestat] # candidate unique pairs for (FF, FR, RF, RR): (25, 221464, 83, 25)
[M::mem_pestat] analyzing insert size distribution for orientation FF...
[M::mem_pestat] (25, 50, 75) percentile: (263, 606, 1071)
[M::mem_pestat] low and high boundaries for computing mean and std.dev: (1, 2687)
[M::mem_pestat] mean and std.dev: (543.91, 312.11)
[M::mem_pestat] low and high boundaries for proper pairs: (1, 3495)
[M::mem_pestat] analyzing insert size distribution for orientation FR...
[M::mem_pestat] (25, 50, 75) percentile: (270, 350, 447)
[M::mem_pestat] low and high boundaries for computing mean and std.dev: (1, 801)
[M::mem_pestat] mean and std.dev: (359.20, 132.17)
[M::mem_pestat] low and high boundaries for proper pairs: (1, 978)
[M::mem_pestat] analyzing insert size distribution for orientation RF...
[M::mem_pestat] (25, 50, 75) percentile: (105, 784, 5561)
[M::mem_pestat] low and high boundaries for computing mean and std.dev: (1, 16473)
[M::mem_pestat] mean and std.dev: (2714.59, 3223.41)
[M::mem_pestat] low and high boundaries for proper pairs: (1, 21929)
[M::mem_pestat] analyzing insert size distribution for orientation RR...
[M::mem_pestat] (25, 50, 75) percentile: (282, 598, 1809)
[M::mem_pestat] low and high boundaries for computing mean and std.dev: (1, 4863)
[M::mem_pestat] mean and std.dev: (883.59, 902.98)
[M::mem_pestat] low and high boundaries for proper pairs: (1, 6390)
[M::mem_pestat] skip orientation FF
[M::mem_pestat] skip orientation RF
[M::mem_pestat] skip orientation RR
[M::process] read 1066668 sequences (160000200 bp)...
[M::mem_process_seqs] Processed 1066668 reads in 793.221 CPU sec, 51.366 real sec
[M::mem_pestat] # candidate unique pairs for (FF, FR, RF, RR): (20, 222476, 71, 36)
[M::mem_pestat] analyzing insert size distribution for orientation FF...
[M::mem_pestat] (25, 50, 75) percentile: (384, 545, 1702)
[M::mem_pestat] low and high boundaries for computing mean and std.dev: (1, 4338)
[M::mem_pestat] mean and std.dev: (689.69, 461.92)
[M::mem_pestat] low and high boundaries for proper pairs: (1, 5656)
[M::mem_pestat] analyzing insert size distribution for orientation FR...
[M::mem_pestat] (25, 50, 75) percentile: (266, 344, 441)
[M::mem_pestat] low and high boundaries for computing mean and std.dev: (1, 791)
[M::mem_pestat] mean and std.dev: (354.91, 131.61)
[M::mem_pestat] low and high boundaries for proper pairs: (1, 966)
[M::mem_pestat] analyzing insert size distribution for orientation RF...
[M::mem_pestat] (25, 50, 75) percentile: (334, 1413, 4607)
[M::mem_pestat] low and high boundaries for computing mean and std.dev: (1, 13153)
[M::mem_pestat] mean and std.dev: (2569.66, 2703.29)
[M::mem_pestat] low and high boundaries for proper pairs: (1, 17426)
[M::mem_pestat] analyzing insert size distribution for orientation RR...
[M::mem_pestat] (25, 50, 75) percentile: (147, 358, 1341)
[M::mem_pestat] low and high boundaries for computing mean and std.dev: (1, 3729)
[M::mem_pestat] mean and std.dev: (748.91, 873.79)
[M::mem_pestat] low and high boundaries for proper pairs: (1, 4923)
[M::mem_pestat] skip orientation FF
[M::mem_pestat] skip orientation RF
[M::mem_pestat] skip orientation RR
[M::process] read 1066668 sequences (160000200 bp)...
[M::mem_process_seqs] Processed 1066668 reads in 792.263 CPU sec, 51.151 real sec
[M::mem_pestat] # candidate unique pairs for (FF, FR, RF, RR): (20, 222525, 95, 32)
[M::mem_pestat] analyzing insert size distribution for orientation FF...
[M::mem_pestat] (25, 50, 75) percentile: (413, 1323, 2551)
[M::mem_pestat] low and high boundaries for computing mean and std.dev: (1, 6827)
[M::mem_pestat] mean and std.dev: (1497.84, 1642.87)
[M::mem_pestat] low and high boundaries for proper pairs: (1, 8965)
[M::mem_pestat] analyzing insert size distribution for orientation FR...
[M::mem_pestat] (25, 50, 75) percentile: (267, 346, 442)
[M::mem_pestat] low and high boundaries for computing mean and std.dev: (1, 792)
[M::mem_pestat] mean and std.dev: (355.99, 131.42)
[M::mem_pestat] low and high boundaries for proper pairs: (1, 967)
[M::mem_pestat] analyzing insert size distribution for orientation RF...
[M::mem_pestat] (25, 50, 75) percentile: (405, 1423, 2879)
[M::mem_pestat] low and high boundaries for computing mean and std.dev: (1, 7827)
[M::mem_pestat] mean and std.dev: (1780.56, 1812.17)
[M::mem_pestat] low and high boundaries for proper pairs: (1, 10301)
[M::mem_pestat] analyzing insert size distribution for orientation RR...
[M::mem_pestat] (25, 50, 75) percentile: (270, 340, 2564)
[M::mem_pestat] low and high boundaries for computing mean and std.dev: (1, 7152)
[M::mem_pestat] mean and std.dev: (1190.81, 1324.34)
[M::mem_pestat] low and high boundaries for proper pairs: (1, 9446)
[M::mem_pestat] skip orientation FF
[M::mem_pestat] skip orientation RF
[M::mem_pestat] skip orientation RR
[M::process] read 1066668 sequences (160000200 bp)...
[M::mem_process_seqs] Processed 1066668 reads in 797.030 CPU sec, 51.475 real sec
[M::mem_pestat] # candidate unique pairs for (FF, FR, RF, RR): (26, 222412, 73, 33)
[M::mem_pestat] analyzing insert size distribution for orientation FF...
[M::mem_pestat] (25, 50, 75) percentile: (262, 590, 1511)
[M::mem_pestat] low and high boundaries for computing mean and std.dev: (1, 4009)
[M::mem_pestat] mean and std.dev: (837.84, 848.70)
[M::mem_pestat] low and high boundaries for proper pairs: (1, 5258)
[M::mem_pestat] analyzing insert size distribution for orientation FR...
[M::mem_pestat] (25, 50, 75) percentile: (264, 342, 439)
[M::mem_pestat] low and high boundaries for computing mean and std.dev: (1, 789)
[M::mem_pestat] mean and std.dev: (353.23, 131.15)
[M::mem_pestat] low and high boundaries for proper pairs: (1, 964)
[M::mem_pestat] analyzing insert size distribution for orientation RF...
[M::mem_pestat] (25, 50, 75) percentile: (298, 1445, 3264)
[M::mem_pestat] low and high boundaries for computing mean and std.dev: (1, 9196)
[M::mem_pestat] mean and std.dev: (1966.64, 2336.76)
[M::mem_pestat] low and high boundaries for proper pairs: (1, 12162)
[M::mem_pestat] analyzing insert size distribution for orientation RR...
[M::mem_pestat] (25, 50, 75) percentile: (338, 516, 1053)
[M::mem_pestat] low and high boundaries for computing mean and std.dev: (1, 2483)
[M::mem_pestat] mean and std.dev: (485.63, 356.90)
[M::mem_pestat] low and high boundaries for proper pairs: (1, 3198)
[M::mem_pestat] skip orientation FF
[M::mem_pestat] skip orientation RF
[M::mem_pestat] skip orientation RR
[M::process] read 1066668 sequences (160000200 bp)...
[M::mem_process_seqs] Processed 1066668 reads in 806.234 CPU sec, 52.017 real sec
[M::mem_pestat] # candidate unique pairs for (FF, FR, RF, RR): (30, 222050, 70, 36)
[M::mem_pestat] analyzing insert size distribution for orientation FF...
[M::mem_pestat] (25, 50, 75) percentile: (415, 783, 2998)
[M::mem_pestat] low and high boundaries for computing mean and std.dev: (1, 8164)
[M::mem_pestat] mean and std.dev: (1531.97, 1592.95)
[M::mem_pestat] low and high boundaries for proper pairs: (1, 10747)
[M::mem_pestat] analyzing insert size distribution for orientation FR...
[M::mem_pestat] (25, 50, 75) percentile: (263, 339, 433)
[M::mem_pestat] low and high boundaries for computing mean and std.dev: (1, 773)
[M::mem_pestat] mean and std.dev: (349.51, 128.64)
[M::mem_pestat] low and high boundaries for proper pairs: (1, 943)
[M::mem_pestat] analyzing insert size distribution for orientation RF...
[M::mem_pestat] (25, 50, 75) percentile: (219, 1489, 3618)
[M::mem_pestat] low and high boundaries for computing mean and std.dev: (1, 10416)
[M::mem_pestat] mean and std.dev: (2508.76, 2705.49)
[M::mem_pestat] low and high boundaries for proper pairs: (1, 13815)
[M::mem_pestat] analyzing insert size distribution for orientation RR...
[M::mem_pestat] (25, 50, 75) percentile: (365, 539, 2693)
[M::mem_pestat] low and high boundaries for computing mean and std.dev: (1, 7349)
[M::mem_pestat] mean and std.dev: (1517.62, 1996.48)
[M::mem_pestat] low and high boundaries for proper pairs: (1, 9677)
[M::mem_pestat] skip orientation FF
[M::mem_pestat] skip orientation RF
[M::mem_pestat] skip orientation RR
[M::process] read 1066668 sequences (160000200 bp)...
[M::mem_process_seqs] Processed 1066668 reads in 814.997 CPU sec, 52.762 real sec
[M::mem_pestat] # candidate unique pairs for (FF, FR, RF, RR): (32, 221680, 64, 27)
[M::mem_pestat] analyzing insert size distribution for orientation FF...
[M::mem_pestat] (25, 50, 75) percentile: (216, 426, 2980)
[M::mem_pestat] low and high boundaries for computing mean and std.dev: (1, 8508)
[M::mem_pestat] mean and std.dev: (1150.03, 1529.18)
[M::mem_pestat] low and high boundaries for proper pairs: (1, 11272)
[M::mem_pestat] analyzing insert size distribution for orientation FR...
[M::mem_pestat] (25, 50, 75) percentile: (266, 346, 442)
[M::mem_pestat] low and high boundaries for computing mean and std.dev: (1, 794)
[M::mem_pestat] mean and std.dev: (355.29, 131.97)
[M::mem_pestat] low and high boundaries for proper pairs: (1, 970)
[M::mem_pestat] analyzing insert size distribution for orientation RF...
[M::mem_pestat] (25, 50, 75) percentile: (224, 610, 2961)
[M::mem_pestat] low and high boundaries for computing mean and std.dev: (1, 8435)
[M::mem_pestat] mean and std.dev: (1613.43, 2069.31)
[M::mem_pestat] low and high boundaries for proper pairs: (1, 11172)
[M::mem_pestat] analyzing insert size distribution for orientation RR...
[M::mem_pestat] (25, 50, 75) percentile: (268, 473, 1952)
[M::mem_pestat] low and high boundaries for computing mean and std.dev: (1, 5320)
[M::mem_pestat] mean and std.dev: (1015.44, 1182.04)
[M::mem_pestat] low and high boundaries for proper pairs: (1, 7004)
[M::mem_pestat] skip orientation FF
[M::mem_pestat] skip orientation RF
[M::mem_pestat] skip orientation RR
[M::process] read 1066668 sequences (160000200 bp)...
[M::mem_process_seqs] Processed 1066668 reads in 788.157 CPU sec, 50.974 real sec
[M::mem_pestat] # candidate unique pairs for (FF, FR, RF, RR): (30, 221942, 62, 39)
[M::mem_pestat] analyzing insert size distribution for orientation FF...
[M::mem_pestat] (25, 50, 75) percentile: (232, 554, 1070)
[M::mem_pestat] low and high boundaries for computing mean and std.dev: (1, 2746)
[M::mem_pestat] mean and std.dev: (449.25, 324.30)
[M::mem_pestat] low and high boundaries for proper pairs: (1, 3584)
[M::mem_pestat] analyzing insert size distribution for orientation FR...
[M::mem_pestat] (25, 50, 75) percentile: (263, 341, 437)
[M::mem_pestat] low and high boundaries for computing mean and std.dev: (1, 785)
[M::mem_pestat] mean and std.dev: (351.11, 130.62)
[M::mem_pestat] low and high boundaries for proper pairs: (1, 959)
[M::mem_pestat] analyzing insert size distribution for orientation RF...
[M::mem_pestat] (25, 50, 75) percentile: (606, 2017, 3671)
[M::mem_pestat] low and high boundaries for computing mean and std.dev: (1, 9801)
[M::mem_pestat] mean and std.dev: (2554.26, 2294.72)
[M::mem_pestat] low and high boundaries for proper pairs: (1, 12866)
[M::mem_pestat] analyzing insert size distribution for orientation RR...
[M::mem_pestat] (25, 50, 75) percentile: (200, 514, 1460)
[M::mem_pestat] low and high boundaries for computing mean and std.dev: (1, 3980)
[M::mem_pestat] mean and std.dev: (707.23, 703.13)
[M::mem_pestat] low and high boundaries for proper pairs: (1, 5240)
[M::mem_pestat] skip orientation FF
[M::mem_pestat] skip orientation RF
[M::mem_pestat] skip orientation RR
[M::process] read 1066668 sequences (160000200 bp)...
[M::mem_process_seqs] Processed 1066668 reads in 792.968 CPU sec, 51.371 real sec
[M::mem_pestat] # candidate unique pairs for (FF, FR, RF, RR): (39, 221850, 68, 23)
[M::mem_pestat] analyzing insert size distribution for orientation FF...
[M::mem_pestat] (25, 50, 75) percentile: (411, 616, 1317)
[M::mem_pestat] low and high boundaries for computing mean and std.dev: (1, 3129)
[M::mem_pestat] mean and std.dev: (688.30, 535.97)
[M::mem_pestat] low and high boundaries for proper pairs: (1, 4035)
[M::mem_pestat] analyzing insert size distribution for orientation FR...
[M::mem_pestat] (25, 50, 75) percentile: (263, 341, 437)
[M::mem_pestat] low and high boundaries for computing mean and std.dev: (1, 785)
[M::mem_pestat] mean and std.dev: (351.68, 131.01)
[M::mem_pestat] low and high boundaries for proper pairs: (1, 959)
[M::mem_pestat] analyzing insert size distribution for orientation RF...
[M::mem_pestat] (25, 50, 75) percentile: (354, 1040, 5342)
[M::mem_pestat] low and high boundaries for computing mean and std.dev: (1, 15318)
[M::mem_pestat] mean and std.dev: (2725.71, 3371.26)
[M::mem_pestat] low and high boundaries for proper pairs: (1, 20306)
[M::mem_pestat] analyzing insert size distribution for orientation RR...
[M::mem_pestat] (25, 50, 75) percentile: (296, 614, 1248)
[M::mem_pestat] low and high boundaries for computing mean and std.dev: (1, 3152)
[M::mem_pestat] mean and std.dev: (758.45, 681.79)
[M::mem_pestat] low and high boundaries for proper pairs: (1, 4104)
[M::mem_pestat] skip orientation FF
[M::mem_pestat] skip orientation RF
[M::mem_pestat] skip orientation RR
[M::process] read 1066668 sequences (160000200 bp)...
[M::mem_process_seqs] Processed 1066668 reads in 797.843 CPU sec, 51.571 real sec
[M::mem_pestat] # candidate unique pairs for (FF, FR, RF, RR): (23, 222220, 84, 32)
[M::mem_pestat] analyzing insert size distribution for orientation FF...
[M::mem_pestat] (25, 50, 75) percentile: (302, 1084, 2023)
[M::mem_pestat] low and high boundaries for computing mean and std.dev: (1, 5465)
[M::mem_pestat] mean and std.dev: (1222.36, 1190.00)
[M::mem_pestat] low and high boundaries for proper pairs: (1, 7186)
[M::mem_pestat] analyzing insert size distribution for orientation FR...
[M::mem_pestat] (25, 50, 75) percentile: (266, 344, 441)
[M::mem_pestat] low and high boundaries for computing mean and std.dev: (1, 791)
[M::mem_pestat] mean and std.dev: (355.06, 131.88)
[M::mem_pestat] low and high boundaries for proper pairs: (1, 966)
[M::mem_pestat] analyzing insert size distribution for orientation RF...
[M::mem_pestat] (25, 50, 75) percentile: (236, 1680, 4001)
[M::mem_pestat] low and high boundaries for computing mean and std.dev: (1, 11531)
[M::mem_pestat] mean and std.dev: (2637.73, 2973.58)
[M::mem_pestat] low and high boundaries for proper pairs: (1, 15296)
[M::mem_pestat] analyzing insert size distribution for orientation RR...
[M::mem_pestat] (25, 50, 75) percentile: (246, 511, 2196)
[M::mem_pestat] low and high boundaries for computing mean and std.dev: (1, 6096)
[M::mem_pestat] mean and std.dev: (1082.93, 1361.40)
[M::mem_pestat] low and high boundaries for proper pairs: (1, 8046)
[M::mem_pestat] skip orientation FF
[M::mem_pestat] skip orientation RF
[M::mem_pestat] skip orientation RR
[M::process] read 1066668 sequences (160000200 bp)...
[M::mem_process_seqs] Processed 1066668 reads in 806.238 CPU sec, 52.119 real sec
[M::mem_pestat] # candidate unique pairs for (FF, FR, RF, RR): (31, 221698, 68, 40)
[M::mem_pestat] analyzing insert size distribution for orientation FF...
[M::mem_pestat] (25, 50, 75) percentile: (370, 518, 2442)
[M::mem_pestat] low and high boundaries for computing mean and std.dev: (1, 6586)
[M::mem_pestat] mean and std.dev: (1029.78, 1281.67)
[M::mem_pestat] low and high boundaries for proper pairs: (1, 8658)
[M::mem_pestat] analyzing insert size distribution for orientation FR...
[M::mem_pestat] (25, 50, 75) percentile: (263, 340, 437)
[M::mem_pestat] low and high boundaries for computing mean and std.dev: (1, 785)
[M::mem_pestat] mean and std.dev: (351.49, 130.98)
[M::mem_pestat] low and high boundaries for proper pairs: (1, 959)
[M::mem_pestat] analyzing insert size distribution for orientation RF...
[M::mem_pestat] (25, 50, 75) percentile: (232, 1050, 3837)
[M::mem_pestat] low and high boundaries for computing mean and std.dev: (1, 11047)
[M::mem_pestat] mean and std.dev: (2376.35, 2917.41)
[M::mem_pestat] low and high boundaries for proper pairs: (1, 14652)
[M::mem_pestat] analyzing insert size distribution for orientation RR...
[M::mem_pestat] (25, 50, 75) percentile: (236, 843, 4083)
[M::mem_pestat] low and high boundaries for computing mean and std.dev: (1, 11777)
[M::mem_pestat] mean and std.dev: (2012.65, 2339.99)
[M::mem_pestat] low and high boundaries for proper pairs: (1, 15624)
[M::mem_pestat] skip orientation FF
[M::mem_pestat] skip orientation RF
[M::mem_pestat] skip orientation RR
[M::process] read 1066668 sequences (160000200 bp)...
[M::mem_process_seqs] Processed 1066668 reads in 806.949 CPU sec, 52.198 real sec
[M::mem_pestat] # candidate unique pairs for (FF, FR, RF, RR): (32, 221588, 76, 22)
[M::mem_pestat] analyzing insert size distribution for orientation FF...
[M::mem_pestat] (25, 50, 75) percentile: (268, 1102, 2903)
[M::mem_pestat] low and high boundaries for computing mean and std.dev: (1, 8173)
[M::mem_pestat] mean and std.dev: (1495.67, 1566.58)
[M::mem_pestat] low and high boundaries for proper pairs: (1, 10808)
[M::mem_pestat] analyzing insert size distribution for orientation FR...
[M::mem_pestat] (25, 50, 75) percentile: (263, 340, 435)
[M::mem_pestat] low and high boundaries for computing mean and std.dev: (1, 779)
[M::mem_pestat] mean and std.dev: (350.44, 129.91)
[M::mem_pestat] low and high boundaries for proper pairs: (1, 951)
[M::mem_pestat] analyzing insert size distribution for orientation RF...
[M::mem_pestat] (25, 50, 75) percentile: (359, 1097, 3408)
[M::mem_pestat] low and high boundaries for computing mean and std.dev: (1, 9506)
[M::mem_pestat] mean and std.dev: (2226.74, 2395.31)
[M::mem_pestat] low and high boundaries for proper pairs: (1, 12555)
[M::mem_pestat] analyzing insert size distribution for orientation RR...
[M::mem_pestat] (25, 50, 75) percentile: (286, 534, 1706)
[M::mem_pestat] low and high boundaries for computing mean and std.dev: (1, 4546)
[M::mem_pestat] mean and std.dev: (793.85, 682.54)
[M::mem_pestat] low and high boundaries for proper pairs: (1, 5966)
[M::mem_pestat] skip orientation FF
[M::mem_pestat] skip orientation RF
[M::mem_pestat] skip orientation RR
[M::process] read 1066668 sequences (160000200 bp)...
[M::mem_process_seqs] Processed 1066668 reads in 806.649 CPU sec, 52.221 real sec
[M::mem_pestat] # candidate unique pairs for (FF, FR, RF, RR): (38, 221486, 90, 21)
[M::mem_pestat] analyzing insert size distribution for orientation FF...
[M::mem_pestat] (25, 50, 75) percentile: (180, 467, 1446)
[M::mem_pestat] low and high boundaries for computing mean and std.dev: (1, 3978)
[M::mem_pestat] mean and std.dev: (824.42, 811.65)
[M::mem_pestat] low and high boundaries for proper pairs: (1, 5244)
[M::mem_pestat] analyzing insert size distribution for orientation FR...
[M::mem_pestat] (25, 50, 75) percentile: (267, 345, 439)
[M::mem_pestat] low and high boundaries for computing mean and std.dev: (1, 783)
[M::mem_pestat] mean and std.dev: (354.05, 129.96)
[M::mem_pestat] low and high boundaries for proper pairs: (1, 955)
[M::mem_pestat] analyzing insert size distribution for orientation RF...
[M::mem_pestat] (25, 50, 75) percentile: (107, 1325, 5782)
[M::mem_pestat] low and high boundaries for computing mean and std.dev: (1, 17132)
[M::mem_pestat] mean and std.dev: (2878.41, 3332.49)
[M::mem_pestat] low and high boundaries for proper pairs: (1, 22807)
[M::mem_pestat] analyzing insert size distribution for orientation RR...
[M::mem_pestat] (25, 50, 75) percentile: (241, 427, 909)
[M::mem_pestat] low and high boundaries for computing mean and std.dev: (1, 2245)
[M::mem_pestat] mean and std.dev: (468.06, 311.57)
[M::mem_pestat] low and high boundaries for proper pairs: (1, 2913)
[M::mem_pestat] skip orientation FF
[M::mem_pestat] skip orientation RF
[M::mem_pestat] skip orientation RR
[M::process] read 1066668 sequences (160000200 bp)...
[M::mem_process_seqs] Processed 1066668 reads in 785.740 CPU sec, 50.914 real sec
[M::mem_pestat] # candidate unique pairs for (FF, FR, RF, RR): (21, 222556, 70, 46)
[M::mem_pestat] analyzing insert size distribution for orientation FF...
[M::mem_pestat] (25, 50, 75) percentile: (308, 510, 1800)
[M::mem_pestat] low and high boundaries for computing mean and std.dev: (1, 4784)
[M::mem_pestat] mean and std.dev: (496.94, 380.15)
[M::mem_pestat] low and high boundaries for proper pairs: (1, 6276)
[M::mem_pestat] analyzing insert size distribution for orientation FR...
[M::mem_pestat] (25, 50, 75) percentile: (265, 343, 439)
[M::mem_pestat] low and high boundaries for computing mean and std.dev: (1, 787)
[M::mem_pestat] mean and std.dev: (352.73, 130.65)
[M::mem_pestat] low and high boundaries for proper pairs: (1, 961)
[M::mem_pestat] analyzing insert size distribution for orientation RF...
[M::mem_pestat] (25, 50, 75) percentile: (415, 1361, 6488)
[M::mem_pestat] low and high boundaries for computing mean and std.dev: (1, 18634)
[M::mem_pestat] mean and std.dev: (3378.16, 3540.13)
[M::mem_pestat] low and high boundaries for proper pairs: (1, 24707)
[M::mem_pestat] analyzing insert size distribution for orientation RR...
[M::mem_pestat] (25, 50, 75) percentile: (209, 361, 1590)
[M::mem_pestat] low and high boundaries for computing mean and std.dev: (1, 4352)
[M::mem_pestat] mean and std.dev: (517.42, 498.42)
[M::mem_pestat] low and high boundaries for proper pairs: (1, 5733)
[M::mem_pestat] skip orientation FF
[M::mem_pestat] skip orientation RF
[M::mem_pestat] skip orientation RR
[M::mem_process_seqs] Processed 1066668 reads in 787.546 CPU sec, 52.603 real sec
[M::process] read 1066668 sequences (160000200 bp)...
[M::process] read 1066668 sequences (160000200 bp)...
[M::mem_pestat] # candidate unique pairs for (FF, FR, RF, RR): (26, 221492, 71, 30)
[M::mem_pestat] analyzing insert size distribution for orientation FF...
[M::mem_pestat] (25, 50, 75) percentile: (248, 890, 1701)
[M::mem_pestat] low and high boundaries for computing mean and std.dev: (1, 4607)
[M::mem_pestat] mean and std.dev: (1104.46, 1133.37)
[M::mem_pestat] low and high boundaries for proper pairs: (1, 6060)
[M::mem_pestat] analyzing insert size distribution for orientation FR...
[M::mem_pestat] (25, 50, 75) percentile: (265, 342, 438)
[M::mem_pestat] low and high boundaries for computing mean and std.dev: (1, 784)
[M::mem_pestat] mean and std.dev: (353.01, 130.55)
[M::mem_pestat] low and high boundaries for proper pairs: (1, 957)
[M::mem_pestat] analyzing insert size distribution for orientation RF...
[M::mem_pestat] (25, 50, 75) percentile: (540, 2442, 6383)
[M::mem_pestat] low and high boundaries for computing mean and std.dev: (1, 18069)
[M::mem_pestat] mean and std.dev: (3267.14, 2989.75)
[M::mem_pestat] low and high boundaries for proper pairs: (1, 23912)
[M::mem_pestat] analyzing insert size distribution for orientation RR...
[M::mem_pestat] (25, 50, 75) percentile: (252, 940, 5400)
[M::mem_pestat] low and high boundaries for computing mean and std.dev: (1, 15696)
[M::mem_pestat] mean and std.dev: (2551.37, 3012.91)
[M::mem_pestat] low and high boundaries for proper pairs: (1, 20844)
[M::mem_pestat] skip orientation FF
[M::mem_pestat] skip orientation RF
[M::mem_pestat] skip orientation RR
[M::mem_process_seqs] Processed 1066668 reads in 794.956 CPU sec, 51.126 real sec
[M::mem_pestat] # candidate unique pairs for (FF, FR, RF, RR): (37, 220975, 74, 35)
[M::mem_pestat] analyzing insert size distribution for orientation FF...
[M::mem_pestat] (25, 50, 75) percentile: (376, 1046, 2762)
[M::mem_pestat] low and high boundaries for computing mean and std.dev: (1, 7534)
[M::mem_pestat] mean and std.dev: (1754.46, 1683.47)
[M::mem_pestat] low and high boundaries for proper pairs: (1, 9920)
[M::mem_pestat] analyzing insert size distribution for orientation FR...
[M::mem_pestat] (25, 50, 75) percentile: (263, 340, 437)
[M::mem_pestat] low and high boundaries for computing mean and std.dev: (1, 785)
[M::mem_pestat] mean and std.dev: (351.45, 130.83)
[M::mem_pestat] low and high boundaries for proper pairs: (1, 959)
[M::mem_pestat] analyzing insert size distribution for orientation RF...
[M::mem_pestat] (25, 50, 75) percentile: (512, 2785, 5745)
[M::mem_pestat] low and high boundaries for computing mean and std.dev: (1, 16211)
[M::mem_pestat] mean and std.dev: (3350.36, 3054.61)
[M::mem_pestat] low and high boundaries for proper pairs: (1, 21444)
[M::mem_pestat] analyzing insert size distribution for orientation RR...
[M::mem_pestat] (25, 50, 75) percentile: (221, 904, 2706)
[M::mem_pestat] low and high boundaries for computing mean and std.dev: (1, 7676)
[M::mem_pestat] mean and std.dev: (1720.91, 1915.43)
[M::mem_pestat] low and high boundaries for proper pairs: (1, 10161)
[M::mem_pestat] skip orientation FF
[M::mem_pestat] skip orientation RF
[M::mem_pestat] skip orientation RR
[M::process] read 1066668 sequences (160000200 bp)...
[M::mem_process_seqs] Processed 1066668 reads in 808.110 CPU sec, 52.377 real sec
[M::mem_pestat] # candidate unique pairs for (FF, FR, RF, RR): (27, 221932, 79, 33)
[M::mem_pestat] analyzing insert size distribution for orientation FF...
[M::mem_pestat] (25, 50, 75) percentile: (391, 705, 2121)
[M::mem_pestat] low and high boundaries for computing mean and std.dev: (1, 5581)
[M::mem_pestat] mean and std.dev: (1333.69, 1431.12)
[M::mem_pestat] low and high boundaries for proper pairs: (1, 7311)
[M::mem_pestat] analyzing insert size distribution for orientation FR...
[M::mem_pestat] (25, 50, 75) percentile: (261, 338, 432)
[M::mem_pestat] low and high boundaries for computing mean and std.dev: (1, 774)
[M::mem_pestat] mean and std.dev: (348.58, 129.51)
[M::mem_pestat] low and high boundaries for proper pairs: (1, 945)
[M::mem_pestat] analyzing insert size distribution for orientation RF...
[M::mem_pestat] (25, 50, 75) percentile: (149, 949, 2415)
[M::mem_pestat] low and high boundaries for computing mean and std.dev: (1, 6947)
[M::mem_pestat] mean and std.dev: (1371.20, 1709.02)
[M::mem_pestat] low and high boundaries for proper pairs: (1, 9213)
[M::mem_pestat] analyzing insert size distribution for orientation RR...
[M::mem_pestat] (25, 50, 75) percentile: (173, 482, 1723)
[M::mem_pestat] low and high boundaries for computing mean and std.dev: (1, 4823)
[M::mem_pestat] mean and std.dev: (582.04, 558.72)
[M::mem_pestat] low and high boundaries for proper pairs: (1, 6373)
[M::mem_pestat] skip orientation FF
[M::mem_pestat] skip orientation RF
[M::mem_pestat] skip orientation RR
[M::process] read 1066668 sequences (160000200 bp)...
[M::mem_process_seqs] Processed 1066668 reads in 820.759 CPU sec, 53.049 real sec
[M::mem_pestat] # candidate unique pairs for (FF, FR, RF, RR): (26, 219626, 61, 31)
[M::mem_pestat] analyzing insert size distribution for orientation FF...
[M::mem_pestat] (25, 50, 75) percentile: (191, 389, 563)
[M::mem_pestat] low and high boundaries for computing mean and std.dev: (1, 1307)
[M::mem_pestat] mean and std.dev: (315.77, 152.12)
[M::mem_pestat] low and high boundaries for proper pairs: (1, 1679)
[M::mem_pestat] analyzing insert size distribution for orientation FR...
[M::mem_pestat] (25, 50, 75) percentile: (269, 355, 463)
[M::mem_pestat] low and high boundaries for computing mean and std.dev: (1, 851)
[M::mem_pestat] mean and std.dev: (367.38, 141.17)
[M::mem_pestat] low and high boundaries for proper pairs: (1, 1045)
[M::mem_pestat] analyzing insert size distribution for orientation RF...
[M::mem_pestat] (25, 50, 75) percentile: (279, 853, 2796)
[M::mem_pestat] low and high boundaries for computing mean and std.dev: (1, 7830)
[M::mem_pestat] mean and std.dev: (1951.14, 2391.23)
[M::mem_pestat] low and high boundaries for proper pairs: (1, 11516)
[M::mem_pestat] analyzing insert size distribution for orientation RR...
[M::mem_pestat] (25, 50, 75) percentile: (173, 174, 514)
[M::mem_pestat] low and high boundaries for computing mean and std.dev: (1, 1196)
[M::mem_pestat] mean and std.dev: (254.67, 163.02)
[M::mem_pestat] low and high boundaries for proper pairs: (1, 1537)
[M::mem_pestat] skip orientation FF
[M::mem_pestat] skip orientation RF
[M::mem_pestat] skip orientation RR
[M::process] read 1066668 sequences (160000200 bp)...
[M::mem_process_seqs] Processed 1066668 reads in 824.769 CPU sec, 53.266 real sec
[M::mem_pestat] # candidate unique pairs for (FF, FR, RF, RR): (23, 219766, 98, 36)
[M::mem_pestat] analyzing insert size distribution for orientation FF...
[M::mem_pestat] (25, 50, 75) percentile: (172, 279, 737)
[M::mem_pestat] low and high boundaries for computing mean and std.dev: (1, 1867)
[M::mem_pestat] mean and std.dev: (391.50, 273.28)
[M::mem_pestat] low and high boundaries for proper pairs: (1, 2432)
[M::mem_pestat] analyzing insert size distribution for orientation FR...
[M::mem_pestat] (25, 50, 75) percentile: (265, 347, 451)
[M::mem_pestat] low and high boundaries for computing mean and std.dev: (1, 823)
[M::mem_pestat] mean and std.dev: (359.82, 137.73)
[M::mem_pestat] low and high boundaries for proper pairs: (1, 1009)
[M::mem_pestat] analyzing insert size distribution for orientation RF...
[M::mem_pestat] (25, 50, 75) percentile: (331, 1758, 3954)
[M::mem_pestat] low and high boundaries for computing mean and std.dev: (1, 11200)
[M::mem_pestat] mean and std.dev: (2533.26, 2734.22)
[M::mem_pestat] low and high boundaries for proper pairs: (1, 14823)
[M::mem_pestat] analyzing insert size distribution for orientation RR...
[M::mem_pestat] (25, 50, 75) percentile: (346, 614, 3063)
[M::mem_pestat] low and high boundaries for computing mean and std.dev: (1, 8497)
[M::mem_pestat] mean and std.dev: (1685.34, 1970.93)
[M::mem_pestat] low and high boundaries for proper pairs: (1, 11214)
[M::mem_pestat] skip orientation FF
[M::mem_pestat] skip orientation RF
[M::mem_pestat] skip orientation RR
[M::process] read 1066668 sequences (160000200 bp)...
[M::mem_process_seqs] Processed 1066668 reads in 813.169 CPU sec, 52.506 real sec
[M::mem_pestat] # candidate unique pairs for (FF, FR, RF, RR): (38, 220121, 70, 39)
[M::mem_pestat] analyzing insert size distribution for orientation FF...
[M::mem_pestat] (25, 50, 75) percentile: (213, 389, 594)
[M::mem_pestat] low and high boundaries for computing mean and std.dev: (1, 1356)
[M::mem_pestat] mean and std.dev: (372.82, 208.70)
[M::mem_pestat] low and high boundaries for proper pairs: (1, 1737)
[M::mem_pestat] analyzing insert size distribution for orientation FR...
[M::mem_pestat] (25, 50, 75) percentile: (267, 349, 450)
[M::mem_pestat] low and high boundaries for computing mean and std.dev: (1, 816)
[M::mem_pestat] mean and std.dev: (360.40, 135.87)
[M::mem_pestat] low and high boundaries for proper pairs: (1, 999)
[M::mem_pestat] analyzing insert size distribution for orientation RF...
[M::mem_pestat] (25, 50, 75) percentile: (193, 1513, 5416)
[M::mem_pestat] low and high boundaries for computing mean and std.dev: (1, 15862)
[M::mem_pestat] mean and std.dev: (2602.79, 2769.68)
[M::mem_pestat] low and high boundaries for proper pairs: (1, 21085)
[M::mem_pestat] analyzing insert size distribution for orientation RR...
[M::mem_pestat] (25, 50, 75) percentile: (262, 417, 1075)
[M::mem_pestat] low and high boundaries for computing mean and std.dev: (1, 2701)
[M::mem_pestat] mean and std.dev: (679.32, 627.48)
[M::mem_pestat] low and high boundaries for proper pairs: (1, 3514)
[M::mem_pestat] skip orientation FF
[M::mem_pestat] skip orientation RF
[M::mem_pestat] skip orientation RR
[M::process] read 1066668 sequences (160000200 bp)...
[M::mem_process_seqs] Processed 1066668 reads in 814.370 CPU sec, 52.668 real sec
[M::mem_pestat] # candidate unique pairs for (FF, FR, RF, RR): (33, 220645, 71, 32)
[M::mem_pestat] analyzing insert size distribution for orientation FF...
[M::mem_pestat] (25, 50, 75) percentile: (236, 339, 2145)
[M::mem_pestat] low and high boundaries for computing mean and std.dev: (1, 5963)
[M::mem_pestat] mean and std.dev: (880.93, 1327.27)
[M::mem_pestat] low and high boundaries for proper pairs: (1, 7872)
[M::mem_pestat] analyzing insert size distribution for orientation FR...
[M::mem_pestat] (25, 50, 75) percentile: (268, 348, 450)
[M::mem_pestat] low and high boundaries for computing mean and std.dev: (1, 814)
[M::mem_pestat] mean and std.dev: (360.50, 135.33)
[M::mem_pestat] low and high boundaries for proper pairs: (1, 996)
[M::mem_pestat] analyzing insert size distribution for orientation RF...
[M::mem_pestat] (25, 50, 75) percentile: (456, 1915, 4100)
[M::mem_pestat] low and high boundaries for computing mean and std.dev: (1, 11388)
[M::mem_pestat] mean and std.dev: (2865.34, 2804.73)
[M::mem_pestat] low and high boundaries for proper pairs: (1, 15032)
[M::mem_pestat] analyzing insert size distribution for orientation RR...
[M::mem_pestat] (25, 50, 75) percentile: (240, 530, 1583)
[M::mem_pestat] low and high boundaries for computing mean and std.dev: (1, 4269)
[M::mem_pestat] mean and std.dev: (657.19, 567.98)
[M::mem_pestat] low and high boundaries for proper pairs: (1, 5612)
[M::mem_pestat] skip orientation FF
[M::mem_pestat] skip orientation RF
[M::mem_pestat] skip orientation RR
[M::process] read 1066668 sequences (160000200 bp)...
[M::mem_process_seqs] Processed 1066668 reads in 815.986 CPU sec, 52.702 real sec
[M::mem_pestat] # candidate unique pairs for (FF, FR, RF, RR): (35, 220729, 90, 26)
[M::mem_pestat] analyzing insert size distribution for orientation FF...
[M::mem_pestat] (25, 50, 75) percentile: (261, 393, 1202)
[M::mem_pestat] low and high boundaries for computing mean and std.dev: (1, 3084)
[M::mem_pestat] mean and std.dev: (724.62, 738.68)
[M::mem_pestat] low and high boundaries for proper pairs: (1, 4025)
[M::mem_pestat] analyzing insert size distribution for orientation FR...
[M::mem_pestat] (25, 50, 75) percentile: (267, 347, 449)
[M::mem_pestat] low and high boundaries for computing mean and std.dev: (1, 813)
[M::mem_pestat] mean and std.dev: (359.58, 135.33)
[M::mem_pestat] low and high boundaries for proper pairs: (1, 995)
[M::mem_pestat] analyzing insert size distribution for orientation RF...
[M::mem_pestat] (25, 50, 75) percentile: (415, 1310, 5183)
[M::mem_pestat] low and high boundaries for computing mean and std.dev: (1, 14719)
[M::mem_pestat] mean and std.dev: (2734.79, 3014.46)
[M::mem_pestat] low and high boundaries for proper pairs: (1, 19487)
[M::mem_pestat] analyzing insert size distribution for orientation RR...
[M::mem_pestat] (25, 50, 75) percentile: (205, 486, 1676)
[M::mem_pestat] low and high boundaries for computing mean and std.dev: (1, 4618)
[M::mem_pestat] mean and std.dev: (844.96, 999.39)
[M::mem_pestat] low and high boundaries for proper pairs: (1, 6089)
[M::mem_pestat] skip orientation FF
[M::mem_pestat] skip orientation RF
[M::mem_pestat] skip orientation RR
[M::process] read 1066668 sequences (160000200 bp)...
[M::mem_process_seqs] Processed 1066668 reads in 818.953 CPU sec, 53.138 real sec
[M::mem_pestat] # candidate unique pairs for (FF, FR, RF, RR): (47, 218400, 62, 34)
[M::mem_pestat] analyzing insert size distribution for orientation FF...
[M::mem_pestat] (25, 50, 75) percentile: (286, 479, 1819)
[M::mem_pestat] low and high boundaries for computing mean and std.dev: (1, 4885)
[M::mem_pestat] mean and std.dev: (1268.04, 1438.19)
[M::mem_pestat] low and high boundaries for proper pairs: (1, 7021)
[M::mem_pestat] analyzing insert size distribution for orientation FR...
[M::mem_pestat] (25, 50, 75) percentile: (262, 346, 455)
[M::mem_pestat] low and high boundaries for computing mean and std.dev: (1, 841)
[M::mem_pestat] mean and std.dev: (360.27, 141.14)
[M::mem_pestat] low and high boundaries for proper pairs: (1, 1034)
[M::mem_pestat] analyzing insert size distribution for orientation RF...
[M::mem_pestat] (25, 50, 75) percentile: (237, 762, 2943)
[M::mem_pestat] low and high boundaries for computing mean and std.dev: (1, 8355)
[M::mem_pestat] mean and std.dev: (1283.36, 1688.75)
[M::mem_pestat] low and high boundaries for proper pairs: (1, 11061)
[M::mem_pestat] analyzing insert size distribution for orientation RR...
[M::mem_pestat] (25, 50, 75) percentile: (182, 238, 1942)
[M::mem_pestat] low and high boundaries for computing mean and std.dev: (1, 5462)
[M::mem_pestat] mean and std.dev: (706.57, 781.39)
[M::mem_pestat] low and high boundaries for proper pairs: (1, 7222)
[M::mem_pestat] skip orientation FF
[M::mem_pestat] skip orientation RF
[M::mem_pestat] skip orientation RR
[M::process] read 1066668 sequences (160000200 bp)...
[M::mem_process_seqs] Processed 1066668 reads in 809.518 CPU sec, 52.829 real sec
[M::mem_pestat] # candidate unique pairs for (FF, FR, RF, RR): (32, 219195, 73, 38)
[M::mem_pestat] analyzing insert size distribution for orientation FF...
[M::mem_pestat] (25, 50, 75) percentile: (297, 613, 3042)
[M::mem_pestat] low and high boundaries for computing mean and std.dev: (1, 8532)
[M::mem_pestat] mean and std.dev: (1616.39, 1855.49)
[M::mem_pestat] low and high boundaries for proper pairs: (1, 11277)
[M::mem_pestat] analyzing insert size distribution for orientation FR...
[M::mem_pestat] (25, 50, 75) percentile: (262, 345, 451)
[M::mem_pestat] low and high boundaries for computing mean and std.dev: (1, 829)
[M::mem_pestat] mean and std.dev: (358.23, 139.11)
[M::mem_pestat] low and high boundaries for proper pairs: (1, 1018)
[M::mem_pestat] analyzing insert size distribution for orientation RF...
[M::mem_pestat] (25, 50, 75) percentile: (177, 520, 4042)
[M::mem_pestat] low and high boundaries for computing mean and std.dev: (1, 11772)
[M::mem_pestat] mean and std.dev: (2245.71, 2906.66)
[M::mem_pestat] low and high boundaries for proper pairs: (1, 15637)
[M::mem_pestat] analyzing insert size distribution for orientation RR...
[M::mem_pestat] (25, 50, 75) percentile: (232, 567, 2359)
[M::mem_pestat] low and high boundaries for computing mean and std.dev: (1, 6613)
[M::mem_pestat] mean and std.dev: (1159.59, 1243.89)
[M::mem_pestat] low and high boundaries for proper pairs: (1, 8740)
[M::mem_pestat] skip orientation FF
[M::mem_pestat] skip orientation RF
[M::mem_pestat] skip orientation RR
[M::process] read 1066668 sequences (160000200 bp)...
[M::mem_process_seqs] Processed 1066668 reads in 804.365 CPU sec, 52.130 real sec
[M::mem_pestat] # candidate unique pairs for (FF, FR, RF, RR): (35, 220714, 83, 35)
[M::mem_pestat] analyzing insert size distribution for orientation FF...
[M::mem_pestat] (25, 50, 75) percentile: (281, 560, 1937)
[M::mem_pestat] low and high boundaries for computing mean and std.dev: (1, 5249)
[M::mem_pestat] mean and std.dev: (715.59, 947.82)
[M::mem_pestat] low and high boundaries for proper pairs: (1, 6905)
[M::mem_pestat] analyzing insert size distribution for orientation FR...
[M::mem_pestat] (25, 50, 75) percentile: (269, 353, 459)
[M::mem_pestat] low and high boundaries for computing mean and std.dev: (1, 839)
[M::mem_pestat] mean and std.dev: (365.48, 140.12)
[M::mem_pestat] low and high boundaries for proper pairs: (1, 1029)
[M::mem_pestat] analyzing insert size distribution for orientation RF...
[M::mem_pestat] (25, 50, 75) percentile: (283, 1517, 5654)
[M::mem_pestat] low and high boundaries for computing mean and std.dev: (1, 16396)
[M::mem_pestat] mean and std.dev: (3082.87, 3244.69)
[M::mem_pestat] low and high boundaries for proper pairs: (1, 21767)
[M::mem_pestat] analyzing insert size distribution for orientation RR...
[M::mem_pestat] (25, 50, 75) percentile: (296, 509, 1537)
[M::mem_pestat] low and high boundaries for computing mean and std.dev: (1, 4019)
[M::mem_pestat] mean and std.dev: (822.78, 788.15)
[M::mem_pestat] low and high boundaries for proper pairs: (1, 5260)
[M::mem_pestat] skip orientation FF
[M::mem_pestat] skip orientation RF
[M::mem_pestat] skip orientation RR
[M::process] read 1066668 sequences (160000200 bp)...
[M::mem_process_seqs] Processed 1066668 reads in 804.643 CPU sec, 52.088 real sec
[M::mem_pestat] # candidate unique pairs for (FF, FR, RF, RR): (39, 221315, 87, 29)
[M::mem_pestat] analyzing insert size distribution for orientation FF...
[M::mem_pestat] (25, 50, 75) percentile: (398, 841, 2200)
[M::mem_pestat] low and high boundaries for computing mean and std.dev: (1, 5804)
[M::mem_pestat] mean and std.dev: (1218.62, 1352.62)
[M::mem_pestat] low and high boundaries for proper pairs: (1, 7606)
[M::mem_pestat] analyzing insert size distribution for orientation FR...
[M::mem_pestat] (25, 50, 75) percentile: (268, 350, 456)
[M::mem_pestat] low and high boundaries for computing mean and std.dev: (1, 832)
[M::mem_pestat] mean and std.dev: (363.59, 138.89)
[M::mem_pestat] low and high boundaries for proper pairs: (1, 1020)
[M::mem_pestat] analyzing insert size distribution for orientation RF...
[M::mem_pestat] (25, 50, 75) percentile: (142, 1013, 4954)
[M::mem_pestat] low and high boundaries for computing mean and std.dev: (1, 14578)
[M::mem_pestat] mean and std.dev: (2842.79, 3245.83)
[M::mem_pestat] low and high boundaries for proper pairs: (1, 19390)
[M::mem_pestat] analyzing insert size distribution for orientation RR...
[M::mem_pestat] (25, 50, 75) percentile: (311, 398, 659)
[M::mem_pestat] low and high boundaries for computing mean and std.dev: (1, 1355)
[M::mem_pestat] mean and std.dev: (368.26, 134.94)
[M::mem_pestat] low and high boundaries for proper pairs: (1, 1703)
[M::mem_pestat] skip orientation FF
[M::mem_pestat] skip orientation RF
[M::mem_pestat] skip orientation RR
[M::process] read 1066668 sequences (160000200 bp)...
[M::mem_process_seqs] Processed 1066668 reads in 811.356 CPU sec, 52.667 real sec
[M::mem_pestat] # candidate unique pairs for (FF, FR, RF, RR): (26, 220865, 66, 41)
[M::mem_pestat] analyzing insert size distribution for orientation FF...
[M::mem_pestat] (25, 50, 75) percentile: (265, 648, 862)
[M::mem_pestat] low and high boundaries for computing mean and std.dev: (1, 2056)
[M::mem_pestat] mean and std.dev: (486.50, 305.13)
[M::mem_pestat] low and high boundaries for proper pairs: (1, 2653)
[M::mem_pestat] analyzing insert size distribution for orientation FR...
[M::mem_pestat] (25, 50, 75) percentile: (264, 346, 452)
[M::mem_pestat] low and high boundaries for computing mean and std.dev: (1, 828)
[M::mem_pestat] mean and std.dev: (360.35, 139.07)
[M::mem_pestat] low and high boundaries for proper pairs: (1, 1016)
[M::mem_pestat] analyzing insert size distribution for orientation RF...
[M::mem_pestat] (25, 50, 75) percentile: (362, 1092, 3269)
[M::mem_pestat] low and high boundaries for computing mean and std.dev: (1, 9083)
[M::mem_pestat] mean and std.dev: (2015.57, 2388.80)
[M::mem_pestat] low and high boundaries for proper pairs: (1, 11990)
[M::mem_pestat] analyzing insert size distribution for orientation RR...
[M::mem_pestat] (25, 50, 75) percentile: (243, 406, 950)
[M::mem_pestat] low and high boundaries for computing mean and std.dev: (1, 2364)
[M::mem_pestat] mean and std.dev: (612.59, 555.27)
[M::mem_pestat] low and high boundaries for proper pairs: (1, 3071)
[M::mem_pestat] skip orientation FF
[M::mem_pestat] skip orientation RF
[M::mem_pestat] skip orientation RR
[M::process] read 1066668 sequences (160000200 bp)...
[M::mem_process_seqs] Processed 1066668 reads in 819.549 CPU sec, 52.858 real sec
[M::mem_pestat] # candidate unique pairs for (FF, FR, RF, RR): (38, 217552, 99, 32)
[M::mem_pestat] analyzing insert size distribution for orientation FF...
[M::mem_pestat] (25, 50, 75) percentile: (226, 595, 1680)
[M::mem_pestat] low and high boundaries for computing mean and std.dev: (1, 4588)
[M::mem_pestat] mean and std.dev: (994.25, 1088.26)
[M::mem_pestat] low and high boundaries for proper pairs: (1, 6042)
[M::mem_pestat] analyzing insert size distribution for orientation FR...
[M::mem_pestat] (25, 50, 75) percentile: (261, 343, 450)
[M::mem_pestat] low and high boundaries for computing mean and std.dev: (1, 828)
[M::mem_pestat] mean and std.dev: (357.04, 139.59)
[M::mem_pestat] low and high boundaries for proper pairs: (1, 1017)
[M::mem_pestat] analyzing insert size distribution for orientation RF...
[M::mem_pestat] (25, 50, 75) percentile: (296, 982, 3639)
[M::mem_pestat] low and high boundaries for computing mean and std.dev: (1, 10325)
[M::mem_pestat] mean and std.dev: (2359.93, 2936.17)
[M::mem_pestat] low and high boundaries for proper pairs: (1, 14105)
[M::mem_pestat] analyzing insert size distribution for orientation RR...
[M::mem_pestat] (25, 50, 75) percentile: (258, 1824, 2813)
[M::mem_pestat] low and high boundaries for computing mean and std.dev: (1, 7923)
[M::mem_pestat] mean and std.dev: (1589.03, 1651.12)
[M::mem_pestat] low and high boundaries for proper pairs: (1, 10478)
[M::mem_pestat] skip orientation FF
[M::mem_pestat] skip orientation RF
[M::mem_pestat] skip orientation RR
[M::process] read 1066668 sequences (160000200 bp)...
[M::mem_process_seqs] Processed 1066668 reads in 824.225 CPU sec, 53.291 real sec
[M::mem_pestat] # candidate unique pairs for (FF, FR, RF, RR): (30, 219080, 63, 14)
[M::mem_pestat] analyzing insert size distribution for orientation FF...
[M::mem_pestat] (25, 50, 75) percentile: (300, 464, 1064)
[M::mem_pestat] low and high boundaries for computing mean and std.dev: (1, 2592)
[M::mem_pestat] mean and std.dev: (540.54, 475.47)
[M::mem_pestat] low and high boundaries for proper pairs: (1, 3356)
[M::mem_pestat] analyzing insert size distribution for orientation FR...
[M::mem_pestat] (25, 50, 75) percentile: (258, 339, 444)
[M::mem_pestat] low and high boundaries for computing mean and std.dev: (1, 816)
[M::mem_pestat] mean and std.dev: (352.65, 137.72)
[M::mem_pestat] low and high boundaries for proper pairs: (1, 1002)
[M::mem_pestat] analyzing insert size distribution for orientation RF...
[M::mem_pestat] (25, 50, 75) percentile: (262, 991, 4301)
[M::mem_pestat] low and high boundaries for computing mean and std.dev: (1, 12379)
[M::mem_pestat] mean and std.dev: (2323.92, 2573.12)
[M::mem_pestat] low and high boundaries for proper pairs: (1, 16418)
[M::mem_pestat] analyzing insert size distribution for orientation RR...
[M::mem_pestat] (25, 50, 75) percentile: (232, 290, 396)
[M::mem_pestat] low and high boundaries for computing mean and std.dev: (1, 724)
[M::mem_pestat] mean and std.dev: (255.27, 84.83)
[M::mem_pestat] low and high boundaries for proper pairs: (1, 888)
[M::mem_pestat] skip orientation FF
[M::mem_pestat] skip orientation RF
[M::mem_pestat] skip orientation RR
[M::process] read 1066668 sequences (160000200 bp)...
[M::mem_process_seqs] Processed 1066668 reads in 821.080 CPU sec, 53.063 real sec
[M::mem_pestat] # candidate unique pairs for (FF, FR, RF, RR): (36, 220488, 66, 29)
[M::mem_pestat] analyzing insert size distribution for orientation FF...
[M::mem_pestat] (25, 50, 75) percentile: (296, 536, 1622)
[M::mem_pestat] low and high boundaries for computing mean and std.dev: (1, 4274)
[M::mem_pestat] mean and std.dev: (932.83, 1005.39)
[M::mem_pestat] low and high boundaries for proper pairs: (1, 5600)
[M::mem_pestat] analyzing insert size distribution for orientation FR...
[M::mem_pestat] (25, 50, 75) percentile: (267, 351, 460)
[M::mem_pestat] low and high boundaries for computing mean and std.dev: (1, 846)
[M::mem_pestat] mean and std.dev: (365.14, 141.16)
[M::mem_pestat] low and high boundaries for proper pairs: (1, 1039)
[M::mem_pestat] analyzing insert size distribution for orientation RF...
[M::mem_pestat] (25, 50, 75) percentile: (246, 1540, 3801)
[M::mem_pestat] low and high boundaries for computing mean and std.dev: (1, 10911)
[M::mem_pestat] mean and std.dev: (2437.35, 2495.95)
[M::mem_pestat] low and high boundaries for proper pairs: (1, 14466)
[M::mem_pestat] analyzing insert size distribution for orientation RR...
[M::mem_pestat] (25, 50, 75) percentile: (155, 486, 1312)
[M::mem_pestat] low and high boundaries for computing mean and std.dev: (1, 3626)
[M::mem_pestat] mean and std.dev: (601.08, 644.76)
[M::mem_pestat] low and high boundaries for proper pairs: (1, 4783)
[M::mem_pestat] skip orientation FF
[M::mem_pestat] skip orientation RF
[M::mem_pestat] skip orientation RR
[M::process] read 1066668 sequences (160000200 bp)...
[M::mem_process_seqs] Processed 1066668 reads in 821.675 CPU sec, 53.169 real sec
[M::mem_pestat] # candidate unique pairs for (FF, FR, RF, RR): (33, 221126, 61, 25)
[M::mem_pestat] analyzing insert size distribution for orientation FF...
[M::mem_pestat] (25, 50, 75) percentile: (310, 457, 1522)
[M::mem_pestat] low and high boundaries for computing mean and std.dev: (1, 3946)
[M::mem_pestat] mean and std.dev: (780.37, 760.05)
[M::mem_pestat] low and high boundaries for proper pairs: (1, 5158)
[M::mem_pestat] analyzing insert size distribution for orientation FR...
[M::mem_pestat] (25, 50, 75) percentile: (268, 350, 455)
[M::mem_pestat] low and high boundaries for computing mean and std.dev: (1, 829)
[M::mem_pestat] mean and std.dev: (363.06, 138.51)
[M::mem_pestat] low and high boundaries for proper pairs: (1, 1016)
[M::mem_pestat] analyzing insert size distribution for orientation RF...
[M::mem_pestat] (25, 50, 75) percentile: (584, 1764, 6009)
[M::mem_pestat] low and high boundaries for computing mean and std.dev: (1, 16859)
[M::mem_pestat] mean and std.dev: (3297.79, 3132.06)
[M::mem_pestat] low and high boundaries for proper pairs: (1, 22284)
[M::mem_pestat] analyzing insert size distribution for orientation RR...
[M::mem_pestat] (25, 50, 75) percentile: (476, 1340, 3571)
[M::mem_pestat] low and high boundaries for computing mean and std.dev: (1, 9761)
[M::mem_pestat] mean and std.dev: (2034.84, 1933.09)
[M::mem_pestat] low and high boundaries for proper pairs: (1, 12856)
[M::mem_pestat] skip orientation FF
[M::mem_pestat] skip orientation RF
[M::mem_pestat] skip orientation RR
[M::process] read 1066668 sequences (160000200 bp)...
[M::mem_process_seqs] Processed 1066668 reads in 827.397 CPU sec, 53.627 real sec
[M::mem_pestat] # candidate unique pairs for (FF, FR, RF, RR): (24, 220566, 90, 32)
[M::mem_pestat] analyzing insert size distribution for orientation FF...
[M::mem_pestat] (25, 50, 75) percentile: (441, 787, 2660)
[M::mem_pestat] low and high boundaries for computing mean and std.dev: (1, 7098)
[M::mem_pestat] mean and std.dev: (1379.29, 1582.70)
[M::mem_pestat] low and high boundaries for proper pairs: (1, 9317)
[M::mem_pestat] analyzing insert size distribution for orientation FR...
[M::mem_pestat] (25, 50, 75) percentile: (264, 345, 451)
[M::mem_pestat] low and high boundaries for computing mean and std.dev: (1, 825)
[M::mem_pestat] mean and std.dev: (359.04, 138.32)
[M::mem_pestat] low and high boundaries for proper pairs: (1, 1012)
[M::mem_pestat] analyzing insert size distribution for orientation RF...
[M::mem_pestat] (25, 50, 75) percentile: (182, 1685, 4054)
[M::mem_pestat] low and high boundaries for computing mean and std.dev: (1, 11798)
[M::mem_pestat] mean and std.dev: (2773.86, 3131.72)
[M::mem_pestat] low and high boundaries for proper pairs: (1, 15670)
[M::mem_pestat] analyzing insert size distribution for orientation RR...
[M::mem_pestat] (25, 50, 75) percentile: (403, 688, 1788)
[M::mem_pestat] low and high boundaries for computing mean and std.dev: (1, 4558)
[M::mem_pestat] mean and std.dev: (1037.90, 1052.58)
[M::mem_pestat] low and high boundaries for proper pairs: (1, 5943)
[M::mem_pestat] skip orientation FF
[M::mem_pestat] skip orientation RF
[M::mem_pestat] skip orientation RR
[M::mem_process_seqs] Processed 1066668 reads in 828.020 CPU sec, 54.892 real sec
[M::process] read 1066668 sequences (160000200 bp)...
[M::mem_pestat] # candidate unique pairs for (FF, FR, RF, RR): (22, 217374, 98, 38)
[M::mem_pestat] analyzing insert size distribution for orientation FF...
[M::mem_pestat] (25, 50, 75) percentile: (279, 520, 5367)
[M::mem_pestat] low and high boundaries for computing mean and std.dev: (1, 15543)
[M::mem_pestat] mean and std.dev: (2203.64, 2794.25)
[M::mem_pestat] low and high boundaries for proper pairs: (1, 20631)
[M::mem_pestat] analyzing insert size distribution for orientation FR...
[M::mem_pestat] (25, 50, 75) percentile: (262, 346, 452)
[M::mem_pestat] low and high boundaries for computing mean and std.dev: (1, 832)
[M::mem_pestat] mean and std.dev: (358.88, 139.77)
[M::mem_pestat] low and high boundaries for proper pairs: (1, 1022)
[M::mem_pestat] analyzing insert size distribution for orientation RF...
[M::mem_pestat] (25, 50, 75) percentile: (178, 2265, 5732)
[M::mem_pestat] low and high boundaries for computing mean and std.dev: (1, 16840)
[M::mem_pestat] mean and std.dev: (3011.59, 3030.90)
[M::mem_pestat] low and high boundaries for proper pairs: (1, 22394)
[M::mem_pestat] analyzing insert size distribution for orientation RR...
[M::mem_pestat] (25, 50, 75) percentile: (283, 541, 1556)
[M::mem_pestat] low and high boundaries for computing mean and std.dev: (1, 4102)
[M::mem_pestat] mean and std.dev: (888.17, 957.20)
[M::mem_pestat] low and high boundaries for proper pairs: (1, 5375)
[M::mem_pestat] skip orientation FF
[M::mem_pestat] skip orientation RF
[M::mem_pestat] skip orientation RR
[M::process] read 1066668 sequences (160000200 bp)...
[M::mem_process_seqs] Processed 1066668 reads in 811.483 CPU sec, 51.848 real sec
[M::mem_pestat] # candidate unique pairs for (FF, FR, RF, RR): (23, 218342, 60, 27)
[M::mem_pestat] analyzing insert size distribution for orientation FF...
[M::mem_pestat] (25, 50, 75) percentile: (162, 527, 1096)
[M::mem_pestat] low and high boundaries for computing mean and std.dev: (1, 2964)
[M::mem_pestat] mean and std.dev: (596.91, 546.88)
[M::mem_pestat] low and high boundaries for proper pairs: (1, 3898)
[M::mem_pestat] analyzing insert size distribution for orientation FR...
[M::mem_pestat] (25, 50, 75) percentile: (261, 343, 449)
[M::mem_pestat] low and high boundaries for computing mean and std.dev: (1, 825)
[M::mem_pestat] mean and std.dev: (356.60, 138.90)
[M::mem_pestat] low and high boundaries for proper pairs: (1, 1013)
[M::mem_pestat] analyzing insert size distribution for orientation RF...
[M::mem_pestat] (25, 50, 75) percentile: (453, 1520, 4356)
[M::mem_pestat] low and high boundaries for computing mean and std.dev: (1, 12162)
[M::mem_pestat] mean and std.dev: (2992.87, 3086.98)
[M::mem_pestat] low and high boundaries for proper pairs: (1, 16065)
[M::mem_pestat] analyzing insert size distribution for orientation RR...
[M::mem_pestat] (25, 50, 75) percentile: (267, 467, 1436)
[M::mem_pestat] low and high boundaries for computing mean and std.dev: (1, 3774)
[M::mem_pestat] mean and std.dev: (514.24, 422.50)
[M::mem_pestat] low and high boundaries for proper pairs: (1, 4943)
[M::mem_pestat] skip orientation FF
[M::mem_pestat] skip orientation RF
[M::mem_pestat] skip orientation RR
[M::process] read 1066668 sequences (160000200 bp)...
[M::mem_process_seqs] Processed 1066668 reads in 818.501 CPU sec, 52.847 real sec
[M::mem_pestat] # candidate unique pairs for (FF, FR, RF, RR): (32, 220202, 93, 35)
[M::mem_pestat] analyzing insert size distribution for orientation FF...
[M::mem_pestat] (25, 50, 75) percentile: (381, 593, 993)
[M::mem_pestat] low and high boundaries for computing mean and std.dev: (1, 2217)
[M::mem_pestat] mean and std.dev: (699.97, 544.33)
[M::mem_pestat] low and high boundaries for proper pairs: (1, 2877)
[M::mem_pestat] analyzing insert size distribution for orientation FR...
[M::mem_pestat] (25, 50, 75) percentile: (266, 348, 453)
[M::mem_pestat] low and high boundaries for computing mean and std.dev: (1, 827)
[M::mem_pestat] mean and std.dev: (361.88, 138.58)
[M::mem_pestat] low and high boundaries for proper pairs: (1, 1014)
[M::mem_pestat] analyzing insert size distribution for orientation RF...
[M::mem_pestat] (25, 50, 75) percentile: (239, 840, 3655)
[M::mem_pestat] low and high boundaries for computing mean and std.dev: (1, 10487)
[M::mem_pestat] mean and std.dev: (2169.94, 2693.40)
[M::mem_pestat] low and high boundaries for proper pairs: (1, 13903)
[M::mem_pestat] analyzing insert size distribution for orientation RR...
[M::mem_pestat] (25, 50, 75) percentile: (338, 473, 1225)
[M::mem_pestat] low and high boundaries for computing mean and std.dev: (1, 2999)
[M::mem_pestat] mean and std.dev: (599.90, 506.65)
[M::mem_pestat] low and high boundaries for proper pairs: (1, 3886)
[M::mem_pestat] skip orientation FF
[M::mem_pestat] skip orientation RF
[M::mem_pestat] skip orientation RR
[M::process] read 1066668 sequences (160000200 bp)...
[M::mem_process_seqs] Processed 1066668 reads in 808.263 CPU sec, 52.326 real sec
[M::mem_pestat] # candidate unique pairs for (FF, FR, RF, RR): (18, 220425, 92, 34)
[M::mem_pestat] analyzing insert size distribution for orientation FF...
[M::mem_pestat] (25, 50, 75) percentile: (300, 955, 1696)
[M::mem_pestat] low and high boundaries for computing mean and std.dev: (1, 4488)
[M::mem_pestat] mean and std.dev: (1183.18, 1219.54)
[M::mem_pestat] low and high boundaries for proper pairs: (1, 6061)
[M::mem_pestat] analyzing insert size distribution for orientation FR...
[M::mem_pestat] (25, 50, 75) percentile: (266, 345, 448)
[M::mem_pestat] low and high boundaries for computing mean and std.dev: (1, 812)
[M::mem_pestat] mean and std.dev: (358.45, 136.15)
[M::mem_pestat] low and high boundaries for proper pairs: (1, 994)
[M::mem_pestat] analyzing insert size distribution for orientation RF...
[M::mem_pestat] (25, 50, 75) percentile: (210, 1361, 3982)
[M::mem_pestat] low and high boundaries for computing mean and std.dev: (1, 11526)
[M::mem_pestat] mean and std.dev: (2636.74, 2996.24)
[M::mem_pestat] low and high boundaries for proper pairs: (1, 15298)
[M::mem_pestat] analyzing insert size distribution for orientation RR...
[M::mem_pestat] (25, 50, 75) percentile: (308, 686, 2764)
[M::mem_pestat] low and high boundaries for computing mean and std.dev: (1, 7676)
[M::mem_pestat] mean and std.dev: (1551.35, 1678.07)
[M::mem_pestat] low and high boundaries for proper pairs: (1, 10132)
[M::mem_pestat] skip orientation FF
[M::mem_pestat] skip orientation RF
[M::mem_pestat] skip orientation RR
[M::process] read 864206 sequences (129630900 bp)...
[M::mem_process_seqs] Processed 1066668 reads in 810.687 CPU sec, 52.394 real sec
[M::mem_pestat] # candidate unique pairs for (FF, FR, RF, RR): (30, 179072, 68, 33)
[M::mem_pestat] analyzing insert size distribution for orientation FF...
[M::mem_pestat] (25, 50, 75) percentile: (261, 652, 2368)
[M::mem_pestat] low and high boundaries for computing mean and std.dev: (1, 6582)
[M::mem_pestat] mean and std.dev: (1209.89, 1475.36)
[M::mem_pestat] low and high boundaries for proper pairs: (1, 8689)
[M::mem_pestat] analyzing insert size distribution for orientation FR...
[M::mem_pestat] (25, 50, 75) percentile: (267, 347, 450)
[M::mem_pestat] low and high boundaries for computing mean and std.dev: (1, 816)
[M::mem_pestat] mean and std.dev: (360.16, 136.23)
[M::mem_pestat] low and high boundaries for proper pairs: (1, 999)
[M::mem_pestat] analyzing insert size distribution for orientation RF...
[M::mem_pestat] (25, 50, 75) percentile: (453, 2403, 5088)
[M::mem_pestat] low and high boundaries for computing mean and std.dev: (1, 14358)
[M::mem_pestat] mean and std.dev: (3151.75, 2830.10)
[M::mem_pestat] low and high boundaries for proper pairs: (1, 18993)
[M::mem_pestat] analyzing insert size distribution for orientation RR...
[M::mem_pestat] (25, 50, 75) percentile: (333, 441, 1322)
[M::mem_pestat] low and high boundaries for computing mean and std.dev: (1, 3300)
[M::mem_pestat] mean and std.dev: (638.62, 504.87)
[M::mem_pestat] low and high boundaries for proper pairs: (1, 4289)
[M::mem_pestat] skip orientation FF
[M::mem_pestat] skip orientation RF
[M::mem_pestat] skip orientation RR
[M::mem_process_seqs] Processed 864206 reads in 664.568 CPU sec, 43.408 real sec
[main] Version: 0.7.19-r1273
[main] CMD: bwa mem -t 16 -R @RG\tID:Coos_Bay_7\tSM:Coos_Bay_7\tLB:Coos_Bay_7\tPL:ILLUMINA output/05_realign_xbOstLuri2/reference/GCA_061535525.1_xbOstLuri2_USDA-ARS_PSRF_primary_genomic.fna data/raw/Coos_Bay_7_S104_L004_R1_001.fastq.gz data/raw/Coos_Bay_7_S104_L004_R2_001.fastq.gz
[main] Real time: 2209.883 sec; CPU: 33765.672 sec
[bam_sort_core] merging from 2 files and 8 in-memory blocks...
end 2026-09-27T12:35:52Z sample=Coos_Bay_7
