/opt/ohpc/admin/lmod/lmod/init/bash: line 93: LD_LIBRARY_PATH: unbound variable
start 2026-09-27T13:07:38Z host n3436 sample=LS_8a location=LS
[M::bwa_idx_load_from_disk] read 0 ALT contigs
[M::process] read 1066668 sequences (160000200 bp)...
[M::process] read 1066668 sequences (160000200 bp)...
[M::mem_pestat] # candidate unique pairs for (FF, FR, RF, RR): (40, 222802, 81, 19)
[M::mem_pestat] analyzing insert size distribution for orientation FF...
[M::mem_pestat] (25, 50, 75) percentile: (308, 426, 980)
[M::mem_pestat] low and high boundaries for computing mean and std.dev: (1, 2324)
[M::mem_pestat] mean and std.dev: (507.41, 377.17)
[M::mem_pestat] low and high boundaries for proper pairs: (1, 2996)
[M::mem_pestat] analyzing insert size distribution for orientation FR...
[M::mem_pestat] (25, 50, 75) percentile: (274, 360, 459)
[M::mem_pestat] low and high boundaries for computing mean and std.dev: (1, 829)
[M::mem_pestat] mean and std.dev: (366.28, 140.10)
[M::mem_pestat] low and high boundaries for proper pairs: (1, 1014)
[M::mem_pestat] analyzing insert size distribution for orientation RF...
[M::mem_pestat] (25, 50, 75) percentile: (306, 1260, 4239)
[M::mem_pestat] low and high boundaries for computing mean and std.dev: (1, 12105)
[M::mem_pestat] mean and std.dev: (2747.26, 3012.95)
[M::mem_pestat] low and high boundaries for proper pairs: (1, 16038)
[M::mem_pestat] analyzing insert size distribution for orientation RR...
[M::mem_pestat] (25, 50, 75) percentile: (276, 377, 776)
[M::mem_pestat] low and high boundaries for computing mean and std.dev: (1, 1776)
[M::mem_pestat] mean and std.dev: (560.16, 417.41)
[M::mem_pestat] low and high boundaries for proper pairs: (1, 2276)
[M::mem_pestat] skip orientation FF
[M::mem_pestat] skip orientation RF
[M::mem_pestat] skip orientation RR
[M::mem_process_seqs] Processed 1066668 reads in 770.647 CPU sec, 51.490 real sec
[M::mem_pestat] # candidate unique pairs for (FF, FR, RF, RR): (32, 224975, 67, 33)
[M::mem_pestat] analyzing insert size distribution for orientation FF...
[M::mem_pestat] (25, 50, 75) percentile: (300, 456, 3133)
[M::mem_pestat] low and high boundaries for computing mean and std.dev: (1, 8799)
[M::mem_pestat] mean and std.dev: (1643.03, 2208.41)
[M::mem_pestat] low and high boundaries for proper pairs: (1, 11632)
[M::mem_pestat] analyzing insert size distribution for orientation FR...
[M::mem_pestat] (25, 50, 75) percentile: (280, 366, 467)
[M::mem_pestat] low and high boundaries for computing mean and std.dev: (1, 841)
[M::mem_pestat] mean and std.dev: (373.03, 142.00)
[M::mem_pestat] low and high boundaries for proper pairs: (1, 1028)
[M::mem_pestat] analyzing insert size distribution for orientation RF...
[M::mem_pestat] (25, 50, 75) percentile: (226, 993, 3526)
[M::mem_pestat] low and high boundaries for computing mean and std.dev: (1, 10126)
[M::mem_pestat] mean and std.dev: (2359.12, 3088.39)
[M::mem_pestat] low and high boundaries for proper pairs: (1, 14713)
[M::mem_pestat] analyzing insert size distribution for orientation RR...
[M::mem_pestat] (25, 50, 75) percentile: (215, 342, 1073)
[M::mem_pestat] low and high boundaries for computing mean and std.dev: (1, 2789)
[M::mem_pestat] mean and std.dev: (574.94, 452.34)
[M::mem_pestat] low and high boundaries for proper pairs: (1, 3647)
[M::mem_pestat] skip orientation FF
[M::mem_pestat] skip orientation RF
[M::mem_pestat] skip orientation RR
[M::process] read 1066668 sequences (160000200 bp)...
[M::mem_process_seqs] Processed 1066668 reads in 777.763 CPU sec, 50.223 real sec
[M::mem_pestat] # candidate unique pairs for (FF, FR, RF, RR): (34, 223150, 72, 23)
[M::mem_pestat] analyzing insert size distribution for orientation FF...
[M::mem_pestat] (25, 50, 75) percentile: (301, 717, 1131)
[M::mem_pestat] low and high boundaries for computing mean and std.dev: (1, 2791)
[M::mem_pestat] mean and std.dev: (601.11, 405.17)
[M::mem_pestat] low and high boundaries for proper pairs: (1, 3621)
[M::mem_pestat] analyzing insert size distribution for orientation FR...
[M::mem_pestat] (25, 50, 75) percentile: (276, 363, 466)
[M::mem_pestat] low and high boundaries for computing mean and std.dev: (1, 846)
[M::mem_pestat] mean and std.dev: (371.57, 143.34)
[M::mem_pestat] low and high boundaries for proper pairs: (1, 1036)
[M::mem_pestat] analyzing insert size distribution for orientation RF...
[M::mem_pestat] (25, 50, 75) percentile: (352, 2112, 5989)
[M::mem_pestat] low and high boundaries for computing mean and std.dev: (1, 17263)
[M::mem_pestat] mean and std.dev: (3152.67, 3106.20)
[M::mem_pestat] low and high boundaries for proper pairs: (1, 22900)
[M::mem_pestat] analyzing insert size distribution for orientation RR...
[M::mem_pestat] (25, 50, 75) percentile: (353, 514, 1834)
[M::mem_pestat] low and high boundaries for computing mean and std.dev: (1, 4796)
[M::mem_pestat] mean and std.dev: (1068.29, 1193.40)
[M::mem_pestat] low and high boundaries for proper pairs: (1, 6277)
[M::mem_pestat] skip orientation FF
[M::mem_pestat] skip orientation RF
[M::mem_pestat] skip orientation RR
[M::process] read 1066668 sequences (160000200 bp)...
[M::mem_process_seqs] Processed 1066668 reads in 788.720 CPU sec, 50.971 real sec
