/opt/ohpc/admin/lmod/lmod/init/bash: line 93: LD_LIBRARY_PATH: unbound variable
start 2026-09-27T12:54:39Z host n3447 sample=HC18_Triton_Wild_7 location=HC18_Triton_Wild
[M::bwa_idx_load_from_disk] read 0 ALT contigs
[M::process] read 1066668 sequences (160000200 bp)...
[M::process] read 1066668 sequences (160000200 bp)...
[M::mem_pestat] # candidate unique pairs for (FF, FR, RF, RR): (36, 230385, 54, 20)
[M::mem_pestat] analyzing insert size distribution for orientation FF...
[M::mem_pestat] (25, 50, 75) percentile: (267, 340, 1420)
[M::mem_pestat] low and high boundaries for computing mean and std.dev: (1, 3726)
[M::mem_pestat] mean and std.dev: (652.15, 658.89)
[M::mem_pestat] low and high boundaries for proper pairs: (1, 4879)
[M::mem_pestat] analyzing insert size distribution for orientation FR...
[M::mem_pestat] (25, 50, 75) percentile: (216, 296, 377)
[M::mem_pestat] low and high boundaries for computing mean and std.dev: (1, 699)
[M::mem_pestat] mean and std.dev: (298.79, 117.82)
[M::mem_pestat] low and high boundaries for proper pairs: (1, 860)
[M::mem_pestat] analyzing insert size distribution for orientation RF...
[M::mem_pestat] (25, 50, 75) percentile: (353, 2277, 5884)
[M::mem_pestat] low and high boundaries for computing mean and std.dev: (1, 16946)
[M::mem_pestat] mean and std.dev: (3458.26, 3447.39)
[M::mem_pestat] low and high boundaries for proper pairs: (1, 22477)
[M::mem_pestat] analyzing insert size distribution for orientation RR...
[M::mem_pestat] (25, 50, 75) percentile: (230, 443, 1338)
[M::mem_pestat] low and high boundaries for computing mean and std.dev: (1, 3554)
[M::mem_pestat] mean and std.dev: (580.22, 478.24)
[M::mem_pestat] low and high boundaries for proper pairs: (1, 4662)
[M::mem_pestat] skip orientation FF
[M::mem_pestat] skip orientation RF
[M::mem_pestat] skip orientation RR
[M::mem_process_seqs] Processed 1066668 reads in 742.862 CPU sec, 49.818 real sec
[M::mem_pestat] # candidate unique pairs for (FF, FR, RF, RR): (31, 229741, 64, 27)
[M::mem_pestat] analyzing insert size distribution for orientation FF...
[M::mem_pestat] (25, 50, 75) percentile: (304, 422, 1500)
[M::mem_pestat] low and high boundaries for computing mean and std.dev: (1, 3892)
[M::mem_pestat] mean and std.dev: (836.10, 878.27)
[M::mem_pestat] low and high boundaries for proper pairs: (1, 5088)
[M::mem_pestat] analyzing insert size distribution for orientation FR...
[M::mem_pestat] (25, 50, 75) percentile: (220, 298, 379)
[M::mem_pestat] low and high boundaries for computing mean and std.dev: (1, 697)
[M::mem_pestat] mean and std.dev: (301.15, 117.57)
[M::mem_pestat] low and high boundaries for proper pairs: (1, 856)
[M::mem_pestat] analyzing insert size distribution for orientation RF...
[M::mem_pestat] (25, 50, 75) percentile: (215, 707, 3575)
[M::mem_pestat] low and high boundaries for computing mean and std.dev: (1, 10295)
[M::mem_pestat] mean and std.dev: (1994.30, 2704.34)
[M::mem_pestat] low and high boundaries for proper pairs: (1, 13655)
[M::mem_pestat] analyzing insert size distribution for orientation RR...
[M::mem_pestat] (25, 50, 75) percentile: (172, 237, 1190)
[M::mem_pestat] low and high boundaries for computing mean and std.dev: (1, 3226)
[M::mem_pestat] mean and std.dev: (544.54, 688.68)
[M::mem_pestat] low and high boundaries for proper pairs: (1, 4244)
[M::mem_pestat] skip orientation FF
[M::mem_pestat] skip orientation RF
[M::mem_pestat] skip orientation RR
[M::process] read 1066668 sequences (160000200 bp)...
[M::mem_process_seqs] Processed 1066668 reads in 746.416 CPU sec, 48.404 real sec
[M::mem_pestat] # candidate unique pairs for (FF, FR, RF, RR): (22, 230034, 68, 32)
[M::mem_pestat] analyzing insert size distribution for orientation FF...
[M::mem_pestat] (25, 50, 75) percentile: (178, 367, 532)
[M::mem_pestat] low and high boundaries for computing mean and std.dev: (1, 1240)
[M::mem_pestat] mean and std.dev: (279.17, 151.21)
[M::mem_pestat] low and high boundaries for proper pairs: (1, 1594)
[M::mem_pestat] analyzing insert size distribution for orientation FR...
[M::mem_pestat] (25, 50, 75) percentile: (219, 296, 378)
[M::mem_pestat] low and high boundaries for computing mean and std.dev: (1, 696)
[M::mem_pestat] mean and std.dev: (300.35, 117.85)
[M::mem_pestat] low and high boundaries for proper pairs: (1, 855)
[M::mem_pestat] analyzing insert size distribution for orientation RF...
[M::mem_pestat] (25, 50, 75) percentile: (258, 1479, 6058)
[M::mem_pestat] low and high boundaries for computing mean and std.dev: (1, 17658)
[M::mem_pestat] mean and std.dev: (2934.16, 3122.73)
[M::mem_pestat] low and high boundaries for proper pairs: (1, 23458)
[M::mem_pestat] analyzing insert size distribution for orientation RR...
[M::mem_pestat] (25, 50, 75) percentile: (180, 436, 1279)
[M::mem_pestat] low and high boundaries for computing mean and std.dev: (1, 3477)
[M::mem_pestat] mean and std.dev: (805.88, 871.36)
[M::mem_pestat] low and high boundaries for proper pairs: (1, 4576)
[M::mem_pestat] skip orientation FF
[M::mem_pestat] skip orientation RF
[M::mem_pestat] skip orientation RR
[M::process] read 1066668 sequences (160000200 bp)...
[M::mem_process_seqs] Processed 1066668 reads in 749.523 CPU sec, 48.487 real sec
[M::mem_pestat] # candidate unique pairs for (FF, FR, RF, RR): (26, 231067, 66, 33)
[M::mem_pestat] analyzing insert size distribution for orientation FF...
[M::mem_pestat] (25, 50, 75) percentile: (178, 293, 2494)
[M::mem_pestat] low and high boundaries for computing mean and std.dev: (1, 7126)
[M::mem_pestat] mean and std.dev: (1383.58, 1705.55)
[M::mem_pestat] low and high boundaries for proper pairs: (1, 9442)
[M::mem_pestat] analyzing insert size distribution for orientation FR...
[M::mem_pestat] (25, 50, 75) percentile: (218, 295, 377)
[M::mem_pestat] low and high boundaries for computing mean and std.dev: (1, 695)
[M::mem_pestat] mean and std.dev: (299.40, 117.53)
[M::mem_pestat] low and high boundaries for proper pairs: (1, 854)
[M::mem_pestat] analyzing insert size distribution for orientation RF...
[M::mem_pestat] (25, 50, 75) percentile: (297, 950, 6261)
[M::mem_pestat] low and high boundaries for computing mean and std.dev: (1, 18189)
[M::mem_pestat] mean and std.dev: (2944.88, 3291.26)
[M::mem_pestat] low and high boundaries for proper pairs: (1, 24153)
[M::mem_pestat] analyzing insert size distribution for orientation RR...
[M::mem_pestat] (25, 50, 75) percentile: (212, 618, 1549)
[M::mem_pestat] low and high boundaries for computing mean and std.dev: (1, 4223)
[M::mem_pestat] mean and std.dev: (944.42, 855.76)
[M::mem_pestat] low and high boundaries for proper pairs: (1, 5560)
[M::mem_pestat] skip orientation FF
[M::mem_pestat] skip orientation RF
[M::mem_pestat] skip orientation RR
[M::process] read 1066668 sequences (160000200 bp)...
[M::mem_process_seqs] Processed 1066668 reads in 758.570 CPU sec, 49.087 real sec
[M::mem_pestat] # candidate unique pairs for (FF, FR, RF, RR): (32, 230021, 53, 40)
[M::mem_pestat] analyzing insert size distribution for orientation FF...
[M::mem_pestat] (25, 50, 75) percentile: (204, 413, 984)
[M::mem_pestat] low and high boundaries for computing mean and std.dev: (1, 2544)
[M::mem_pestat] mean and std.dev: (454.79, 380.00)
[M::mem_pestat] low and high boundaries for proper pairs: (1, 3324)
[M::mem_pestat] analyzing insert size distribution for orientation FR...
[M::mem_pestat] (25, 50, 75) percentile: (218, 294, 376)
[M::mem_pestat] low and high boundaries for computing mean and std.dev: (1, 692)
[M::mem_pestat] mean and std.dev: (298.87, 116.87)
[M::mem_pestat] low and high boundaries for proper pairs: (1, 850)
[M::mem_pestat] analyzing insert size distribution for orientation RF...
[M::mem_pestat] (25, 50, 75) percentile: (299, 1142, 6163)
[M::mem_pestat] low and high boundaries for computing mean and std.dev: (1, 17891)
[M::mem_pestat] mean and std.dev: (2726.49, 3172.66)
[M::mem_pestat] low and high boundaries for proper pairs: (1, 23755)
[M::mem_pestat] analyzing insert size distribution for orientation RR...
[M::mem_pestat] (25, 50, 75) percentile: (280, 567, 1941)
[M::mem_pestat] low and high boundaries for computing mean and std.dev: (1, 5263)
[M::mem_pestat] mean and std.dev: (1150.63, 1382.73)
[M::mem_pestat] low and high boundaries for proper pairs: (1, 6924)
[M::mem_pestat] skip orientation FF
[M::mem_pestat] skip orientation RF
[M::mem_pestat] skip orientation RR
[M::process] read 1066668 sequences (160000200 bp)...
[M::mem_process_seqs] Processed 1066668 reads in 773.970 CPU sec, 50.070 real sec
[M::mem_pestat] # candidate unique pairs for (FF, FR, RF, RR): (22, 229193, 72, 36)
[M::mem_pestat] analyzing insert size distribution for orientation FF...
[M::mem_pestat] (25, 50, 75) percentile: (248, 372, 540)
[M::mem_pestat] low and high boundaries for computing mean and std.dev: (1, 1124)
[M::mem_pestat] mean and std.dev: (397.70, 258.47)
[M::mem_pestat] low and high boundaries for proper pairs: (1, 1432)
[M::mem_pestat] analyzing insert size distribution for orientation FR...
[M::mem_pestat] (25, 50, 75) percentile: (215, 291, 371)
[M::mem_pestat] low and high boundaries for computing mean and std.dev: (1, 683)
[M::mem_pestat] mean and std.dev: (295.52, 115.47)
[M::mem_pestat] low and high boundaries for proper pairs: (1, 839)
[M::mem_pestat] analyzing insert size distribution for orientation RF...
[M::mem_pestat] (25, 50, 75) percentile: (354, 1328, 6351)
[M::mem_pestat] low and high boundaries for computing mean and std.dev: (1, 18345)
[M::mem_pestat] mean and std.dev: (3154.58, 3319.76)
[M::mem_pestat] low and high boundaries for proper pairs: (1, 24342)
[M::mem_pestat] analyzing insert size distribution for orientation RR...
[M::mem_pestat] (25, 50, 75) percentile: (270, 636, 1031)
[M::mem_pestat] low and high boundaries for computing mean and std.dev: (1, 2553)
[M::mem_pestat] mean and std.dev: (648.74, 572.05)
[M::mem_pestat] low and high boundaries for proper pairs: (1, 3314)
[M::mem_pestat] skip orientation FF
[M::mem_pestat] skip orientation RF
[M::mem_pestat] skip orientation RR
[M::process] read 1066668 sequences (160000200 bp)...
[M::mem_process_seqs] Processed 1066668 reads in 760.508 CPU sec, 49.108 real sec
[M::mem_pestat] # candidate unique pairs for (FF, FR, RF, RR): (23, 229140, 57, 29)
[M::mem_pestat] analyzing insert size distribution for orientation FF...
[M::mem_pestat] (25, 50, 75) percentile: (266, 718, 1968)
[M::mem_pestat] low and high boundaries for computing mean and std.dev: (1, 5372)
[M::mem_pestat] mean and std.dev: (1063.95, 1057.25)
[M::mem_pestat] low and high boundaries for proper pairs: (1, 7074)
[M::mem_pestat] analyzing insert size distribution for orientation FR...
[M::mem_pestat] (25, 50, 75) percentile: (216, 292, 373)
[M::mem_pestat] low and high boundaries for computing mean and std.dev: (1, 687)
[M::mem_pestat] mean and std.dev: (296.75, 116.07)
[M::mem_pestat] low and high boundaries for proper pairs: (1, 844)
[M::mem_pestat] analyzing insert size distribution for orientation RF...
[M::mem_pestat] (25, 50, 75) percentile: (255, 1115, 5367)
[M::mem_pestat] low and high boundaries for computing mean and std.dev: (1, 15591)
[M::mem_pestat] mean and std.dev: (2553.89, 3011.16)
[M::mem_pestat] low and high boundaries for proper pairs: (1, 20703)
[M::mem_pestat] analyzing insert size distribution for orientation RR...
[M::mem_pestat] (25, 50, 75) percentile: (332, 490, 1145)
[M::mem_pestat] low and high boundaries for computing mean and std.dev: (1, 2771)
[M::mem_pestat] mean and std.dev: (686.38, 550.00)
[M::mem_pestat] low and high boundaries for proper pairs: (1, 3584)
[M::mem_pestat] skip orientation FF
[M::mem_pestat] skip orientation RF
[M::mem_pestat] skip orientation RR
[M::process] read 1066668 sequences (160000200 bp)...
[M::mem_process_seqs] Processed 1066668 reads in 764.625 CPU sec, 49.404 real sec
[M::mem_pestat] # candidate unique pairs for (FF, FR, RF, RR): (40, 228967, 67, 24)
[M::mem_pestat] analyzing insert size distribution for orientation FF...
[M::mem_pestat] (25, 50, 75) percentile: (323, 403, 1913)
[M::mem_pestat] low and high boundaries for computing mean and std.dev: (1, 5093)
[M::mem_pestat] mean and std.dev: (1073.97, 1312.70)
[M::mem_pestat] low and high boundaries for proper pairs: (1, 6683)
[M::mem_pestat] analyzing insert size distribution for orientation FR...
[M::mem_pestat] (25, 50, 75) percentile: (214, 294, 378)
[M::mem_pestat] low and high boundaries for computing mean and std.dev: (1, 706)
[M::mem_pestat] mean and std.dev: (298.82, 119.97)
[M::mem_pestat] low and high boundaries for proper pairs: (1, 870)
[M::mem_pestat] analyzing insert size distribution for orientation RF...
[M::mem_pestat] (25, 50, 75) percentile: (252, 1440, 4099)
[M::mem_pestat] low and high boundaries for computing mean and std.dev: (1, 11793)
[M::mem_pestat] mean and std.dev: (2566.72, 2791.34)
[M::mem_pestat] low and high boundaries for proper pairs: (1, 15640)
[M::mem_pestat] analyzing insert size distribution for orientation RR...
[M::mem_pestat] (25, 50, 75) percentile: (218, 486, 1973)
[M::mem_pestat] low and high boundaries for computing mean and std.dev: (1, 5483)
[M::mem_pestat] mean and std.dev: (1167.74, 1428.82)
[M::mem_pestat] low and high boundaries for proper pairs: (1, 7238)
[M::mem_pestat] skip orientation FF
[M::mem_pestat] skip orientation RF
[M::mem_pestat] skip orientation RR
[M::process] read 1066668 sequences (160000200 bp)...
[M::mem_process_seqs] Processed 1066668 reads in 748.752 CPU sec, 48.380 real sec
[M::mem_pestat] # candidate unique pairs for (FF, FR, RF, RR): (20, 230019, 55, 26)
[M::mem_pestat] analyzing insert size distribution for orientation FF...
[M::mem_pestat] (25, 50, 75) percentile: (297, 575, 1505)
[M::mem_pestat] low and high boundaries for computing mean and std.dev: (1, 3921)
[M::mem_pestat] mean and std.dev: (737.05, 573.67)
[M::mem_pestat] low and high boundaries for proper pairs: (1, 5129)
[M::mem_pestat] analyzing insert size distribution for orientation FR...
[M::mem_pestat] (25, 50, 75) percentile: (219, 299, 383)
[M::mem_pestat] low and high boundaries for computing mean and std.dev: (1, 711)
[M::mem_pestat] mean and std.dev: (303.37, 120.77)
[M::mem_pestat] low and high boundaries for proper pairs: (1, 875)
[M::mem_pestat] analyzing insert size distribution for orientation RF...
[M::mem_pestat] (25, 50, 75) percentile: (166, 1955, 5420)
[M::mem_pestat] low and high boundaries for computing mean and std.dev: (1, 15928)
[M::mem_pestat] mean and std.dev: (2978.49, 2925.53)
[M::mem_pestat] low and high boundaries for proper pairs: (1, 21182)
[M::mem_pestat] analyzing insert size distribution for orientation RR...
[M::mem_pestat] (25, 50, 75) percentile: (139, 305, 755)
[M::mem_pestat] low and high boundaries for computing mean and std.dev: (1, 1987)
[M::mem_pestat] mean and std.dev: (442.76, 387.59)
[M::mem_pestat] low and high boundaries for proper pairs: (1, 2603)
[M::mem_pestat] skip orientation FF
[M::mem_pestat] skip orientation RF
[M::mem_pestat] skip orientation RR
[M::process] read 1066668 sequences (160000200 bp)...
[M::mem_process_seqs] Processed 1066668 reads in 749.643 CPU sec, 48.401 real sec
[M::mem_pestat] # candidate unique pairs for (FF, FR, RF, RR): (37, 230217, 81, 23)
[M::mem_pestat] analyzing insert size distribution for orientation FF...
[M::mem_pestat] (25, 50, 75) percentile: (374, 424, 632)
[M::mem_pestat] low and high boundaries for computing mean and std.dev: (1, 1148)
[M::mem_pestat] mean and std.dev: (411.00, 176.22)
[M::mem_pestat] low and high boundaries for proper pairs: (1, 1406)
[M::mem_pestat] analyzing insert size distribution for orientation FR...
[M::mem_pestat] (25, 50, 75) percentile: (217, 296, 378)
[M::mem_pestat] low and high boundaries for computing mean and std.dev: (1, 700)
[M::mem_pestat] mean and std.dev: (300.23, 119.06)
[M::mem_pestat] low and high boundaries for proper pairs: (1, 861)
[M::mem_pestat] analyzing insert size distribution for orientation RF...
[M::mem_pestat] (25, 50, 75) percentile: (252, 902, 4113)
[M::mem_pestat] low and high boundaries for computing mean and std.dev: (1, 11835)
[M::mem_pestat] mean and std.dev: (2527.05, 2875.32)
[M::mem_pestat] low and high boundaries for proper pairs: (1, 15696)
[M::mem_pestat] analyzing insert size distribution for orientation RR...
[M::mem_pestat] (25, 50, 75) percentile: (286, 366, 657)
[M::mem_pestat] low and high boundaries for computing mean and std.dev: (1, 1399)
[M::mem_pestat] mean and std.dev: (379.37, 242.21)
[M::mem_pestat] low and high boundaries for proper pairs: (1, 1770)
[M::mem_pestat] skip orientation FF
[M::mem_pestat] skip orientation RF
[M::mem_pestat] skip orientation RR
[M::process] read 1066668 sequences (160000200 bp)...
[M::mem_process_seqs] Processed 1066668 reads in 754.732 CPU sec, 48.787 real sec
[M::mem_pestat] # candidate unique pairs for (FF, FR, RF, RR): (29, 229737, 70, 43)
[M::mem_pestat] analyzing insert size distribution for orientation FF...
[M::mem_pestat] (25, 50, 75) percentile: (218, 393, 1162)
[M::mem_pestat] low and high boundaries for computing mean and std.dev: (1, 3050)
[M::mem_pestat] mean and std.dev: (514.00, 527.74)
[M::mem_pestat] low and high boundaries for proper pairs: (1, 3994)
[M::mem_pestat] analyzing insert size distribution for orientation FR...
[M::mem_pestat] (25, 50, 75) percentile: (218, 296, 378)
[M::mem_pestat] low and high boundaries for computing mean and std.dev: (1, 698)
[M::mem_pestat] mean and std.dev: (300.29, 118.47)
[M::mem_pestat] low and high boundaries for proper pairs: (1, 858)
[M::mem_pestat] analyzing insert size distribution for orientation RF...
[M::mem_pestat] (25, 50, 75) percentile: (371, 992, 5269)
[M::mem_pestat] low and high boundaries for computing mean and std.dev: (1, 15065)
[M::mem_pestat] mean and std.dev: (2914.79, 3251.71)
[M::mem_pestat] low and high boundaries for proper pairs: (1, 19963)
[M::mem_pestat] analyzing insert size distribution for orientation RR...
[M::mem_pestat] (25, 50, 75) percentile: (209, 348, 1101)
[M::mem_pestat] low and high boundaries for computing mean and std.dev: (1, 2885)
[M::mem_pestat] mean and std.dev: (459.38, 466.85)
[M::mem_pestat] low and high boundaries for proper pairs: (1, 3777)
[M::mem_pestat] skip orientation FF
[M::mem_pestat] skip orientation RF
[M::mem_pestat] skip orientation RR
[M::process] read 1066668 sequences (160000200 bp)...
[M::mem_process_seqs] Processed 1066668 reads in 755.747 CPU sec, 48.909 real sec
[M::mem_pestat] # candidate unique pairs for (FF, FR, RF, RR): (18, 229834, 62, 27)
[M::mem_pestat] analyzing insert size distribution for orientation FF...
[M::mem_pestat] (25, 50, 75) percentile: (288, 727, 910)
[M::mem_pestat] low and high boundaries for computing mean and std.dev: (1, 2154)
[M::mem_pestat] mean and std.dev: (688.65, 527.91)
[M::mem_pestat] low and high boundaries for proper pairs: (1, 2800)
[M::mem_pestat] analyzing insert size distribution for orientation FR...
[M::mem_pestat] (25, 50, 75) percentile: (217, 294, 377)
[M::mem_pestat] low and high boundaries for computing mean and std.dev: (1, 697)
[M::mem_pestat] mean and std.dev: (299.36, 118.29)
[M::mem_pestat] low and high boundaries for proper pairs: (1, 857)
[M::mem_pestat] analyzing insert size distribution for orientation RF...
[M::mem_pestat] (25, 50, 75) percentile: (239, 1850, 5455)
[M::mem_pestat] low and high boundaries for computing mean and std.dev: (1, 15887)
[M::mem_pestat] mean and std.dev: (2917.73, 3072.25)
[M::mem_pestat] low and high boundaries for proper pairs: (1, 21103)
[M::mem_pestat] analyzing insert size distribution for orientation RR...
[M::mem_pestat] (25, 50, 75) percentile: (265, 605, 1118)
[M::mem_pestat] low and high boundaries for computing mean and std.dev: (1, 2824)
[M::mem_pestat] mean and std.dev: (685.83, 597.43)
[M::mem_pestat] low and high boundaries for proper pairs: (1, 3677)
[M::mem_pestat] skip orientation FF
[M::mem_pestat] skip orientation RF
[M::mem_pestat] skip orientation RR
[M::process] read 1066668 sequences (160000200 bp)...
[M::mem_process_seqs] Processed 1066668 reads in 756.175 CPU sec, 48.858 real sec
[M::mem_pestat] # candidate unique pairs for (FF, FR, RF, RR): (22, 229122, 67, 20)
[M::mem_pestat] analyzing insert size distribution for orientation FF...
[M::mem_pestat] (25, 50, 75) percentile: (130, 282, 1247)
[M::mem_pestat] low and high boundaries for computing mean and std.dev: (1, 3481)
[M::mem_pestat] mean and std.dev: (466.58, 490.09)
[M::mem_pestat] low and high boundaries for proper pairs: (1, 4598)
[M::mem_pestat] analyzing insert size distribution for orientation FR...
[M::mem_pestat] (25, 50, 75) percentile: (215, 292, 373)
[M::mem_pestat] low and high boundaries for computing mean and std.dev: (1, 689)
[M::mem_pestat] mean and std.dev: (296.87, 117.25)
[M::mem_pestat] low and high boundaries for proper pairs: (1, 847)
[M::mem_pestat] analyzing insert size distribution for orientation RF...
[M::mem_pestat] (25, 50, 75) percentile: (399, 947, 7412)
[M::mem_pestat] low and high boundaries for computing mean and std.dev: (1, 21438)
[M::mem_pestat] mean and std.dev: (3335.64, 3505.27)
[M::mem_pestat] low and high boundaries for proper pairs: (1, 28451)
[M::mem_pestat] analyzing insert size distribution for orientation RR...
[M::mem_pestat] (25, 50, 75) percentile: (259, 409, 662)
[M::mem_pestat] low and high boundaries for computing mean and std.dev: (1, 1468)
[M::mem_pestat] mean and std.dev: (395.06, 238.66)
[M::mem_pestat] low and high boundaries for proper pairs: (1, 1871)
[M::mem_pestat] skip orientation FF
[M::mem_pestat] skip orientation RF
[M::mem_pestat] skip orientation RR
[M::process] read 1066668 sequences (160000200 bp)...
[M::mem_process_seqs] Processed 1066668 reads in 764.752 CPU sec, 49.495 real sec
[M::mem_pestat] # candidate unique pairs for (FF, FR, RF, RR): (16, 228901, 53, 28)
[M::mem_pestat] analyzing insert size distribution for orientation FF...
[M::mem_pestat] (25, 50, 75) percentile: (163, 430, 740)
[M::mem_pestat] low and high boundaries for computing mean and std.dev: (1, 1894)
[M::mem_pestat] mean and std.dev: (324.62, 219.52)
[M::mem_pestat] low and high boundaries for proper pairs: (1, 2471)
[M::mem_pestat] analyzing insert size distribution for orientation FR...
[M::mem_pestat] (25, 50, 75) percentile: (216, 292, 373)
[M::mem_pestat] low and high boundaries for computing mean and std.dev: (1, 687)
[M::mem_pestat] mean and std.dev: (296.81, 116.65)
[M::mem_pestat] low and high boundaries for proper pairs: (1, 844)
[M::mem_pestat] analyzing insert size distribution for orientation RF...
[M::mem_pestat] (25, 50, 75) percentile: (68, 353, 2930)
[M::mem_pestat] low and high boundaries for computing mean and std.dev: (1, 8654)
[M::mem_pestat] mean and std.dev: (1826.88, 2661.76)
[M::mem_pestat] low and high boundaries for proper pairs: (1, 12474)
[M::mem_pestat] analyzing insert size distribution for orientation RR...
[M::mem_pestat] (25, 50, 75) percentile: (233, 526, 815)
[M::mem_pestat] low and high boundaries for computing mean and std.dev: (1, 1979)
[M::mem_pestat] mean and std.dev: (517.78, 354.51)
[M::mem_pestat] low and high boundaries for proper pairs: (1, 2561)
[M::mem_pestat] skip orientation FF
[M::mem_pestat] skip orientation RF
[M::mem_pestat] skip orientation RR
[M::process] read 1066668 sequences (160000200 bp)...
[M::mem_process_seqs] Processed 1066668 reads in 777.015 CPU sec, 50.141 real sec
[M::mem_pestat] # candidate unique pairs for (FF, FR, RF, RR): (39, 228216, 88, 22)
[M::mem_pestat] analyzing insert size distribution for orientation FF...
[M::mem_pestat] (25, 50, 75) percentile: (343, 425, 830)
[M::mem_pestat] low and high boundaries for computing mean and std.dev: (1, 1804)
[M::mem_pestat] mean and std.dev: (503.68, 312.18)
[M::mem_pestat] low and high boundaries for proper pairs: (1, 2291)
[M::mem_pestat] analyzing insert size distribution for orientation FR...
[M::mem_pestat] (25, 50, 75) percentile: (213, 293, 376)
[M::mem_pestat] low and high boundaries for computing mean and std.dev: (1, 702)
[M::mem_pestat] mean and std.dev: (297.26, 119.43)
[M::mem_pestat] low and high boundaries for proper pairs: (1, 865)
[M::mem_pestat] analyzing insert size distribution for orientation RF...
[M::mem_pestat] (25, 50, 75) percentile: (129, 761, 2794)
[M::mem_pestat] low and high boundaries for computing mean and std.dev: (1, 8124)
[M::mem_pestat] mean and std.dev: (1327.49, 1708.39)
[M::mem_pestat] low and high boundaries for proper pairs: (1, 10789)
[M::mem_pestat] analyzing insert size distribution for orientation RR...
[M::mem_pestat] (25, 50, 75) percentile: (215, 489, 732)
[M::mem_pestat] low and high boundaries for computing mean and std.dev: (1, 1766)
[M::mem_pestat] mean and std.dev: (433.95, 366.75)
[M::mem_pestat] low and high boundaries for proper pairs: (1, 2283)
[M::mem_pestat] skip orientation FF
[M::mem_pestat] skip orientation RF
[M::mem_pestat] skip orientation RR
[M::process] read 1066668 sequences (160000200 bp)...
[M::mem_process_seqs] Processed 1066668 reads in 752.772 CPU sec, 48.670 real sec
[M::mem_pestat] # candidate unique pairs for (FF, FR, RF, RR): (34, 228713, 63, 34)
[M::mem_pestat] analyzing insert size distribution for orientation FF...
[M::mem_pestat] (25, 50, 75) percentile: (138, 258, 536)
[M::mem_pestat] low and high boundaries for computing mean and std.dev: (1, 1332)
[M::mem_pestat] mean and std.dev: (307.74, 203.43)
[M::mem_pestat] low and high boundaries for proper pairs: (1, 1730)
[M::mem_pestat] analyzing insert size distribution for orientation FR...
[M::mem_pestat] (25, 50, 75) percentile: (216, 296, 379)
[M::mem_pestat] low and high boundaries for computing mean and std.dev: (1, 705)
[M::mem_pestat] mean and std.dev: (299.85, 119.85)
[M::mem_pestat] low and high boundaries for proper pairs: (1, 868)
[M::mem_pestat] analyzing insert size distribution for orientation RF...
[M::mem_pestat] (25, 50, 75) percentile: (340, 1396, 4778)
[M::mem_pestat] low and high boundaries for computing mean and std.dev: (1, 13654)
[M::mem_pestat] mean and std.dev: (2690.00, 3089.86)
[M::mem_pestat] low and high boundaries for proper pairs: (1, 18092)
[M::mem_pestat] analyzing insert size distribution for orientation RR...
[M::mem_pestat] (25, 50, 75) percentile: (246, 358, 956)
[M::mem_pestat] low and high boundaries for computing mean and std.dev: (1, 2376)
[M::mem_pestat] mean and std.dev: (603.94, 495.94)
[M::mem_pestat] low and high boundaries for proper pairs: (1, 3086)
[M::mem_pestat] skip orientation FF
[M::mem_pestat] skip orientation RF
[M::mem_pestat] skip orientation RR
[M::process] read 1066668 sequences (160000200 bp)...
[M::mem_process_seqs] Processed 1066668 reads in 753.853 CPU sec, 48.680 real sec
[M::mem_pestat] # candidate unique pairs for (FF, FR, RF, RR): (17, 229273, 69, 35)
[M::mem_pestat] analyzing insert size distribution for orientation FF...
[M::mem_pestat] (25, 50, 75) percentile: (308, 391, 1350)
[M::mem_pestat] low and high boundaries for computing mean and std.dev: (1, 3434)
[M::mem_pestat] mean and std.dev: (627.25, 532.22)
[M::mem_pestat] low and high boundaries for proper pairs: (1, 4476)
[M::mem_pestat] analyzing insert size distribution for orientation FR...
[M::mem_pestat] (25, 50, 75) percentile: (214, 292, 374)
[M::mem_pestat] low and high boundaries for computing mean and std.dev: (1, 694)
[M::mem_pestat] mean and std.dev: (296.58, 118.57)
[M::mem_pestat] low and high boundaries for proper pairs: (1, 854)
[M::mem_pestat] analyzing insert size distribution for orientation RF...
[M::mem_pestat] (25, 50, 75) percentile: (150, 660, 2396)
[M::mem_pestat] low and high boundaries for computing mean and std.dev: (1, 6888)
[M::mem_pestat] mean and std.dev: (1259.68, 1520.42)
[M::mem_pestat] low and high boundaries for proper pairs: (1, 9134)
[M::mem_pestat] analyzing insert size distribution for orientation RR...
[M::mem_pestat] (25, 50, 75) percentile: (195, 363, 631)
[M::mem_pestat] low and high boundaries for computing mean and std.dev: (1, 1503)
[M::mem_pestat] mean and std.dev: (373.74, 277.24)
[M::mem_pestat] low and high boundaries for proper pairs: (1, 1939)
[M::mem_pestat] skip orientation FF
[M::mem_pestat] skip orientation RF
[M::mem_pestat] skip orientation RR
[M::process] read 1066668 sequences (160000200 bp)...
[M::mem_process_seqs] Processed 1066668 reads in 758.334 CPU sec, 48.979 real sec
[M::mem_pestat] # candidate unique pairs for (FF, FR, RF, RR): (38, 230174, 40, 25)
[M::mem_pestat] analyzing insert size distribution for orientation FF...
[M::mem_pestat] (25, 50, 75) percentile: (269, 406, 777)
[M::mem_pestat] low and high boundaries for computing mean and std.dev: (1, 1793)
[M::mem_pestat] mean and std.dev: (476.24, 336.60)
[M::mem_pestat] low and high boundaries for proper pairs: (1, 2301)
[M::mem_pestat] analyzing insert size distribution for orientation FR...
[M::mem_pestat] (25, 50, 75) percentile: (214, 292, 374)
[M::mem_pestat] low and high boundaries for computing mean and std.dev: (1, 694)
[M::mem_pestat] mean and std.dev: (296.65, 117.84)
[M::mem_pestat] low and high boundaries for proper pairs: (1, 854)
[M::mem_pestat] analyzing insert size distribution for orientation RF...
[M::mem_pestat] (25, 50, 75) percentile: (222, 1304, 6518)
[M::mem_pestat] low and high boundaries for computing mean and std.dev: (1, 19110)
[M::mem_pestat] mean and std.dev: (2895.35, 3174.82)
[M::mem_pestat] low and high boundaries for proper pairs: (1, 25406)
[M::mem_pestat] analyzing insert size distribution for orientation RR...
[M::mem_pestat] (25, 50, 75) percentile: (290, 540, 2869)
[M::mem_pestat] low and high boundaries for computing mean and std.dev: (1, 8027)
[M::mem_pestat] mean and std.dev: (1568.36, 2069.66)
[M::mem_pestat] low and high boundaries for proper pairs: (1, 10606)
[M::mem_pestat] skip orientation FF
[M::mem_pestat] skip orientation RF
[M::mem_pestat] skip orientation RR
[M::process] read 1066668 sequences (160000200 bp)...
[M::mem_process_seqs] Processed 1066668 reads in 756.091 CPU sec, 48.949 real sec
[M::mem_pestat] # candidate unique pairs for (FF, FR, RF, RR): (32, 230546, 79, 27)
[M::mem_pestat] analyzing insert size distribution for orientation FF...
[M::mem_pestat] (25, 50, 75) percentile: (179, 330, 433)
[M::mem_pestat] low and high boundaries for computing mean and std.dev: (1, 941)
[M::mem_pestat] mean and std.dev: (303.07, 168.10)
[M::mem_pestat] low and high boundaries for proper pairs: (1, 1195)
[M::mem_pestat] analyzing insert size distribution for orientation FR...
[M::mem_pestat] (25, 50, 75) percentile: (217, 293, 375)
[M::mem_pestat] low and high boundaries for computing mean and std.dev: (1, 691)
[M::mem_pestat] mean and std.dev: (298.30, 117.65)
[M::mem_pestat] low and high boundaries for proper pairs: (1, 849)
[M::mem_pestat] analyzing insert size distribution for orientation RF...
[M::mem_pestat] (25, 50, 75) percentile: (226, 1287, 5880)
[M::mem_pestat] low and high boundaries for computing mean and std.dev: (1, 17188)
[M::mem_pestat] mean and std.dev: (2630.13, 2876.46)
[M::mem_pestat] low and high boundaries for proper pairs: (1, 22842)
[M::mem_pestat] analyzing insert size distribution for orientation RR...
[M::mem_pestat] (25, 50, 75) percentile: (275, 478, 1149)
[M::mem_pestat] low and high boundaries for computing mean and std.dev: (1, 2897)
[M::mem_pestat] mean and std.dev: (648.35, 535.19)
[M::mem_pestat] low and high boundaries for proper pairs: (1, 3771)
[M::mem_pestat] skip orientation FF
[M::mem_pestat] skip orientation RF
[M::mem_pestat] skip orientation RR
[M::mem_process_seqs] Processed 1066668 reads in 757.743 CPU sec, 49.785 real sec
[M::process] read 1066668 sequences (160000200 bp)...
