/opt/ohpc/admin/lmod/lmod/init/bash: line 93: LD_LIBRARY_PATH: unbound variable
start 2026-09-27T12:52:49Z host n3479 sample=HC18_Triton_Wild_12 location=HC18_Triton_Wild
[M::bwa_idx_load_from_disk] read 0 ALT contigs
[M::process] read 1066668 sequences (160000200 bp)...
[M::process] read 1066668 sequences (160000200 bp)...
[M::mem_pestat] # candidate unique pairs for (FF, FR, RF, RR): (49, 225079, 57, 34)
[M::mem_pestat] analyzing insert size distribution for orientation FF...
[M::mem_pestat] (25, 50, 75) percentile: (191, 367, 1606)
[M::mem_pestat] low and high boundaries for computing mean and std.dev: (1, 4436)
[M::mem_pestat] mean and std.dev: (775.47, 854.28)
[M::mem_pestat] low and high boundaries for proper pairs: (1, 5851)
[M::mem_pestat] analyzing insert size distribution for orientation FR...
[M::mem_pestat] (25, 50, 75) percentile: (218, 295, 375)
[M::mem_pestat] low and high boundaries for computing mean and std.dev: (1, 689)
[M::mem_pestat] mean and std.dev: (298.06, 116.08)
[M::mem_pestat] low and high boundaries for proper pairs: (1, 846)
[M::mem_pestat] analyzing insert size distribution for orientation RF...
[M::mem_pestat] (25, 50, 75) percentile: (155, 733, 2252)
[M::mem_pestat] low and high boundaries for computing mean and std.dev: (1, 6446)
[M::mem_pestat] mean and std.dev: (1276.11, 1691.58)
[M::mem_pestat] low and high boundaries for proper pairs: (1, 8543)
[M::mem_pestat] analyzing insert size distribution for orientation RR...
[M::mem_pestat] (25, 50, 75) percentile: (174, 395, 1866)
[M::mem_pestat] low and high boundaries for computing mean and std.dev: (1, 5250)
[M::mem_pestat] mean and std.dev: (813.19, 1126.71)
[M::mem_pestat] low and high boundaries for proper pairs: (1, 6942)
[M::mem_pestat] skip orientation FF
[M::mem_pestat] skip orientation RF
[M::mem_pestat] skip orientation RR
[M::mem_process_seqs] Processed 1066668 reads in 756.946 CPU sec, 50.607 real sec
[M::mem_pestat] # candidate unique pairs for (FF, FR, RF, RR): (41, 225972, 62, 49)
[M::mem_pestat] analyzing insert size distribution for orientation FF...
[M::mem_pestat] (25, 50, 75) percentile: (231, 458, 7056)
[M::mem_pestat] low and high boundaries for computing mean and std.dev: (1, 20706)
[M::mem_pestat] mean and std.dev: (2640.54, 3679.45)
[M::mem_pestat] low and high boundaries for proper pairs: (1, 27531)
[M::mem_pestat] analyzing insert size distribution for orientation FR...
[M::mem_pestat] (25, 50, 75) percentile: (222, 299, 381)
[M::mem_pestat] low and high boundaries for computing mean and std.dev: (1, 699)
[M::mem_pestat] mean and std.dev: (303.13, 117.55)
[M::mem_pestat] low and high boundaries for proper pairs: (1, 858)
[M::mem_pestat] analyzing insert size distribution for orientation RF...
[M::mem_pestat] (25, 50, 75) percentile: (133, 799, 2897)
[M::mem_pestat] low and high boundaries for computing mean and std.dev: (1, 8425)
[M::mem_pestat] mean and std.dev: (1922.36, 2533.28)
[M::mem_pestat] low and high boundaries for proper pairs: (1, 12055)
[M::mem_pestat] analyzing insert size distribution for orientation RR...
[M::mem_pestat] (25, 50, 75) percentile: (234, 376, 1195)
[M::mem_pestat] low and high boundaries for computing mean and std.dev: (1, 3117)
[M::mem_pestat] mean and std.dev: (654.58, 773.46)
[M::mem_pestat] low and high boundaries for proper pairs: (1, 4078)
[M::mem_pestat] skip orientation FF
[M::mem_pestat] skip orientation RF
[M::mem_pestat] skip orientation RR
[M::process] read 1066668 sequences (160000200 bp)...
[M::mem_process_seqs] Processed 1066668 reads in 760.086 CPU sec, 49.172 real sec
[M::mem_pestat] # candidate unique pairs for (FF, FR, RF, RR): (52, 226578, 77, 36)
[M::mem_pestat] analyzing insert size distribution for orientation FF...
[M::mem_pestat] (25, 50, 75) percentile: (192, 327, 706)
[M::mem_pestat] low and high boundaries for computing mean and std.dev: (1, 1734)
[M::mem_pestat] mean and std.dev: (367.09, 300.71)
[M::mem_pestat] low and high boundaries for proper pairs: (1, 2248)
[M::mem_pestat] analyzing insert size distribution for orientation FR...
[M::mem_pestat] (25, 50, 75) percentile: (221, 297, 379)
[M::mem_pestat] low and high boundaries for computing mean and std.dev: (1, 695)
[M::mem_pestat] mean and std.dev: (301.63, 117.17)
[M::mem_pestat] low and high boundaries for proper pairs: (1, 853)
[M::mem_pestat] analyzing insert size distribution for orientation RF...
[M::mem_pestat] (25, 50, 75) percentile: (130, 1149, 4868)
[M::mem_pestat] low and high boundaries for computing mean and std.dev: (1, 14344)
[M::mem_pestat] mean and std.dev: (2500.39, 2909.19)
[M::mem_pestat] low and high boundaries for proper pairs: (1, 19082)
[M::mem_pestat] analyzing insert size distribution for orientation RR...
[M::mem_pestat] (25, 50, 75) percentile: (166, 357, 591)
[M::mem_pestat] low and high boundaries for computing mean and std.dev: (1, 1441)
[M::mem_pestat] mean and std.dev: (381.66, 303.42)
[M::mem_pestat] low and high boundaries for proper pairs: (1, 1866)
[M::mem_pestat] skip orientation FF
[M::mem_pestat] skip orientation RF
[M::mem_pestat] skip orientation RR
[M::process] read 1066668 sequences (160000200 bp)...
[M::mem_process_seqs] Processed 1066668 reads in 759.982 CPU sec, 49.094 real sec
[M::mem_pestat] # candidate unique pairs for (FF, FR, RF, RR): (21, 226237, 62, 24)
[M::mem_pestat] analyzing insert size distribution for orientation FF...
[M::mem_pestat] (25, 50, 75) percentile: (247, 426, 1260)
[M::mem_pestat] low and high boundaries for computing mean and std.dev: (1, 3286)
[M::mem_pestat] mean and std.dev: (684.05, 772.79)
[M::mem_pestat] low and high boundaries for proper pairs: (1, 4299)
[M::mem_pestat] analyzing insert size distribution for orientation FR...
[M::mem_pestat] (25, 50, 75) percentile: (221, 297, 379)
[M::mem_pestat] low and high boundaries for computing mean and std.dev: (1, 695)
[M::mem_pestat] mean and std.dev: (301.84, 117.28)
[M::mem_pestat] low and high boundaries for proper pairs: (1, 853)
[M::mem_pestat] analyzing insert size distribution for orientation RF...
[M::mem_pestat] (25, 50, 75) percentile: (112, 1146, 4963)
[M::mem_pestat] low and high boundaries for computing mean and std.dev: (1, 14665)
[M::mem_pestat] mean and std.dev: (2580.10, 3053.75)
[M::mem_pestat] low and high boundaries for proper pairs: (1, 19516)
[M::mem_pestat] analyzing insert size distribution for orientation RR...
[M::mem_pestat] (25, 50, 75) percentile: (193, 263, 1105)
[M::mem_pestat] low and high boundaries for computing mean and std.dev: (1, 2929)
[M::mem_pestat] mean and std.dev: (564.09, 629.10)
[M::mem_pestat] low and high boundaries for proper pairs: (1, 3841)
[M::mem_pestat] skip orientation FF
[M::mem_pestat] skip orientation RF
[M::mem_pestat] skip orientation RR
[M::process] read 1066668 sequences (160000200 bp)...
[M::mem_process_seqs] Processed 1066668 reads in 760.295 CPU sec, 49.091 real sec
[M::mem_pestat] # candidate unique pairs for (FF, FR, RF, RR): (39, 226075, 53, 25)
[M::mem_pestat] analyzing insert size distribution for orientation FF...
[M::mem_pestat] (25, 50, 75) percentile: (298, 811, 3491)
[M::mem_pestat] low and high boundaries for computing mean and std.dev: (1, 9877)
[M::mem_pestat] mean and std.dev: (2150.87, 2577.02)
[M::mem_pestat] low and high boundaries for proper pairs: (1, 13070)
[M::mem_pestat] analyzing insert size distribution for orientation FR...
[M::mem_pestat] (25, 50, 75) percentile: (219, 295, 376)
[M::mem_pestat] low and high boundaries for computing mean and std.dev: (1, 690)
[M::mem_pestat] mean and std.dev: (299.04, 116.24)
[M::mem_pestat] low and high boundaries for proper pairs: (1, 847)
[M::mem_pestat] analyzing insert size distribution for orientation RF...
[M::mem_pestat] (25, 50, 75) percentile: (211, 1126, 3705)
[M::mem_pestat] low and high boundaries for computing mean and std.dev: (1, 10693)
[M::mem_pestat] mean and std.dev: (2432.15, 2976.45)
[M::mem_pestat] low and high boundaries for proper pairs: (1, 14338)
[M::mem_pestat] analyzing insert size distribution for orientation RR...
[M::mem_pestat] (25, 50, 75) percentile: (201, 274, 673)
[M::mem_pestat] low and high boundaries for computing mean and std.dev: (1, 1617)
[M::mem_pestat] mean and std.dev: (372.43, 247.66)
[M::mem_pestat] low and high boundaries for proper pairs: (1, 2089)
[M::mem_pestat] skip orientation FF
[M::mem_pestat] skip orientation RF
[M::mem_pestat] skip orientation RR
[M::process] read 1066668 sequences (160000200 bp)...
[M::mem_process_seqs] Processed 1066668 reads in 767.581 CPU sec, 49.565 real sec
[M::mem_pestat] # candidate unique pairs for (FF, FR, RF, RR): (41, 226005, 72, 27)
[M::mem_pestat] analyzing insert size distribution for orientation FF...
[M::mem_pestat] (25, 50, 75) percentile: (153, 259, 1171)
[M::mem_pestat] low and high boundaries for computing mean and std.dev: (1, 3207)
[M::mem_pestat] mean and std.dev: (588.00, 594.08)
[M::mem_pestat] low and high boundaries for proper pairs: (1, 4225)
[M::mem_pestat] analyzing insert size distribution for orientation FR...
[M::mem_pestat] (25, 50, 75) percentile: (220, 295, 376)
[M::mem_pestat] low and high boundaries for computing mean and std.dev: (1, 688)
[M::mem_pestat] mean and std.dev: (300.10, 116.41)
[M::mem_pestat] low and high boundaries for proper pairs: (1, 844)
[M::mem_pestat] analyzing insert size distribution for orientation RF...
[M::mem_pestat] (25, 50, 75) percentile: (185, 587, 2936)
[M::mem_pestat] low and high boundaries for computing mean and std.dev: (1, 8438)
[M::mem_pestat] mean and std.dev: (1560.88, 1971.54)
[M::mem_pestat] low and high boundaries for proper pairs: (1, 11189)
[M::mem_pestat] analyzing insert size distribution for orientation RR...
[M::mem_pestat] (25, 50, 75) percentile: (550, 1069, 2673)
[M::mem_pestat] low and high boundaries for computing mean and std.dev: (1, 6919)
[M::mem_pestat] mean and std.dev: (1578.65, 1488.51)
[M::mem_pestat] low and high boundaries for proper pairs: (1, 9042)
[M::mem_pestat] skip orientation FF
[M::mem_pestat] skip orientation RF
[M::mem_pestat] skip orientation RR
[M::process] read 1066668 sequences (160000200 bp)...
[M::mem_process_seqs] Processed 1066668 reads in 782.955 CPU sec, 50.732 real sec
[M::mem_pestat] # candidate unique pairs for (FF, FR, RF, RR): (25, 226015, 56, 27)
[M::mem_pestat] analyzing insert size distribution for orientation FF...
[M::mem_pestat] (25, 50, 75) percentile: (176, 233, 611)
[M::mem_pestat] low and high boundaries for computing mean and std.dev: (1, 1481)
[M::mem_pestat] mean and std.dev: (285.00, 232.15)
[M::mem_pestat] low and high boundaries for proper pairs: (1, 1916)
[M::mem_pestat] analyzing insert size distribution for orientation FR...
[M::mem_pestat] (25, 50, 75) percentile: (218, 292, 371)
[M::mem_pestat] low and high boundaries for computing mean and std.dev: (1, 677)
[M::mem_pestat] mean and std.dev: (296.50, 114.55)
[M::mem_pestat] low and high boundaries for proper pairs: (1, 830)
[M::mem_pestat] analyzing insert size distribution for orientation RF...
[M::mem_pestat] (25, 50, 75) percentile: (118, 628, 3287)
[M::mem_pestat] low and high boundaries for computing mean and std.dev: (1, 9625)
[M::mem_pestat] mean and std.dev: (2047.24, 2995.49)
[M::mem_pestat] low and high boundaries for proper pairs: (1, 14029)
[M::mem_pestat] analyzing insert size distribution for orientation RR...
[M::mem_pestat] (25, 50, 75) percentile: (195, 396, 857)
[M::mem_pestat] low and high boundaries for computing mean and std.dev: (1, 2181)
[M::mem_pestat] mean and std.dev: (400.74, 297.53)
[M::mem_pestat] low and high boundaries for proper pairs: (1, 2843)
[M::mem_pestat] skip orientation FF
[M::mem_pestat] skip orientation RF
[M::mem_pestat] skip orientation RR
[M::process] read 1066668 sequences (160000200 bp)...
[M::mem_process_seqs] Processed 1066668 reads in 772.382 CPU sec, 49.895 real sec
[M::mem_pestat] # candidate unique pairs for (FF, FR, RF, RR): (32, 225705, 61, 30)
[M::mem_pestat] analyzing insert size distribution for orientation FF...
[M::mem_pestat] (25, 50, 75) percentile: (177, 297, 585)
[M::mem_pestat] low and high boundaries for computing mean and std.dev: (1, 1401)
[M::mem_pestat] mean and std.dev: (307.68, 205.58)
[M::mem_pestat] low and high boundaries for proper pairs: (1, 1809)
[M::mem_pestat] analyzing insert size distribution for orientation FR...
[M::mem_pestat] (25, 50, 75) percentile: (217, 292, 373)
[M::mem_pestat] low and high boundaries for computing mean and std.dev: (1, 685)
[M::mem_pestat] mean and std.dev: (297.25, 115.63)
[M::mem_pestat] low and high boundaries for proper pairs: (1, 841)
[M::mem_pestat] analyzing insert size distribution for orientation RF...
[M::mem_pestat] (25, 50, 75) percentile: (271, 878, 3845)
[M::mem_pestat] low and high boundaries for computing mean and std.dev: (1, 10993)
[M::mem_pestat] mean and std.dev: (2382.95, 2845.98)
[M::mem_pestat] low and high boundaries for proper pairs: (1, 14567)
[M::mem_pestat] analyzing insert size distribution for orientation RR...
[M::mem_pestat] (25, 50, 75) percentile: (166, 419, 810)
[M::mem_pestat] low and high boundaries for computing mean and std.dev: (1, 2098)
[M::mem_pestat] mean and std.dev: (423.85, 355.70)
[M::mem_pestat] low and high boundaries for proper pairs: (1, 2742)
[M::mem_pestat] skip orientation FF
[M::mem_pestat] skip orientation RF
[M::mem_pestat] skip orientation RR
[M::process] read 1066668 sequences (160000200 bp)...
[M::mem_process_seqs] Processed 1066668 reads in 772.387 CPU sec, 49.987 real sec
[M::mem_pestat] # candidate unique pairs for (FF, FR, RF, RR): (27, 225584, 69, 31)
[M::mem_pestat] analyzing insert size distribution for orientation FF...
[M::mem_pestat] (25, 50, 75) percentile: (270, 510, 3736)
[M::mem_pestat] low and high boundaries for computing mean and std.dev: (1, 10668)
[M::mem_pestat] mean and std.dev: (2340.26, 3330.23)
[M::mem_pestat] low and high boundaries for proper pairs: (1, 15661)
[M::mem_pestat] analyzing insert size distribution for orientation FR...
[M::mem_pestat] (25, 50, 75) percentile: (216, 294, 376)
[M::mem_pestat] low and high boundaries for computing mean and std.dev: (1, 696)
[M::mem_pestat] mean and std.dev: (298.46, 117.88)
[M::mem_pestat] low and high boundaries for proper pairs: (1, 856)
[M::mem_pestat] analyzing insert size distribution for orientation RF...
[M::mem_pestat] (25, 50, 75) percentile: (286, 1049, 5337)
[M::mem_pestat] low and high boundaries for computing mean and std.dev: (1, 15439)
[M::mem_pestat] mean and std.dev: (2528.94, 2781.33)
[M::mem_pestat] low and high boundaries for proper pairs: (1, 20490)
[M::mem_pestat] analyzing insert size distribution for orientation RR...
[M::mem_pestat] (25, 50, 75) percentile: (325, 495, 1136)
[M::mem_pestat] low and high boundaries for computing mean and std.dev: (1, 2758)
[M::mem_pestat] mean and std.dev: (585.18, 459.46)
[M::mem_pestat] low and high boundaries for proper pairs: (1, 3569)
[M::mem_pestat] skip orientation FF
[M::mem_pestat] skip orientation RF
[M::mem_pestat] skip orientation RR
[M::process] read 1066668 sequences (160000200 bp)...
[M::mem_process_seqs] Processed 1066668 reads in 769.664 CPU sec, 49.749 real sec
[M::mem_pestat] # candidate unique pairs for (FF, FR, RF, RR): (25, 225062, 66, 26)
[M::mem_pestat] analyzing insert size distribution for orientation FF...
[M::mem_pestat] (25, 50, 75) percentile: (172, 856, 1594)
[M::mem_pestat] low and high boundaries for computing mean and std.dev: (1, 4438)
[M::mem_pestat] mean and std.dev: (849.39, 704.42)
[M::mem_pestat] low and high boundaries for proper pairs: (1, 5860)
[M::mem_pestat] analyzing insert size distribution for orientation FR...
[M::mem_pestat] (25, 50, 75) percentile: (220, 299, 383)
[M::mem_pestat] low and high boundaries for computing mean and std.dev: (1, 709)
[M::mem_pestat] mean and std.dev: (303.35, 120.20)
[M::mem_pestat] low and high boundaries for proper pairs: (1, 872)
[M::mem_pestat] analyzing insert size distribution for orientation RF...
[M::mem_pestat] (25, 50, 75) percentile: (73, 611, 3787)
[M::mem_pestat] low and high boundaries for computing mean and std.dev: (1, 11215)
[M::mem_pestat] mean and std.dev: (2155.97, 3073.38)
[M::mem_pestat] low and high boundaries for proper pairs: (1, 14929)
[M::mem_pestat] analyzing insert size distribution for orientation RR...
[M::mem_pestat] (25, 50, 75) percentile: (155, 369, 1043)
[M::mem_pestat] low and high boundaries for computing mean and std.dev: (1, 2819)
[M::mem_pestat] mean and std.dev: (437.70, 394.11)
[M::mem_pestat] low and high boundaries for proper pairs: (1, 3707)
[M::mem_pestat] skip orientation FF
[M::mem_pestat] skip orientation RF
[M::mem_pestat] skip orientation RR
[M::process] read 1066668 sequences (160000200 bp)...
[M::mem_process_seqs] Processed 1066668 reads in 761.038 CPU sec, 49.191 real sec
[M::mem_pestat] # candidate unique pairs for (FF, FR, RF, RR): (38, 225540, 50, 24)
[M::mem_pestat] analyzing insert size distribution for orientation FF...
[M::mem_pestat] (25, 50, 75) percentile: (219, 310, 756)
[M::mem_pestat] low and high boundaries for computing mean and std.dev: (1, 1830)
[M::mem_pestat] mean and std.dev: (427.63, 354.13)
[M::mem_pestat] low and high boundaries for proper pairs: (1, 2367)
[M::mem_pestat] analyzing insert size distribution for orientation FR...
[M::mem_pestat] (25, 50, 75) percentile: (222, 299, 383)
[M::mem_pestat] low and high boundaries for computing mean and std.dev: (1, 705)
[M::mem_pestat] mean and std.dev: (304.23, 119.69)
[M::mem_pestat] low and high boundaries for proper pairs: (1, 866)
[M::mem_pestat] analyzing insert size distribution for orientation RF...
[M::mem_pestat] (25, 50, 75) percentile: (206, 782, 4105)
[M::mem_pestat] low and high boundaries for computing mean and std.dev: (1, 11903)
[M::mem_pestat] mean and std.dev: (2831.68, 3428.70)
[M::mem_pestat] low and high boundaries for proper pairs: (1, 16546)
[M::mem_pestat] analyzing insert size distribution for orientation RR...
[M::mem_pestat] (25, 50, 75) percentile: (220, 354, 872)
[M::mem_pestat] low and high boundaries for computing mean and std.dev: (1, 2176)
[M::mem_pestat] mean and std.dev: (461.81, 383.03)
[M::mem_pestat] low and high boundaries for proper pairs: (1, 2828)
[M::mem_pestat] skip orientation FF
[M::mem_pestat] skip orientation RF
[M::mem_pestat] skip orientation RR
[M::process] read 1066668 sequences (160000200 bp)...
[M::mem_process_seqs] Processed 1066668 reads in 763.609 CPU sec, 49.354 real sec
[M::mem_pestat] # candidate unique pairs for (FF, FR, RF, RR): (34, 225815, 52, 28)
[M::mem_pestat] analyzing insert size distribution for orientation FF...
[M::mem_pestat] (25, 50, 75) percentile: (263, 676, 1182)
[M::mem_pestat] low and high boundaries for computing mean and std.dev: (1, 3020)
[M::mem_pestat] mean and std.dev: (615.10, 509.88)
[M::mem_pestat] low and high boundaries for proper pairs: (1, 3939)
[M::mem_pestat] analyzing insert size distribution for orientation FR...
[M::mem_pestat] (25, 50, 75) percentile: (220, 297, 380)
[M::mem_pestat] low and high boundaries for computing mean and std.dev: (1, 700)
[M::mem_pestat] mean and std.dev: (301.84, 118.38)
[M::mem_pestat] low and high boundaries for proper pairs: (1, 860)
[M::mem_pestat] analyzing insert size distribution for orientation RF...
[M::mem_pestat] (25, 50, 75) percentile: (289, 1160, 2229)
[M::mem_pestat] low and high boundaries for computing mean and std.dev: (1, 6109)
[M::mem_pestat] mean and std.dev: (1433.06, 1477.34)
[M::mem_pestat] low and high boundaries for proper pairs: (1, 8049)
[M::mem_pestat] analyzing insert size distribution for orientation RR...
[M::mem_pestat] (25, 50, 75) percentile: (180, 895, 2562)
[M::mem_pestat] low and high boundaries for computing mean and std.dev: (1, 7326)
[M::mem_pestat] mean and std.dev: (902.24, 884.08)
[M::mem_pestat] low and high boundaries for proper pairs: (1, 9708)
[M::mem_pestat] skip orientation FF
[M::mem_pestat] skip orientation RF
[M::mem_pestat] skip orientation RR
[M::process] read 1066668 sequences (160000200 bp)...
[M::mem_process_seqs] Processed 1066668 reads in 764.386 CPU sec, 49.412 real sec
[M::mem_pestat] # candidate unique pairs for (FF, FR, RF, RR): (36, 226747, 72, 31)
[M::mem_pestat] analyzing insert size distribution for orientation FF...
[M::mem_pestat] (25, 50, 75) percentile: (199, 414, 1658)
[M::mem_pestat] low and high boundaries for computing mean and std.dev: (1, 4576)
[M::mem_pestat] mean and std.dev: (632.82, 637.84)
[M::mem_pestat] low and high boundaries for proper pairs: (1, 6035)
[M::mem_pestat] analyzing insert size distribution for orientation FR...
[M::mem_pestat] (25, 50, 75) percentile: (220, 296, 379)
[M::mem_pestat] low and high boundaries for computing mean and std.dev: (1, 697)
[M::mem_pestat] mean and std.dev: (301.15, 117.95)
[M::mem_pestat] low and high boundaries for proper pairs: (1, 856)
[M::mem_pestat] analyzing insert size distribution for orientation RF...
[M::mem_pestat] (25, 50, 75) percentile: (47, 375, 2155)
[M::mem_pestat] low and high boundaries for computing mean and std.dev: (1, 6371)
[M::mem_pestat] mean and std.dev: (1282.18, 1921.21)
[M::mem_pestat] low and high boundaries for proper pairs: (1, 8967)
[M::mem_pestat] analyzing insert size distribution for orientation RR...
[M::mem_pestat] (25, 50, 75) percentile: (205, 339, 1562)
[M::mem_pestat] low and high boundaries for computing mean and std.dev: (1, 4276)
[M::mem_pestat] mean and std.dev: (835.71, 870.61)
[M::mem_pestat] low and high boundaries for proper pairs: (1, 5633)
[M::mem_pestat] skip orientation FF
[M::mem_pestat] skip orientation RF
[M::mem_pestat] skip orientation RR
[M::process] read 1066668 sequences (160000200 bp)...
[M::mem_process_seqs] Processed 1066668 reads in 763.980 CPU sec, 49.386 real sec
[M::mem_pestat] # candidate unique pairs for (FF, FR, RF, RR): (45, 226774, 65, 34)
[M::mem_pestat] analyzing insert size distribution for orientation FF...
[M::mem_pestat] (25, 50, 75) percentile: (259, 323, 614)
[M::mem_pestat] low and high boundaries for computing mean and std.dev: (1, 1324)
[M::mem_pestat] mean and std.dev: (403.76, 281.43)
[M::mem_pestat] low and high boundaries for proper pairs: (1, 1679)
[M::mem_pestat] analyzing insert size distribution for orientation FR...
[M::mem_pestat] (25, 50, 75) percentile: (220, 296, 378)
[M::mem_pestat] low and high boundaries for computing mean and std.dev: (1, 694)
[M::mem_pestat] mean and std.dev: (300.85, 117.51)
[M::mem_pestat] low and high boundaries for proper pairs: (1, 852)
[M::mem_pestat] analyzing insert size distribution for orientation RF...
[M::mem_pestat] (25, 50, 75) percentile: (174, 1514, 4585)
[M::mem_pestat] low and high boundaries for computing mean and std.dev: (1, 13407)
[M::mem_pestat] mean and std.dev: (2694.88, 3071.69)
[M::mem_pestat] low and high boundaries for proper pairs: (1, 17818)
[M::mem_pestat] analyzing insert size distribution for orientation RR...
[M::mem_pestat] (25, 50, 75) percentile: (158, 276, 1017)
[M::mem_pestat] low and high boundaries for computing mean and std.dev: (1, 2735)
[M::mem_pestat] mean and std.dev: (468.63, 526.96)
[M::mem_pestat] low and high boundaries for proper pairs: (1, 3594)
[M::mem_pestat] skip orientation FF
[M::mem_pestat] skip orientation RF
[M::mem_pestat] skip orientation RR
[M::process] read 1066668 sequences (160000200 bp)...
[M::mem_process_seqs] Processed 1066668 reads in 765.289 CPU sec, 49.453 real sec
[M::mem_pestat] # candidate unique pairs for (FF, FR, RF, RR): (34, 225526, 76, 47)
[M::mem_pestat] analyzing insert size distribution for orientation FF...
[M::mem_pestat] (25, 50, 75) percentile: (184, 347, 667)
[M::mem_pestat] low and high boundaries for computing mean and std.dev: (1, 1633)
[M::mem_pestat] mean and std.dev: (407.67, 378.28)
[M::mem_pestat] low and high boundaries for proper pairs: (1, 2116)
[M::mem_pestat] analyzing insert size distribution for orientation FR...
[M::mem_pestat] (25, 50, 75) percentile: (218, 294, 376)
[M::mem_pestat] low and high boundaries for computing mean and std.dev: (1, 692)
[M::mem_pestat] mean and std.dev: (299.42, 117.32)
[M::mem_pestat] low and high boundaries for proper pairs: (1, 850)
[M::mem_pestat] analyzing insert size distribution for orientation RF...
[M::mem_pestat] (25, 50, 75) percentile: (239, 889, 3889)
[M::mem_pestat] low and high boundaries for computing mean and std.dev: (1, 11189)
[M::mem_pestat] mean and std.dev: (2234.34, 2800.75)
[M::mem_pestat] low and high boundaries for proper pairs: (1, 14839)
[M::mem_pestat] analyzing insert size distribution for orientation RR...
[M::mem_pestat] (25, 50, 75) percentile: (375, 582, 1717)
[M::mem_pestat] low and high boundaries for computing mean and std.dev: (1, 4401)
[M::mem_pestat] mean and std.dev: (814.52, 797.36)
[M::mem_pestat] low and high boundaries for proper pairs: (1, 5743)
[M::mem_pestat] skip orientation FF
[M::mem_pestat] skip orientation RF
[M::mem_pestat] skip orientation RR
[M::process] read 1066668 sequences (160000200 bp)...
[M::mem_process_seqs] Processed 1066668 reads in 771.746 CPU sec, 50.060 real sec
[M::mem_pestat] # candidate unique pairs for (FF, FR, RF, RR): (40, 226362, 74, 32)
[M::mem_pestat] analyzing insert size distribution for orientation FF...
[M::mem_pestat] (25, 50, 75) percentile: (196, 345, 1122)
[M::mem_pestat] low and high boundaries for computing mean and std.dev: (1, 2974)
[M::mem_pestat] mean and std.dev: (553.11, 689.35)
[M::mem_pestat] low and high boundaries for proper pairs: (1, 3900)
[M::mem_pestat] analyzing insert size distribution for orientation FR...
[M::mem_pestat] (25, 50, 75) percentile: (217, 292, 374)
[M::mem_pestat] low and high boundaries for computing mean and std.dev: (1, 688)
[M::mem_pestat] mean and std.dev: (297.64, 116.63)
[M::mem_pestat] low and high boundaries for proper pairs: (1, 845)
[M::mem_pestat] analyzing insert size distribution for orientation RF...
[M::mem_pestat] (25, 50, 75) percentile: (211, 1073, 5122)
[M::mem_pestat] low and high boundaries for computing mean and std.dev: (1, 14944)
[M::mem_pestat] mean and std.dev: (2649.04, 3172.87)
[M::mem_pestat] low and high boundaries for proper pairs: (1, 19855)
[M::mem_pestat] analyzing insert size distribution for orientation RR...
[M::mem_pestat] (25, 50, 75) percentile: (280, 700, 1294)
[M::mem_pestat] low and high boundaries for computing mean and std.dev: (1, 3322)
[M::mem_pestat] mean and std.dev: (759.81, 588.02)
[M::mem_pestat] low and high boundaries for proper pairs: (1, 4336)
[M::mem_pestat] skip orientation FF
[M::mem_pestat] skip orientation RF
[M::mem_pestat] skip orientation RR
[M::process] read 1066668 sequences (160000200 bp)...
[M::mem_process_seqs] Processed 1066668 reads in 774.666 CPU sec, 50.119 real sec
[M::mem_pestat] # candidate unique pairs for (FF, FR, RF, RR): (33, 225393, 59, 25)
[M::mem_pestat] analyzing insert size distribution for orientation FF...
[M::mem_pestat] (25, 50, 75) percentile: (188, 422, 1540)
[M::mem_pestat] low and high boundaries for computing mean and std.dev: (1, 4244)
[M::mem_pestat] mean and std.dev: (676.84, 703.42)
[M::mem_pestat] low and high boundaries for proper pairs: (1, 5596)
[M::mem_pestat] analyzing insert size distribution for orientation FR...
[M::mem_pestat] (25, 50, 75) percentile: (216, 291, 373)
[M::mem_pestat] low and high boundaries for computing mean and std.dev: (1, 687)
[M::mem_pestat] mean and std.dev: (296.71, 116.60)
[M::mem_pestat] low and high boundaries for proper pairs: (1, 844)
[M::mem_pestat] analyzing insert size distribution for orientation RF...
[M::mem_pestat] (25, 50, 75) percentile: (136, 1002, 4783)
[M::mem_pestat] low and high boundaries for computing mean and std.dev: (1, 14077)
[M::mem_pestat] mean and std.dev: (2525.07, 3103.58)
[M::mem_pestat] low and high boundaries for proper pairs: (1, 18724)
[M::mem_pestat] analyzing insert size distribution for orientation RR...
[M::mem_pestat] (25, 50, 75) percentile: (191, 272, 752)
[M::mem_pestat] low and high boundaries for computing mean and std.dev: (1, 1874)
[M::mem_pestat] mean and std.dev: (418.79, 385.95)
[M::mem_pestat] low and high boundaries for proper pairs: (1, 2435)
[M::mem_pestat] skip orientation FF
[M::mem_pestat] skip orientation RF
[M::mem_pestat] skip orientation RR
[M::process] read 1066668 sequences (160000200 bp)...
[M::mem_process_seqs] Processed 1066668 reads in 785.734 CPU sec, 50.994 real sec
[M::mem_pestat] # candidate unique pairs for (FF, FR, RF, RR): (32, 224550, 84, 38)
[M::mem_pestat] analyzing insert size distribution for orientation FF...
[M::mem_pestat] (25, 50, 75) percentile: (247, 555, 828)
[M::mem_pestat] low and high boundaries for computing mean and std.dev: (1, 1990)
[M::mem_pestat] mean and std.dev: (533.90, 345.21)
[M::mem_pestat] low and high boundaries for proper pairs: (1, 2571)
[M::mem_pestat] analyzing insert size distribution for orientation FR...
[M::mem_pestat] (25, 50, 75) percentile: (217, 296, 380)
[M::mem_pestat] low and high boundaries for computing mean and std.dev: (1, 706)
[M::mem_pestat] mean and std.dev: (300.65, 119.71)
[M::mem_pestat] low and high boundaries for proper pairs: (1, 869)
[M::mem_pestat] analyzing insert size distribution for orientation RF...
[M::mem_pestat] (25, 50, 75) percentile: (226, 936, 2291)
[M::mem_pestat] low and high boundaries for computing mean and std.dev: (1, 6421)
[M::mem_pestat] mean and std.dev: (1294.61, 1530.39)
[M::mem_pestat] low and high boundaries for proper pairs: (1, 8486)
[M::mem_pestat] analyzing insert size distribution for orientation RR...
[M::mem_pestat] (25, 50, 75) percentile: (286, 1654, 3420)
[M::mem_pestat] low and high boundaries for computing mean and std.dev: (1, 9688)
[M::mem_pestat] mean and std.dev: (1951.79, 1918.69)
[M::mem_pestat] low and high boundaries for proper pairs: (1, 12822)
[M::mem_pestat] skip orientation FF
[M::mem_pestat] skip orientation RF
[M::mem_pestat] skip orientation RR
[M::process] read 1066668 sequences (160000200 bp)...
[M::mem_process_seqs] Processed 1066668 reads in 765.667 CPU sec, 49.562 real sec
[M::mem_pestat] # candidate unique pairs for (FF, FR, RF, RR): (39, 226225, 63, 29)
[M::mem_pestat] analyzing insert size distribution for orientation FF...
[M::mem_pestat] (25, 50, 75) percentile: (233, 563, 717)
[M::mem_pestat] low and high boundaries for computing mean and std.dev: (1, 1685)
[M::mem_pestat] mean and std.dev: (493.62, 376.51)
[M::mem_pestat] low and high boundaries for proper pairs: (1, 2169)
[M::mem_pestat] analyzing insert size distribution for orientation FR...
[M::mem_pestat] (25, 50, 75) percentile: (220, 299, 384)
[M::mem_pestat] low and high boundaries for computing mean and std.dev: (1, 712)
[M::mem_pestat] mean and std.dev: (303.70, 120.67)
[M::mem_pestat] low and high boundaries for proper pairs: (1, 876)
[M::mem_pestat] analyzing insert size distribution for orientation RF...
[M::mem_pestat] (25, 50, 75) percentile: (294, 1058, 3854)
[M::mem_pestat] low and high boundaries for computing mean and std.dev: (1, 10974)
[M::mem_pestat] mean and std.dev: (2246.32, 2512.99)
[M::mem_pestat] low and high boundaries for proper pairs: (1, 14534)
[M::mem_pestat] analyzing insert size distribution for orientation RR...
[M::mem_pestat] (25, 50, 75) percentile: (145, 325, 1085)
[M::mem_pestat] low and high boundaries for computing mean and std.dev: (1, 2965)
[M::mem_pestat] mean and std.dev: (504.96, 601.21)
[M::mem_pestat] low and high boundaries for proper pairs: (1, 3905)
[M::mem_pestat] skip orientation FF
[M::mem_pestat] skip orientation RF
[M::mem_pestat] skip orientation RR
[M::mem_process_seqs] Processed 1066668 reads in 760.019 CPU sec, 50.448 real sec
[M::process] read 1066668 sequences (160000200 bp)...
[M::process] read 1066668 sequences (160000200 bp)...
[M::mem_pestat] # candidate unique pairs for (FF, FR, RF, RR): (32, 225905, 62, 32)
[M::mem_pestat] analyzing insert size distribution for orientation FF...
[M::mem_pestat] (25, 50, 75) percentile: (178, 585, 1816)
[M::mem_pestat] low and high boundaries for computing mean and std.dev: (1, 5092)
[M::mem_pestat] mean and std.dev: (1005.63, 1263.70)
[M::mem_pestat] low and high boundaries for proper pairs: (1, 6730)
[M::mem_pestat] analyzing insert size distribution for orientation FR...
[M::mem_pestat] (25, 50, 75) percentile: (216, 292, 374)
[M::mem_pestat] low and high boundaries for computing mean and std.dev: (1, 690)
[M::mem_pestat] mean and std.dev: (296.88, 116.89)
[M::mem_pestat] low and high boundaries for proper pairs: (1, 848)
[M::mem_pestat] analyzing insert size distribution for orientation RF...
[M::mem_pestat] (25, 50, 75) percentile: (129, 429, 2335)
[M::mem_pestat] low and high boundaries for computing mean and std.dev: (1, 6747)
[M::mem_pestat] mean and std.dev: (1477.48, 2051.90)
[M::mem_pestat] low and high boundaries for proper pairs: (1, 9685)
[M::mem_pestat] analyzing insert size distribution for orientation RR...
[M::mem_pestat] (25, 50, 75) percentile: (149, 246, 1838)
[M::mem_pestat] low and high boundaries for computing mean and std.dev: (1, 5216)
[M::mem_pestat] mean and std.dev: (629.14, 804.31)
[M::mem_pestat] low and high boundaries for proper pairs: (1, 6905)
[M::mem_pestat] skip orientation FF
[M::mem_pestat] skip orientation RF
[M::mem_pestat] skip orientation RR
[M::mem_process_seqs] Processed 1066668 reads in 759.209 CPU sec, 48.718 real sec
[M::mem_pestat] # candidate unique pairs for (FF, FR, RF, RR): (40, 226710, 56, 29)
[M::mem_pestat] analyzing insert size distribution for orientation FF...
[M::mem_pestat] (25, 50, 75) percentile: (185, 802, 2454)
[M::mem_pestat] low and high boundaries for computing mean and std.dev: (1, 6992)
[M::mem_pestat] mean and std.dev: (1258.18, 1360.98)
[M::mem_pestat] low and high boundaries for proper pairs: (1, 9261)
[M::mem_pestat] analyzing insert size distribution for orientation FR...
[M::mem_pestat] (25, 50, 75) percentile: (216, 293, 375)
[M::mem_pestat] low and high boundaries for computing mean and std.dev: (1, 693)
[M::mem_pestat] mean and std.dev: (298.28, 118.01)
[M::mem_pestat] low and high boundaries for proper pairs: (1, 852)
[M::mem_pestat] analyzing insert size distribution for orientation RF...
[M::mem_pestat] (25, 50, 75) percentile: (166, 689, 1438)
[M::mem_pestat] low and high boundaries for computing mean and std.dev: (1, 3982)
[M::mem_pestat] mean and std.dev: (899.36, 916.24)
[M::mem_pestat] low and high boundaries for proper pairs: (1, 5254)
[M::mem_pestat] analyzing insert size distribution for orientation RR...
[M::mem_pestat] (25, 50, 75) percentile: (260, 327, 1466)
[M::mem_pestat] low and high boundaries for computing mean and std.dev: (1, 3878)
[M::mem_pestat] mean and std.dev: (809.86, 829.12)
[M::mem_pestat] low and high boundaries for proper pairs: (1, 5084)
[M::mem_pestat] skip orientation FF
[M::mem_pestat] skip orientation RF
[M::mem_pestat] skip orientation RR
[M::process] read 1066668 sequences (160000200 bp)...
[M::mem_process_seqs] Processed 1066668 reads in 768.895 CPU sec, 49.670 real sec
