/opt/ohpc/admin/lmod/lmod/init/bash: line 93: LD_LIBRARY_PATH: unbound variable
start 2026-09-27T15:44:41Z host n3502 sample=WB_17a location=WB
[M::bwa_idx_load_from_disk] read 0 ALT contigs
[M::process] read 1066668 sequences (160000200 bp)...
[M::process] read 1066668 sequences (160000200 bp)...
[M::mem_pestat] # candidate unique pairs for (FF, FR, RF, RR): (42, 219673, 73, 47)
[M::mem_pestat] analyzing insert size distribution for orientation FF...
[M::mem_pestat] (25, 50, 75) percentile: (253, 504, 3641)
[M::mem_pestat] low and high boundaries for computing mean and std.dev: (1, 10417)
[M::mem_pestat] mean and std.dev: (2297.55, 3110.13)
[M::mem_pestat] low and high boundaries for proper pairs: (1, 14738)
[M::mem_pestat] analyzing insert size distribution for orientation FR...
[M::mem_pestat] (25, 50, 75) percentile: (286, 366, 463)
[M::mem_pestat] low and high boundaries for computing mean and std.dev: (1, 817)
[M::mem_pestat] mean and std.dev: (375.25, 133.59)
[M::mem_pestat] low and high boundaries for proper pairs: (1, 994)
[M::mem_pestat] analyzing insert size distribution for orientation RF...
[M::mem_pestat] (25, 50, 75) percentile: (302, 1114, 5271)
[M::mem_pestat] low and high boundaries for computing mean and std.dev: (1, 15209)
[M::mem_pestat] mean and std.dev: (2691.88, 3149.51)
[M::mem_pestat] low and high boundaries for proper pairs: (1, 20178)
[M::mem_pestat] analyzing insert size distribution for orientation RR...
[M::mem_pestat] (25, 50, 75) percentile: (208, 420, 499)
[M::mem_pestat] low and high boundaries for computing mean and std.dev: (1, 1081)
[M::mem_pestat] mean and std.dev: (346.31, 169.78)
[M::mem_pestat] low and high boundaries for proper pairs: (1, 1372)
[M::mem_pestat] skip orientation FF
[M::mem_pestat] skip orientation RF
[M::mem_pestat] skip orientation RR
[M::mem_process_seqs] Processed 1066668 reads in 816.574 CPU sec, 54.415 real sec
[M::mem_pestat] # candidate unique pairs for (FF, FR, RF, RR): (55, 221022, 82, 49)
[M::mem_pestat] analyzing insert size distribution for orientation FF...
[M::mem_pestat] (25, 50, 75) percentile: (238, 616, 989)
[M::mem_pestat] low and high boundaries for computing mean and std.dev: (1, 2491)
[M::mem_pestat] mean and std.dev: (657.75, 548.51)
[M::mem_pestat] low and high boundaries for proper pairs: (1, 3242)
[M::mem_pestat] analyzing insert size distribution for orientation FR...
[M::mem_pestat] (25, 50, 75) percentile: (291, 371, 469)
[M::mem_pestat] low and high boundaries for computing mean and std.dev: (1, 825)
[M::mem_pestat] mean and std.dev: (380.86, 135.02)
[M::mem_pestat] low and high boundaries for proper pairs: (1, 1003)
[M::mem_pestat] analyzing insert size distribution for orientation RF...
[M::mem_pestat] (25, 50, 75) percentile: (233, 1638, 3398)
[M::mem_pestat] low and high boundaries for computing mean and std.dev: (1, 9728)
[M::mem_pestat] mean and std.dev: (2356.66, 2507.84)
[M::mem_pestat] low and high boundaries for proper pairs: (1, 12893)
[M::mem_pestat] analyzing insert size distribution for orientation RR...
[M::mem_pestat] (25, 50, 75) percentile: (282, 512, 2508)
[M::mem_pestat] low and high boundaries for computing mean and std.dev: (1, 6960)
[M::mem_pestat] mean and std.dev: (1513.83, 1950.22)
[M::mem_pestat] low and high boundaries for proper pairs: (1, 9315)
[M::mem_pestat] skip orientation FF
[M::mem_pestat] skip orientation RF
[M::mem_pestat] skip orientation RR
[M::process] read 1066668 sequences (160000200 bp)...
[M::mem_process_seqs] Processed 1066668 reads in 826.678 CPU sec, 58.324 real sec
[M::process] read 1066668 sequences (160000200 bp)...
[M::mem_pestat] # candidate unique pairs for (FF, FR, RF, RR): (44, 220352, 67, 49)
[M::mem_pestat] analyzing insert size distribution for orientation FF...
[M::mem_pestat] (25, 50, 75) percentile: (305, 599, 2093)
[M::mem_pestat] low and high boundaries for computing mean and std.dev: (1, 5669)
[M::mem_pestat] mean and std.dev: (1122.90, 1358.99)
[M::mem_pestat] low and high boundaries for proper pairs: (1, 7457)
[M::mem_pestat] analyzing insert size distribution for orientation FR...
[M::mem_pestat] (25, 50, 75) percentile: (288, 368, 468)
[M::mem_pestat] low and high boundaries for computing mean and std.dev: (1, 828)
[M::mem_pestat] mean and std.dev: (379.25, 136.59)
[M::mem_pestat] low and high boundaries for proper pairs: (1, 1008)
[M::mem_pestat] analyzing insert size distribution for orientation RF...
[M::mem_pestat] (25, 50, 75) percentile: (719, 1981, 6905)
[M::mem_pestat] low and high boundaries for computing mean and std.dev: (1, 19277)
[M::mem_pestat] mean and std.dev: (3418.72, 3281.84)
[M::mem_pestat] low and high boundaries for proper pairs: (1, 25463)
[M::mem_pestat] analyzing insert size distribution for orientation RR...
[M::mem_pestat] (25, 50, 75) percentile: (192, 495, 1478)
[M::mem_pestat] low and high boundaries for computing mean and std.dev: (1, 4050)
[M::mem_pestat] mean and std.dev: (792.52, 815.31)
[M::mem_pestat] low and high boundaries for proper pairs: (1, 5336)
[M::mem_pestat] skip orientation FF
[M::mem_pestat] skip orientation RF
[M::mem_pestat] skip orientation RR
[M::mem_process_seqs] Processed 1066668 reads in 832.773 CPU sec, 54.454 real sec
[M::mem_pestat] # candidate unique pairs for (FF, FR, RF, RR): (60, 220205, 93, 50)
[M::mem_pestat] analyzing insert size distribution for orientation FF...
[M::mem_pestat] (25, 50, 75) percentile: (186, 360, 698)
[M::mem_pestat] low and high boundaries for computing mean and std.dev: (1, 1722)
[M::mem_pestat] mean and std.dev: (422.26, 283.77)
[M::mem_pestat] low and high boundaries for proper pairs: (1, 2234)
[M::mem_pestat] analyzing insert size distribution for orientation FR...
[M::mem_pestat] (25, 50, 75) percentile: (288, 370, 470)
[M::mem_pestat] low and high boundaries for computing mean and std.dev: (1, 834)
[M::mem_pestat] mean and std.dev: (380.70, 137.94)
[M::mem_pestat] low and high boundaries for proper pairs: (1, 1016)
[M::mem_pestat] analyzing insert size distribution for orientation RF...
[M::mem_pestat] (25, 50, 75) percentile: (319, 1394, 5181)
[M::mem_pestat] low and high boundaries for computing mean and std.dev: (1, 14905)
[M::mem_pestat] mean and std.dev: (2847.88, 3020.70)
[M::mem_pestat] low and high boundaries for proper pairs: (1, 19767)
[M::mem_pestat] analyzing insert size distribution for orientation RR...
[M::mem_pestat] (25, 50, 75) percentile: (365, 615, 1426)
[M::mem_pestat] low and high boundaries for computing mean and std.dev: (1, 3548)
[M::mem_pestat] mean and std.dev: (744.84, 573.11)
[M::mem_pestat] low and high boundaries for proper pairs: (1, 4609)
[M::mem_pestat] skip orientation FF
[M::mem_pestat] skip orientation RF
[M::mem_pestat] skip orientation RR
[M::process] read 1066668 sequences (160000200 bp)...
[M::mem_process_seqs] Processed 1066668 reads in 836.725 CPU sec, 54.466 real sec
[M::mem_pestat] # candidate unique pairs for (FF, FR, RF, RR): (37, 220903, 75, 54)
[M::mem_pestat] analyzing insert size distribution for orientation FF...
[M::mem_pestat] (25, 50, 75) percentile: (195, 456, 1164)
[M::mem_pestat] low and high boundaries for computing mean and std.dev: (1, 3102)
[M::mem_pestat] mean and std.dev: (510.66, 469.96)
[M::mem_pestat] low and high boundaries for proper pairs: (1, 4071)
[M::mem_pestat] analyzing insert size distribution for orientation FR...
[M::mem_pestat] (25, 50, 75) percentile: (288, 369, 469)
[M::mem_pestat] low and high boundaries for computing mean and std.dev: (1, 831)
[M::mem_pestat] mean and std.dev: (379.68, 136.70)
[M::mem_pestat] low and high boundaries for proper pairs: (1, 1012)
[M::mem_pestat] analyzing insert size distribution for orientation RF...
[M::mem_pestat] (25, 50, 75) percentile: (380, 1297, 5961)
[M::mem_pestat] low and high boundaries for computing mean and std.dev: (1, 17123)
[M::mem_pestat] mean and std.dev: (2834.09, 3080.09)
[M::mem_pestat] low and high boundaries for proper pairs: (1, 22704)
[M::mem_pestat] analyzing insert size distribution for orientation RR...
[M::mem_pestat] (25, 50, 75) percentile: (218, 436, 815)
[M::mem_pestat] low and high boundaries for computing mean and std.dev: (1, 2009)
[M::mem_pestat] mean and std.dev: (477.74, 376.74)
[M::mem_pestat] low and high boundaries for proper pairs: (1, 2606)
[M::mem_pestat] skip orientation FF
[M::mem_pestat] skip orientation RF
[M::mem_pestat] skip orientation RR
[M::process] read 1066668 sequences (160000200 bp)...
[M::mem_process_seqs] Processed 1066668 reads in 838.724 CPU sec, 54.477 real sec
[M::mem_pestat] # candidate unique pairs for (FF, FR, RF, RR): (54, 220131, 80, 60)
[M::mem_pestat] analyzing insert size distribution for orientation FF...
[M::mem_pestat] (25, 50, 75) percentile: (216, 500, 720)
[M::mem_pestat] low and high boundaries for computing mean and std.dev: (1, 1728)
[M::mem_pestat] mean and std.dev: (463.88, 264.75)
[M::mem_pestat] low and high boundaries for proper pairs: (1, 2232)
[M::mem_pestat] analyzing insert size distribution for orientation FR...
[M::mem_pestat] (25, 50, 75) percentile: (284, 363, 462)
[M::mem_pestat] low and high boundaries for computing mean and std.dev: (1, 818)
[M::mem_pestat] mean and std.dev: (374.40, 135.30)
[M::mem_pestat] low and high boundaries for proper pairs: (1, 996)
[M::mem_pestat] analyzing insert size distribution for orientation RF...
[M::mem_pestat] (25, 50, 75) percentile: (829, 2973, 5192)
[M::mem_pestat] low and high boundaries for computing mean and std.dev: (1, 13918)
[M::mem_pestat] mean and std.dev: (3298.86, 2791.69)
[M::mem_pestat] low and high boundaries for proper pairs: (1, 18281)
[M::mem_pestat] analyzing insert size distribution for orientation RR...
[M::mem_pestat] (25, 50, 75) percentile: (267, 473, 1108)
[M::mem_pestat] low and high boundaries for computing mean and std.dev: (1, 2790)
[M::mem_pestat] mean and std.dev: (588.42, 479.47)
[M::mem_pestat] low and high boundaries for proper pairs: (1, 3631)
[M::mem_pestat] skip orientation FF
[M::mem_pestat] skip orientation RF
[M::mem_pestat] skip orientation RR
[M::process] read 1066668 sequences (160000200 bp)...
[M::mem_process_seqs] Processed 1066668 reads in 861.281 CPU sec, 55.796 real sec
[M::mem_pestat] # candidate unique pairs for (FF, FR, RF, RR): (44, 220309, 81, 46)
[M::mem_pestat] analyzing insert size distribution for orientation FF...
[M::mem_pestat] (25, 50, 75) percentile: (238, 705, 1735)
[M::mem_pestat] low and high boundaries for computing mean and std.dev: (1, 4729)
[M::mem_pestat] mean and std.dev: (1091.05, 1136.13)
[M::mem_pestat] low and high boundaries for proper pairs: (1, 6226)
[M::mem_pestat] analyzing insert size distribution for orientation FR...
[M::mem_pestat] (25, 50, 75) percentile: (284, 363, 463)
[M::mem_pestat] low and high boundaries for computing mean and std.dev: (1, 821)
[M::mem_pestat] mean and std.dev: (374.83, 135.64)
[M::mem_pestat] low and high boundaries for proper pairs: (1, 1000)
[M::mem_pestat] analyzing insert size distribution for orientation RF...
[M::mem_pestat] (25, 50, 75) percentile: (493, 1928, 5349)
[M::mem_pestat] low and high boundaries for computing mean and std.dev: (1, 15061)
[M::mem_pestat] mean and std.dev: (3043.63, 2955.49)
[M::mem_pestat] low and high boundaries for proper pairs: (1, 19917)
[M::mem_pestat] analyzing insert size distribution for orientation RR...
[M::mem_pestat] (25, 50, 75) percentile: (362, 1639, 2928)
[M::mem_pestat] low and high boundaries for computing mean and std.dev: (1, 8060)
[M::mem_pestat] mean and std.dev: (1781.93, 1487.05)
[M::mem_pestat] low and high boundaries for proper pairs: (1, 10626)
[M::mem_pestat] skip orientation FF
[M::mem_pestat] skip orientation RF
[M::mem_pestat] skip orientation RR
[M::process] read 1066668 sequences (160000200 bp)...
[M::mem_process_seqs] Processed 1066668 reads in 840.477 CPU sec, 54.504 real sec
[M::mem_pestat] # candidate unique pairs for (FF, FR, RF, RR): (45, 219042, 78, 53)
[M::mem_pestat] analyzing insert size distribution for orientation FF...
[M::mem_pestat] (25, 50, 75) percentile: (204, 593, 1619)
[M::mem_pestat] low and high boundaries for computing mean and std.dev: (1, 4449)
[M::mem_pestat] mean and std.dev: (846.58, 857.81)
[M::mem_pestat] low and high boundaries for proper pairs: (1, 5864)
[M::mem_pestat] analyzing insert size distribution for orientation FR...
[M::mem_pestat] (25, 50, 75) percentile: (285, 365, 464)
[M::mem_pestat] low and high boundaries for computing mean and std.dev: (1, 822)
[M::mem_pestat] mean and std.dev: (375.60, 136.08)
[M::mem_pestat] low and high boundaries for proper pairs: (1, 1001)
[M::mem_pestat] analyzing insert size distribution for orientation RF...
[M::mem_pestat] (25, 50, 75) percentile: (266, 1157, 4127)
[M::mem_pestat] low and high boundaries for computing mean and std.dev: (1, 11849)
[M::mem_pestat] mean and std.dev: (2693.00, 3114.91)
[M::mem_pestat] low and high boundaries for proper pairs: (1, 15710)
[M::mem_pestat] analyzing insert size distribution for orientation RR...
[M::mem_pestat] (25, 50, 75) percentile: (288, 413, 681)
[M::mem_pestat] low and high boundaries for computing mean and std.dev: (1, 1467)
[M::mem_pestat] mean and std.dev: (405.73, 244.69)
[M::mem_pestat] low and high boundaries for proper pairs: (1, 1860)
[M::mem_pestat] skip orientation FF
[M::mem_pestat] skip orientation RF
[M::mem_pestat] skip orientation RR
[M::process] read 1066668 sequences (160000200 bp)...
[M::mem_process_seqs] Processed 1066668 reads in 842.593 CPU sec, 54.550 real sec
[M::mem_pestat] # candidate unique pairs for (FF, FR, RF, RR): (63, 219617, 77, 44)
[M::mem_pestat] analyzing insert size distribution for orientation FF...
[M::mem_pestat] (25, 50, 75) percentile: (281, 407, 749)
[M::mem_pestat] low and high boundaries for computing mean and std.dev: (1, 1685)
[M::mem_pestat] mean and std.dev: (530.00, 388.95)
[M::mem_pestat] low and high boundaries for proper pairs: (1, 2153)
[M::mem_pestat] analyzing insert size distribution for orientation FR...
[M::mem_pestat] (25, 50, 75) percentile: (291, 374, 477)
[M::mem_pestat] low and high boundaries for computing mean and std.dev: (1, 849)
[M::mem_pestat] mean and std.dev: (384.68, 139.21)
[M::mem_pestat] low and high boundaries for proper pairs: (1, 1035)
[M::mem_pestat] analyzing insert size distribution for orientation RF...
[M::mem_pestat] (25, 50, 75) percentile: (194, 1297, 2767)
[M::mem_pestat] low and high boundaries for computing mean and std.dev: (1, 7913)
[M::mem_pestat] mean and std.dev: (1617.34, 2048.61)
[M::mem_pestat] low and high boundaries for proper pairs: (1, 10486)
[M::mem_pestat] analyzing insert size distribution for orientation RR...
[M::mem_pestat] (25, 50, 75) percentile: (261, 546, 3390)
[M::mem_pestat] low and high boundaries for computing mean and std.dev: (1, 9648)
[M::mem_pestat] mean and std.dev: (1641.68, 1637.03)
[M::mem_pestat] low and high boundaries for proper pairs: (1, 12777)
[M::mem_pestat] skip orientation FF
[M::mem_pestat] skip orientation RF
[M::mem_pestat] skip orientation RR
[M::process] read 1066668 sequences (160000200 bp)...
[M::mem_process_seqs] Processed 1066668 reads in 824.508 CPU sec, 53.390 real sec
[M::mem_pestat] # candidate unique pairs for (FF, FR, RF, RR): (50, 220512, 66, 68)
[M::mem_pestat] analyzing insert size distribution for orientation FF...
[M::mem_pestat] (25, 50, 75) percentile: (206, 272, 857)
[M::mem_pestat] low and high boundaries for computing mean and std.dev: (1, 2159)
[M::mem_pestat] mean and std.dev: (300.95, 205.61)
[M::mem_pestat] low and high boundaries for proper pairs: (1, 2810)
[M::mem_pestat] analyzing insert size distribution for orientation FR...
[M::mem_pestat] (25, 50, 75) percentile: (292, 376, 479)
[M::mem_pestat] low and high boundaries for computing mean and std.dev: (1, 853)
[M::mem_pestat] mean and std.dev: (386.68, 140.11)
[M::mem_pestat] low and high boundaries for proper pairs: (1, 1040)
[M::mem_pestat] analyzing insert size distribution for orientation RF...
[M::mem_pestat] (25, 50, 75) percentile: (233, 1671, 4226)
[M::mem_pestat] low and high boundaries for computing mean and std.dev: (1, 12212)
[M::mem_pestat] mean and std.dev: (2712.82, 3033.63)
[M::mem_pestat] low and high boundaries for proper pairs: (1, 16205)
[M::mem_pestat] analyzing insert size distribution for orientation RR...
[M::mem_pestat] (25, 50, 75) percentile: (252, 539, 1037)
[M::mem_pestat] low and high boundaries for computing mean and std.dev: (1, 2607)
[M::mem_pestat] mean and std.dev: (555.37, 437.87)
[M::mem_pestat] low and high boundaries for proper pairs: (1, 3392)
[M::mem_pestat] skip orientation FF
[M::mem_pestat] skip orientation RF
[M::mem_pestat] skip orientation RR
[M::process] read 1066668 sequences (160000200 bp)...
[M::mem_process_seqs] Processed 1066668 reads in 831.604 CPU sec, 53.763 real sec
[M::mem_pestat] # candidate unique pairs for (FF, FR, RF, RR): (63, 220574, 68, 54)
[M::mem_pestat] analyzing insert size distribution for orientation FF...
[M::mem_pestat] (25, 50, 75) percentile: (313, 482, 1572)
[M::mem_pestat] low and high boundaries for computing mean and std.dev: (1, 4090)
[M::mem_pestat] mean and std.dev: (943.58, 915.78)
[M::mem_pestat] low and high boundaries for proper pairs: (1, 5349)
[M::mem_pestat] analyzing insert size distribution for orientation FR...
[M::mem_pestat] (25, 50, 75) percentile: (289, 372, 476)
[M::mem_pestat] low and high boundaries for computing mean and std.dev: (1, 850)
[M::mem_pestat] mean and std.dev: (384.00, 140.31)
[M::mem_pestat] low and high boundaries for proper pairs: (1, 1037)
[M::mem_pestat] analyzing insert size distribution for orientation RF...
[M::mem_pestat] (25, 50, 75) percentile: (735, 2591, 6415)
[M::mem_pestat] low and high boundaries for computing mean and std.dev: (1, 17775)
[M::mem_pestat] mean and std.dev: (3421.26, 3017.54)
[M::mem_pestat] low and high boundaries for proper pairs: (1, 23455)
[M::mem_pestat] analyzing insert size distribution for orientation RR...
[M::mem_pestat] (25, 50, 75) percentile: (253, 473, 915)
[M::mem_pestat] low and high boundaries for computing mean and std.dev: (1, 2239)
[M::mem_pestat] mean and std.dev: (503.83, 367.20)
[M::mem_pestat] low and high boundaries for proper pairs: (1, 2901)
[M::mem_pestat] skip orientation FF
[M::mem_pestat] skip orientation RF
[M::mem_pestat] skip orientation RR
[M::process] read 1066668 sequences (160000200 bp)...
[M::mem_process_seqs] Processed 1066668 reads in 822.055 CPU sec, 53.106 real sec
[M::mem_pestat] # candidate unique pairs for (FF, FR, RF, RR): (55, 220522, 92, 54)
[M::mem_pestat] analyzing insert size distribution for orientation FF...
[M::mem_pestat] (25, 50, 75) percentile: (308, 438, 1714)
[M::mem_pestat] low and high boundaries for computing mean and std.dev: (1, 4526)
[M::mem_pestat] mean and std.dev: (756.12, 762.48)
[M::mem_pestat] low and high boundaries for proper pairs: (1, 5932)
[M::mem_pestat] analyzing insert size distribution for orientation FR...
[M::mem_pestat] (25, 50, 75) percentile: (289, 371, 473)
[M::mem_pestat] low and high boundaries for computing mean and std.dev: (1, 841)
[M::mem_pestat] mean and std.dev: (382.40, 138.56)
[M::mem_pestat] low and high boundaries for proper pairs: (1, 1025)
[M::mem_pestat] analyzing insert size distribution for orientation RF...
[M::mem_pestat] (25, 50, 75) percentile: (1449, 3618, 6901)
[M::mem_pestat] low and high boundaries for computing mean and std.dev: (1, 17805)
[M::mem_pestat] mean and std.dev: (4052.91, 3052.37)
[M::mem_pestat] low and high boundaries for proper pairs: (1, 23257)
[M::mem_pestat] analyzing insert size distribution for orientation RR...
[M::mem_pestat] (25, 50, 75) percentile: (207, 561, 1378)
[M::mem_pestat] low and high boundaries for computing mean and std.dev: (1, 3720)
[M::mem_pestat] mean and std.dev: (869.87, 868.12)
[M::mem_pestat] low and high boundaries for proper pairs: (1, 4891)
[M::mem_pestat] skip orientation FF
[M::mem_pestat] skip orientation RF
[M::mem_pestat] skip orientation RR
[M::process] read 1066668 sequences (160000200 bp)...
[M::mem_process_seqs] Processed 1066668 reads in 823.407 CPU sec, 53.263 real sec
[M::mem_pestat] # candidate unique pairs for (FF, FR, RF, RR): (72, 221032, 80, 55)
[M::mem_pestat] analyzing insert size distribution for orientation FF...
[M::mem_pestat] (25, 50, 75) percentile: (210, 339, 905)
[M::mem_pestat] low and high boundaries for computing mean and std.dev: (1, 2295)
[M::mem_pestat] mean and std.dev: (495.83, 493.11)
[M::mem_pestat] low and high boundaries for proper pairs: (1, 2990)
[M::mem_pestat] analyzing insert size distribution for orientation FR...
[M::mem_pestat] (25, 50, 75) percentile: (288, 370, 473)
[M::mem_pestat] low and high boundaries for computing mean and std.dev: (1, 843)
[M::mem_pestat] mean and std.dev: (381.41, 138.68)
[M::mem_pestat] low and high boundaries for proper pairs: (1, 1028)
[M::mem_pestat] analyzing insert size distribution for orientation RF...
[M::mem_pestat] (25, 50, 75) percentile: (412, 1256, 4760)
[M::mem_pestat] low and high boundaries for computing mean and std.dev: (1, 13456)
[M::mem_pestat] mean and std.dev: (2623.39, 2871.26)
[M::mem_pestat] low and high boundaries for proper pairs: (1, 17804)
[M::mem_pestat] analyzing insert size distribution for orientation RR...
[M::mem_pestat] (25, 50, 75) percentile: (243, 397, 1324)
[M::mem_pestat] low and high boundaries for computing mean and std.dev: (1, 3486)
[M::mem_pestat] mean and std.dev: (777.77, 831.38)
[M::mem_pestat] low and high boundaries for proper pairs: (1, 4567)
[M::mem_pestat] skip orientation FF
[M::mem_pestat] skip orientation RF
[M::mem_pestat] skip orientation RR
[M::process] read 1066668 sequences (160000200 bp)...
[M::mem_process_seqs] Processed 1066668 reads in 819.607 CPU sec, 52.883 real sec
[M::mem_pestat] # candidate unique pairs for (FF, FR, RF, RR): (51, 218953, 78, 54)
[M::mem_pestat] analyzing insert size distribution for orientation FF...
[M::mem_pestat] (25, 50, 75) percentile: (255, 358, 610)
[M::mem_pestat] low and high boundaries for computing mean and std.dev: (1, 1320)
[M::mem_pestat] mean and std.dev: (361.31, 238.91)
[M::mem_pestat] low and high boundaries for proper pairs: (1, 1675)
[M::mem_pestat] analyzing insert size distribution for orientation FR...
[M::mem_pestat] (25, 50, 75) percentile: (285, 366, 468)
[M::mem_pestat] low and high boundaries for computing mean and std.dev: (1, 834)
[M::mem_pestat] mean and std.dev: (377.97, 138.04)
[M::mem_pestat] low and high boundaries for proper pairs: (1, 1017)
[M::mem_pestat] analyzing insert size distribution for orientation RF...
[M::mem_pestat] (25, 50, 75) percentile: (420, 1225, 5356)
[M::mem_pestat] low and high boundaries for computing mean and std.dev: (1, 15228)
[M::mem_pestat] mean and std.dev: (2916.01, 2992.81)
[M::mem_pestat] low and high boundaries for proper pairs: (1, 20164)
[M::mem_pestat] analyzing insert size distribution for orientation RR...
[M::mem_pestat] (25, 50, 75) percentile: (326, 610, 2884)
[M::mem_pestat] low and high boundaries for computing mean and std.dev: (1, 8000)
[M::mem_pestat] mean and std.dev: (1700.59, 1967.40)
[M::mem_pestat] low and high boundaries for proper pairs: (1, 10558)
[M::mem_pestat] skip orientation FF
[M::mem_pestat] skip orientation RF
[M::mem_pestat] skip orientation RR
[M::process] read 1066668 sequences (160000200 bp)...
[M::mem_process_seqs] Processed 1066668 reads in 834.409 CPU sec, 53.994 real sec
[M::mem_pestat] # candidate unique pairs for (FF, FR, RF, RR): (52, 219365, 70, 52)
[M::mem_pestat] analyzing insert size distribution for orientation FF...
[M::mem_pestat] (25, 50, 75) percentile: (232, 441, 1294)
[M::mem_pestat] low and high boundaries for computing mean and std.dev: (1, 3418)
[M::mem_pestat] mean and std.dev: (651.52, 616.34)
[M::mem_pestat] low and high boundaries for proper pairs: (1, 4480)
[M::mem_pestat] analyzing insert size distribution for orientation FR...
[M::mem_pestat] (25, 50, 75) percentile: (283, 364, 466)
[M::mem_pestat] low and high boundaries for computing mean and std.dev: (1, 832)
[M::mem_pestat] mean and std.dev: (376.22, 137.43)
[M::mem_pestat] low and high boundaries for proper pairs: (1, 1015)
[M::mem_pestat] analyzing insert size distribution for orientation RF...
[M::mem_pestat] (25, 50, 75) percentile: (167, 1693, 4133)
[M::mem_pestat] low and high boundaries for computing mean and std.dev: (1, 12065)
[M::mem_pestat] mean and std.dev: (2461.00, 2776.74)
[M::mem_pestat] low and high boundaries for proper pairs: (1, 16031)
[M::mem_pestat] analyzing insert size distribution for orientation RR...
[M::mem_pestat] (25, 50, 75) percentile: (415, 574, 1481)
[M::mem_pestat] low and high boundaries for computing mean and std.dev: (1, 3613)
[M::mem_pestat] mean and std.dev: (775.91, 674.61)
[M::mem_pestat] low and high boundaries for proper pairs: (1, 4679)
[M::mem_pestat] skip orientation FF
[M::mem_pestat] skip orientation RF
[M::mem_pestat] skip orientation RR
[M::process] read 1066668 sequences (160000200 bp)...
[M::mem_process_seqs] Processed 1066668 reads in 847.561 CPU sec, 54.683 real sec
[M::mem_pestat] # candidate unique pairs for (FF, FR, RF, RR): (65, 219787, 62, 35)
[M::mem_pestat] analyzing insert size distribution for orientation FF...
[M::mem_pestat] (25, 50, 75) percentile: (246, 437, 1550)
[M::mem_pestat] low and high boundaries for computing mean and std.dev: (1, 4158)
[M::mem_pestat] mean and std.dev: (764.49, 841.13)
[M::mem_pestat] low and high boundaries for proper pairs: (1, 5462)
[M::mem_pestat] analyzing insert size distribution for orientation FR...
[M::mem_pestat] (25, 50, 75) percentile: (285, 367, 469)
[M::mem_pestat] low and high boundaries for computing mean and std.dev: (1, 837)
[M::mem_pestat] mean and std.dev: (377.74, 138.35)
[M::mem_pestat] low and high boundaries for proper pairs: (1, 1021)
[M::mem_pestat] analyzing insert size distribution for orientation RF...
[M::mem_pestat] (25, 50, 75) percentile: (226, 1372, 4175)
[M::mem_pestat] low and high boundaries for computing mean and std.dev: (1, 12073)
[M::mem_pestat] mean and std.dev: (2186.52, 2420.72)
[M::mem_pestat] low and high boundaries for proper pairs: (1, 16022)
[M::mem_pestat] analyzing insert size distribution for orientation RR...
[M::mem_pestat] (25, 50, 75) percentile: (238, 461, 762)
[M::mem_pestat] low and high boundaries for computing mean and std.dev: (1, 1810)
[M::mem_pestat] mean and std.dev: (456.19, 321.55)
[M::mem_pestat] low and high boundaries for proper pairs: (1, 2334)
[M::mem_pestat] skip orientation FF
[M::mem_pestat] skip orientation RF
[M::mem_pestat] skip orientation RR
[M::process] read 1066668 sequences (160000200 bp)...
[M::mem_process_seqs] Processed 1066668 reads in 824.842 CPU sec, 53.493 real sec
[M::mem_pestat] # candidate unique pairs for (FF, FR, RF, RR): (46, 220393, 96, 44)
[M::mem_pestat] analyzing insert size distribution for orientation FF...
[M::mem_pestat] (25, 50, 75) percentile: (213, 321, 775)
[M::mem_pestat] low and high boundaries for computing mean and std.dev: (1, 1899)
[M::mem_pestat] mean and std.dev: (433.10, 344.41)
[M::mem_pestat] low and high boundaries for proper pairs: (1, 2461)
[M::mem_pestat] analyzing insert size distribution for orientation FR...
[M::mem_pestat] (25, 50, 75) percentile: (291, 375, 477)
[M::mem_pestat] low and high boundaries for computing mean and std.dev: (1, 849)
[M::mem_pestat] mean and std.dev: (385.06, 139.47)
[M::mem_pestat] low and high boundaries for proper pairs: (1, 1035)
[M::mem_pestat] analyzing insert size distribution for orientation RF...
[M::mem_pestat] (25, 50, 75) percentile: (686, 2118, 5671)
[M::mem_pestat] low and high boundaries for computing mean and std.dev: (1, 15641)
[M::mem_pestat] mean and std.dev: (3288.02, 3097.98)
[M::mem_pestat] low and high boundaries for proper pairs: (1, 20626)
[M::mem_pestat] analyzing insert size distribution for orientation RR...
[M::mem_pestat] (25, 50, 75) percentile: (248, 318, 1088)
[M::mem_pestat] low and high boundaries for computing mean and std.dev: (1, 2768)
[M::mem_pestat] mean and std.dev: (493.11, 484.85)
[M::mem_pestat] low and high boundaries for proper pairs: (1, 3608)
[M::mem_pestat] skip orientation FF
[M::mem_pestat] skip orientation RF
[M::mem_pestat] skip orientation RR
[M::process] read 1066668 sequences (160000200 bp)...
[M::mem_process_seqs] Processed 1066668 reads in 817.541 CPU sec, 52.907 real sec
[M::mem_pestat] # candidate unique pairs for (FF, FR, RF, RR): (54, 220624, 79, 59)
[M::mem_pestat] analyzing insert size distribution for orientation FF...
[M::mem_pestat] (25, 50, 75) percentile: (282, 480, 907)
[M::mem_pestat] low and high boundaries for computing mean and std.dev: (1, 2157)
[M::mem_pestat] mean and std.dev: (493.20, 335.20)
[M::mem_pestat] low and high boundaries for proper pairs: (1, 2782)
[M::mem_pestat] analyzing insert size distribution for orientation FR...
[M::mem_pestat] (25, 50, 75) percentile: (286, 368, 469)
[M::mem_pestat] low and high boundaries for computing mean and std.dev: (1, 835)
[M::mem_pestat] mean and std.dev: (378.13, 138.13)
[M::mem_pestat] low and high boundaries for proper pairs: (1, 1018)
[M::mem_pestat] analyzing insert size distribution for orientation RF...
[M::mem_pestat] (25, 50, 75) percentile: (411, 1352, 5073)
[M::mem_pestat] low and high boundaries for computing mean and std.dev: (1, 14397)
[M::mem_pestat] mean and std.dev: (2904.16, 3133.43)
[M::mem_pestat] low and high boundaries for proper pairs: (1, 19059)
[M::mem_pestat] analyzing insert size distribution for orientation RR...
[M::mem_pestat] (25, 50, 75) percentile: (244, 454, 1274)
[M::mem_pestat] low and high boundaries for computing mean and std.dev: (1, 3334)
[M::mem_pestat] mean and std.dev: (699.72, 758.01)
[M::mem_pestat] low and high boundaries for proper pairs: (1, 4364)
[M::mem_pestat] skip orientation FF
[M::mem_pestat] skip orientation RF
[M::mem_pestat] skip orientation RR
[M::process] read 1066668 sequences (160000200 bp)...
[M::mem_process_seqs] Processed 1066668 reads in 824.045 CPU sec, 53.436 real sec
[M::mem_pestat] # candidate unique pairs for (FF, FR, RF, RR): (42, 220003, 59, 45)
[M::mem_pestat] analyzing insert size distribution for orientation FF...
[M::mem_pestat] (25, 50, 75) percentile: (242, 383, 708)
[M::mem_pestat] low and high boundaries for computing mean and std.dev: (1, 1640)
[M::mem_pestat] mean and std.dev: (429.86, 288.05)
[M::mem_pestat] low and high boundaries for proper pairs: (1, 2106)
[M::mem_pestat] analyzing insert size distribution for orientation FR...
[M::mem_pestat] (25, 50, 75) percentile: (285, 367, 469)
[M::mem_pestat] low and high boundaries for computing mean and std.dev: (1, 837)
[M::mem_pestat] mean and std.dev: (378.75, 139.21)
[M::mem_pestat] low and high boundaries for proper pairs: (1, 1021)
[M::mem_pestat] analyzing insert size distribution for orientation RF...
[M::mem_pestat] (25, 50, 75) percentile: (355, 1867, 4995)
[M::mem_pestat] low and high boundaries for computing mean and std.dev: (1, 14275)
[M::mem_pestat] mean and std.dev: (2935.14, 3046.97)
[M::mem_pestat] low and high boundaries for proper pairs: (1, 18915)
[M::mem_pestat] analyzing insert size distribution for orientation RR...
[M::mem_pestat] (25, 50, 75) percentile: (272, 494, 1195)
[M::mem_pestat] low and high boundaries for computing mean and std.dev: (1, 3041)
[M::mem_pestat] mean and std.dev: (640.17, 494.34)
[M::mem_pestat] low and high boundaries for proper pairs: (1, 3964)
[M::mem_pestat] skip orientation FF
[M::mem_pestat] skip orientation RF
[M::mem_pestat] skip orientation RR
[M::process] read 1066668 sequences (160000200 bp)...
[M::mem_process_seqs] Processed 1066668 reads in 825.775 CPU sec, 53.398 real sec
[M::mem_pestat] # candidate unique pairs for (FF, FR, RF, RR): (49, 220155, 76, 60)
[M::mem_pestat] analyzing insert size distribution for orientation FF...
[M::mem_pestat] (25, 50, 75) percentile: (312, 424, 1569)
[M::mem_pestat] low and high boundaries for computing mean and std.dev: (1, 4083)
[M::mem_pestat] mean and std.dev: (779.89, 877.87)
[M::mem_pestat] low and high boundaries for proper pairs: (1, 5340)
[M::mem_pestat] analyzing insert size distribution for orientation FR...
[M::mem_pestat] (25, 50, 75) percentile: (287, 370, 472)
[M::mem_pestat] low and high boundaries for computing mean and std.dev: (1, 842)
[M::mem_pestat] mean and std.dev: (381.35, 139.29)
[M::mem_pestat] low and high boundaries for proper pairs: (1, 1027)
[M::mem_pestat] analyzing insert size distribution for orientation RF...
[M::mem_pestat] (25, 50, 75) percentile: (254, 621, 2424)
[M::mem_pestat] low and high boundaries for computing mean and std.dev: (1, 6764)
[M::mem_pestat] mean and std.dev: (1333.88, 1701.25)
[M::mem_pestat] low and high boundaries for proper pairs: (1, 8934)
[M::mem_pestat] analyzing insert size distribution for orientation RR...
[M::mem_pestat] (25, 50, 75) percentile: (338, 461, 846)
[M::mem_pestat] low and high boundaries for computing mean and std.dev: (1, 1862)
[M::mem_pestat] mean and std.dev: (522.43, 373.84)
[M::mem_pestat] low and high boundaries for proper pairs: (1, 2370)
[M::mem_pestat] skip orientation FF
[M::mem_pestat] skip orientation RF
[M::mem_pestat] skip orientation RR
[M::process] read 1066668 sequences (160000200 bp)...
[M::mem_process_seqs] Processed 1066668 reads in 825.465 CPU sec, 59.648 real sec
[M::mem_pestat] # candidate unique pairs for (FF, FR, RF, RR): (62, 220367, 73, 40)
[M::mem_pestat] analyzing insert size distribution for orientation FF...
[M::mem_pestat] (25, 50, 75) percentile: (280, 539, 1318)
[M::mem_pestat] low and high boundaries for computing mean and std.dev: (1, 3394)
[M::mem_pestat] mean and std.dev: (673.91, 663.41)
[M::mem_pestat] low and high boundaries for proper pairs: (1, 4432)
[M::mem_pestat] analyzing insert size distribution for orientation FR...
[M::mem_pestat] (25, 50, 75) percentile: (285, 367, 469)
[M::mem_pestat] low and high boundaries for computing mean and std.dev: (1, 837)
[M::mem_pestat] mean and std.dev: (379.01, 138.84)
[M::mem_pestat] low and high boundaries for proper pairs: (1, 1021)
[M::mem_pestat] analyzing insert size distribution for orientation RF...
[M::mem_pestat] (25, 50, 75) percentile: (539, 1385, 4234)
[M::mem_pestat] low and high boundaries for computing mean and std.dev: (1, 11624)
[M::mem_pestat] mean and std.dev: (2650.44, 2696.30)
[M::mem_pestat] low and high boundaries for proper pairs: (1, 15319)
[M::mem_pestat] analyzing insert size distribution for orientation RR...
[M::mem_pestat] (25, 50, 75) percentile: (252, 399, 913)
[M::mem_pestat] low and high boundaries for computing mean and std.dev: (1, 2235)
[M::mem_pestat] mean and std.dev: (521.42, 399.80)
[M::mem_pestat] low and high boundaries for proper pairs: (1, 2896)
[M::mem_pestat] skip orientation FF
[M::mem_pestat] skip orientation RF
[M::mem_pestat] skip orientation RR
[M::process] read 1066668 sequences (160000200 bp)...
[M::mem_process_seqs] Processed 1066668 reads in 836.885 CPU sec, 54.118 real sec
[M::mem_pestat] # candidate unique pairs for (FF, FR, RF, RR): (54, 219153, 83, 55)
[M::mem_pestat] analyzing insert size distribution for orientation FF...
[M::mem_pestat] (25, 50, 75) percentile: (224, 452, 1581)
[M::mem_pestat] low and high boundaries for computing mean and std.dev: (1, 4295)
[M::mem_pestat] mean and std.dev: (695.35, 773.40)
[M::mem_pestat] low and high boundaries for proper pairs: (1, 5652)
[M::mem_pestat] analyzing insert size distribution for orientation FR...
[M::mem_pestat] (25, 50, 75) percentile: (285, 367, 471)
[M::mem_pestat] low and high boundaries for computing mean and std.dev: (1, 843)
[M::mem_pestat] mean and std.dev: (379.49, 139.83)
[M::mem_pestat] low and high boundaries for proper pairs: (1, 1029)
[M::mem_pestat] analyzing insert size distribution for orientation RF...
[M::mem_pestat] (25, 50, 75) percentile: (484, 1908, 5468)
[M::mem_pestat] low and high boundaries for computing mean and std.dev: (1, 15436)
[M::mem_pestat] mean and std.dev: (3344.57, 3259.29)
[M::mem_pestat] low and high boundaries for proper pairs: (1, 20420)
[M::mem_pestat] analyzing insert size distribution for orientation RR...
[M::mem_pestat] (25, 50, 75) percentile: (310, 557, 1470)
[M::mem_pestat] low and high boundaries for computing mean and std.dev: (1, 3790)
[M::mem_pestat] mean and std.dev: (675.04, 654.00)
[M::mem_pestat] low and high boundaries for proper pairs: (1, 4950)
[M::mem_pestat] skip orientation FF
[M::mem_pestat] skip orientation RF
[M::mem_pestat] skip orientation RR
[M::process] read 1066668 sequences (160000200 bp)...
[M::mem_process_seqs] Processed 1066668 reads in 834.742 CPU sec, 53.996 real sec
[M::mem_pestat] # candidate unique pairs for (FF, FR, RF, RR): (48, 219773, 86, 54)
[M::mem_pestat] analyzing insert size distribution for orientation FF...
[M::mem_pestat] (25, 50, 75) percentile: (256, 687, 1395)
[M::mem_pestat] low and high boundaries for computing mean and std.dev: (1, 3673)
[M::mem_pestat] mean and std.dev: (828.35, 716.20)
[M::mem_pestat] low and high boundaries for proper pairs: (1, 4812)
[M::mem_pestat] analyzing insert size distribution for orientation FR...
[M::mem_pestat] (25, 50, 75) percentile: (284, 365, 465)
[M::mem_pestat] low and high boundaries for computing mean and std.dev: (1, 827)
[M::mem_pestat] mean and std.dev: (375.99, 137.33)
[M::mem_pestat] low and high boundaries for proper pairs: (1, 1008)
[M::mem_pestat] analyzing insert size distribution for orientation RF...
[M::mem_pestat] (25, 50, 75) percentile: (175, 1013, 5253)
[M::mem_pestat] low and high boundaries for computing mean and std.dev: (1, 15409)
[M::mem_pestat] mean and std.dev: (2440.01, 2738.33)
[M::mem_pestat] low and high boundaries for proper pairs: (1, 20487)
[M::mem_pestat] analyzing insert size distribution for orientation RR...
[M::mem_pestat] (25, 50, 75) percentile: (249, 478, 2030)
[M::mem_pestat] low and high boundaries for computing mean and std.dev: (1, 5592)
[M::mem_pestat] mean and std.dev: (993.88, 1104.40)
[M::mem_pestat] low and high boundaries for proper pairs: (1, 7373)
[M::mem_pestat] skip orientation FF
[M::mem_pestat] skip orientation RF
[M::mem_pestat] skip orientation RR
[M::process] read 1066668 sequences (160000200 bp)...
[M::mem_process_seqs] Processed 1066668 reads in 831.782 CPU sec, 54.179 real sec
[M::mem_pestat] # candidate unique pairs for (FF, FR, RF, RR): (34, 220447, 78, 57)
[M::mem_pestat] analyzing insert size distribution for orientation FF...
[M::mem_pestat] (25, 50, 75) percentile: (281, 437, 832)
[M::mem_pestat] low and high boundaries for computing mean and std.dev: (1, 1934)
[M::mem_pestat] mean and std.dev: (499.59, 393.98)
[M::mem_pestat] low and high boundaries for proper pairs: (1, 2485)
[M::mem_pestat] analyzing insert size distribution for orientation FR...
[M::mem_pestat] (25, 50, 75) percentile: (290, 372, 473)
[M::mem_pestat] low and high boundaries for computing mean and std.dev: (1, 839)
[M::mem_pestat] mean and std.dev: (382.29, 138.30)
[M::mem_pestat] low and high boundaries for proper pairs: (1, 1022)
[M::mem_pestat] analyzing insert size distribution for orientation RF...
[M::mem_pestat] (25, 50, 75) percentile: (263, 2205, 5929)
[M::mem_pestat] low and high boundaries for computing mean and std.dev: (1, 17261)
[M::mem_pestat] mean and std.dev: (3310.18, 3225.85)
[M::mem_pestat] low and high boundaries for proper pairs: (1, 22927)
[M::mem_pestat] analyzing insert size distribution for orientation RR...
[M::mem_pestat] (25, 50, 75) percentile: (226, 635, 3251)
[M::mem_pestat] low and high boundaries for computing mean and std.dev: (1, 9301)
[M::mem_pestat] mean and std.dev: (1954.49, 2558.44)
[M::mem_pestat] low and high boundaries for proper pairs: (1, 12326)
[M::mem_pestat] skip orientation FF
[M::mem_pestat] skip orientation RF
[M::mem_pestat] skip orientation RR
[M::process] read 1066668 sequences (160000200 bp)...
[M::mem_process_seqs] Processed 1066668 reads in 812.614 CPU sec, 52.640 real sec
[M::mem_pestat] # candidate unique pairs for (FF, FR, RF, RR): (69, 221497, 69, 47)
[M::mem_pestat] analyzing insert size distribution for orientation FF...
[M::mem_pestat] (25, 50, 75) percentile: (276, 619, 2646)
[M::mem_pestat] low and high boundaries for computing mean and std.dev: (1, 7386)
[M::mem_pestat] mean and std.dev: (1140.68, 1286.89)
[M::mem_pestat] low and high boundaries for proper pairs: (1, 9756)
[M::mem_pestat] analyzing insert size distribution for orientation FR...
[M::mem_pestat] (25, 50, 75) percentile: (287, 366, 465)
[M::mem_pestat] low and high boundaries for computing mean and std.dev: (1, 821)
[M::mem_pestat] mean and std.dev: (376.53, 134.94)
[M::mem_pestat] low and high boundaries for proper pairs: (1, 999)
[M::mem_pestat] analyzing insert size distribution for orientation RF...
[M::mem_pestat] (25, 50, 75) percentile: (88, 388, 4095)
[M::mem_pestat] low and high boundaries for computing mean and std.dev: (1, 12109)
[M::mem_pestat] mean and std.dev: (2213.38, 2955.88)
[M::mem_pestat] low and high boundaries for proper pairs: (1, 16116)
[M::mem_pestat] analyzing insert size distribution for orientation RR...
[M::mem_pestat] (25, 50, 75) percentile: (366, 739, 1058)
[M::mem_pestat] low and high boundaries for computing mean and std.dev: (1, 2442)
[M::mem_pestat] mean and std.dev: (652.25, 407.72)
[M::mem_pestat] low and high boundaries for proper pairs: (1, 3134)
[M::mem_pestat] skip orientation FF
[M::mem_pestat] skip orientation RF
[M::mem_pestat] skip orientation RR
[M::process] read 1066668 sequences (160000200 bp)...
[M::mem_process_seqs] Processed 1066668 reads in 809.888 CPU sec, 52.339 real sec
[M::mem_pestat] # candidate unique pairs for (FF, FR, RF, RR): (52, 220396, 91, 41)
[M::mem_pestat] analyzing insert size distribution for orientation FF...
[M::mem_pestat] (25, 50, 75) percentile: (249, 465, 1035)
[M::mem_pestat] low and high boundaries for computing mean and std.dev: (1, 2607)
[M::mem_pestat] mean and std.dev: (465.29, 367.78)
[M::mem_pestat] low and high boundaries for proper pairs: (1, 3393)
[M::mem_pestat] analyzing insert size distribution for orientation FR...
[M::mem_pestat] (25, 50, 75) percentile: (291, 375, 478)
[M::mem_pestat] low and high boundaries for computing mean and std.dev: (1, 852)
[M::mem_pestat] mean and std.dev: (385.95, 140.31)
[M::mem_pestat] low and high boundaries for proper pairs: (1, 1039)
[M::mem_pestat] analyzing insert size distribution for orientation RF...
[M::mem_pestat] (25, 50, 75) percentile: (347, 1026, 3893)
[M::mem_pestat] low and high boundaries for computing mean and std.dev: (1, 10985)
[M::mem_pestat] mean and std.dev: (2282.75, 2568.96)
[M::mem_pestat] low and high boundaries for proper pairs: (1, 14531)
[M::mem_pestat] analyzing insert size distribution for orientation RR...
[M::mem_pestat] (25, 50, 75) percentile: (194, 406, 1844)
[M::mem_pestat] low and high boundaries for computing mean and std.dev: (1, 5144)
[M::mem_pestat] mean and std.dev: (954.54, 1183.43)
[M::mem_pestat] low and high boundaries for proper pairs: (1, 6794)
[M::mem_pestat] skip orientation FF
[M::mem_pestat] skip orientation RF
[M::mem_pestat] skip orientation RR
[M::process] read 1066668 sequences (160000200 bp)...
[M::mem_process_seqs] Processed 1066668 reads in 823.428 CPU sec, 53.216 real sec
[M::mem_pestat] # candidate unique pairs for (FF, FR, RF, RR): (42, 219940, 82, 59)
[M::mem_pestat] analyzing insert size distribution for orientation FF...
[M::mem_pestat] (25, 50, 75) percentile: (272, 398, 723)
[M::mem_pestat] low and high boundaries for computing mean and std.dev: (1, 1625)
[M::mem_pestat] mean and std.dev: (414.22, 247.46)
[M::mem_pestat] low and high boundaries for proper pairs: (1, 2076)
[M::mem_pestat] analyzing insert size distribution for orientation FR...
[M::mem_pestat] (25, 50, 75) percentile: (286, 368, 469)
[M::mem_pestat] low and high boundaries for computing mean and std.dev: (1, 835)
[M::mem_pestat] mean and std.dev: (379.19, 138.34)
[M::mem_pestat] low and high boundaries for proper pairs: (1, 1018)
[M::mem_pestat] analyzing insert size distribution for orientation RF...
[M::mem_pestat] (25, 50, 75) percentile: (282, 1320, 5662)
[M::mem_pestat] low and high boundaries for computing mean and std.dev: (1, 16422)
[M::mem_pestat] mean and std.dev: (2766.52, 3279.10)
[M::mem_pestat] low and high boundaries for proper pairs: (1, 21802)
[M::mem_pestat] analyzing insert size distribution for orientation RR...
[M::mem_pestat] (25, 50, 75) percentile: (219, 475, 1557)
[M::mem_pestat] low and high boundaries for computing mean and std.dev: (1, 4233)
[M::mem_pestat] mean and std.dev: (759.26, 843.77)
[M::mem_pestat] low and high boundaries for proper pairs: (1, 5571)
[M::mem_pestat] skip orientation FF
[M::mem_pestat] skip orientation RF
[M::mem_pestat] skip orientation RR
[M::process] read 1066668 sequences (160000200 bp)...
[M::mem_process_seqs] Processed 1066668 reads in 824.783 CPU sec, 53.335 real sec
[M::mem_pestat] # candidate unique pairs for (FF, FR, RF, RR): (43, 220044, 76, 65)
[M::mem_pestat] analyzing insert size distribution for orientation FF...
[M::mem_pestat] (25, 50, 75) percentile: (304, 460, 1048)
[M::mem_pestat] low and high boundaries for computing mean and std.dev: (1, 2536)
[M::mem_pestat] mean and std.dev: (598.62, 442.78)
[M::mem_pestat] low and high boundaries for proper pairs: (1, 3280)
[M::mem_pestat] analyzing insert size distribution for orientation FR...
[M::mem_pestat] (25, 50, 75) percentile: (284, 365, 467)
[M::mem_pestat] low and high boundaries for computing mean and std.dev: (1, 833)
[M::mem_pestat] mean and std.dev: (377.42, 137.75)
[M::mem_pestat] low and high boundaries for proper pairs: (1, 1016)
[M::mem_pestat] analyzing insert size distribution for orientation RF...
[M::mem_pestat] (25, 50, 75) percentile: (631, 1775, 4218)
[M::mem_pestat] low and high boundaries for computing mean and std.dev: (1, 11392)
[M::mem_pestat] mean and std.dev: (2831.41, 3048.19)
[M::mem_pestat] low and high boundaries for proper pairs: (1, 15024)
[M::mem_pestat] analyzing insert size distribution for orientation RR...
[M::mem_pestat] (25, 50, 75) percentile: (166, 310, 1005)
[M::mem_pestat] low and high boundaries for computing mean and std.dev: (1, 2683)
[M::mem_pestat] mean and std.dev: (450.79, 512.00)
[M::mem_pestat] low and high boundaries for proper pairs: (1, 3522)
[M::mem_pestat] skip orientation FF
[M::mem_pestat] skip orientation RF
[M::mem_pestat] skip orientation RR
[M::process] read 1066668 sequences (160000200 bp)...
[M::mem_process_seqs] Processed 1066668 reads in 830.350 CPU sec, 53.590 real sec
[M::mem_pestat] # candidate unique pairs for (FF, FR, RF, RR): (31, 220025, 89, 46)
[M::mem_pestat] analyzing insert size distribution for orientation FF...
[M::mem_pestat] (25, 50, 75) percentile: (337, 483, 1764)
[M::mem_pestat] low and high boundaries for computing mean and std.dev: (1, 4618)
[M::mem_pestat] mean and std.dev: (537.76, 459.34)
[M::mem_pestat] low and high boundaries for proper pairs: (1, 6045)
[M::mem_pestat] analyzing insert size distribution for orientation FR...
[M::mem_pestat] (25, 50, 75) percentile: (283, 364, 467)
[M::mem_pestat] low and high boundaries for computing mean and std.dev: (1, 835)
[M::mem_pestat] mean and std.dev: (376.48, 138.46)
[M::mem_pestat] low and high boundaries for proper pairs: (1, 1019)
[M::mem_pestat] analyzing insert size distribution for orientation RF...
[M::mem_pestat] (25, 50, 75) percentile: (338, 1443, 5024)
[M::mem_pestat] low and high boundaries for computing mean and std.dev: (1, 14396)
[M::mem_pestat] mean and std.dev: (2617.54, 2918.05)
[M::mem_pestat] low and high boundaries for proper pairs: (1, 19082)
[M::mem_pestat] analyzing insert size distribution for orientation RR...
[M::mem_pestat] (25, 50, 75) percentile: (280, 513, 1196)
[M::mem_pestat] low and high boundaries for computing mean and std.dev: (1, 3028)
[M::mem_pestat] mean and std.dev: (741.91, 702.17)
[M::mem_pestat] low and high boundaries for proper pairs: (1, 3944)
[M::mem_pestat] skip orientation FF
[M::mem_pestat] skip orientation RF
[M::mem_pestat] skip orientation RR
[M::process] read 1066668 sequences (160000200 bp)...
[M::mem_process_seqs] Processed 1066668 reads in 837.012 CPU sec, 54.137 real sec
[M::mem_pestat] # candidate unique pairs for (FF, FR, RF, RR): (48, 219636, 73, 58)
[M::mem_pestat] analyzing insert size distribution for orientation FF...
[M::mem_pestat] (25, 50, 75) percentile: (293, 550, 1014)
[M::mem_pestat] low and high boundaries for computing mean and std.dev: (1, 2456)
[M::mem_pestat] mean and std.dev: (495.08, 305.24)
[M::mem_pestat] low and high boundaries for proper pairs: (1, 3177)
[M::mem_pestat] analyzing insert size distribution for orientation FR...
[M::mem_pestat] (25, 50, 75) percentile: (282, 363, 464)
[M::mem_pestat] low and high boundaries for computing mean and std.dev: (1, 828)
[M::mem_pestat] mean and std.dev: (374.78, 137.53)
[M::mem_pestat] low and high boundaries for proper pairs: (1, 1010)
[M::mem_pestat] analyzing insert size distribution for orientation RF...
[M::mem_pestat] (25, 50, 75) percentile: (234, 2222, 4812)
[M::mem_pestat] low and high boundaries for computing mean and std.dev: (1, 13968)
[M::mem_pestat] mean and std.dev: (2746.89, 2670.94)
[M::mem_pestat] low and high boundaries for proper pairs: (1, 18546)
[M::mem_pestat] analyzing insert size distribution for orientation RR...
[M::mem_pestat] (25, 50, 75) percentile: (292, 403, 886)
[M::mem_pestat] low and high boundaries for computing mean and std.dev: (1, 2074)
[M::mem_pestat] mean and std.dev: (507.18, 369.32)
[M::mem_pestat] low and high boundaries for proper pairs: (1, 2668)
[M::mem_pestat] skip orientation FF
[M::mem_pestat] skip orientation RF
[M::mem_pestat] skip orientation RR
[M::process] read 1066668 sequences (160000200 bp)...
[M::mem_process_seqs] Processed 1066668 reads in 847.112 CPU sec, 54.957 real sec
[M::mem_pestat] # candidate unique pairs for (FF, FR, RF, RR): (62, 216979, 82, 50)
[M::mem_pestat] analyzing insert size distribution for orientation FF...
[M::mem_pestat] (25, 50, 75) percentile: (292, 1066, 2580)
[M::mem_pestat] low and high boundaries for computing mean and std.dev: (1, 7156)
[M::mem_pestat] mean and std.dev: (1459.09, 1538.94)
[M::mem_pestat] low and high boundaries for proper pairs: (1, 9444)
[M::mem_pestat] analyzing insert size distribution for orientation FR...
[M::mem_pestat] (25, 50, 75) percentile: (293, 385, 499)
[M::mem_pestat] low and high boundaries for computing mean and std.dev: (1, 911)
[M::mem_pestat] mean and std.dev: (397.22, 149.80)
[M::mem_pestat] low and high boundaries for proper pairs: (1, 1117)
[M::mem_pestat] analyzing insert size distribution for orientation RF...
[M::mem_pestat] (25, 50, 75) percentile: (143, 1985, 5357)
[M::mem_pestat] low and high boundaries for computing mean and std.dev: (1, 15785)
[M::mem_pestat] mean and std.dev: (2693.20, 2824.11)
[M::mem_pestat] low and high boundaries for proper pairs: (1, 20999)
[M::mem_pestat] analyzing insert size distribution for orientation RR...
[M::mem_pestat] (25, 50, 75) percentile: (268, 471, 1148)
[M::mem_pestat] low and high boundaries for computing mean and std.dev: (1, 2908)
[M::mem_pestat] mean and std.dev: (449.63, 279.94)
[M::mem_pestat] low and high boundaries for proper pairs: (1, 3788)
[M::mem_pestat] skip orientation FF
[M::mem_pestat] skip orientation RF
[M::mem_pestat] skip orientation RR
[M::process] read 1066668 sequences (160000200 bp)...
[M::mem_process_seqs] Processed 1066668 reads in 852.158 CPU sec, 55.136 real sec
[M::mem_pestat] # candidate unique pairs for (FF, FR, RF, RR): (52, 217961, 86, 49)
[M::mem_pestat] analyzing insert size distribution for orientation FF...
[M::mem_pestat] (25, 50, 75) percentile: (312, 505, 2154)
[M::mem_pestat] low and high boundaries for computing mean and std.dev: (1, 5838)
[M::mem_pestat] mean and std.dev: (1224.57, 1627.38)
[M::mem_pestat] low and high boundaries for proper pairs: (1, 7734)
[M::mem_pestat] analyzing insert size distribution for orientation FR...
[M::mem_pestat] (25, 50, 75) percentile: (296, 388, 499)
[M::mem_pestat] low and high boundaries for computing mean and std.dev: (1, 905)
[M::mem_pestat] mean and std.dev: (398.89, 148.62)
[M::mem_pestat] low and high boundaries for proper pairs: (1, 1108)
[M::mem_pestat] analyzing insert size distribution for orientation RF...
[M::mem_pestat] (25, 50, 75) percentile: (503, 841, 3794)
[M::mem_pestat] low and high boundaries for computing mean and std.dev: (1, 10376)
[M::mem_pestat] mean and std.dev: (2337.02, 2764.32)
[M::mem_pestat] low and high boundaries for proper pairs: (1, 13667)
[M::mem_pestat] analyzing insert size distribution for orientation RR...
[M::mem_pestat] (25, 50, 75) percentile: (186, 431, 2151)
[M::mem_pestat] low and high boundaries for computing mean and std.dev: (1, 6081)
[M::mem_pestat] mean and std.dev: (1288.60, 1499.28)
[M::mem_pestat] low and high boundaries for proper pairs: (1, 8046)
[M::mem_pestat] skip orientation FF
[M::mem_pestat] skip orientation RF
[M::mem_pestat] skip orientation RR
[M::process] read 1066668 sequences (160000200 bp)...
[M::mem_process_seqs] Processed 1066668 reads in 846.040 CPU sec, 54.659 real sec
[M::mem_pestat] # candidate unique pairs for (FF, FR, RF, RR): (67, 216844, 67, 43)
[M::mem_pestat] analyzing insert size distribution for orientation FF...
[M::mem_pestat] (25, 50, 75) percentile: (219, 401, 781)
[M::mem_pestat] low and high boundaries for computing mean and std.dev: (1, 1905)
[M::mem_pestat] mean and std.dev: (547.39, 502.70)
[M::mem_pestat] low and high boundaries for proper pairs: (1, 2558)
[M::mem_pestat] analyzing insert size distribution for orientation FR...
[M::mem_pestat] (25, 50, 75) percentile: (289, 378, 489)
[M::mem_pestat] low and high boundaries for computing mean and std.dev: (1, 889)
[M::mem_pestat] mean and std.dev: (390.93, 147.14)
[M::mem_pestat] low and high boundaries for proper pairs: (1, 1089)
[M::mem_pestat] analyzing insert size distribution for orientation RF...
[M::mem_pestat] (25, 50, 75) percentile: (237, 505, 1731)
[M::mem_pestat] low and high boundaries for computing mean and std.dev: (1, 4719)
[M::mem_pestat] mean and std.dev: (777.77, 809.75)
[M::mem_pestat] low and high boundaries for proper pairs: (1, 6213)
[M::mem_pestat] analyzing insert size distribution for orientation RR...
[M::mem_pestat] (25, 50, 75) percentile: (232, 365, 1522)
[M::mem_pestat] low and high boundaries for computing mean and std.dev: (1, 4102)
[M::mem_pestat] mean and std.dev: (667.87, 686.07)
[M::mem_pestat] low and high boundaries for proper pairs: (1, 5392)
[M::mem_pestat] skip orientation FF
[M::mem_pestat] skip orientation RF
[M::mem_pestat] skip orientation RR
[M::process] read 1066668 sequences (160000200 bp)...
[M::mem_process_seqs] Processed 1066668 reads in 847.876 CPU sec, 54.924 real sec
[M::mem_pestat] # candidate unique pairs for (FF, FR, RF, RR): (54, 218209, 67, 71)
[M::mem_pestat] analyzing insert size distribution for orientation FF...
[M::mem_pestat] (25, 50, 75) percentile: (249, 433, 888)
[M::mem_pestat] low and high boundaries for computing mean and std.dev: (1, 2166)
[M::mem_pestat] mean and std.dev: (533.60, 440.70)
[M::mem_pestat] low and high boundaries for proper pairs: (1, 2805)
[M::mem_pestat] analyzing insert size distribution for orientation FR...
[M::mem_pestat] (25, 50, 75) percentile: (290, 377, 485)
[M::mem_pestat] low and high boundaries for computing mean and std.dev: (1, 875)
[M::mem_pestat] mean and std.dev: (388.46, 144.39)
[M::mem_pestat] low and high boundaries for proper pairs: (1, 1070)
[M::mem_pestat] analyzing insert size distribution for orientation RF...
[M::mem_pestat] (25, 50, 75) percentile: (367, 1659, 5379)
[M::mem_pestat] low and high boundaries for computing mean and std.dev: (1, 15403)
[M::mem_pestat] mean and std.dev: (3078.52, 3108.16)
[M::mem_pestat] low and high boundaries for proper pairs: (1, 20415)
[M::mem_pestat] analyzing insert size distribution for orientation RR...
[M::mem_pestat] (25, 50, 75) percentile: (358, 435, 1195)
[M::mem_pestat] low and high boundaries for computing mean and std.dev: (1, 2869)
[M::mem_pestat] mean and std.dev: (595.77, 509.63)
[M::mem_pestat] low and high boundaries for proper pairs: (1, 3706)
[M::mem_pestat] skip orientation FF
[M::mem_pestat] skip orientation RF
[M::mem_pestat] skip orientation RR
[M::process] read 1066668 sequences (160000200 bp)...
[M::mem_process_seqs] Processed 1066668 reads in 842.712 CPU sec, 54.545 real sec
[M::mem_pestat] # candidate unique pairs for (FF, FR, RF, RR): (65, 219167, 64, 59)
[M::mem_pestat] analyzing insert size distribution for orientation FF...
[M::mem_pestat] (25, 50, 75) percentile: (229, 508, 1166)
[M::mem_pestat] low and high boundaries for computing mean and std.dev: (1, 3040)
[M::mem_pestat] mean and std.dev: (672.19, 656.45)
[M::mem_pestat] low and high boundaries for proper pairs: (1, 3977)
[M::mem_pestat] analyzing insert size distribution for orientation FR...
[M::mem_pestat] (25, 50, 75) percentile: (291, 377, 488)
[M::mem_pestat] low and high boundaries for computing mean and std.dev: (1, 882)
[M::mem_pestat] mean and std.dev: (391.00, 145.92)
[M::mem_pestat] low and high boundaries for proper pairs: (1, 1079)
[M::mem_pestat] analyzing insert size distribution for orientation RF...
[M::mem_pestat] (25, 50, 75) percentile: (287, 1262, 5676)
[M::mem_pestat] low and high boundaries for computing mean and std.dev: (1, 16454)
[M::mem_pestat] mean and std.dev: (2683.52, 2835.36)
[M::mem_pestat] low and high boundaries for proper pairs: (1, 21843)
[M::mem_pestat] analyzing insert size distribution for orientation RR...
[M::mem_pestat] (25, 50, 75) percentile: (250, 432, 818)
[M::mem_pestat] low and high boundaries for computing mean and std.dev: (1, 1954)
[M::mem_pestat] mean and std.dev: (423.53, 277.75)
[M::mem_pestat] low and high boundaries for proper pairs: (1, 2522)
[M::mem_pestat] skip orientation FF
[M::mem_pestat] skip orientation RF
[M::mem_pestat] skip orientation RR
[M::process] read 1066668 sequences (160000200 bp)...
[M::mem_process_seqs] Processed 1066668 reads in 840.797 CPU sec, 54.408 real sec
[M::mem_pestat] # candidate unique pairs for (FF, FR, RF, RR): (32, 218925, 73, 80)
[M::mem_pestat] analyzing insert size distribution for orientation FF...
[M::mem_pestat] (25, 50, 75) percentile: (326, 531, 1202)
[M::mem_pestat] low and high boundaries for computing mean and std.dev: (1, 2954)
[M::mem_pestat] mean and std.dev: (590.61, 503.21)
[M::mem_pestat] low and high boundaries for proper pairs: (1, 3830)
[M::mem_pestat] analyzing insert size distribution for orientation FR...
[M::mem_pestat] (25, 50, 75) percentile: (290, 375, 483)
[M::mem_pestat] low and high boundaries for computing mean and std.dev: (1, 869)
[M::mem_pestat] mean and std.dev: (388.27, 143.33)
[M::mem_pestat] low and high boundaries for proper pairs: (1, 1062)
[M::mem_pestat] analyzing insert size distribution for orientation RF...
[M::mem_pestat] (25, 50, 75) percentile: (278, 927, 4092)
[M::mem_pestat] low and high boundaries for computing mean and std.dev: (1, 11720)
[M::mem_pestat] mean and std.dev: (2403.52, 2857.83)
[M::mem_pestat] low and high boundaries for proper pairs: (1, 15534)
[M::mem_pestat] analyzing insert size distribution for orientation RR...
[M::mem_pestat] (25, 50, 75) percentile: (339, 561, 1599)
[M::mem_pestat] low and high boundaries for computing mean and std.dev: (1, 4119)
[M::mem_pestat] mean and std.dev: (851.92, 754.88)
[M::mem_pestat] low and high boundaries for proper pairs: (1, 5379)
[M::mem_pestat] skip orientation FF
[M::mem_pestat] skip orientation RF
[M::mem_pestat] skip orientation RR
[M::process] read 1066668 sequences (160000200 bp)...
[M::mem_process_seqs] Processed 1066668 reads in 845.064 CPU sec, 54.676 real sec
[M::mem_pestat] # candidate unique pairs for (FF, FR, RF, RR): (51, 218246, 90, 60)
[M::mem_pestat] analyzing insert size distribution for orientation FF...
[M::mem_pestat] (25, 50, 75) percentile: (282, 443, 1182)
[M::mem_pestat] low and high boundaries for computing mean and std.dev: (1, 2982)
[M::mem_pestat] mean and std.dev: (536.21, 512.27)
[M::mem_pestat] low and high boundaries for proper pairs: (1, 3882)
[M::mem_pestat] analyzing insert size distribution for orientation FR...
[M::mem_pestat] (25, 50, 75) percentile: (289, 374, 482)
[M::mem_pestat] low and high boundaries for computing mean and std.dev: (1, 868)
[M::mem_pestat] mean and std.dev: (387.84, 143.90)
[M::mem_pestat] low and high boundaries for proper pairs: (1, 1061)
[M::mem_pestat] analyzing insert size distribution for orientation RF...
[M::mem_pestat] (25, 50, 75) percentile: (300, 1314, 4129)
[M::mem_pestat] low and high boundaries for computing mean and std.dev: (1, 11787)
[M::mem_pestat] mean and std.dev: (2566.98, 2823.73)
[M::mem_pestat] low and high boundaries for proper pairs: (1, 15616)
[M::mem_pestat] analyzing insert size distribution for orientation RR...
[M::mem_pestat] (25, 50, 75) percentile: (313, 465, 764)
[M::mem_pestat] low and high boundaries for computing mean and std.dev: (1, 1666)
[M::mem_pestat] mean and std.dev: (514.71, 318.13)
[M::mem_pestat] low and high boundaries for proper pairs: (1, 2117)
[M::mem_pestat] skip orientation FF
[M::mem_pestat] skip orientation RF
[M::mem_pestat] skip orientation RR
[M::process] read 1066668 sequences (160000200 bp)...
[M::mem_process_seqs] Processed 1066668 reads in 847.323 CPU sec, 54.723 real sec
[M::mem_pestat] # candidate unique pairs for (FF, FR, RF, RR): (42, 217339, 85, 61)
[M::mem_pestat] analyzing insert size distribution for orientation FF...
[M::mem_pestat] (25, 50, 75) percentile: (226, 313, 512)
[M::mem_pestat] low and high boundaries for computing mean and std.dev: (1, 1084)
[M::mem_pestat] mean and std.dev: (314.56, 186.74)
[M::mem_pestat] low and high boundaries for proper pairs: (1, 1370)
[M::mem_pestat] analyzing insert size distribution for orientation FR...
[M::mem_pestat] (25, 50, 75) percentile: (286, 375, 488)
[M::mem_pestat] low and high boundaries for computing mean and std.dev: (1, 892)
[M::mem_pestat] mean and std.dev: (389.02, 148.51)
[M::mem_pestat] low and high boundaries for proper pairs: (1, 1094)
[M::mem_pestat] analyzing insert size distribution for orientation RF...
[M::mem_pestat] (25, 50, 75) percentile: (311, 774, 5169)
[M::mem_pestat] low and high boundaries for computing mean and std.dev: (1, 14885)
[M::mem_pestat] mean and std.dev: (2593.07, 3204.98)
[M::mem_pestat] low and high boundaries for proper pairs: (1, 19743)
[M::mem_pestat] analyzing insert size distribution for orientation RR...
[M::mem_pestat] (25, 50, 75) percentile: (255, 399, 1126)
[M::mem_pestat] low and high boundaries for computing mean and std.dev: (1, 2868)
[M::mem_pestat] mean and std.dev: (557.94, 485.01)
[M::mem_pestat] low and high boundaries for proper pairs: (1, 3739)
[M::mem_pestat] skip orientation FF
[M::mem_pestat] skip orientation RF
[M::mem_pestat] skip orientation RR
[M::process] read 1066668 sequences (160000200 bp)...
[M::mem_process_seqs] Processed 1066668 reads in 855.403 CPU sec, 62.308 real sec
[M::mem_pestat] # candidate unique pairs for (FF, FR, RF, RR): (73, 217150, 81, 52)
[M::mem_pestat] analyzing insert size distribution for orientation FF...
[M::mem_pestat] (25, 50, 75) percentile: (280, 557, 1703)
[M::mem_pestat] low and high boundaries for computing mean and std.dev: (1, 4549)
[M::mem_pestat] mean and std.dev: (1019.90, 1100.99)
[M::mem_pestat] low and high boundaries for proper pairs: (1, 5972)
[M::mem_pestat] analyzing insert size distribution for orientation FR...
[M::mem_pestat] (25, 50, 75) percentile: (289, 380, 495)
[M::mem_pestat] low and high boundaries for computing mean and std.dev: (1, 907)
[M::mem_pestat] mean and std.dev: (393.96, 150.74)
[M::mem_pestat] low and high boundaries for proper pairs: (1, 1113)
[M::mem_pestat] analyzing insert size distribution for orientation RF...
[M::mem_pestat] (25, 50, 75) percentile: (411, 1301, 5616)
[M::mem_pestat] low and high boundaries for computing mean and std.dev: (1, 16026)
[M::mem_pestat] mean and std.dev: (3178.14, 3254.27)
[M::mem_pestat] low and high boundaries for proper pairs: (1, 21231)
[M::mem_pestat] analyzing insert size distribution for orientation RR...
[M::mem_pestat] (25, 50, 75) percentile: (264, 554, 1255)
[M::mem_pestat] low and high boundaries for computing mean and std.dev: (1, 3237)
[M::mem_pestat] mean and std.dev: (601.07, 649.28)
[M::mem_pestat] low and high boundaries for proper pairs: (1, 4228)
[M::mem_pestat] skip orientation FF
[M::mem_pestat] skip orientation RF
[M::mem_pestat] skip orientation RR
[M::process] read 1066668 sequences (160000200 bp)...
[M::mem_process_seqs] Processed 1066668 reads in 847.962 CPU sec, 54.821 real sec
[M::mem_pestat] # candidate unique pairs for (FF, FR, RF, RR): (59, 217597, 88, 64)
[M::mem_pestat] analyzing insert size distribution for orientation FF...
[M::mem_pestat] (25, 50, 75) percentile: (205, 408, 710)
[M::mem_pestat] low and high boundaries for computing mean and std.dev: (1, 1720)
[M::mem_pestat] mean and std.dev: (406.61, 252.44)
[M::mem_pestat] low and high boundaries for proper pairs: (1, 2225)
[M::mem_pestat] analyzing insert size distribution for orientation FR...
[M::mem_pestat] (25, 50, 75) percentile: (289, 379, 492)
[M::mem_pestat] low and high boundaries for computing mean and std.dev: (1, 898)
[M::mem_pestat] mean and std.dev: (392.17, 148.84)
[M::mem_pestat] low and high boundaries for proper pairs: (1, 1101)
[M::mem_pestat] analyzing insert size distribution for orientation RF...
[M::mem_pestat] (25, 50, 75) percentile: (268, 1209, 4434)
[M::mem_pestat] low and high boundaries for computing mean and std.dev: (1, 12766)
[M::mem_pestat] mean and std.dev: (2337.97, 2751.90)
[M::mem_pestat] low and high boundaries for proper pairs: (1, 16932)
[M::mem_pestat] analyzing insert size distribution for orientation RR...
[M::mem_pestat] (25, 50, 75) percentile: (309, 457, 839)
[M::mem_pestat] low and high boundaries for computing mean and std.dev: (1, 1899)
[M::mem_pestat] mean and std.dev: (467.58, 294.94)
[M::mem_pestat] low and high boundaries for proper pairs: (1, 2429)
[M::mem_pestat] skip orientation FF
[M::mem_pestat] skip orientation RF
[M::mem_pestat] skip orientation RR
[M::process] read 1066668 sequences (160000200 bp)...
[M::mem_process_seqs] Processed 1066668 reads in 846.485 CPU sec, 54.743 real sec
[M::mem_pestat] # candidate unique pairs for (FF, FR, RF, RR): (61, 218266, 75, 54)
[M::mem_pestat] analyzing insert size distribution for orientation FF...
[M::mem_pestat] (25, 50, 75) percentile: (324, 502, 853)
[M::mem_pestat] low and high boundaries for computing mean and std.dev: (1, 1911)
[M::mem_pestat] mean and std.dev: (628.88, 473.99)
[M::mem_pestat] low and high boundaries for proper pairs: (1, 2525)
[M::mem_pestat] analyzing insert size distribution for orientation FR...
[M::mem_pestat] (25, 50, 75) percentile: (290, 379, 492)
[M::mem_pestat] low and high boundaries for computing mean and std.dev: (1, 896)
[M::mem_pestat] mean and std.dev: (392.23, 148.18)
[M::mem_pestat] low and high boundaries for proper pairs: (1, 1098)
[M::mem_pestat] analyzing insert size distribution for orientation RF...
[M::mem_pestat] (25, 50, 75) percentile: (150, 564, 3289)
[M::mem_pestat] low and high boundaries for computing mean and std.dev: (1, 9567)
[M::mem_pestat] mean and std.dev: (1961.29, 2559.72)
[M::mem_pestat] low and high boundaries for proper pairs: (1, 12706)
[M::mem_pestat] analyzing insert size distribution for orientation RR...
[M::mem_pestat] (25, 50, 75) percentile: (373, 800, 2507)
[M::mem_pestat] low and high boundaries for computing mean and std.dev: (1, 6775)
[M::mem_pestat] mean and std.dev: (1821.60, 1982.78)
[M::mem_pestat] low and high boundaries for proper pairs: (1, 9753)
[M::mem_pestat] skip orientation FF
[M::mem_pestat] skip orientation RF
[M::mem_pestat] skip orientation RR
[M::process] read 1066668 sequences (160000200 bp)...
[M::mem_process_seqs] Processed 1066668 reads in 848.662 CPU sec, 54.893 real sec
[M::mem_pestat] # candidate unique pairs for (FF, FR, RF, RR): (58, 218673, 81, 58)
[M::mem_pestat] analyzing insert size distribution for orientation FF...
[M::mem_pestat] (25, 50, 75) percentile: (303, 457, 1226)
[M::mem_pestat] low and high boundaries for computing mean and std.dev: (1, 3072)
[M::mem_pestat] mean and std.dev: (540.40, 448.07)
[M::mem_pestat] low and high boundaries for proper pairs: (1, 3995)
[M::mem_pestat] analyzing insert size distribution for orientation FR...
[M::mem_pestat] (25, 50, 75) percentile: (292, 382, 496)
[M::mem_pestat] low and high boundaries for computing mean and std.dev: (1, 904)
[M::mem_pestat] mean and std.dev: (395.77, 149.46)
[M::mem_pestat] low and high boundaries for proper pairs: (1, 1108)
[M::mem_pestat] analyzing insert size distribution for orientation RF...
[M::mem_pestat] (25, 50, 75) percentile: (381, 1411, 6450)
[M::mem_pestat] low and high boundaries for computing mean and std.dev: (1, 18588)
[M::mem_pestat] mean and std.dev: (3158.65, 3129.93)
[M::mem_pestat] low and high boundaries for proper pairs: (1, 24657)
[M::mem_pestat] analyzing insert size distribution for orientation RR...
[M::mem_pestat] (25, 50, 75) percentile: (296, 522, 1351)
[M::mem_pestat] low and high boundaries for computing mean and std.dev: (1, 3461)
[M::mem_pestat] mean and std.dev: (857.11, 886.98)
[M::mem_pestat] low and high boundaries for proper pairs: (1, 4516)
[M::mem_pestat] skip orientation FF
[M::mem_pestat] skip orientation RF
[M::mem_pestat] skip orientation RR
[M::process] read 1066668 sequences (160000200 bp)...
[M::mem_process_seqs] Processed 1066668 reads in 843.954 CPU sec, 54.481 real sec
[M::mem_pestat] # candidate unique pairs for (FF, FR, RF, RR): (54, 218705, 60, 48)
[M::mem_pestat] analyzing insert size distribution for orientation FF...
[M::mem_pestat] (25, 50, 75) percentile: (281, 643, 1673)
[M::mem_pestat] low and high boundaries for computing mean and std.dev: (1, 4457)
[M::mem_pestat] mean and std.dev: (999.10, 1003.97)
[M::mem_pestat] low and high boundaries for proper pairs: (1, 5849)
[M::mem_pestat] analyzing insert size distribution for orientation FR...
[M::mem_pestat] (25, 50, 75) percentile: (292, 381, 494)
[M::mem_pestat] low and high boundaries for computing mean and std.dev: (1, 898)
[M::mem_pestat] mean and std.dev: (394.71, 148.17)
[M::mem_pestat] low and high boundaries for proper pairs: (1, 1100)
[M::mem_pestat] analyzing insert size distribution for orientation RF...
[M::mem_pestat] (25, 50, 75) percentile: (432, 1040, 3908)
[M::mem_pestat] low and high boundaries for computing mean and std.dev: (1, 10860)
[M::mem_pestat] mean and std.dev: (2332.37, 2472.49)
[M::mem_pestat] low and high boundaries for proper pairs: (1, 14336)
[M::mem_pestat] analyzing insert size distribution for orientation RR...
[M::mem_pestat] (25, 50, 75) percentile: (335, 681, 1769)
[M::mem_pestat] low and high boundaries for computing mean and std.dev: (1, 4637)
[M::mem_pestat] mean and std.dev: (780.73, 898.42)
[M::mem_pestat] low and high boundaries for proper pairs: (1, 6071)
[M::mem_pestat] skip orientation FF
[M::mem_pestat] skip orientation RF
[M::mem_pestat] skip orientation RR
[M::process] read 1066668 sequences (160000200 bp)...
[M::mem_process_seqs] Processed 1066668 reads in 844.447 CPU sec, 54.577 real sec
[M::mem_pestat] # candidate unique pairs for (FF, FR, RF, RR): (34, 218515, 68, 59)
[M::mem_pestat] analyzing insert size distribution for orientation FF...
[M::mem_pestat] (25, 50, 75) percentile: (188, 365, 464)
[M::mem_pestat] low and high boundaries for computing mean and std.dev: (1, 1016)
[M::mem_pestat] mean and std.dev: (323.52, 164.93)
[M::mem_pestat] low and high boundaries for proper pairs: (1, 1292)
[M::mem_pestat] analyzing insert size distribution for orientation FR...
[M::mem_pestat] (25, 50, 75) percentile: (290, 377, 490)
[M::mem_pestat] low and high boundaries for computing mean and std.dev: (1, 890)
[M::mem_pestat] mean and std.dev: (392.37, 147.49)
[M::mem_pestat] low and high boundaries for proper pairs: (1, 1090)
[M::mem_pestat] analyzing insert size distribution for orientation RF...
[M::mem_pestat] (25, 50, 75) percentile: (376, 1927, 8005)
[M::mem_pestat] low and high boundaries for computing mean and std.dev: (1, 23263)
[M::mem_pestat] mean and std.dev: (3542.62, 3546.96)
[M::mem_pestat] low and high boundaries for proper pairs: (1, 30892)
[M::mem_pestat] analyzing insert size distribution for orientation RR...
[M::mem_pestat] (25, 50, 75) percentile: (287, 509, 840)
[M::mem_pestat] low and high boundaries for computing mean and std.dev: (1, 1946)
[M::mem_pestat] mean and std.dev: (517.98, 368.87)
[M::mem_pestat] low and high boundaries for proper pairs: (1, 2499)
[M::mem_pestat] skip orientation FF
[M::mem_pestat] skip orientation RF
[M::mem_pestat] skip orientation RR
[M::process] read 1066668 sequences (160000200 bp)...
[M::mem_process_seqs] Processed 1066668 reads in 838.664 CPU sec, 54.184 real sec
[M::mem_pestat] # candidate unique pairs for (FF, FR, RF, RR): (62, 217034, 67, 34)
[M::mem_pestat] analyzing insert size distribution for orientation FF...
[M::mem_pestat] (25, 50, 75) percentile: (273, 523, 1377)
[M::mem_pestat] low and high boundaries for computing mean and std.dev: (1, 3585)
[M::mem_pestat] mean and std.dev: (748.07, 693.91)
[M::mem_pestat] low and high boundaries for proper pairs: (1, 4689)
[M::mem_pestat] analyzing insert size distribution for orientation FR...
[M::mem_pestat] (25, 50, 75) percentile: (286, 373, 487)
[M::mem_pestat] low and high boundaries for computing mean and std.dev: (1, 889)
[M::mem_pestat] mean and std.dev: (388.29, 148.48)
[M::mem_pestat] low and high boundaries for proper pairs: (1, 1090)
[M::mem_pestat] analyzing insert size distribution for orientation RF...
[M::mem_pestat] (25, 50, 75) percentile: (228, 1249, 3022)
[M::mem_pestat] low and high boundaries for computing mean and std.dev: (1, 8610)
[M::mem_pestat] mean and std.dev: (1709.37, 2030.40)
[M::mem_pestat] low and high boundaries for proper pairs: (1, 11404)
[M::mem_pestat] analyzing insert size distribution for orientation RR...
[M::mem_pestat] (25, 50, 75) percentile: (275, 481, 1468)
[M::mem_pestat] low and high boundaries for computing mean and std.dev: (1, 3854)
[M::mem_pestat] mean and std.dev: (796.74, 790.01)
[M::mem_pestat] low and high boundaries for proper pairs: (1, 5047)
[M::mem_pestat] skip orientation FF
[M::mem_pestat] skip orientation RF
[M::mem_pestat] skip orientation RR
[M::process] read 1066668 sequences (160000200 bp)...
[M::mem_process_seqs] Processed 1066668 reads in 853.438 CPU sec, 55.242 real sec
[M::mem_pestat] # candidate unique pairs for (FF, FR, RF, RR): (54, 216120, 64, 57)
[M::mem_pestat] analyzing insert size distribution for orientation FF...
[M::mem_pestat] (25, 50, 75) percentile: (244, 333, 1023)
[M::mem_pestat] low and high boundaries for computing mean and std.dev: (1, 2581)
[M::mem_pestat] mean and std.dev: (537.40, 500.49)
[M::mem_pestat] low and high boundaries for proper pairs: (1, 3360)
[M::mem_pestat] analyzing insert size distribution for orientation FR...
[M::mem_pestat] (25, 50, 75) percentile: (287, 377, 492)
[M::mem_pestat] low and high boundaries for computing mean and std.dev: (1, 902)
[M::mem_pestat] mean and std.dev: (391.41, 150.13)
[M::mem_pestat] low and high boundaries for proper pairs: (1, 1107)
[M::mem_pestat] analyzing insert size distribution for orientation RF...
[M::mem_pestat] (25, 50, 75) percentile: (218, 1089, 2940)
[M::mem_pestat] low and high boundaries for computing mean and std.dev: (1, 8384)
[M::mem_pestat] mean and std.dev: (1495.33, 1729.16)
[M::mem_pestat] low and high boundaries for proper pairs: (1, 11106)
[M::mem_pestat] analyzing insert size distribution for orientation RR...
[M::mem_pestat] (25, 50, 75) percentile: (308, 417, 1026)
[M::mem_pestat] low and high boundaries for computing mean and std.dev: (1, 2462)
[M::mem_pestat] mean and std.dev: (530.46, 355.20)
[M::mem_pestat] low and high boundaries for proper pairs: (1, 3180)
[M::mem_pestat] skip orientation FF
[M::mem_pestat] skip orientation RF
[M::mem_pestat] skip orientation RR
[M::process] read 1066668 sequences (160000200 bp)...
[M::mem_process_seqs] Processed 1066668 reads in 849.932 CPU sec, 54.849 real sec
[M::mem_pestat] # candidate unique pairs for (FF, FR, RF, RR): (56, 216535, 66, 45)
[M::mem_pestat] analyzing insert size distribution for orientation FF...
[M::mem_pestat] (25, 50, 75) percentile: (182, 381, 879)
[M::mem_pestat] low and high boundaries for computing mean and std.dev: (1, 2273)
[M::mem_pestat] mean and std.dev: (519.14, 507.04)
[M::mem_pestat] low and high boundaries for proper pairs: (1, 2970)
[M::mem_pestat] analyzing insert size distribution for orientation FR...
[M::mem_pestat] (25, 50, 75) percentile: (285, 374, 487)
[M::mem_pestat] low and high boundaries for computing mean and std.dev: (1, 891)
[M::mem_pestat] mean and std.dev: (387.70, 148.00)
[M::mem_pestat] low and high boundaries for proper pairs: (1, 1093)
[M::mem_pestat] analyzing insert size distribution for orientation RF...
[M::mem_pestat] (25, 50, 75) percentile: (188, 1929, 4657)
[M::mem_pestat] low and high boundaries for computing mean and std.dev: (1, 13595)
[M::mem_pestat] mean and std.dev: (2899.27, 3072.64)
[M::mem_pestat] low and high boundaries for proper pairs: (1, 18064)
[M::mem_pestat] analyzing insert size distribution for orientation RR...
[M::mem_pestat] (25, 50, 75) percentile: (260, 471, 927)
[M::mem_pestat] low and high boundaries for computing mean and std.dev: (1, 2261)
[M::mem_pestat] mean and std.dev: (548.69, 418.95)
[M::mem_pestat] low and high boundaries for proper pairs: (1, 2928)
[M::mem_pestat] skip orientation FF
[M::mem_pestat] skip orientation RF
[M::mem_pestat] skip orientation RR
[M::process] read 1066668 sequences (160000200 bp)...
[M::mem_process_seqs] Processed 1066668 reads in 848.816 CPU sec, 54.873 real sec
[M::mem_pestat] # candidate unique pairs for (FF, FR, RF, RR): (42, 216146, 59, 38)
[M::mem_pestat] analyzing insert size distribution for orientation FF...
[M::mem_pestat] (25, 50, 75) percentile: (189, 268, 761)
[M::mem_pestat] low and high boundaries for computing mean and std.dev: (1, 1905)
[M::mem_pestat] mean and std.dev: (368.81, 256.57)
[M::mem_pestat] low and high boundaries for proper pairs: (1, 2477)
[M::mem_pestat] analyzing insert size distribution for orientation FR...
[M::mem_pestat] (25, 50, 75) percentile: (284, 371, 482)
[M::mem_pestat] low and high boundaries for computing mean and std.dev: (1, 878)
[M::mem_pestat] mean and std.dev: (384.58, 146.53)
[M::mem_pestat] low and high boundaries for proper pairs: (1, 1076)
[M::mem_pestat] analyzing insert size distribution for orientation RF...
[M::mem_pestat] (25, 50, 75) percentile: (382, 1488, 5722)
[M::mem_pestat] low and high boundaries for computing mean and std.dev: (1, 16402)
[M::mem_pestat] mean and std.dev: (2983.32, 3262.95)
[M::mem_pestat] low and high boundaries for proper pairs: (1, 21742)
[M::mem_pestat] analyzing insert size distribution for orientation RR...
[M::mem_pestat] (25, 50, 75) percentile: (252, 398, 598)
[M::mem_pestat] low and high boundaries for computing mean and std.dev: (1, 1290)
[M::mem_pestat] mean and std.dev: (405.19, 267.81)
[M::mem_pestat] low and high boundaries for proper pairs: (1, 1636)
[M::mem_pestat] skip orientation FF
[M::mem_pestat] skip orientation RF
[M::mem_pestat] skip orientation RR
[M::process] read 1066668 sequences (160000200 bp)...
[M::mem_process_seqs] Processed 1066668 reads in 850.344 CPU sec, 54.905 real sec
[M::mem_pestat] # candidate unique pairs for (FF, FR, RF, RR): (53, 218497, 73, 48)
[M::mem_pestat] analyzing insert size distribution for orientation FF...
[M::mem_pestat] (25, 50, 75) percentile: (343, 578, 889)
[M::mem_pestat] low and high boundaries for computing mean and std.dev: (1, 1981)
[M::mem_pestat] mean and std.dev: (547.12, 307.60)
[M::mem_pestat] low and high boundaries for proper pairs: (1, 2527)
[M::mem_pestat] analyzing insert size distribution for orientation FR...
[M::mem_pestat] (25, 50, 75) percentile: (292, 382, 497)
[M::mem_pestat] low and high boundaries for computing mean and std.dev: (1, 907)
[M::mem_pestat] mean and std.dev: (396.59, 150.87)
[M::mem_pestat] low and high boundaries for proper pairs: (1, 1112)
[M::mem_pestat] analyzing insert size distribution for orientation RF...
[M::mem_pestat] (25, 50, 75) percentile: (392, 1470, 3357)
[M::mem_pestat] low and high boundaries for computing mean and std.dev: (1, 9287)
[M::mem_pestat] mean and std.dev: (2267.44, 2332.28)
[M::mem_pestat] low and high boundaries for proper pairs: (1, 12252)
[M::mem_pestat] analyzing insert size distribution for orientation RR...
[M::mem_pestat] (25, 50, 75) percentile: (296, 830, 1797)
[M::mem_pestat] low and high boundaries for computing mean and std.dev: (1, 4799)
[M::mem_pestat] mean and std.dev: (808.53, 653.94)
[M::mem_pestat] low and high boundaries for proper pairs: (1, 6300)
[M::mem_pestat] skip orientation FF
[M::mem_pestat] skip orientation RF
[M::mem_pestat] skip orientation RR
[M::process] read 1066668 sequences (160000200 bp)...
[M::mem_process_seqs] Processed 1066668 reads in 843.130 CPU sec, 54.676 real sec
[M::mem_pestat] # candidate unique pairs for (FF, FR, RF, RR): (54, 218179, 63, 50)
[M::mem_pestat] analyzing insert size distribution for orientation FF...
[M::mem_pestat] (25, 50, 75) percentile: (245, 510, 900)
[M::mem_pestat] low and high boundaries for computing mean and std.dev: (1, 2210)
[M::mem_pestat] mean and std.dev: (571.75, 473.57)
[M::mem_pestat] low and high boundaries for proper pairs: (1, 2865)
[M::mem_pestat] analyzing insert size distribution for orientation FR...
[M::mem_pestat] (25, 50, 75) percentile: (292, 381, 495)
[M::mem_pestat] low and high boundaries for computing mean and std.dev: (1, 901)
[M::mem_pestat] mean and std.dev: (395.18, 149.60)
[M::mem_pestat] low and high boundaries for proper pairs: (1, 1104)
[M::mem_pestat] analyzing insert size distribution for orientation RF...
[M::mem_pestat] (25, 50, 75) percentile: (285, 2023, 4060)
[M::mem_pestat] low and high boundaries for computing mean and std.dev: (1, 11610)
[M::mem_pestat] mean and std.dev: (2668.38, 2775.49)
[M::mem_pestat] low and high boundaries for proper pairs: (1, 15385)
[M::mem_pestat] analyzing insert size distribution for orientation RR...
[M::mem_pestat] (25, 50, 75) percentile: (295, 545, 794)
[M::mem_pestat] low and high boundaries for computing mean and std.dev: (1, 1792)
[M::mem_pestat] mean and std.dev: (568.18, 342.69)
[M::mem_pestat] low and high boundaries for proper pairs: (1, 2291)
[M::mem_pestat] skip orientation FF
[M::mem_pestat] skip orientation RF
[M::mem_pestat] skip orientation RR
[M::process] read 1066668 sequences (160000200 bp)...
[M::mem_process_seqs] Processed 1066668 reads in 847.740 CPU sec, 54.689 real sec
[M::mem_pestat] # candidate unique pairs for (FF, FR, RF, RR): (65, 218908, 83, 63)
[M::mem_pestat] analyzing insert size distribution for orientation FF...
[M::mem_pestat] (25, 50, 75) percentile: (246, 644, 2953)
[M::mem_pestat] low and high boundaries for computing mean and std.dev: (1, 8367)
[M::mem_pestat] mean and std.dev: (1644.80, 1958.87)
[M::mem_pestat] low and high boundaries for proper pairs: (1, 11074)
[M::mem_pestat] analyzing insert size distribution for orientation FR...
[M::mem_pestat] (25, 50, 75) percentile: (291, 378, 489)
[M::mem_pestat] low and high boundaries for computing mean and std.dev: (1, 885)
[M::mem_pestat] mean and std.dev: (391.85, 147.26)
[M::mem_pestat] low and high boundaries for proper pairs: (1, 1083)
[M::mem_pestat] analyzing insert size distribution for orientation RF...
[M::mem_pestat] (25, 50, 75) percentile: (310, 857, 4189)
[M::mem_pestat] low and high boundaries for computing mean and std.dev: (1, 11947)
[M::mem_pestat] mean and std.dev: (2571.66, 2864.22)
[M::mem_pestat] low and high boundaries for proper pairs: (1, 15826)
[M::mem_pestat] analyzing insert size distribution for orientation RR...
[M::mem_pestat] (25, 50, 75) percentile: (305, 399, 932)
[M::mem_pestat] low and high boundaries for computing mean and std.dev: (1, 2186)
[M::mem_pestat] mean and std.dev: (678.36, 570.87)
[M::mem_pestat] low and high boundaries for proper pairs: (1, 2962)
[M::mem_pestat] skip orientation FF
[M::mem_pestat] skip orientation RF
[M::mem_pestat] skip orientation RR
[M::process] read 1066668 sequences (160000200 bp)...
[M::mem_process_seqs] Processed 1066668 reads in 850.187 CPU sec, 54.786 real sec
[M::mem_pestat] # candidate unique pairs for (FF, FR, RF, RR): (67, 218011, 56, 66)
[M::mem_pestat] analyzing insert size distribution for orientation FF...
[M::mem_pestat] (25, 50, 75) percentile: (261, 468, 1135)
[M::mem_pestat] low and high boundaries for computing mean and std.dev: (1, 2883)
[M::mem_pestat] mean and std.dev: (589.11, 435.99)
[M::mem_pestat] low and high boundaries for proper pairs: (1, 3757)
[M::mem_pestat] analyzing insert size distribution for orientation FR...
[M::mem_pestat] (25, 50, 75) percentile: (286, 374, 487)
[M::mem_pestat] low and high boundaries for computing mean and std.dev: (1, 889)
[M::mem_pestat] mean and std.dev: (388.25, 148.39)
[M::mem_pestat] low and high boundaries for proper pairs: (1, 1090)
[M::mem_pestat] analyzing insert size distribution for orientation RF...
[M::mem_pestat] (25, 50, 75) percentile: (217, 965, 3310)
[M::mem_pestat] low and high boundaries for computing mean and std.dev: (1, 9496)
[M::mem_pestat] mean and std.dev: (2506.41, 3209.41)
[M::mem_pestat] low and high boundaries for proper pairs: (1, 15344)
[M::mem_pestat] analyzing insert size distribution for orientation RR...
[M::mem_pestat] (25, 50, 75) percentile: (303, 510, 901)
[M::mem_pestat] low and high boundaries for computing mean and std.dev: (1, 2097)
[M::mem_pestat] mean and std.dev: (517.21, 407.83)
[M::mem_pestat] low and high boundaries for proper pairs: (1, 2695)
[M::mem_pestat] skip orientation FF
[M::mem_pestat] skip orientation RF
[M::mem_pestat] skip orientation RR
[M::process] read 1066668 sequences (160000200 bp)...
[M::mem_process_seqs] Processed 1066668 reads in 863.419 CPU sec, 55.600 real sec
[M::mem_pestat] # candidate unique pairs for (FF, FR, RF, RR): (63, 215102, 59, 50)
[M::mem_pestat] analyzing insert size distribution for orientation FF...
[M::mem_pestat] (25, 50, 75) percentile: (296, 511, 1924)
[M::mem_pestat] low and high boundaries for computing mean and std.dev: (1, 5180)
[M::mem_pestat] mean and std.dev: (1076.25, 1379.50)
[M::mem_pestat] low and high boundaries for proper pairs: (1, 6808)
[M::mem_pestat] analyzing insert size distribution for orientation FR...
[M::mem_pestat] (25, 50, 75) percentile: (290, 381, 494)
[M::mem_pestat] low and high boundaries for computing mean and std.dev: (1, 902)
[M::mem_pestat] mean and std.dev: (393.38, 148.96)
[M::mem_pestat] low and high boundaries for proper pairs: (1, 1106)
[M::mem_pestat] analyzing insert size distribution for orientation RF...
[M::mem_pestat] (25, 50, 75) percentile: (260, 950, 2819)
[M::mem_pestat] low and high boundaries for computing mean and std.dev: (1, 7937)
[M::mem_pestat] mean and std.dev: (1499.26, 1808.77)
[M::mem_pestat] low and high boundaries for proper pairs: (1, 10496)
[M::mem_pestat] analyzing insert size distribution for orientation RR...
[M::mem_pestat] (25, 50, 75) percentile: (243, 413, 857)
[M::mem_pestat] low and high boundaries for computing mean and std.dev: (1, 2085)
[M::mem_pestat] mean and std.dev: (408.88, 237.89)
[M::mem_pestat] low and high boundaries for proper pairs: (1, 2699)
[M::mem_pestat] skip orientation FF
[M::mem_pestat] skip orientation RF
[M::mem_pestat] skip orientation RR
[M::process] read 1066668 sequences (160000200 bp)...
[M::mem_process_seqs] Processed 1066668 reads in 853.164 CPU sec, 55.264 real sec
[M::mem_pestat] # candidate unique pairs for (FF, FR, RF, RR): (60, 215495, 107, 43)
[M::mem_pestat] analyzing insert size distribution for orientation FF...
[M::mem_pestat] (25, 50, 75) percentile: (234, 392, 918)
[M::mem_pestat] low and high boundaries for computing mean and std.dev: (1, 2286)
[M::mem_pestat] mean and std.dev: (494.66, 410.81)
[M::mem_pestat] low and high boundaries for proper pairs: (1, 2970)
[M::mem_pestat] analyzing insert size distribution for orientation FR...
[M::mem_pestat] (25, 50, 75) percentile: (287, 376, 488)
[M::mem_pestat] low and high boundaries for computing mean and std.dev: (1, 890)
[M::mem_pestat] mean and std.dev: (388.58, 147.49)
[M::mem_pestat] low and high boundaries for proper pairs: (1, 1091)
[M::mem_pestat] analyzing insert size distribution for orientation RF...
[M::mem_pestat] (25, 50, 75) percentile: (625, 1518, 2902)
[M::mem_pestat] low and high boundaries for computing mean and std.dev: (1, 7456)
[M::mem_pestat] mean and std.dev: (1489.33, 1526.61)
[M::mem_pestat] low and high boundaries for proper pairs: (1, 9733)
[M::mem_pestat] analyzing insert size distribution for orientation RR...
[M::mem_pestat] (25, 50, 75) percentile: (497, 650, 2025)
[M::mem_pestat] low and high boundaries for computing mean and std.dev: (1, 5081)
[M::mem_pestat] mean and std.dev: (1120.80, 1105.67)
[M::mem_pestat] low and high boundaries for proper pairs: (1, 6609)
[M::mem_pestat] skip orientation FF
[M::mem_pestat] skip orientation RF
[M::mem_pestat] skip orientation RR
[M::process] read 1066668 sequences (160000200 bp)...
[M::mem_process_seqs] Processed 1066668 reads in 852.326 CPU sec, 54.991 real sec
[M::mem_pestat] # candidate unique pairs for (FF, FR, RF, RR): (73, 216003, 84, 35)
[M::mem_pestat] analyzing insert size distribution for orientation FF...
[M::mem_pestat] (25, 50, 75) percentile: (273, 440, 1012)
[M::mem_pestat] low and high boundaries for computing mean and std.dev: (1, 2490)
[M::mem_pestat] mean and std.dev: (639.91, 521.41)
[M::mem_pestat] low and high boundaries for proper pairs: (1, 3229)
[M::mem_pestat] analyzing insert size distribution for orientation FR...
[M::mem_pestat] (25, 50, 75) percentile: (287, 377, 489)
[M::mem_pestat] low and high boundaries for computing mean and std.dev: (1, 893)
[M::mem_pestat] mean and std.dev: (390.02, 148.32)
[M::mem_pestat] low and high boundaries for proper pairs: (1, 1095)
[M::mem_pestat] analyzing insert size distribution for orientation RF...
[M::mem_pestat] (25, 50, 75) percentile: (467, 1120, 4089)
[M::mem_pestat] low and high boundaries for computing mean and std.dev: (1, 11333)
[M::mem_pestat] mean and std.dev: (2397.49, 2829.98)
[M::mem_pestat] low and high boundaries for proper pairs: (1, 14955)
[M::mem_pestat] analyzing insert size distribution for orientation RR...
[M::mem_pestat] (25, 50, 75) percentile: (165, 306, 602)
[M::mem_pestat] low and high boundaries for computing mean and std.dev: (1, 1476)
[M::mem_pestat] mean and std.dev: (285.21, 153.48)
[M::mem_pestat] low and high boundaries for proper pairs: (1, 1913)
[M::mem_pestat] skip orientation FF
[M::mem_pestat] skip orientation RF
[M::mem_pestat] skip orientation RR
[M::process] read 1066668 sequences (160000200 bp)...
[M::mem_process_seqs] Processed 1066668 reads in 853.067 CPU sec, 55.081 real sec
[M::mem_pestat] # candidate unique pairs for (FF, FR, RF, RR): (68, 217932, 63, 50)
[M::mem_pestat] analyzing insert size distribution for orientation FF...
[M::mem_pestat] (25, 50, 75) percentile: (317, 705, 3228)
[M::mem_pestat] low and high boundaries for computing mean and std.dev: (1, 9050)
[M::mem_pestat] mean and std.dev: (2040.16, 2731.81)
[M::mem_pestat] low and high boundaries for proper pairs: (1, 12967)
[M::mem_pestat] analyzing insert size distribution for orientation FR...
[M::mem_pestat] (25, 50, 75) percentile: (288, 375, 487)
[M::mem_pestat] low and high boundaries for computing mean and std.dev: (1, 885)
[M::mem_pestat] mean and std.dev: (389.80, 147.16)
[M::mem_pestat] low and high boundaries for proper pairs: (1, 1084)
[M::mem_pestat] analyzing insert size distribution for orientation RF...
[M::mem_pestat] (25, 50, 75) percentile: (539, 1401, 3444)
[M::mem_pestat] low and high boundaries for computing mean and std.dev: (1, 9254)
[M::mem_pestat] mean and std.dev: (2461.60, 2515.67)
[M::mem_pestat] low and high boundaries for proper pairs: (1, 12524)
[M::mem_pestat] analyzing insert size distribution for orientation RR...
[M::mem_pestat] (25, 50, 75) percentile: (254, 461, 866)
[M::mem_pestat] low and high boundaries for computing mean and std.dev: (1, 2090)
[M::mem_pestat] mean and std.dev: (572.79, 458.69)
[M::mem_pestat] low and high boundaries for proper pairs: (1, 2702)
[M::mem_pestat] skip orientation FF
[M::mem_pestat] skip orientation RF
[M::mem_pestat] skip orientation RR
[M::mem_process_seqs] Processed 1066668 reads in 844.248 CPU sec, 57.610 real sec
[M::process] read 1066668 sequences (160000200 bp)...
[M::mem_pestat] # candidate unique pairs for (FF, FR, RF, RR): (51, 218076, 83, 64)
[M::mem_pestat] analyzing insert size distribution for orientation FF...
[M::mem_pestat] (25, 50, 75) percentile: (256, 386, 623)
[M::mem_pestat] low and high boundaries for computing mean and std.dev: (1, 1357)
[M::mem_pestat] mean and std.dev: (412.58, 236.77)
[M::mem_pestat] low and high boundaries for proper pairs: (1, 1724)
[M::mem_pestat] analyzing insert size distribution for orientation FR...
[M::mem_pestat] (25, 50, 75) percentile: (289, 376, 486)
[M::mem_pestat] low and high boundaries for computing mean and std.dev: (1, 880)
[M::mem_pestat] mean and std.dev: (389.76, 146.19)
[M::mem_pestat] low and high boundaries for proper pairs: (1, 1077)
[M::mem_pestat] analyzing insert size distribution for orientation RF...
[M::mem_pestat] (25, 50, 75) percentile: (397, 1853, 4735)
[M::mem_pestat] low and high boundaries for computing mean and std.dev: (1, 13411)
[M::mem_pestat] mean and std.dev: (2854.98, 2844.14)
[M::mem_pestat] low and high boundaries for proper pairs: (1, 17749)
[M::mem_pestat] analyzing insert size distribution for orientation RR...
[M::mem_pestat] (25, 50, 75) percentile: (287, 536, 2230)
[M::mem_pestat] low and high boundaries for computing mean and std.dev: (1, 6116)
[M::mem_pestat] mean and std.dev: (1238.70, 1553.92)
[M::mem_pestat] low and high boundaries for proper pairs: (1, 8059)
[M::mem_pestat] skip orientation FF
[M::mem_pestat] skip orientation RF
[M::mem_pestat] skip orientation RR
[M::process] read 1066668 sequences (160000200 bp)...
[M::mem_process_seqs] Processed 1066668 reads in 846.751 CPU sec, 54.348 real sec
[M::mem_pestat] # candidate unique pairs for (FF, FR, RF, RR): (56, 217594, 90, 45)
[M::mem_pestat] analyzing insert size distribution for orientation FF...
[M::mem_pestat] (25, 50, 75) percentile: (296, 631, 1822)
[M::mem_pestat] low and high boundaries for computing mean and std.dev: (1, 4874)
[M::mem_pestat] mean and std.dev: (861.92, 866.77)
[M::mem_pestat] low and high boundaries for proper pairs: (1, 6400)
[M::mem_pestat] analyzing insert size distribution for orientation FR...
[M::mem_pestat] (25, 50, 75) percentile: (289, 374, 483)
[M::mem_pestat] low and high boundaries for computing mean and std.dev: (1, 871)
[M::mem_pestat] mean and std.dev: (388.06, 144.92)
[M::mem_pestat] low and high boundaries for proper pairs: (1, 1065)
[M::mem_pestat] analyzing insert size distribution for orientation RF...
[M::mem_pestat] (25, 50, 75) percentile: (377, 1007, 4225)
[M::mem_pestat] low and high boundaries for computing mean and std.dev: (1, 11921)
[M::mem_pestat] mean and std.dev: (2358.33, 2686.88)
[M::mem_pestat] low and high boundaries for proper pairs: (1, 15769)
[M::mem_pestat] analyzing insert size distribution for orientation RR...
[M::mem_pestat] (25, 50, 75) percentile: (288, 392, 800)
[M::mem_pestat] low and high boundaries for computing mean and std.dev: (1, 1824)
[M::mem_pestat] mean and std.dev: (486.27, 369.17)
[M::mem_pestat] low and high boundaries for proper pairs: (1, 2336)
[M::mem_pestat] skip orientation FF
[M::mem_pestat] skip orientation RF
[M::mem_pestat] skip orientation RR
[M::process] read 773050 sequences (115957500 bp)...
[M::mem_process_seqs] Processed 1066668 reads in 843.230 CPU sec, 54.615 real sec
[M::mem_pestat] # candidate unique pairs for (FF, FR, RF, RR): (49, 158320, 48, 47)
[M::mem_pestat] analyzing insert size distribution for orientation FF...
[M::mem_pestat] (25, 50, 75) percentile: (271, 420, 1001)
[M::mem_pestat] low and high boundaries for computing mean and std.dev: (1, 2461)
[M::mem_pestat] mean and std.dev: (586.47, 449.08)
[M::mem_pestat] low and high boundaries for proper pairs: (1, 3191)
[M::mem_pestat] analyzing insert size distribution for orientation FR...
[M::mem_pestat] (25, 50, 75) percentile: (290, 376, 486)
[M::mem_pestat] low and high boundaries for computing mean and std.dev: (1, 878)
[M::mem_pestat] mean and std.dev: (389.45, 144.99)
[M::mem_pestat] low and high boundaries for proper pairs: (1, 1074)
[M::mem_pestat] analyzing insert size distribution for orientation RF...
[M::mem_pestat] (25, 50, 75) percentile: (274, 747, 6199)
[M::mem_pestat] low and high boundaries for computing mean and std.dev: (1, 18049)
[M::mem_pestat] mean and std.dev: (2914.40, 3262.68)
[M::mem_pestat] low and high boundaries for proper pairs: (1, 23974)
[M::mem_pestat] analyzing insert size distribution for orientation RR...
[M::mem_pestat] (25, 50, 75) percentile: (324, 449, 811)
[M::mem_pestat] low and high boundaries for computing mean and std.dev: (1, 1785)
[M::mem_pestat] mean and std.dev: (484.19, 289.45)
[M::mem_pestat] low and high boundaries for proper pairs: (1, 2272)
[M::mem_pestat] skip orientation FF
[M::mem_pestat] skip orientation RF
[M::mem_pestat] skip orientation RR
[M::mem_process_seqs] Processed 773050 reads in 610.962 CPU sec, 39.846 real sec
[main] Version: 0.7.19-r1273
[main] CMD: bwa mem -t 16 -R @RG\tID:WB_17a\tSM:WB_17a\tLB:WB_17a\tPL:ILLUMINA output/05_realign_xbOstLuri2/reference/GCA_061535525.1_xbOstLuri2_USDA-ARS_PSRF_primary_genomic.fna data/raw/WB_17a_S99_L004_R1_001.fastq.gz data/raw/WB_17a_S99_L004_R2_001.fastq.gz
[main] Real time: 3219.314 sec; CPU: 49268.190 sec
[bam_sort_core] merging from 3 files and 8 in-memory blocks...
end 2026-09-27T16:43:45Z sample=WB_17a
