start 2026-09-27T03:18:01Z host n3432
2026-09-26 20:18:02 URL:https://gannet.fish.washington.edu/v1_web/owlshell/bu-github/oly-lc-WGS/data/raw/Blank_plate1_S92_L004_R2_001.fastq.gz [25951/25951] -> "data/raw/Blank_plate1_S92_L004_R2_001.fastq.gz" [1]
2026-09-26 20:18:02 URL:https://gannet.fish.washington.edu/v1_web/owlshell/bu-github/oly-lc-WGS/data/raw/Blank_plate1_S92_L004_R1_001.fastq.gz [26535/26535] -> "data/raw/Blank_plate1_S92_L004_R1_001.fastq.gz" [1]
2026-09-26 20:18:02 URL:https://gannet.fish.washington.edu/v1_web/owlshell/bu-github/oly-lc-WGS/data/raw/Blank_plate2_S108_L004_R2_001.fastq.gz [125230/125230] -> "data/raw/Blank_plate2_S108_L004_R2_001.fastq.gz" [1]
2026-09-26 20:21:51 URL:https://gannet.fish.washington.edu/v1_web/owlshell/bu-github/oly-lc-WGS/data/raw/CS18_22_Wild_plate1_D6_S42_L004_R1_001.fastq.gz [2121400689/2121400689] -> "data/raw/CS18_22_Wild_plate1_D6_S42_L004_R1_001.fastq.gz" [1]
2026-09-26 20:21:54 URL:https://gannet.fish.washington.edu/v1_web/owlshell/bu-github/oly-lc-WGS/data/raw/CS18_22_Wild_plate1_F6_S44_L004_R2_001.fastq.gz [2257995662/2257995662] -> "data/raw/CS18_22_Wild_plate1_F6_S44_L004_R2_001.fastq.gz" [1]
2026-09-26 20:22:05 URL:https://gannet.fish.washington.edu/v1_web/owlshell/bu-github/oly-lc-WGS/data/raw/CS18_22_Wild_plate1_G6_S45_L004_R1_001.fastq.gz [2395959100/2395959100] -> "data/raw/CS18_22_Wild_plate1_G6_S45_L004_R1_001.fastq.gz" [1]
2026-09-26 20:22:05 URL:https://gannet.fish.washington.edu/v1_web/owlshell/bu-github/oly-lc-WGS/data/raw/Blank_plate2_S108_L004_R1_001.fastq.gz [126743/126743] -> "data/raw/Blank_plate2_S108_L004_R1_001.fastq.gz" [1]
2026-09-26 20:22:15 URL:https://gannet.fish.washington.edu/v1_web/owlshell/bu-github/oly-lc-WGS/data/raw/CS18_22_Wild_plate1_A7_S47_L004_R2_001.fastq.gz [2485497415/2485497415] -> "data/raw/CS18_22_Wild_plate1_A7_S47_L004_R2_001.fastq.gz" [1]
2026-09-26 20:22:33 URL:https://gannet.fish.washington.edu/v1_web/owlshell/bu-github/oly-lc-WGS/data/raw/CS18_22_Wild_plate1_C6_S41_L004_R1_001.fastq.gz [2453681853/2453681853] -> "data/raw/CS18_22_Wild_plate1_C6_S41_L004_R1_001.fastq.gz" [1]
2026-09-26 20:22:49 URL:https://gannet.fish.washington.edu/v1_web/owlshell/bu-github/oly-lc-WGS/data/raw/CS18_22_Wild_plate1_E6_S43_L004_R2_001.fastq.gz [2632234785/2632234785] -> "data/raw/CS18_22_Wild_plate1_E6_S43_L004_R2_001.fastq.gz" [1]
2026-09-26 20:25:22 URL:https://gannet.fish.washington.edu/v1_web/owlshell/bu-github/oly-lc-WGS/data/raw/CS18_22_Wild_plate1_G6_S45_L004_R2_001.fastq.gz [2385162998/2385162998] -> "data/raw/CS18_22_Wild_plate1_G6_S45_L004_R2_001.fastq.gz" [1]
2026-09-26 20:25:56 URL:https://gannet.fish.washington.edu/v1_web/owlshell/bu-github/oly-lc-WGS/data/raw/CS18_22_Wild_plate1_A7_S47_L004_R1_001.fastq.gz [2479195262/2479195262] -> "data/raw/CS18_22_Wild_plate1_A7_S47_L004_R1_001.fastq.gz" [1]
2026-09-26 20:25:59 URL:https://gannet.fish.washington.edu/v1_web/owlshell/bu-github/oly-lc-WGS/data/raw/CS18_22_Wild_plate1_F6_S44_L004_R1_001.fastq.gz [2285114743/2285114743] -> "data/raw/CS18_22_Wild_plate1_F6_S44_L004_R1_001.fastq.gz" [1]
2026-09-26 20:26:05 URL:https://gannet.fish.washington.edu/v1_web/owlshell/bu-github/oly-lc-WGS/data/raw/CS18_22_Wild_plate1_D6_S42_L004_R2_001.fastq.gz [2079347771/2079347771] -> "data/raw/CS18_22_Wild_plate1_D6_S42_L004_R2_001.fastq.gz" [1]
2026-09-26 20:26:34 URL:https://gannet.fish.washington.edu/v1_web/owlshell/bu-github/oly-lc-WGS/data/raw/CS18_22_Wild_plate1_C6_S41_L004_R2_001.fastq.gz [2380502733/2380502733] -> "data/raw/CS18_22_Wild_plate1_C6_S41_L004_R2_001.fastq.gz" [1]
2026-09-26 20:26:46 URL:https://gannet.fish.washington.edu/v1_web/owlshell/bu-github/oly-lc-WGS/data/raw/CS18_22_Wild_plate1_E6_S43_L004_R1_001.fastq.gz [2628637665/2628637665] -> "data/raw/CS18_22_Wild_plate1_E6_S43_L004_R1_001.fastq.gz" [1]
2026-09-26 20:29:57 URL:https://gannet.fish.washington.edu/v1_web/owlshell/bu-github/oly-lc-WGS/data/raw/CS18_22_Wild_plate1_H6_S46_L004_R1_001.fastq.gz [2478470882/2478470882] -> "data/raw/CS18_22_Wild_plate1_H6_S46_L004_R1_001.fastq.gz" [1]
2026-09-26 20:30:00 URL:https://gannet.fish.washington.edu/v1_web/owlshell/bu-github/oly-lc-WGS/data/raw/Coos_Bay_10_S107_L004_R2_001.fastq.gz [2892993190/2892993190] -> "data/raw/Coos_Bay_10_S107_L004_R2_001.fastq.gz" [1]
2026-09-26 20:30:08 URL:https://gannet.fish.washington.edu/v1_web/owlshell/bu-github/oly-lc-WGS/data/raw/CS18_22_Wild_plate1_H6_S46_L004_R2_001.fastq.gz [2485945113/2485945113] -> "data/raw/CS18_22_Wild_plate1_H6_S46_L004_R2_001.fastq.gz" [1]
2026-09-26 20:30:19 URL:https://gannet.fish.washington.edu/v1_web/owlshell/bu-github/oly-lc-WGS/data/raw/Coos_Bay_4_S101_L004_R1_001.fastq.gz [2588026238/2588026238] -> "data/raw/Coos_Bay_4_S101_L004_R1_001.fastq.gz" [1]
2026-09-26 20:31:16 URL:https://gannet.fish.washington.edu/v1_web/owlshell/bu-github/oly-lc-WGS/data/raw/Coos_Bay_5_S102_L004_R2_001.fastq.gz [2663628676/2663628676] -> "data/raw/Coos_Bay_5_S102_L004_R2_001.fastq.gz" [1]
2026-09-26 20:31:30 URL:https://gannet.fish.washington.edu/v1_web/owlshell/bu-github/oly-lc-WGS/data/raw/Coos_Bay_6_S103_L004_R2_001.fastq.gz [2623890489/2623890489] -> "data/raw/Coos_Bay_6_S103_L004_R2_001.fastq.gz" [1]
2026-09-26 20:33:51 URL:https://gannet.fish.washington.edu/v1_web/owlshell/bu-github/oly-lc-WGS/data/raw/Coos_Bay_8_S105_L004_R1_001.fastq.gz [2208827309/2208827309] -> "data/raw/Coos_Bay_8_S105_L004_R1_001.fastq.gz" [1]
2026-09-26 20:34:15 URL:https://gannet.fish.washington.edu/v1_web/owlshell/bu-github/oly-lc-WGS/data/raw/Coos_Bay_4_S101_L004_R2_001.fastq.gz [2611059387/2611059387] -> "data/raw/Coos_Bay_4_S101_L004_R2_001.fastq.gz" [1]
2026-09-26 20:34:43 URL:https://gannet.fish.washington.edu/v1_web/owlshell/bu-github/oly-lc-WGS/data/raw/Coos_Bay_6_S103_L004_R1_001.fastq.gz [2610091535/2610091535] -> "data/raw/Coos_Bay_6_S103_L004_R1_001.fastq.gz" [1]
2026-09-26 20:34:49 URL:https://gannet.fish.washington.edu/v1_web/owlshell/bu-github/oly-lc-WGS/data/raw/Coos_Bay_10_S107_L004_R1_001.fastq.gz [2866531070/2866531070] -> "data/raw/Coos_Bay_10_S107_L004_R1_001.fastq.gz" [1]
2026-09-26 20:35:48 URL:https://gannet.fish.washington.edu/v1_web/owlshell/bu-github/oly-lc-WGS/data/raw/Coos_Bay_9_S106_L004_R1_001.fastq.gz [2548870390/2548870390] -> "data/raw/Coos_Bay_9_S106_L004_R1_001.fastq.gz" [1]
2026-09-26 20:36:17 URL:https://gannet.fish.washington.edu/v1_web/owlshell/bu-github/oly-lc-WGS/data/raw/Coos_Bay_5_S102_L004_R1_001.fastq.gz [2636443313/2636443313] -> "data/raw/Coos_Bay_5_S102_L004_R1_001.fastq.gz" [1]
2026-09-26 20:37:15 URL:https://gannet.fish.washington.edu/v1_web/owlshell/bu-github/oly-lc-WGS/data/raw/Coos_Bay_7_S104_L004_R2_001.fastq.gz [1663845342/1663845342] -> "data/raw/Coos_Bay_7_S104_L004_R2_001.fastq.gz" [1]
2026-09-26 20:37:40 URL:https://gannet.fish.washington.edu/v1_web/owlshell/bu-github/oly-lc-WGS/data/raw/Coos_Bay_7_S104_L004_R1_001.fastq.gz [1651884396/1651884396] -> "data/raw/Coos_Bay_7_S104_L004_R1_001.fastq.gz" [1]
2026-09-26 20:38:06 URL:https://gannet.fish.washington.edu/v1_web/owlshell/bu-github/oly-lc-WGS/data/raw/Coos_Bay_8_S105_L004_R2_001.fastq.gz [2223811672/2223811672] -> "data/raw/Coos_Bay_8_S105_L004_R2_001.fastq.gz" [1]
2026-09-26 20:39:16 URL:https://gannet.fish.washington.edu/v1_web/owlshell/bu-github/oly-lc-WGS/data/raw/Dogfish_Bay_10_S51_L004_R1_001.fastq.gz [2509760420/2509760420] -> "data/raw/Dogfish_Bay_10_S51_L004_R1_001.fastq.gz" [1]
2026-09-26 20:39:56 URL:https://gannet.fish.washington.edu/v1_web/owlshell/bu-github/oly-lc-WGS/data/raw/Coos_Bay_9_S106_L004_R2_001.fastq.gz [2568766923/2568766923] -> "data/raw/Coos_Bay_9_S106_L004_R2_001.fastq.gz" [1]
2026-09-26 20:40:12 URL:https://gannet.fish.washington.edu/v1_web/owlshell/bu-github/oly-lc-WGS/data/raw/Dogfish_Bay_10_S51_L004_R2_001.fastq.gz [2521909743/2521909743] -> "data/raw/Dogfish_Bay_10_S51_L004_R2_001.fastq.gz" [1]
2026-09-26 20:41:25 URL:https://gannet.fish.washington.edu/v1_web/owlshell/bu-github/oly-lc-WGS/data/raw/Dogfish_Bay_11_S52_L004_R1_001.fastq.gz [2603647863/2603647863] -> "data/raw/Dogfish_Bay_11_S52_L004_R1_001.fastq.gz" [1]
2026-09-26 20:42:14 URL:https://gannet.fish.washington.edu/v1_web/owlshell/bu-github/oly-lc-WGS/data/raw/Dogfish_Bay_11_S52_L004_R2_001.fastq.gz [2600084481/2600084481] -> "data/raw/Dogfish_Bay_11_S52_L004_R2_001.fastq.gz" [1]
2026-09-26 20:43:12 URL:https://gannet.fish.washington.edu/v1_web/owlshell/bu-github/oly-lc-WGS/data/raw/Dogfish_Bay_7_S48_L004_R1_001.fastq.gz [2414322013/2414322013] -> "data/raw/Dogfish_Bay_7_S48_L004_R1_001.fastq.gz" [1]
2026-09-26 20:43:41 URL:https://gannet.fish.washington.edu/v1_web/owlshell/bu-github/oly-lc-WGS/data/raw/Dogfish_Bay_14_S55_L004_R1_001.fastq.gz [2116290295/2116290295] -> "data/raw/Dogfish_Bay_14_S55_L004_R1_001.fastq.gz" [1]
2026-09-26 20:44:29 URL:https://gannet.fish.washington.edu/v1_web/owlshell/bu-github/oly-lc-WGS/data/raw/Dogfish_Bay_12_S53_L004_R1_001.fastq.gz [2421618810/2421618810] -> "data/raw/Dogfish_Bay_12_S53_L004_R1_001.fastq.gz" [1]
2026-09-26 20:45:12 URL:https://gannet.fish.washington.edu/v1_web/owlshell/bu-github/oly-lc-WGS/data/raw/Dogfish_Bay_12_S53_L004_R2_001.fastq.gz [2437290356/2437290356] -> "data/raw/Dogfish_Bay_12_S53_L004_R2_001.fastq.gz" [1]
2026-09-26 20:46:32 URL:https://gannet.fish.washington.edu/v1_web/owlshell/bu-github/oly-lc-WGS/data/raw/Dogfish_Bay_7_S48_L004_R2_001.fastq.gz [2449858117/2449858117] -> "data/raw/Dogfish_Bay_7_S48_L004_R2_001.fastq.gz" [1]
2026-09-26 20:46:37 URL:https://gannet.fish.washington.edu/v1_web/owlshell/bu-github/oly-lc-WGS/data/raw/Dogfish_Bay_14_S55_L004_R2_001.fastq.gz [2141472340/2141472340] -> "data/raw/Dogfish_Bay_14_S55_L004_R2_001.fastq.gz" [1]
2026-09-26 20:46:40 URL:https://gannet.fish.washington.edu/v1_web/owlshell/bu-github/oly-lc-WGS/data/raw/Dogfish_Bay_13_S54_L004_R2_001.fastq.gz [2260126389/2260126389] -> "data/raw/Dogfish_Bay_13_S54_L004_R2_001.fastq.gz" [1]
2026-09-26 20:47:08 URL:https://gannet.fish.washington.edu/v1_web/owlshell/bu-github/oly-lc-WGS/data/raw/Dogfish_Bay_8_S49_L004_R2_001.fastq.gz [2666444522/2666444522] -> "data/raw/Dogfish_Bay_8_S49_L004_R2_001.fastq.gz" [1]
2026-09-26 20:49:13 URL:https://gannet.fish.washington.edu/v1_web/owlshell/bu-github/oly-lc-WGS/data/raw/Dogfish_Bay_9_S50_L004_R2_001.fastq.gz [2698812562/2698812562] -> "data/raw/Dogfish_Bay_9_S50_L004_R2_001.fastq.gz" [1]
2026-09-26 20:49:44 URL:https://gannet.fish.washington.edu/v1_web/owlshell/bu-github/oly-lc-WGS/data/raw/FB18_Wild_10_S3_L004_R1_001.fastq.gz [1708382645/1708382645] -> "data/raw/FB18_Wild_10_S3_L004_R1_001.fastq.gz" [1]
2026-09-26 20:49:47 URL:https://gannet.fish.washington.edu/v1_web/owlshell/bu-github/oly-lc-WGS/data/raw/FB18_Wild_10_S3_L004_R2_001.fastq.gz [1699152766/1699152766] -> "data/raw/FB18_Wild_10_S3_L004_R2_001.fastq.gz" [1]
2026-09-26 20:50:19 URL:https://gannet.fish.washington.edu/v1_web/owlshell/bu-github/oly-lc-WGS/data/raw/Dogfish_Bay_9_S50_L004_R1_001.fastq.gz [2670635854/2670635854] -> "data/raw/Dogfish_Bay_9_S50_L004_R1_001.fastq.gz" [1]
2026-09-26 20:51:07 URL:https://gannet.fish.washington.edu/v1_web/owlshell/bu-github/oly-lc-WGS/data/raw/FB18_Wild_11_S4_L004_R1_001.fastq.gz [2135926809/2135926809] -> "data/raw/FB18_Wild_11_S4_L004_R1_001.fastq.gz" [1]
2026-09-26 20:51:14 URL:https://gannet.fish.washington.edu/v1_web/owlshell/bu-github/oly-lc-WGS/data/raw/Dogfish_Bay_13_S54_L004_R1_001.fastq.gz [2237338354/2237338354] -> "data/raw/Dogfish_Bay_13_S54_L004_R1_001.fastq.gz" [1]
2026-09-26 20:52:58 URL:https://gannet.fish.washington.edu/v1_web/owlshell/bu-github/oly-lc-WGS/data/raw/Dogfish_Bay_8_S49_L004_R1_001.fastq.gz [2645207713/2645207713] -> "data/raw/Dogfish_Bay_8_S49_L004_R1_001.fastq.gz" [1]
2026-09-26 20:54:10 URL:https://gannet.fish.washington.edu/v1_web/owlshell/bu-github/oly-lc-WGS/data/raw/FB18_Wild_11_S4_L004_R2_001.fastq.gz [2152139020/2152139020] -> "data/raw/FB18_Wild_11_S4_L004_R2_001.fastq.gz" [1]
2026-09-26 20:54:24 URL:https://gannet.fish.washington.edu/v1_web/owlshell/bu-github/oly-lc-WGS/data/raw/FB18_Wild_8_S1_L004_R1_001.fastq.gz [2337834025/2337834025] -> "data/raw/FB18_Wild_8_S1_L004_R1_001.fastq.gz" [1]
2026-09-26 20:54:28 URL:https://gannet.fish.washington.edu/v1_web/owlshell/bu-github/oly-lc-WGS/data/raw/FB18_Wild_9_S2_L004_R2_001.fastq.gz [2323212004/2323212004] -> "data/raw/FB18_Wild_9_S2_L004_R2_001.fastq.gz" [1]
2026-09-26 20:54:33 URL:https://gannet.fish.washington.edu/v1_web/owlshell/bu-github/oly-lc-WGS/data/raw/FB18_Wild_8_S1_L004_R2_001.fastq.gz [2344368455/2344368455] -> "data/raw/FB18_Wild_8_S1_L004_R2_001.fastq.gz" [1]
2026-09-26 20:55:36 URL:https://gannet.fish.washington.edu/v1_web/owlshell/bu-github/oly-lc-WGS/data/raw/FB18_Wild_9_S2_L004_R1_001.fastq.gz [2325110331/2325110331] -> "data/raw/FB18_Wild_9_S2_L004_R1_001.fastq.gz" [1]
2026-09-26 20:56:26 URL:https://gannet.fish.washington.edu/v1_web/owlshell/bu-github/oly-lc-WGS/data/raw/FB18_Wild_12_S5_L004_R2_001.fastq.gz [2167252839/2167252839] -> "data/raw/FB18_Wild_12_S5_L004_R2_001.fastq.gz" [1]
2026-09-26 20:58:23 URL:https://gannet.fish.washington.edu/v1_web/owlshell/bu-github/oly-lc-WGS/data/raw/Fidalgo_Bay_11_S9_L004_R1_001.fastq.gz [2731148206/2731148206] -> "data/raw/Fidalgo_Bay_11_S9_L004_R1_001.fastq.gz" [1]
2026-09-26 20:58:39 URL:https://gannet.fish.washington.edu/v1_web/owlshell/bu-github/oly-lc-WGS/data/raw/Fidalgo_Bay_11_S9_L004_R2_001.fastq.gz [2766343725/2766343725] -> "data/raw/Fidalgo_Bay_11_S9_L004_R2_001.fastq.gz" [1]
2026-09-26 20:58:54 URL:https://gannet.fish.washington.edu/v1_web/owlshell/bu-github/oly-lc-WGS/data/raw/Fidalgo_Bay_9_S7_L004_R1_001.fastq.gz [2752946127/2752946127] -> "data/raw/Fidalgo_Bay_9_S7_L004_R1_001.fastq.gz" [1]
2026-09-26 20:58:59 URL:https://gannet.fish.washington.edu/v1_web/owlshell/bu-github/oly-lc-WGS/data/raw/Fidalgo_Bay_12_S10_L004_R2_001.fastq.gz [2241233624/2241233624] -> "data/raw/Fidalgo_Bay_12_S10_L004_R2_001.fastq.gz" [1]
2026-09-26 21:00:03 URL:https://gannet.fish.washington.edu/v1_web/owlshell/bu-github/oly-lc-WGS/data/raw/Fidalgo_Bay_10_S8_L004_R1_001.fastq.gz [2617643749/2617643749] -> "data/raw/Fidalgo_Bay_10_S8_L004_R1_001.fastq.gz" [1]
2026-09-26 21:01:27 URL:https://gannet.fish.washington.edu/v1_web/owlshell/bu-github/oly-lc-WGS/data/raw/Fidalgo_Bay_9_S7_L004_R2_001.fastq.gz [2795875207/2795875207] -> "data/raw/Fidalgo_Bay_9_S7_L004_R2_001.fastq.gz" [1]
2026-09-26 21:01:58 URL:https://gannet.fish.washington.edu/v1_web/owlshell/bu-github/oly-lc-WGS/data/raw/Fidalgo_Bay_12_S10_L004_R1_001.fastq.gz [2202057700/2202057700] -> "data/raw/Fidalgo_Bay_12_S10_L004_R1_001.fastq.gz" [1]
2026-09-26 21:02:56 URL:https://gannet.fish.washington.edu/v1_web/owlshell/bu-github/oly-lc-WGS/data/raw/Fidalgo_Bay_8_S6_L004_R1_001.fastq.gz [2558118610/2558118610] -> "data/raw/Fidalgo_Bay_8_S6_L004_R1_001.fastq.gz" [1]
2026-09-26 21:03:12 URL:https://gannet.fish.washington.edu/v1_web/owlshell/bu-github/oly-lc-WGS/data/raw/Fidalgo_Bay_8_S6_L004_R2_001.fastq.gz [2535998574/2535998574] -> "data/raw/Fidalgo_Bay_8_S6_L004_R2_001.fastq.gz" [1]
2026-09-26 21:03:29 URL:https://gannet.fish.washington.edu/v1_web/owlshell/bu-github/oly-lc-WGS/data/raw/FB18_Wild_12_S5_L004_R1_001.fastq.gz [2162266230/2162266230] -> "data/raw/FB18_Wild_12_S5_L004_R1_001.fastq.gz" [1]
2026-09-26 21:03:53 URL:https://gannet.fish.washington.edu/v1_web/owlshell/bu-github/oly-lc-WGS/data/raw/HC18_Triton_Wild_10_S111_L004_R2_001.fastq.gz [1588438664/1588438664] -> "data/raw/HC18_Triton_Wild_10_S111_L004_R2_001.fastq.gz" [1]
2026-09-26 21:04:16 URL:https://gannet.fish.washington.edu/v1_web/owlshell/bu-github/oly-lc-WGS/data/raw/Fidalgo_Bay_10_S8_L004_R2_001.fastq.gz [2659051886/2659051886] -> "data/raw/Fidalgo_Bay_10_S8_L004_R2_001.fastq.gz" [1]
2026-09-26 21:05:03 URL:https://gannet.fish.washington.edu/v1_web/owlshell/bu-github/oly-lc-WGS/data/raw/HC18_Triton_Wild_10_S111_L004_R1_001.fastq.gz [1685774681/1685774681] -> "data/raw/HC18_Triton_Wild_10_S111_L004_R1_001.fastq.gz" [1]
2026-09-26 21:06:26 URL:https://gannet.fish.washington.edu/v1_web/owlshell/bu-github/oly-lc-WGS/data/raw/HC18_Triton_Wild_15_S69_L004_R2_001.fastq.gz [1732158784/1732158784] -> "data/raw/HC18_Triton_Wild_15_S69_L004_R2_001.fastq.gz" [1]
2026-09-26 21:06:41 URL:https://gannet.fish.washington.edu/v1_web/owlshell/bu-github/oly-lc-WGS/data/raw/HC18_Triton_Wild_12_S68_L004_R2_001.fastq.gz [2541162996/2541162996] -> "data/raw/HC18_Triton_Wild_12_S68_L004_R2_001.fastq.gz" [1]
2026-09-26 21:07:26 URL:https://gannet.fish.washington.edu/v1_web/owlshell/bu-github/oly-lc-WGS/data/raw/HC18_Triton_Wild_7_S64_L004_R2_001.fastq.gz [2131673710/2131673710] -> "data/raw/HC18_Triton_Wild_7_S64_L004_R2_001.fastq.gz" [1]
2026-09-26 21:07:47 URL:https://gannet.fish.washington.edu/v1_web/owlshell/bu-github/oly-lc-WGS/data/raw/HC18_Triton_Wild_7_S64_L004_R1_001.fastq.gz [2134992552/2134992552] -> "data/raw/HC18_Triton_Wild_7_S64_L004_R1_001.fastq.gz" [1]
2026-09-26 21:07:49 URL:https://gannet.fish.washington.edu/v1_web/owlshell/bu-github/oly-lc-WGS/data/raw/HC18_Triton_Wild_11_S67_L004_R1_001.fastq.gz [2027660301/2027660301] -> "data/raw/HC18_Triton_Wild_11_S67_L004_R1_001.fastq.gz" [1]
2026-09-26 21:08:17 URL:https://gannet.fish.washington.edu/v1_web/owlshell/bu-github/oly-lc-WGS/data/raw/HC18_Triton_Wild_15_S69_L004_R1_001.fastq.gz [1766367439/1766367439] -> "data/raw/HC18_Triton_Wild_15_S69_L004_R1_001.fastq.gz" [1]
2026-09-26 21:09:40 URL:https://gannet.fish.washington.edu/v1_web/owlshell/bu-github/oly-lc-WGS/data/raw/HC18_Triton_Wild_16_S112_L004_R1_001.fastq.gz [1704300511/1704300511] -> "data/raw/HC18_Triton_Wild_16_S112_L004_R1_001.fastq.gz" [1]
2026-09-26 21:10:07 URL:https://gannet.fish.washington.edu/v1_web/owlshell/bu-github/oly-lc-WGS/data/raw/HC18_Triton_Wild_12_S68_L004_R1_001.fastq.gz [2545280641/2545280641] -> "data/raw/HC18_Triton_Wild_12_S68_L004_R1_001.fastq.gz" [1]
2026-09-26 21:10:18 URL:https://gannet.fish.washington.edu/v1_web/owlshell/bu-github/oly-lc-WGS/data/raw/HC18_Triton_Wild_11_S67_L004_R2_001.fastq.gz [2025021856/2025021856] -> "data/raw/HC18_Triton_Wild_11_S67_L004_R2_001.fastq.gz" [1]
2026-09-26 21:12:31 URL:https://gannet.fish.washington.edu/v1_web/owlshell/bu-github/oly-lc-WGS/data/raw/HC18_Triton_Wild_9_S66_L004_R1_001.fastq.gz [2184891309/2184891309] -> "data/raw/HC18_Triton_Wild_9_S66_L004_R1_001.fastq.gz" [1]
2026-09-26 21:12:44 URL:https://gannet.fish.washington.edu/v1_web/owlshell/bu-github/oly-lc-WGS/data/raw/HC18_Triton_Wild_9_S66_L004_R2_001.fastq.gz [2107923791/2107923791] -> "data/raw/HC18_Triton_Wild_9_S66_L004_R2_001.fastq.gz" [1]
2026-09-26 21:12:56 URL:https://gannet.fish.washington.edu/v1_web/owlshell/bu-github/oly-lc-WGS/data/raw/HC18_Triton_Wild_8_S65_L004_R2_001.fastq.gz [2412201593/2412201593] -> "data/raw/HC18_Triton_Wild_8_S65_L004_R2_001.fastq.gz" [1]
2026-09-26 21:13:01 URL:https://gannet.fish.washington.edu/v1_web/owlshell/bu-github/oly-lc-WGS/data/raw/LS_10a_S87_L004_R1_001.fastq.gz [2440870623/2440870623] -> "data/raw/LS_10a_S87_L004_R1_001.fastq.gz" [1]
2026-09-26 21:13:37 URL:https://gannet.fish.washington.edu/v1_web/owlshell/bu-github/oly-lc-WGS/data/raw/LS_10a_S87_L004_R2_001.fastq.gz [2472669415/2472669415] -> "data/raw/LS_10a_S87_L004_R2_001.fastq.gz" [1]
2026-09-26 21:13:50 URL:https://gannet.fish.washington.edu/v1_web/owlshell/bu-github/oly-lc-WGS/data/raw/HC18_Triton_Wild_16_S112_L004_R2_001.fastq.gz [1654169300/1654169300] -> "data/raw/HC18_Triton_Wild_16_S112_L004_R2_001.fastq.gz" [1]
2026-09-26 21:15:46 URL:https://gannet.fish.washington.edu/v1_web/owlshell/bu-github/oly-lc-WGS/data/raw/HC18_Triton_Wild_8_S65_L004_R1_001.fastq.gz [2460589696/2460589696] -> "data/raw/HC18_Triton_Wild_8_S65_L004_R1_001.fastq.gz" [1]
2026-09-26 21:16:10 URL:https://gannet.fish.washington.edu/v1_web/owlshell/bu-github/oly-lc-WGS/data/raw/LS_13a_S90_L004_R1_001.fastq.gz [1900763637/1900763637] -> "data/raw/LS_13a_S90_L004_R1_001.fastq.gz" [1]
2026-09-26 21:16:52 URL:https://gannet.fish.washington.edu/v1_web/owlshell/bu-github/oly-lc-WGS/data/raw/LS_12a_S89_L004_R1_001.fastq.gz [2901826307/2901826307] -> "data/raw/LS_12a_S89_L004_R1_001.fastq.gz" [1]
2026-09-26 21:17:40 URL:https://gannet.fish.washington.edu/v1_web/owlshell/bu-github/oly-lc-WGS/data/raw/LS_11a_S88_L004_R2_001.fastq.gz [2736471853/2736471853] -> "data/raw/LS_11a_S88_L004_R2_001.fastq.gz" [1]
2026-09-26 21:18:19 URL:https://gannet.fish.washington.edu/v1_web/owlshell/bu-github/oly-lc-WGS/data/raw/LS_14a_S91_L004_R1_001.fastq.gz [2607453517/2607453517] -> "data/raw/LS_14a_S91_L004_R1_001.fastq.gz" [1]
2026-09-26 21:19:00 URL:https://gannet.fish.washington.edu/v1_web/owlshell/bu-github/oly-lc-WGS/data/raw/LS_12a_S89_L004_R2_001.fastq.gz [2838125740/2838125740] -> "data/raw/LS_12a_S89_L004_R2_001.fastq.gz" [1]
2026-09-26 21:19:33 URL:https://gannet.fish.washington.edu/v1_web/owlshell/bu-github/oly-lc-WGS/data/raw/LS_8a_S85_L004_R2_001.fastq.gz [2397264309/2397264309] -> "data/raw/LS_8a_S85_L004_R2_001.fastq.gz" [1]
2026-09-26 21:19:55 URL:https://gannet.fish.washington.edu/v1_web/owlshell/bu-github/oly-lc-WGS/data/raw/LS_8a_S85_L004_R1_001.fastq.gz [2366191576/2366191576] -> "data/raw/LS_8a_S85_L004_R1_001.fastq.gz" [1]
2026-09-26 21:20:05 URL:https://gannet.fish.washington.edu/v1_web/owlshell/bu-github/oly-lc-WGS/data/raw/LS_13a_S90_L004_R2_001.fastq.gz [1913007680/1913007680] -> "data/raw/LS_13a_S90_L004_R2_001.fastq.gz" [1]
2026-09-26 21:21:22 URL:https://gannet.fish.washington.edu/v1_web/owlshell/bu-github/oly-lc-WGS/data/raw/MB_12a_S38_L004_R1_001.fastq.gz [2392524441/2392524441] -> "data/raw/MB_12a_S38_L004_R1_001.fastq.gz" [1]
2026-09-26 21:21:35 URL:https://gannet.fish.washington.edu/v1_web/owlshell/bu-github/oly-lc-WGS/data/raw/MB_11a_S37_L004_R2_001.fastq.gz [2471918422/2471918422] -> "data/raw/MB_11a_S37_L004_R2_001.fastq.gz" [1]
2026-09-26 21:22:48 URL:https://gannet.fish.washington.edu/v1_web/owlshell/bu-github/oly-lc-WGS/data/raw/LS_9a_S86_L004_R2_001.fastq.gz [2486813543/2486813543] -> "data/raw/LS_9a_S86_L004_R2_001.fastq.gz" [1]
2026-09-26 21:23:10 URL:https://gannet.fish.washington.edu/v1_web/owlshell/bu-github/oly-lc-WGS/data/raw/MB_11a_S37_L004_R1_001.fastq.gz [2446069680/2446069680] -> "data/raw/MB_11a_S37_L004_R1_001.fastq.gz" [1]
2026-09-26 21:23:17 URL:https://gannet.fish.washington.edu/v1_web/owlshell/bu-github/oly-lc-WGS/data/raw/MB_12a_S38_L004_R2_001.fastq.gz [2422719285/2422719285] -> "data/raw/MB_12a_S38_L004_R2_001.fastq.gz" [1]
2026-09-26 21:24:37 URL:https://gannet.fish.washington.edu/v1_web/owlshell/bu-github/oly-lc-WGS/data/raw/MB_13a_S39_L004_R1_001.fastq.gz [2557628105/2557628105] -> "data/raw/MB_13a_S39_L004_R1_001.fastq.gz" [1]
2026-09-26 21:25:13 URL:https://gannet.fish.washington.edu/v1_web/owlshell/bu-github/oly-lc-WGS/data/raw/MB_13a_S39_L004_R2_001.fastq.gz [2598581183/2598581183] -> "data/raw/MB_13a_S39_L004_R2_001.fastq.gz" [1]
2026-09-26 21:25:30 URL:https://gannet.fish.washington.edu/v1_web/owlshell/bu-github/oly-lc-WGS/data/raw/MB_14a_S40_L004_R2_001.fastq.gz [2084975522/2084975522] -> "data/raw/MB_14a_S40_L004_R2_001.fastq.gz" [1]
2026-09-26 21:26:29 URL:https://gannet.fish.washington.edu/v1_web/owlshell/bu-github/oly-lc-WGS/data/raw/MB_2a_S34_L004_R1_001.fastq.gz [2437145360/2437145360] -> "data/raw/MB_2a_S34_L004_R1_001.fastq.gz" [1]
2026-09-26 21:26:40 URL:https://gannet.fish.washington.edu/v1_web/owlshell/bu-github/oly-lc-WGS/data/raw/MB_3a_S35_L004_R2_001.fastq.gz [2281262683/2281262683] -> "data/raw/MB_3a_S35_L004_R2_001.fastq.gz" [1]
2026-09-26 21:27:18 URL:https://gannet.fish.washington.edu/v1_web/owlshell/bu-github/oly-lc-WGS/data/raw/MB_4a_S36_L004_R2_001.fastq.gz [2634359718/2634359718] -> "data/raw/MB_4a_S36_L004_R2_001.fastq.gz" [1]
2026-09-26 21:28:17 URL:https://gannet.fish.washington.edu/v1_web/owlshell/bu-github/oly-lc-WGS/data/raw/MB_14a_S40_L004_R1_001.fastq.gz [2056005819/2056005819] -> "data/raw/MB_14a_S40_L004_R1_001.fastq.gz" [1]
2026-09-26 21:28:23 URL:https://gannet.fish.washington.edu/v1_web/owlshell/bu-github/oly-lc-WGS/data/raw/MB_1a_S33_L004_R1_001.fastq.gz [2172481085/2172481085] -> "data/raw/MB_1a_S33_L004_R1_001.fastq.gz" [1]
2026-09-26 21:29:28 URL:https://gannet.fish.washington.edu/v1_web/owlshell/bu-github/oly-lc-WGS/data/raw/MB_1a_S33_L004_R2_001.fastq.gz [2205810561/2205810561] -> "data/raw/MB_1a_S33_L004_R2_001.fastq.gz" [1]
2026-09-26 21:30:43 URL:https://gannet.fish.washington.edu/v1_web/owlshell/bu-github/oly-lc-WGS/data/raw/MB_3a_S35_L004_R1_001.fastq.gz [2300611163/2300611163] -> "data/raw/MB_3a_S35_L004_R1_001.fastq.gz" [1]
2026-09-26 21:30:57 URL:https://gannet.fish.washington.edu/v1_web/owlshell/bu-github/oly-lc-WGS/data/raw/MB_2a_S34_L004_R2_001.fastq.gz [2458957575/2458957575] -> "data/raw/MB_2a_S34_L004_R2_001.fastq.gz" [1]
2026-09-26 21:31:44 URL:https://gannet.fish.washington.edu/v1_web/owlshell/bu-github/oly-lc-WGS/data/raw/MB_4a_S36_L004_R1_001.fastq.gz [2684053148/2684053148] -> "data/raw/MB_4a_S36_L004_R1_001.fastq.gz" [1]
2026-09-26 21:31:56 URL:https://gannet.fish.washington.edu/v1_web/owlshell/bu-github/oly-lc-WGS/data/raw/NS18_Disco_Wild_11_S22_L004_R1_001.fastq.gz [2106296817/2106296817] -> "data/raw/NS18_Disco_Wild_11_S22_L004_R1_001.fastq.gz" [1]
2026-09-26 21:32:28 URL:https://gannet.fish.washington.edu/v1_web/owlshell/bu-github/oly-lc-WGS/data/raw/NS18_Disco_Wild_10_S21_L004_R1_001.fastq.gz [2175143674/2175143674] -> "data/raw/NS18_Disco_Wild_10_S21_L004_R1_001.fastq.gz" [1]
2026-09-26 21:33:34 URL:https://gannet.fish.washington.edu/v1_web/owlshell/bu-github/oly-lc-WGS/data/raw/NS18_Disco_Wild_10_S21_L004_R2_001.fastq.gz [2134949392/2134949392] -> "data/raw/NS18_Disco_Wild_10_S21_L004_R2_001.fastq.gz" [1]
2026-09-26 21:35:10 URL:https://gannet.fish.washington.edu/v1_web/owlshell/bu-github/oly-lc-WGS/data/raw/LS_11a_S88_L004_R1_001.fastq.gz [2913024060/2913024060] -> "data/raw/LS_11a_S88_L004_R1_001.fastq.gz" [1]
2026-09-26 21:35:16 URL:https://gannet.fish.washington.edu/v1_web/owlshell/bu-github/oly-lc-WGS/data/raw/NS18_Disco_Wild_15_S26_L004_R1_001.fastq.gz [2415503035/2415503035] -> "data/raw/NS18_Disco_Wild_15_S26_L004_R1_001.fastq.gz" [1]
2026-09-26 21:35:46 URL:https://gannet.fish.washington.edu/v1_web/owlshell/bu-github/oly-lc-WGS/data/raw/NS18_Disco_Wild_12_S23_L004_R1_001.fastq.gz [2634147875/2634147875] -> "data/raw/NS18_Disco_Wild_12_S23_L004_R1_001.fastq.gz" [1]
2026-09-26 21:36:27 URL:https://gannet.fish.washington.edu/v1_web/owlshell/bu-github/oly-lc-WGS/data/raw/NS18_Disco_Wild_13_S24_L004_R2_001.fastq.gz [2336495864/2336495864] -> "data/raw/NS18_Disco_Wild_13_S24_L004_R2_001.fastq.gz" [1]
2026-09-26 21:36:54 URL:https://gannet.fish.washington.edu/v1_web/owlshell/bu-github/oly-lc-WGS/data/raw/NS18_Disco_Wild_13_S24_L004_R1_001.fastq.gz [2327094914/2327094914] -> "data/raw/NS18_Disco_Wild_13_S24_L004_R1_001.fastq.gz" [1]
2026-09-26 21:37:35 URL:https://gannet.fish.washington.edu/v1_web/owlshell/bu-github/oly-lc-WGS/data/raw/NS18_Disco_Wild_14_S25_L004_R2_001.fastq.gz [1714750921/1714750921] -> "data/raw/NS18_Disco_Wild_14_S25_L004_R2_001.fastq.gz" [1]
2026-09-26 21:38:27 URL:https://gannet.fish.washington.edu/v1_web/owlshell/bu-github/oly-lc-WGS/data/raw/NS18_Disco_Wild_15_S26_L004_R2_001.fastq.gz [2439425616/2439425616] -> "data/raw/NS18_Disco_Wild_15_S26_L004_R2_001.fastq.gz" [1]
2026-09-26 21:39:34 URL:https://gannet.fish.washington.edu/v1_web/owlshell/bu-github/oly-lc-WGS/data/raw/NS18_Disco_Wild_14_S25_L004_R1_001.fastq.gz [1724076141/1724076141] -> "data/raw/NS18_Disco_Wild_14_S25_L004_R1_001.fastq.gz" [1]
2026-09-26 21:40:14 URL:https://gannet.fish.washington.edu/v1_web/owlshell/bu-github/oly-lc-WGS/data/raw/NS18_Disco_Wild_8_S19_L004_R1_001.fastq.gz [2419918116/2419918116] -> "data/raw/NS18_Disco_Wild_8_S19_L004_R1_001.fastq.gz" [1]
2026-09-26 21:40:55 URL:https://gannet.fish.washington.edu/v1_web/owlshell/bu-github/oly-lc-WGS/data/raw/NS18_Disco_Wild_9_S20_L004_R2_001.fastq.gz [2292927913/2292927913] -> "data/raw/NS18_Disco_Wild_9_S20_L004_R2_001.fastq.gz" [1]
2026-09-26 21:41:02 URL:https://gannet.fish.washington.edu/v1_web/owlshell/bu-github/oly-lc-WGS/data/raw/NS18_Disco_Wild_12_S23_L004_R2_001.fastq.gz [2624938724/2624938724] -> "data/raw/NS18_Disco_Wild_12_S23_L004_R2_001.fastq.gz" [1]
2026-09-26 21:41:13 URL:https://gannet.fish.washington.edu/v1_web/owlshell/bu-github/oly-lc-WGS/data/raw/NS18_Disco_Wild_11_S22_L004_R2_001.fastq.gz [2097309703/2097309703] -> "data/raw/NS18_Disco_Wild_11_S22_L004_R2_001.fastq.gz" [1]
2026-09-26 21:41:31 URL:https://gannet.fish.washington.edu/v1_web/owlshell/bu-github/oly-lc-WGS/data/raw/NS18_Disco_Wild_9_S20_L004_R1_001.fastq.gz [2325848559/2325848559] -> "data/raw/NS18_Disco_Wild_9_S20_L004_R1_001.fastq.gz" [1]
2026-09-26 21:43:36 URL:https://gannet.fish.washington.edu/v1_web/owlshell/bu-github/oly-lc-WGS/data/raw/NS18_Sequim_Wild_4_S11_L004_R2_001.fastq.gz [2277487088/2277487088] -> "data/raw/NS18_Sequim_Wild_4_S11_L004_R2_001.fastq.gz" [1]
2026-09-26 21:44:47 URL:https://gannet.fish.washington.edu/v1_web/owlshell/bu-github/oly-lc-WGS/data/raw/NS18_Disco_Wild_8_S19_L004_R2_001.fastq.gz [2382372588/2382372588] -> "data/raw/NS18_Disco_Wild_8_S19_L004_R2_001.fastq.gz" [1]
2026-09-26 21:45:20 URL:https://gannet.fish.washington.edu/v1_web/owlshell/bu-github/oly-lc-WGS/data/raw/NS18_Sequim_Wild_55_S15_L004_R1_001.fastq.gz [2224237660/2224237660] -> "data/raw/NS18_Sequim_Wild_55_S15_L004_R1_001.fastq.gz" [1]
2026-09-26 21:45:27 URL:https://gannet.fish.washington.edu/v1_web/owlshell/bu-github/oly-lc-WGS/data/raw/NS18_Sequim_Wild_55_S15_L004_R2_001.fastq.gz [2201692047/2201692047] -> "data/raw/NS18_Sequim_Wild_55_S15_L004_R2_001.fastq.gz" [1]
2026-09-26 21:45:44 URL:https://gannet.fish.washington.edu/v1_web/owlshell/bu-github/oly-lc-WGS/data/raw/NS18_Sequim_Wild_56_S16_L004_R2_001.fastq.gz [2065913941/2065913941] -> "data/raw/NS18_Sequim_Wild_56_S16_L004_R2_001.fastq.gz" [1]
2026-09-26 21:45:51 URL:https://gannet.fish.washington.edu/v1_web/owlshell/bu-github/oly-lc-WGS/data/raw/NS18_Sequim_Wild_4_S11_L004_R1_001.fastq.gz [2345704353/2345704353] -> "data/raw/NS18_Sequim_Wild_4_S11_L004_R1_001.fastq.gz" [1]
2026-09-26 21:47:28 URL:https://gannet.fish.washington.edu/v1_web/owlshell/bu-github/oly-lc-WGS/data/raw/NS18_Sequim_Wild_56_S16_L004_R1_001.fastq.gz [2060628141/2060628141] -> "data/raw/NS18_Sequim_Wild_56_S16_L004_R1_001.fastq.gz" [1]
2026-09-26 21:48:11 URL:https://gannet.fish.washington.edu/v1_web/owlshell/bu-github/oly-lc-WGS/data/raw/NS18_Sequim_Wild_57_S17_L004_R1_001.fastq.gz [2450407249/2450407249] -> "data/raw/NS18_Sequim_Wild_57_S17_L004_R1_001.fastq.gz" [1]
2026-09-26 21:49:36 URL:https://gannet.fish.washington.edu/v1_web/owlshell/bu-github/oly-lc-WGS/data/raw/NS18_Sequim_Wild_5_S12_L004_R2_001.fastq.gz [2036393401/2036393401] -> "data/raw/NS18_Sequim_Wild_5_S12_L004_R2_001.fastq.gz" [1]
2026-09-26 21:49:39 URL:https://gannet.fish.washington.edu/v1_web/owlshell/bu-github/oly-lc-WGS/data/raw/NS18_Sequim_Wild_58_S18_L004_R1_001.fastq.gz [1919256762/1919256762] -> "data/raw/NS18_Sequim_Wild_58_S18_L004_R1_001.fastq.gz" [1]
2026-09-26 21:49:54 URL:https://gannet.fish.washington.edu/v1_web/owlshell/bu-github/oly-lc-WGS/data/raw/NS18_Sequim_Wild_58_S18_L004_R2_001.fastq.gz [1909741184/1909741184] -> "data/raw/NS18_Sequim_Wild_58_S18_L004_R2_001.fastq.gz" [1]
2026-09-26 21:51:03 URL:https://gannet.fish.washington.edu/v1_web/owlshell/bu-github/oly-lc-WGS/data/raw/NS18_Sequim_Wild_57_S17_L004_R2_001.fastq.gz [2460003706/2460003706] -> "data/raw/NS18_Sequim_Wild_57_S17_L004_R2_001.fastq.gz" [1]
2026-09-26 21:52:36 URL:https://gannet.fish.washington.edu/v1_web/owlshell/bu-github/oly-lc-WGS/data/raw/NS18_Sequim_Wild_6_S13_L004_R2_001.fastq.gz [2398697422/2398697422] -> "data/raw/NS18_Sequim_Wild_6_S13_L004_R2_001.fastq.gz" [1]
2026-09-26 21:53:20 URL:https://gannet.fish.washington.edu/v1_web/owlshell/bu-github/oly-lc-WGS/data/raw/Ostrich_Bay_11_S60_L004_R1_001.fastq.gz [2657593401/2657593401] -> "data/raw/Ostrich_Bay_11_S60_L004_R1_001.fastq.gz" [1]
2026-09-26 21:54:19 URL:https://gannet.fish.washington.edu/v1_web/owlshell/bu-github/oly-lc-WGS/data/raw/Ostrich_Bay_11_S60_L004_R2_001.fastq.gz [2708807133/2708807133] -> "data/raw/Ostrich_Bay_11_S60_L004_R2_001.fastq.gz" [1]
2026-09-26 21:54:36 URL:https://gannet.fish.washington.edu/v1_web/owlshell/bu-github/oly-lc-WGS/data/raw/Ostrich_Bay_10_S59_L004_R2_001.fastq.gz [2510010133/2510010133] -> "data/raw/Ostrich_Bay_10_S59_L004_R2_001.fastq.gz" [1]
2026-09-26 21:54:39 URL:https://gannet.fish.washington.edu/v1_web/owlshell/bu-github/oly-lc-WGS/data/raw/Ostrich_Bay_12_S61_L004_R2_001.fastq.gz [2706438899/2706438899] -> "data/raw/Ostrich_Bay_12_S61_L004_R2_001.fastq.gz" [1]
2026-09-26 21:56:29 URL:https://gannet.fish.washington.edu/v1_web/owlshell/bu-github/oly-lc-WGS/data/raw/Ostrich_Bay_12_S61_L004_R1_001.fastq.gz [2771848672/2771848672] -> "data/raw/Ostrich_Bay_12_S61_L004_R1_001.fastq.gz" [1]
2026-09-26 21:58:14 URL:https://gannet.fish.washington.edu/v1_web/owlshell/bu-github/oly-lc-WGS/data/raw/Ostrich_Bay_14_S63_L004_R2_001.fastq.gz [2740193336/2740193336] -> "data/raw/Ostrich_Bay_14_S63_L004_R2_001.fastq.gz" [1]
2026-09-26 21:58:14 URL:https://gannet.fish.washington.edu/v1_web/owlshell/bu-github/oly-lc-WGS/data/raw/Ostrich_Bay_7_S56_L004_R2_001.fastq.gz [2440719385/2440719385] -> "data/raw/Ostrich_Bay_7_S56_L004_R2_001.fastq.gz" [1]
2026-09-26 21:58:44 URL:https://gannet.fish.washington.edu/v1_web/owlshell/bu-github/oly-lc-WGS/data/raw/Ostrich_Bay_13_S62_L004_R1_001.fastq.gz [2716745005/2716745005] -> "data/raw/Ostrich_Bay_13_S62_L004_R1_001.fastq.gz" [1]
2026-09-26 21:58:50 URL:https://gannet.fish.washington.edu/v1_web/owlshell/bu-github/oly-lc-WGS/data/raw/Ostrich_Bay_13_S62_L004_R2_001.fastq.gz [2743326284/2743326284] -> "data/raw/Ostrich_Bay_13_S62_L004_R2_001.fastq.gz" [1]
2026-09-26 21:59:59 URL:https://gannet.fish.washington.edu/v1_web/owlshell/bu-github/oly-lc-WGS/data/raw/Ostrich_Bay_7_S56_L004_R1_001.fastq.gz [2425967430/2425967430] -> "data/raw/Ostrich_Bay_7_S56_L004_R1_001.fastq.gz" [1]
2026-09-26 22:00:03 URL:https://gannet.fish.washington.edu/v1_web/owlshell/bu-github/oly-lc-WGS/data/raw/Ostrich_Bay_14_S63_L004_R1_001.fastq.gz [2708572095/2708572095] -> "data/raw/Ostrich_Bay_14_S63_L004_R1_001.fastq.gz" [1]
2026-09-26 22:02:09 URL:https://gannet.fish.washington.edu/v1_web/owlshell/bu-github/oly-lc-WGS/data/raw/Ostrich_Bay_8_S57_L004_R1_001.fastq.gz [2629056531/2629056531] -> "data/raw/Ostrich_Bay_8_S57_L004_R1_001.fastq.gz" [1]
2026-09-26 22:02:26 URL:https://gannet.fish.washington.edu/v1_web/owlshell/bu-github/oly-lc-WGS/data/raw/Ostrich_Bay_9_S58_L004_R1_001.fastq.gz [2662780783/2662780783] -> "data/raw/Ostrich_Bay_9_S58_L004_R1_001.fastq.gz" [1]
2026-09-26 22:03:05 URL:https://gannet.fish.washington.edu/v1_web/owlshell/bu-github/oly-lc-WGS/data/raw/PGB18_Wild_10_S109_L004_R1_001.fastq.gz [2255066175/2255066175] -> "data/raw/PGB18_Wild_10_S109_L004_R1_001.fastq.gz" [1]
2026-09-26 22:03:55 URL:https://gannet.fish.washington.edu/v1_web/owlshell/bu-github/oly-lc-WGS/data/raw/PGB18_Wild_10_S109_L004_R2_001.fastq.gz [2207611726/2207611726] -> "data/raw/PGB18_Wild_10_S109_L004_R2_001.fastq.gz" [1]
2026-09-26 22:04:37 URL:https://gannet.fish.washington.edu/v1_web/owlshell/bu-github/oly-lc-WGS/data/raw/Ostrich_Bay_8_S57_L004_R2_001.fastq.gz [2651687483/2651687483] -> "data/raw/Ostrich_Bay_8_S57_L004_R2_001.fastq.gz" [1]
2026-09-26 22:05:53 URL:https://gannet.fish.washington.edu/v1_web/owlshell/bu-github/oly-lc-WGS/data/raw/PGB18_Wild_12_S29_L004_R1_001.fastq.gz [2479535554/2479535554] -> "data/raw/PGB18_Wild_12_S29_L004_R1_001.fastq.gz" [1]
2026-09-26 22:06:00 URL:https://gannet.fish.washington.edu/v1_web/owlshell/bu-github/oly-lc-WGS/data/raw/Ostrich_Bay_9_S58_L004_R2_001.fastq.gz [2681657303/2681657303] -> "data/raw/Ostrich_Bay_9_S58_L004_R2_001.fastq.gz" [1]
2026-09-26 22:06:25 URL:https://gannet.fish.washington.edu/v1_web/owlshell/bu-github/oly-lc-WGS/data/raw/PGB18_Wild_11_S110_L004_R2_001.fastq.gz [2161739746/2161739746] -> "data/raw/PGB18_Wild_11_S110_L004_R2_001.fastq.gz" [1]
2026-09-26 22:06:51 URL:https://gannet.fish.washington.edu/v1_web/owlshell/bu-github/oly-lc-WGS/data/raw/PGB18_Wild_11_S110_L004_R1_001.fastq.gz [2214618233/2214618233] -> "data/raw/PGB18_Wild_11_S110_L004_R1_001.fastq.gz" [1]
2026-09-26 22:07:36 URL:https://gannet.fish.washington.edu/v1_web/owlshell/bu-github/oly-lc-WGS/data/raw/PGB18_Wild_12_S29_L004_R2_001.fastq.gz [2459629844/2459629844] -> "data/raw/PGB18_Wild_12_S29_L004_R2_001.fastq.gz" [1]
2026-09-26 22:09:19 URL:https://gannet.fish.washington.edu/v1_web/owlshell/bu-github/oly-lc-WGS/data/raw/PGB18_Wild_14_S31_L004_R2_001.fastq.gz [2325697752/2325697752] -> "data/raw/PGB18_Wild_14_S31_L004_R2_001.fastq.gz" [1]
2026-09-26 22:09:30 URL:https://gannet.fish.washington.edu/v1_web/owlshell/bu-github/oly-lc-WGS/data/raw/PGB18_Wild_13_S30_L004_R1_001.fastq.gz [2434350333/2434350333] -> "data/raw/PGB18_Wild_13_S30_L004_R1_001.fastq.gz" [1]
2026-09-26 22:09:56 URL:https://gannet.fish.washington.edu/v1_web/owlshell/bu-github/oly-lc-WGS/data/raw/PGB18_Wild_14_S31_L004_R1_001.fastq.gz [2336992353/2336992353] -> "data/raw/PGB18_Wild_14_S31_L004_R1_001.fastq.gz" [1]
2026-09-26 22:10:23 URL:https://gannet.fish.washington.edu/v1_web/owlshell/bu-github/oly-lc-WGS/data/raw/PGB18_Wild_13_S30_L004_R2_001.fastq.gz [2430233828/2430233828] -> "data/raw/PGB18_Wild_13_S30_L004_R2_001.fastq.gz" [1]
2026-09-26 22:11:08 URL:https://gannet.fish.washington.edu/v1_web/owlshell/bu-github/oly-lc-WGS/data/raw/PGB18_Wild_15_S32_L004_R1_001.fastq.gz [2366466570/2366466570] -> "data/raw/PGB18_Wild_15_S32_L004_R1_001.fastq.gz" [1]
2026-09-26 22:12:19 URL:https://gannet.fish.washington.edu/v1_web/owlshell/bu-github/oly-lc-WGS/data/raw/PGB18_Wild_15_S32_L004_R2_001.fastq.gz [2359006006/2359006006] -> "data/raw/PGB18_Wild_15_S32_L004_R2_001.fastq.gz" [1]
2026-09-26 22:13:41 URL:https://gannet.fish.washington.edu/v1_web/owlshell/bu-github/oly-lc-WGS/data/raw/PGB18_Wild_8_S27_L004_R2_001.fastq.gz [2111971585/2111971585] -> "data/raw/PGB18_Wild_8_S27_L004_R2_001.fastq.gz" [1]
2026-09-26 22:13:47 URL:https://gannet.fish.washington.edu/v1_web/owlshell/bu-github/oly-lc-WGS/data/raw/PGB18_Wild_9_S28_L004_R1_001.fastq.gz [2051216659/2051216659] -> "data/raw/PGB18_Wild_9_S28_L004_R1_001.fastq.gz" [1]
2026-09-26 22:14:19 URL:https://gannet.fish.washington.edu/v1_web/owlshell/bu-github/oly-lc-WGS/data/raw/PGB18_Wild_8_S27_L004_R1_001.fastq.gz [2123754636/2123754636] -> "data/raw/PGB18_Wild_8_S27_L004_R1_001.fastq.gz" [1]
2026-09-26 22:15:02 URL:https://gannet.fish.washington.edu/v1_web/owlshell/bu-github/oly-lc-WGS/data/raw/SS18_North_Bay_Wild_11_S70_L004_R1_001.fastq.gz [2308392693/2308392693] -> "data/raw/SS18_North_Bay_Wild_11_S70_L004_R1_001.fastq.gz" [1]
2026-09-26 22:15:25 URL:https://gannet.fish.washington.edu/v1_web/owlshell/bu-github/oly-lc-WGS/data/raw/SS18_North_Bay_Wild_13_S71_L004_R2_001.fastq.gz [2121254616/2121254616] -> "data/raw/SS18_North_Bay_Wild_13_S71_L004_R2_001.fastq.gz" [1]
2026-09-26 22:15:34 URL:https://gannet.fish.washington.edu/v1_web/owlshell/bu-github/oly-lc-WGS/data/raw/SS18_North_Bay_Wild_11_S70_L004_R2_001.fastq.gz [2273523029/2273523029] -> "data/raw/SS18_North_Bay_Wild_11_S70_L004_R2_001.fastq.gz" [1]
2026-09-26 22:16:36 URL:https://gannet.fish.washington.edu/v1_web/owlshell/bu-github/oly-lc-WGS/data/raw/PGB18_Wild_9_S28_L004_R2_001.fastq.gz [2034805450/2034805450] -> "data/raw/PGB18_Wild_9_S28_L004_R2_001.fastq.gz" [1]
2026-09-26 22:17:27 URL:https://gannet.fish.washington.edu/v1_web/owlshell/bu-github/oly-lc-WGS/data/raw/SS18_North_Bay_Wild_13_S71_L004_R1_001.fastq.gz [2171067479/2171067479] -> "data/raw/SS18_North_Bay_Wild_13_S71_L004_R1_001.fastq.gz" [1]
2026-09-26 22:18:02 URL:https://gannet.fish.washington.edu/v1_web/owlshell/bu-github/oly-lc-WGS/data/raw/SS18_North_Bay_Wild_14_S72_L004_R1_001.fastq.gz [2400351617/2400351617] -> "data/raw/SS18_North_Bay_Wild_14_S72_L004_R1_001.fastq.gz" [1]
2026-09-26 22:19:09 URL:https://gannet.fish.washington.edu/v1_web/owlshell/bu-github/oly-lc-WGS/data/raw/SS18_North_Bay_Wild_14_S72_L004_R2_001.fastq.gz [2402424157/2402424157] -> "data/raw/SS18_North_Bay_Wild_14_S72_L004_R2_001.fastq.gz" [1]
2026-09-26 22:20:01 URL:https://gannet.fish.washington.edu/v1_web/owlshell/bu-github/oly-lc-WGS/data/raw/SS18_North_Bay_Wild_15_S73_L004_R1_001.fastq.gz [2492220899/2492220899] -> "data/raw/SS18_North_Bay_Wild_15_S73_L004_R1_001.fastq.gz" [1]
2026-09-26 22:20:15 URL:https://gannet.fish.washington.edu/v1_web/owlshell/bu-github/oly-lc-WGS/data/raw/SS18_North_Bay_Wild_15_S73_L004_R2_001.fastq.gz [2408162534/2408162534] -> "data/raw/SS18_North_Bay_Wild_15_S73_L004_R2_001.fastq.gz" [1]
2026-09-26 22:21:42 URL:https://gannet.fish.washington.edu/v1_web/owlshell/bu-github/oly-lc-WGS/data/raw/SS18_North_Bay_Wild_16_S74_L004_R2_001.fastq.gz [2430586408/2430586408] -> "data/raw/SS18_North_Bay_Wild_16_S74_L004_R2_001.fastq.gz" [1]
2026-09-26 22:21:50 URL:https://gannet.fish.washington.edu/v1_web/owlshell/bu-github/oly-lc-WGS/data/raw/SS18_North_Bay_Wild_17_S75_L004_R1_001.fastq.gz [2640599343/2640599343] -> "data/raw/SS18_North_Bay_Wild_17_S75_L004_R1_001.fastq.gz" [1]
2026-09-26 22:22:16 URL:https://gannet.fish.washington.edu/v1_web/owlshell/bu-github/oly-lc-WGS/data/raw/SS18_North_Bay_Wild_18_S76_L004_R2_001.fastq.gz [2145053673/2145053673] -> "data/raw/SS18_North_Bay_Wild_18_S76_L004_R2_001.fastq.gz" [1]
2026-09-26 22:24:08 URL:https://gannet.fish.washington.edu/v1_web/owlshell/bu-github/oly-lc-WGS/data/raw/SS18_North_Bay_Wild_16_S74_L004_R1_001.fastq.gz [2448809146/2448809146] -> "data/raw/SS18_North_Bay_Wild_16_S74_L004_R1_001.fastq.gz" [1]
2026-09-26 22:25:55 URL:https://gannet.fish.washington.edu/v1_web/owlshell/bu-github/oly-lc-WGS/data/raw/SS18_North_Bay_Wild_19_S77_L004_R1_001.fastq.gz [2235378104/2235378104] -> "data/raw/SS18_North_Bay_Wild_19_S77_L004_R1_001.fastq.gz" [1]
2026-09-26 22:26:16 URL:https://gannet.fish.washington.edu/v1_web/owlshell/bu-github/oly-lc-WGS/data/raw/SS18_North_Bay_Wild_17_S75_L004_R2_001.fastq.gz [2648473531/2648473531] -> "data/raw/SS18_North_Bay_Wild_17_S75_L004_R2_001.fastq.gz" [1]
2026-09-26 22:28:12 URL:https://gannet.fish.washington.edu/v1_web/owlshell/bu-github/oly-lc-WGS/data/raw/SS18_North_Bay_Wild_19_S77_L004_R2_001.fastq.gz [2211176833/2211176833] -> "data/raw/SS18_North_Bay_Wild_19_S77_L004_R2_001.fastq.gz" [1]
2026-09-26 22:29:16 URL:https://gannet.fish.washington.edu/v1_web/owlshell/bu-github/oly-lc-WGS/data/raw/Squaxin_Island_11a_S83_L004_R2_001.fastq.gz [2388701125/2388701125] -> "data/raw/Squaxin_Island_11a_S83_L004_R2_001.fastq.gz" [1]
2026-09-26 22:29:26 URL:https://gannet.fish.washington.edu/v1_web/owlshell/bu-github/oly-lc-WGS/data/raw/Squaxin_Island_10a_S82_L004_R1_001.fastq.gz [2721984399/2721984399] -> "data/raw/Squaxin_Island_10a_S82_L004_R1_001.fastq.gz" [1]
2026-09-26 22:29:27 URL:https://gannet.fish.washington.edu/v1_web/owlshell/bu-github/oly-lc-WGS/data/raw/Squaxin_Island_10a_S82_L004_R2_001.fastq.gz [2683398457/2683398457] -> "data/raw/Squaxin_Island_10a_S82_L004_R2_001.fastq.gz" [1]
2026-09-26 22:30:38 URL:https://gannet.fish.washington.edu/v1_web/owlshell/bu-github/oly-lc-WGS/data/raw/Squaxin_Island_12a_S84_L004_R2_001.fastq.gz [2960543724/2960543724] -> "data/raw/Squaxin_Island_12a_S84_L004_R2_001.fastq.gz" [1]
2026-09-26 22:31:06 URL:https://gannet.fish.washington.edu/v1_web/owlshell/bu-github/oly-lc-WGS/data/raw/Squaxin_Island_12a_S84_L004_R1_001.fastq.gz [2983305434/2983305434] -> "data/raw/Squaxin_Island_12a_S84_L004_R1_001.fastq.gz" [1]
2026-09-26 22:32:20 URL:https://gannet.fish.washington.edu/v1_web/owlshell/bu-github/oly-lc-WGS/data/raw/Squaxin_Island_6a_S78_L004_R2_001.fastq.gz [2429795341/2429795341] -> "data/raw/Squaxin_Island_6a_S78_L004_R2_001.fastq.gz" [1]
2026-09-26 22:33:12 URL:https://gannet.fish.washington.edu/v1_web/owlshell/bu-github/oly-lc-WGS/data/raw/Squaxin_Island_6a_S78_L004_R1_001.fastq.gz [2407448755/2407448755] -> "data/raw/Squaxin_Island_6a_S78_L004_R1_001.fastq.gz" [1]
2026-09-26 22:33:24 URL:https://gannet.fish.washington.edu/v1_web/owlshell/bu-github/oly-lc-WGS/data/raw/Squaxin_Island_11a_S83_L004_R1_001.fastq.gz [2372405058/2372405058] -> "data/raw/Squaxin_Island_11a_S83_L004_R1_001.fastq.gz" [1]
2026-09-26 22:34:02 URL:https://gannet.fish.washington.edu/v1_web/owlshell/bu-github/oly-lc-WGS/data/raw/LS_14a_S91_L004_R2_001.fastq.gz [2631313744/2631313744] -> "data/raw/LS_14a_S91_L004_R2_001.fastq.gz" [1]
2026-09-26 22:34:07 URL:https://gannet.fish.washington.edu/v1_web/owlshell/bu-github/oly-lc-WGS/data/raw/Squaxin_Island_7a_S79_L004_R1_001.fastq.gz [2632679364/2632679364] -> "data/raw/Squaxin_Island_7a_S79_L004_R1_001.fastq.gz" [1]
2026-09-26 22:35:40 URL:https://gannet.fish.washington.edu/v1_web/owlshell/bu-github/oly-lc-WGS/data/raw/LS_9a_S86_L004_R1_001.fastq.gz [2452788681/2452788681] -> "data/raw/LS_9a_S86_L004_R1_001.fastq.gz" [1]
2026-09-26 22:35:40 URL:https://gannet.fish.washington.edu/v1_web/owlshell/bu-github/oly-lc-WGS/data/raw/Squaxin_Island_7a_S79_L004_R2_001.fastq.gz [2659385224/2659385224] -> "data/raw/Squaxin_Island_7a_S79_L004_R2_001.fastq.gz" [1]
2026-09-26 22:36:31 URL:https://gannet.fish.washington.edu/v1_web/owlshell/bu-github/oly-lc-WGS/data/raw/Squaxin_Island_8a_S80_L004_R2_001.fastq.gz [2656352119/2656352119] -> "data/raw/Squaxin_Island_8a_S80_L004_R2_001.fastq.gz" [1]
2026-09-26 22:37:41 URL:https://gannet.fish.washington.edu/v1_web/owlshell/bu-github/oly-lc-WGS/data/raw/Squaxin_Island_8a_S80_L004_R1_001.fastq.gz [2622116627/2622116627] -> "data/raw/Squaxin_Island_8a_S80_L004_R1_001.fastq.gz" [1]
2026-09-26 22:37:57 URL:https://gannet.fish.washington.edu/v1_web/owlshell/bu-github/oly-lc-WGS/data/raw/WB_11a_S93_L004_R2_001.fastq.gz [2730784113/2730784113] -> "data/raw/WB_11a_S93_L004_R2_001.fastq.gz" [1]
2026-09-26 22:38:52 URL:https://gannet.fish.washington.edu/v1_web/owlshell/bu-github/oly-lc-WGS/data/raw/WB_12a_S94_L004_R1_001.fastq.gz [2384068985/2384068985] -> "data/raw/WB_12a_S94_L004_R1_001.fastq.gz" [1]
2026-09-26 22:39:18 URL:https://gannet.fish.washington.edu/v1_web/owlshell/bu-github/oly-lc-WGS/data/raw/Squaxin_Island_9a_S81_L004_R2_001.fastq.gz [2836328734/2836328734] -> "data/raw/Squaxin_Island_9a_S81_L004_R2_001.fastq.gz" [1]
2026-09-26 22:39:22 URL:https://gannet.fish.washington.edu/v1_web/owlshell/bu-github/oly-lc-WGS/data/raw/Squaxin_Island_9a_S81_L004_R1_001.fastq.gz [2814581906/2814581906] -> "data/raw/Squaxin_Island_9a_S81_L004_R1_001.fastq.gz" [1]
2026-09-26 22:39:27 URL:https://gannet.fish.washington.edu/v1_web/owlshell/bu-github/oly-lc-WGS/data/raw/WB_12a_S94_L004_R2_001.fastq.gz [2401340240/2401340240] -> "data/raw/WB_12a_S94_L004_R2_001.fastq.gz" [1]
2026-09-26 22:41:18 URL:https://gannet.fish.washington.edu/v1_web/owlshell/bu-github/oly-lc-WGS/data/raw/WB_13a_S95_L004_R2_001.fastq.gz [2712073212/2712073212] -> "data/raw/WB_13a_S95_L004_R2_001.fastq.gz" [1]
2026-09-26 22:43:12 URL:https://gannet.fish.washington.edu/v1_web/owlshell/bu-github/oly-lc-WGS/data/raw/WB_15a_S97_L004_R1_001.fastq.gz [2551908748/2551908748] -> "data/raw/WB_15a_S97_L004_R1_001.fastq.gz" [1]
2026-09-26 22:43:39 URL:https://gannet.fish.washington.edu/v1_web/owlshell/bu-github/oly-lc-WGS/data/raw/WB_13a_S95_L004_R1_001.fastq.gz [2750579860/2750579860] -> "data/raw/WB_13a_S95_L004_R1_001.fastq.gz" [1]
2026-09-26 22:44:54 URL:https://gannet.fish.washington.edu/v1_web/owlshell/bu-github/oly-lc-WGS/data/raw/WB_14a_S96_L004_R1_001.fastq.gz [2592794623/2592794623] -> "data/raw/WB_14a_S96_L004_R1_001.fastq.gz" [1]
2026-09-26 22:44:59 URL:https://gannet.fish.washington.edu/v1_web/owlshell/bu-github/oly-lc-WGS/data/raw/WB_14a_S96_L004_R2_001.fastq.gz [2578194595/2578194595] -> "data/raw/WB_14a_S96_L004_R2_001.fastq.gz" [1]
2026-09-26 22:45:03 URL:https://gannet.fish.washington.edu/v1_web/owlshell/bu-github/oly-lc-WGS/data/raw/WB_15a_S97_L004_R2_001.fastq.gz [2595141277/2595141277] -> "data/raw/WB_15a_S97_L004_R2_001.fastq.gz" [1]
2026-09-26 22:45:27 URL:https://gannet.fish.washington.edu/v1_web/owlshell/bu-github/oly-lc-WGS/data/raw/WB_16a_S98_L004_R1_001.fastq.gz [2653914426/2653914426] -> "data/raw/WB_16a_S98_L004_R1_001.fastq.gz" [1]
2026-09-26 22:47:22 URL:https://gannet.fish.washington.edu/v1_web/owlshell/bu-github/oly-lc-WGS/data/raw/WB_17a_S99_L004_R1_001.fastq.gz [2353692219/2353692219] -> "data/raw/WB_17a_S99_L004_R1_001.fastq.gz" [1]
2026-09-26 22:48:09 URL:https://gannet.fish.washington.edu/v1_web/owlshell/bu-github/oly-lc-WGS/data/raw/WB_17a_S99_L004_R2_001.fastq.gz [2354272755/2354272755] -> "data/raw/WB_17a_S99_L004_R2_001.fastq.gz" [1]
2026-09-26 22:48:20 URL:https://gannet.fish.washington.edu/v1_web/owlshell/bu-github/oly-lc-WGS/data/raw/NS18_Sequim_Wild_5_S12_L004_R1_001.fastq.gz [2047752891/2047752891] -> "data/raw/NS18_Sequim_Wild_5_S12_L004_R1_001.fastq.gz" [1]
2026-09-26 22:48:35 URL:https://gannet.fish.washington.edu/v1_web/owlshell/bu-github/oly-lc-WGS/data/raw/WB_18a_S100_L004_R1_001.fastq.gz [2595456668/2595456668] -> "data/raw/WB_18a_S100_L004_R1_001.fastq.gz" [1]
2026-09-26 22:48:46 URL:https://gannet.fish.washington.edu/v1_web/owlshell/bu-github/oly-lc-WGS/data/raw/WB_18a_S100_L004_R2_001.fastq.gz [2519131567/2519131567] -> "data/raw/WB_18a_S100_L004_R2_001.fastq.gz" [1]
2026-09-26 22:49:19 URL:https://gannet.fish.washington.edu/v1_web/owlshell/bu-github/oly-lc-WGS/data/raw/WB_16a_S98_L004_R2_001.fastq.gz [2675997686/2675997686] -> "data/raw/WB_16a_S98_L004_R2_001.fastq.gz" [1]
2026-09-26 22:50:36 URL:https://gannet.fish.washington.edu/v1_web/owlshell/bu-github/oly-lc-WGS/data/raw/NS18_Sequim_Wild_6_S13_L004_R1_001.fastq.gz [2435061301/2435061301] -> "data/raw/NS18_Sequim_Wild_6_S13_L004_R1_001.fastq.gz" [1]
2026-09-26 22:50:36 URL:https://gannet.fish.washington.edu/v1_web/owlshell/bu-github/oly-lc-WGS/data/raw/NS18_Sequim_Wild_7_S14_L004_R1_001.fastq.gz [2091620907/2091620907] -> "data/raw/NS18_Sequim_Wild_7_S14_L004_R1_001.fastq.gz" [1]
2026-09-26 22:50:52 URL:https://gannet.fish.washington.edu/v1_web/owlshell/bu-github/oly-lc-WGS/data/raw/SS18_North_Bay_Wild_18_S76_L004_R1_001.fastq.gz [2160321063/2160321063] -> "data/raw/SS18_North_Bay_Wild_18_S76_L004_R1_001.fastq.gz" [1]
2026-09-26 22:51:00 URL:https://gannet.fish.washington.edu/v1_web/owlshell/bu-github/oly-lc-WGS/data/raw/Ostrich_Bay_10_S59_L004_R1_001.fastq.gz [2485261757/2485261757] -> "data/raw/Ostrich_Bay_10_S59_L004_R1_001.fastq.gz" [1]
2026-09-26 22:51:04 URL:https://gannet.fish.washington.edu/v1_web/owlshell/bu-github/oly-lc-WGS/data/raw/NS18_Sequim_Wild_7_S14_L004_R2_001.fastq.gz [2086469841/2086469841] -> "data/raw/NS18_Sequim_Wild_7_S14_L004_R2_001.fastq.gz" [1]
2026-09-26 22:51:21 URL:https://gannet.fish.washington.edu/v1_web/owlshell/bu-github/oly-lc-WGS/data/raw/WB_11a_S93_L004_R1_001.fastq.gz [2707101214/2707101214] -> "data/raw/WB_11a_S93_L004_R1_001.fastq.gz" [1]
end 2026-09-27T05:51:27Z mismatches=0
