start 2026-09-28T08:12:29Z host n3432 pair=LS__Squaxin_Island
[persaf::persaf_init] Version of output/06_angsd_structure/saf/LS.saf.idx is 3
[persaf::persaf_init] Assuming .saf.gz file is output/06_angsd_structure/saf/LS.saf.gz
[persaf::persaf_init] Assuming .saf.pos.gz file is output/06_angsd_structure/saf/LS.saf.pos.gz
[persaf::persaf_init] Version of output/06_angsd_structure/saf/Squaxin_Island.saf.idx is 3
[persaf::persaf_init] Assuming .saf.gz file is output/06_angsd_structure/saf/Squaxin_Island.saf.gz
[persaf::persaf_init] Assuming .saf.pos.gz file is output/06_angsd_structure/saf/Squaxin_Island.saf.pos.gz
	-> args: tole:0.000000 nthreads:16 maxiter:60 nsites(block):0 start:(null) chr:CM196826.1 start:-1 stop:-1 fstout:(null) oldout:0 seed:-1 bootstrap:0 resample_chr:0 whichFst:0 fold:1 ref:(null) anc:(null)
[main] Multi SFS is 'still' under development. Please report strange behaviour.
	-> The choice of -nSites will require atleast: 7383.557617 megabyte memory, that is at least: 0.48% of total memory
	-> dim(output/06_angsd_structure/saf/LS.saf.idx):15
	-> dim(output/06_angsd_structure/saf/Squaxin_Island.saf.idx):15
	-> Dimension of parameter space: 225
	-> Done reading data from chromosome will prepare next chromosome
	-> hello Im the master merge part of realSFS. and I'll now do a tripple bypass to find intersect 
	-> 1) Will set iter according to chooseChr and start and stop, and possibly using -sites
	-> Sites to keep[CM196826.1] from pop0:	81525853
	-> Sites to keep[CM196826.1] from pop1:	81525853
	-> Will run optimization on nSites: 81525853
------------
startlik=-369694231.604761
	-> Instability detected, accelerated guess is too close to bound or outside will fallback to regular EM for this step
likelihood: -8507182.107451
------------
	-> Only read nSites: 0 will therefore prepare next chromosome (or exit)
	-> NB output is no longer log probs of the frequency spectrum!
	-> Output is now simply the expected values! 
	-> You can convert to the old format simply with log(norm(x))
	-> Please check that it has converged!
	-> You can add start new optimization by supplying -sfs FILE, where is >FILE from this run
	-> -maxIter INT -tole FLOAT
[persaf::persaf_init] Version of output/06_angsd_structure/saf/LS.saf.idx is 3
[persaf::persaf_init] Assuming .saf.gz file is output/06_angsd_structure/saf/LS.saf.gz
[persaf::persaf_init] Assuming .saf.pos.gz file is output/06_angsd_structure/saf/LS.saf.pos.gz
[persaf::persaf_init] Version of output/06_angsd_structure/saf/Squaxin_Island.saf.idx is 3
[persaf::persaf_init] Assuming .saf.gz file is output/06_angsd_structure/saf/Squaxin_Island.saf.gz
[persaf::persaf_init] Assuming .saf.pos.gz file is output/06_angsd_structure/saf/Squaxin_Island.saf.pos.gz
	-> args: tole:0.000000 nthreads:16 maxiter:100 nsites(block):0 start:output/06_angsd_structure/fst/LS__Squaxin_Island.ml chr:(null) start:-1 stop:-1 fstout:output/06_angsd_structure/fst/LS__Squaxin_Island oldout:0 seed:-1 bootstrap:0 resample_chr:0 whichFst:0 fold:1 ref:(null) anc:(null)
	-> nSites: 100000
	-> IMPORTANT: please make sure that your saf files haven't been folded with -fold 1 in -doSaf in angsd
	-> [reynoldFst] sfs1:14 sfs2:14 dimspace:225 
	-> generating offset remapper lookup
	-> Reading: output/06_angsd_structure/fst/LS__Squaxin_Island.ml assuming counts (will normalize to probs internally)
	-> Done reading data from chromosome will prepare next chromosome
	-> hello Im the master merge part of realSFS. and I'll now do a tripple bypass to find intersect 
	-> 1) Will set iter according to chooseChr and start and stop, and possibly using -sites
	-> Sites to keep[CM196826.1] from pop0:	81525853
	-> Sites to keep[CM196826.1] from pop1:	81525853
	-> Only read nSites: 0 will therefore prepare next chromosome (or exit)
	-> Done reading data from chromosome will prepare next chromosome
	-> hello Im the master merge part of realSFS. and I'll now do a tripple bypass to find intersect 
	-> 1) Will set iter according to chooseChr and start and stop, and possibly using -sites
	-> Sites to keep[CM196827.1] from pop0:	81367669
	-> Sites to keep[CM196827.1] from pop1:	81367669
	-> Only read nSites: 0 will therefore prepare next chromosome (or exit)
	-> Done reading data from chromosome will prepare next chromosome
	-> hello Im the master merge part of realSFS. and I'll now do a tripple bypass to find intersect 
	-> 1) Will set iter according to chooseChr and start and stop, and possibly using -sites
	-> Sites to keep[CM196828.1] from pop0:	80970476
	-> Sites to keep[CM196828.1] from pop1:	80970476
	-> Only read nSites: 0 will therefore prepare next chromosome (or exit)
	-> Done reading data from chromosome will prepare next chromosome
	-> hello Im the master merge part of realSFS. and I'll now do a tripple bypass to find intersect 
	-> 1) Will set iter according to chooseChr and start and stop, and possibly using -sites
	-> Sites to keep[CM196829.1] from pop0:	70075208
	-> Sites to keep[CM196829.1] from pop1:	70075208
	-> Only read nSites: 0 will therefore prepare next chromosome (or exit)
	-> Done reading data from chromosome will prepare next chromosome
	-> hello Im the master merge part of realSFS. and I'll now do a tripple bypass to find intersect 
	-> 1) Will set iter according to chooseChr and start and stop, and possibly using -sites
	-> Sites to keep[CM196830.1] from pop0:	70648118
	-> Sites to keep[CM196830.1] from pop1:	70648118
	-> Only read nSites: 0 will therefore prepare next chromosome (or exit)
	-> Done reading data from chromosome will prepare next chromosome
	-> hello Im the master merge part of realSFS. and I'll now do a tripple bypass to find intersect 
	-> 1) Will set iter according to chooseChr and start and stop, and possibly using -sites
	-> Sites to keep[CM196831.1] from pop0:	44000448
	-> Sites to keep[CM196831.1] from pop1:	44000448
	-> Only read nSites: 0 will therefore prepare next chromosome (or exit)
	-> Done reading data from chromosome will prepare next chromosome
	-> hello Im the master merge part of realSFS. and I'll now do a tripple bypass to find intersect 
	-> 1) Will set iter according to chooseChr and start and stop, and possibly using -sites
	-> Sites to keep[CM196832.1] from pop0:	56618003
	-> Sites to keep[CM196832.1] from pop1:	56618003
	-> Only read nSites: 0 will therefore prepare next chromosome (or exit)
	-> Done reading data from chromosome will prepare next chromosome
	-> hello Im the master merge part of realSFS. and I'll now do a tripple bypass to find intersect 
	-> 1) Will set iter according to chooseChr and start and stop, and possibly using -sites
	-> Sites to keep[CM196833.1] from pop0:	46797220
	-> Sites to keep[CM196833.1] from pop1:	46797220
	-> Only read nSites: 0 will therefore prepare next chromosome (or exit)
	-> Done reading data from chromosome will prepare next chromosome
	-> hello Im the master merge part of realSFS. and I'll now do a tripple bypass to find intersect 
	-> 1) Will set iter according to chooseChr and start and stop, and possibly using -sites
	-> Sites to keep[CM196834.1] from pop0:	32715112
	-> Sites to keep[CM196834.1] from pop1:	32715112
	-> Only read nSites: 0 will therefore prepare next chromosome (or exit)
	-> Done reading data from chromosome will prepare next chromosome
	-> hello Im the master merge part of realSFS. and I'll now do a tripple bypass to find intersect 
	-> 1) Will set iter according to chooseChr and start and stop, and possibly using -sites
	-> Sites to keep[CM196835.1] from pop0:	30664114
	-> Sites to keep[CM196835.1] from pop1:	30664114
	-> Only read nSites: 0 will therefore prepare next chromosome (or exit)
	-> fst index finished with no errors!
		 Example runs:
	 realSFS fst stats  output/06_angsd_structure/fst/LS__Squaxin_Island.fst.idx 
	 realSFS fst stats2 output/06_angsd_structure/fst/LS__Squaxin_Island.fst.idx 
end 2026-09-28T09:24:44Z pair=LS__Squaxin_Island fst=0.038848	0.038316
