start 2026-09-28T06:29:21Z host n3472 pair=FB18_Wild__NS18_Disco_Wild
[persaf::persaf_init] Version of output/06_angsd_structure/saf/FB18_Wild.saf.idx is 3
[persaf::persaf_init] Assuming .saf.gz file is output/06_angsd_structure/saf/FB18_Wild.saf.gz
[persaf::persaf_init] Assuming .saf.pos.gz file is output/06_angsd_structure/saf/FB18_Wild.saf.pos.gz
[persaf::persaf_init] Version of output/06_angsd_structure/saf/NS18_Disco_Wild.saf.idx is 3
[persaf::persaf_init] Assuming .saf.gz file is output/06_angsd_structure/saf/NS18_Disco_Wild.saf.gz
[persaf::persaf_init] Assuming .saf.pos.gz file is output/06_angsd_structure/saf/NS18_Disco_Wild.saf.pos.gz
	-> args: tole:0.000000 nthreads:16 maxiter:60 nsites(block):0 start:(null) chr:CM196826.1 start:-1 stop:-1 fstout:(null) oldout:0 seed:-1 bootstrap:0 resample_chr:0 whichFst:0 fold:1 ref:(null) anc:(null)
[main] Multi SFS is 'still' under development. Please report strange behaviour.
	-> The choice of -nSites will require atleast: 7313.729492 megabyte memory, that is at least: 0.47% of total memory
	-> dim(output/06_angsd_structure/saf/FB18_Wild.saf.idx):11
	-> dim(output/06_angsd_structure/saf/NS18_Disco_Wild.saf.idx):17
	-> Dimension of parameter space: 187
	-> Done reading data from chromosome will prepare next chromosome
	-> hello Im the master merge part of realSFS. and I'll now do a tripple bypass to find intersect 
	-> 1) Will set iter according to chooseChr and start and stop, and possibly using -sites
	-> Sites to keep[CM196826.1] from pop0:	76677206
	-> Sites to keep[CM196826.1] from pop1:	76677206
	-> Will run optimization on nSites: 76677206
------------
startlik=-328734974.288064
	-> Instability detected, accelerated guess is too close to bound or outside will fallback to regular EM for this step
likelihood: -10563871.391032
------------
	-> Only read nSites: 0 will therefore prepare next chromosome (or exit)
	-> NB output is no longer log probs of the frequency spectrum!
	-> Output is now simply the expected values! 
	-> You can convert to the old format simply with log(norm(x))
	-> Please check that it has converged!
	-> You can add start new optimization by supplying -sfs FILE, where is >FILE from this run
	-> -maxIter INT -tole FLOAT
[persaf::persaf_init] Version of output/06_angsd_structure/saf/FB18_Wild.saf.idx is 3
[persaf::persaf_init] Assuming .saf.gz file is output/06_angsd_structure/saf/FB18_Wild.saf.gz
[persaf::persaf_init] Assuming .saf.pos.gz file is output/06_angsd_structure/saf/FB18_Wild.saf.pos.gz
[persaf::persaf_init] Version of output/06_angsd_structure/saf/NS18_Disco_Wild.saf.idx is 3
[persaf::persaf_init] Assuming .saf.gz file is output/06_angsd_structure/saf/NS18_Disco_Wild.saf.gz
[persaf::persaf_init] Assuming .saf.pos.gz file is output/06_angsd_structure/saf/NS18_Disco_Wild.saf.pos.gz
	-> args: tole:0.000000 nthreads:16 maxiter:100 nsites(block):0 start:output/06_angsd_structure/fst/FB18_Wild__NS18_Disco_Wild.ml chr:(null) start:-1 stop:-1 fstout:output/06_angsd_structure/fst/FB18_Wild__NS18_Disco_Wild oldout:0 seed:-1 bootstrap:0 resample_chr:0 whichFst:0 fold:1 ref:(null) anc:(null)
	-> nSites: 100000
	-> IMPORTANT: please make sure that your saf files haven't been folded with -fold 1 in -doSaf in angsd
	-> [reynoldFst] sfs1:10 sfs2:16 dimspace:187 
	-> generating offset remapper lookup
	-> Reading: output/06_angsd_structure/fst/FB18_Wild__NS18_Disco_Wild.ml assuming counts (will normalize to probs internally)
	-> Done reading data from chromosome will prepare next chromosome
	-> hello Im the master merge part of realSFS. and I'll now do a tripple bypass to find intersect 
	-> 1) Will set iter according to chooseChr and start and stop, and possibly using -sites
	-> Sites to keep[CM196826.1] from pop0:	76677206
	-> Sites to keep[CM196826.1] from pop1:	76677206
	-> Only read nSites: 0 will therefore prepare next chromosome (or exit)
	-> Done reading data from chromosome will prepare next chromosome
	-> hello Im the master merge part of realSFS. and I'll now do a tripple bypass to find intersect 
	-> 1) Will set iter according to chooseChr and start and stop, and possibly using -sites
	-> Sites to keep[CM196827.1] from pop0:	76915892
	-> Sites to keep[CM196827.1] from pop1:	76915892
	-> Only read nSites: 0 will therefore prepare next chromosome (or exit)
	-> Done reading data from chromosome will prepare next chromosome
	-> hello Im the master merge part of realSFS. and I'll now do a tripple bypass to find intersect 
	-> 1) Will set iter according to chooseChr and start and stop, and possibly using -sites
	-> Sites to keep[CM196828.1] from pop0:	75684503
	-> Sites to keep[CM196828.1] from pop1:	75684503
	-> Only read nSites: 0 will therefore prepare next chromosome (or exit)
	-> Done reading data from chromosome will prepare next chromosome
	-> hello Im the master merge part of realSFS. and I'll now do a tripple bypass to find intersect 
	-> 1) Will set iter according to chooseChr and start and stop, and possibly using -sites
	-> Sites to keep[CM196829.1] from pop0:	65856837
	-> Sites to keep[CM196829.1] from pop1:	65856837
	-> Only read nSites: 0 will therefore prepare next chromosome (or exit)
	-> Done reading data from chromosome will prepare next chromosome
	-> hello Im the master merge part of realSFS. and I'll now do a tripple bypass to find intersect 
	-> 1) Will set iter according to chooseChr and start and stop, and possibly using -sites
	-> Sites to keep[CM196830.1] from pop0:	65649789
	-> Sites to keep[CM196830.1] from pop1:	65649789
	-> Only read nSites: 0 will therefore prepare next chromosome (or exit)
	-> Done reading data from chromosome will prepare next chromosome
	-> hello Im the master merge part of realSFS. and I'll now do a tripple bypass to find intersect 
	-> 1) Will set iter according to chooseChr and start and stop, and possibly using -sites
	-> Sites to keep[CM196831.1] from pop0:	38649689
	-> Sites to keep[CM196831.1] from pop1:	38649689
	-> Only read nSites: 0 will therefore prepare next chromosome (or exit)
	-> Done reading data from chromosome will prepare next chromosome
	-> hello Im the master merge part of realSFS. and I'll now do a tripple bypass to find intersect 
	-> 1) Will set iter according to chooseChr and start and stop, and possibly using -sites
	-> Sites to keep[CM196832.1] from pop0:	52803645
	-> Sites to keep[CM196832.1] from pop1:	52803645
	-> Only read nSites: 0 will therefore prepare next chromosome (or exit)
	-> Done reading data from chromosome will prepare next chromosome
	-> hello Im the master merge part of realSFS. and I'll now do a tripple bypass to find intersect 
	-> 1) Will set iter according to chooseChr and start and stop, and possibly using -sites
	-> Sites to keep[CM196833.1] from pop0:	42526791
	-> Sites to keep[CM196833.1] from pop1:	42526791
	-> Only read nSites: 0 will therefore prepare next chromosome (or exit)
	-> Done reading data from chromosome will prepare next chromosome
	-> hello Im the master merge part of realSFS. and I'll now do a tripple bypass to find intersect 
	-> 1) Will set iter according to chooseChr and start and stop, and possibly using -sites
	-> Sites to keep[CM196834.1] from pop0:	29252364
	-> Sites to keep[CM196834.1] from pop1:	29252364
	-> Only read nSites: 0 will therefore prepare next chromosome (or exit)
	-> Done reading data from chromosome will prepare next chromosome
	-> hello Im the master merge part of realSFS. and I'll now do a tripple bypass to find intersect 
	-> 1) Will set iter according to chooseChr and start and stop, and possibly using -sites
	-> Sites to keep[CM196835.1] from pop0:	27124635
	-> Sites to keep[CM196835.1] from pop1:	27124635
	-> Only read nSites: 0 will therefore prepare next chromosome (or exit)
	-> fst index finished with no errors!
		 Example runs:
	 realSFS fst stats  output/06_angsd_structure/fst/FB18_Wild__NS18_Disco_Wild.fst.idx 
	 realSFS fst stats2 output/06_angsd_structure/fst/FB18_Wild__NS18_Disco_Wild.fst.idx 
end 2026-09-28T07:23:09Z pair=FB18_Wild__NS18_Disco_Wild fst=0.047957	0.058921
