start 2026-09-28T09:18:35Z host n3447 pair=Ostrich_Bay__WB
[persaf::persaf_init] Version of output/06_angsd_structure/saf/Ostrich_Bay.saf.idx is 3
[persaf::persaf_init] Assuming .saf.gz file is output/06_angsd_structure/saf/Ostrich_Bay.saf.gz
[persaf::persaf_init] Assuming .saf.pos.gz file is output/06_angsd_structure/saf/Ostrich_Bay.saf.pos.gz
[persaf::persaf_init] Version of output/06_angsd_structure/saf/WB.saf.idx is 3
[persaf::persaf_init] Assuming .saf.gz file is output/06_angsd_structure/saf/WB.saf.gz
[persaf::persaf_init] Assuming .saf.pos.gz file is output/06_angsd_structure/saf/WB.saf.pos.gz
	-> args: tole:0.000000 nthreads:16 maxiter:60 nsites(block):0 start:(null) chr:CM196826.1 start:-1 stop:-1 fstout:(null) oldout:0 seed:-1 bootstrap:0 resample_chr:0 whichFst:0 fold:1 ref:(null) anc:(null)
[main] Multi SFS is 'still' under development. Please report strange behaviour.
	-> The choice of -nSites will require atleast: 7482.406250 megabyte memory, that is at least: 0.48% of total memory
	-> dim(output/06_angsd_structure/saf/Ostrich_Bay.saf.idx):17
	-> dim(output/06_angsd_structure/saf/WB.saf.idx):17
	-> Dimension of parameter space: 289
	-> Done reading data from chromosome will prepare next chromosome
	-> hello Im the master merge part of realSFS. and I'll now do a tripple bypass to find intersect 
	-> 1) Will set iter according to chooseChr and start and stop, and possibly using -sites
	-> Sites to keep[CM196826.1] from pop0:	78184048
	-> Sites to keep[CM196826.1] from pop1:	78184048
	-> Will run optimization on nSites: 78184048
------------
startlik=-374757279.053560
	-> Instability detected, accelerated guess is too close to bound or outside will fallback to regular EM for this step
likelihood: -9636648.406467
------------
	-> Only read nSites: 0 will therefore prepare next chromosome (or exit)
	-> NB output is no longer log probs of the frequency spectrum!
	-> Output is now simply the expected values! 
	-> You can convert to the old format simply with log(norm(x))
	-> Please check that it has converged!
	-> You can add start new optimization by supplying -sfs FILE, where is >FILE from this run
	-> -maxIter INT -tole FLOAT
[persaf::persaf_init] Version of output/06_angsd_structure/saf/Ostrich_Bay.saf.idx is 3
[persaf::persaf_init] Assuming .saf.gz file is output/06_angsd_structure/saf/Ostrich_Bay.saf.gz
[persaf::persaf_init] Assuming .saf.pos.gz file is output/06_angsd_structure/saf/Ostrich_Bay.saf.pos.gz
[persaf::persaf_init] Version of output/06_angsd_structure/saf/WB.saf.idx is 3
[persaf::persaf_init] Assuming .saf.gz file is output/06_angsd_structure/saf/WB.saf.gz
[persaf::persaf_init] Assuming .saf.pos.gz file is output/06_angsd_structure/saf/WB.saf.pos.gz
	-> args: tole:0.000000 nthreads:16 maxiter:100 nsites(block):0 start:output/06_angsd_structure/fst/Ostrich_Bay__WB.ml chr:(null) start:-1 stop:-1 fstout:output/06_angsd_structure/fst/Ostrich_Bay__WB oldout:0 seed:-1 bootstrap:0 resample_chr:0 whichFst:0 fold:1 ref:(null) anc:(null)
	-> nSites: 100000
	-> IMPORTANT: please make sure that your saf files haven't been folded with -fold 1 in -doSaf in angsd
	-> [reynoldFst] sfs1:16 sfs2:16 dimspace:289 
	-> generating offset remapper lookup
	-> Reading: output/06_angsd_structure/fst/Ostrich_Bay__WB.ml assuming counts (will normalize to probs internally)
	-> Done reading data from chromosome will prepare next chromosome
	-> hello Im the master merge part of realSFS. and I'll now do a tripple bypass to find intersect 
	-> 1) Will set iter according to chooseChr and start and stop, and possibly using -sites
	-> Sites to keep[CM196826.1] from pop0:	78184048
	-> Sites to keep[CM196826.1] from pop1:	78184048
	-> Only read nSites: 0 will therefore prepare next chromosome (or exit)
	-> Done reading data from chromosome will prepare next chromosome
	-> hello Im the master merge part of realSFS. and I'll now do a tripple bypass to find intersect 
	-> 1) Will set iter according to chooseChr and start and stop, and possibly using -sites
	-> Sites to keep[CM196827.1] from pop0:	77042724
	-> Sites to keep[CM196827.1] from pop1:	77042724
	-> Only read nSites: 0 will therefore prepare next chromosome (or exit)
	-> Done reading data from chromosome will prepare next chromosome
	-> hello Im the master merge part of realSFS. and I'll now do a tripple bypass to find intersect 
	-> 1) Will set iter according to chooseChr and start and stop, and possibly using -sites
	-> Sites to keep[CM196828.1] from pop0:	77055903
	-> Sites to keep[CM196828.1] from pop1:	77055903
	-> Only read nSites: 0 will therefore prepare next chromosome (or exit)
	-> Done reading data from chromosome will prepare next chromosome
	-> hello Im the master merge part of realSFS. and I'll now do a tripple bypass to find intersect 
	-> 1) Will set iter according to chooseChr and start and stop, and possibly using -sites
	-> Sites to keep[CM196829.1] from pop0:	67693463
	-> Sites to keep[CM196829.1] from pop1:	67693463
	-> Only read nSites: 0 will therefore prepare next chromosome (or exit)
	-> Done reading data from chromosome will prepare next chromosome
	-> hello Im the master merge part of realSFS. and I'll now do a tripple bypass to find intersect 
	-> 1) Will set iter according to chooseChr and start and stop, and possibly using -sites
	-> Sites to keep[CM196830.1] from pop0:	67305086
	-> Sites to keep[CM196830.1] from pop1:	67305086
	-> Only read nSites: 0 will therefore prepare next chromosome (or exit)
	-> Done reading data from chromosome will prepare next chromosome
	-> hello Im the master merge part of realSFS. and I'll now do a tripple bypass to find intersect 
	-> 1) Will set iter according to chooseChr and start and stop, and possibly using -sites
	-> Sites to keep[CM196831.1] from pop0:	39838217
	-> Sites to keep[CM196831.1] from pop1:	39838217
	-> Only read nSites: 0 will therefore prepare next chromosome (or exit)
	-> Done reading data from chromosome will prepare next chromosome
	-> hello Im the master merge part of realSFS. and I'll now do a tripple bypass to find intersect 
	-> 1) Will set iter according to chooseChr and start and stop, and possibly using -sites
	-> Sites to keep[CM196832.1] from pop0:	52424223
	-> Sites to keep[CM196832.1] from pop1:	52424223
	-> Only read nSites: 0 will therefore prepare next chromosome (or exit)
	-> Done reading data from chromosome will prepare next chromosome
	-> hello Im the master merge part of realSFS. and I'll now do a tripple bypass to find intersect 
	-> 1) Will set iter according to chooseChr and start and stop, and possibly using -sites
	-> Sites to keep[CM196833.1] from pop0:	43454767
	-> Sites to keep[CM196833.1] from pop1:	43454767
	-> Only read nSites: 0 will therefore prepare next chromosome (or exit)
	-> Done reading data from chromosome will prepare next chromosome
	-> hello Im the master merge part of realSFS. and I'll now do a tripple bypass to find intersect 
	-> 1) Will set iter according to chooseChr and start and stop, and possibly using -sites
	-> Sites to keep[CM196834.1] from pop0:	29126819
	-> Sites to keep[CM196834.1] from pop1:	29126819
	-> Only read nSites: 0 will therefore prepare next chromosome (or exit)
	-> Done reading data from chromosome will prepare next chromosome
	-> hello Im the master merge part of realSFS. and I'll now do a tripple bypass to find intersect 
	-> 1) Will set iter according to chooseChr and start and stop, and possibly using -sites
	-> Sites to keep[CM196835.1] from pop0:	28175512
	-> Sites to keep[CM196835.1] from pop1:	28175512
	-> Only read nSites: 0 will therefore prepare next chromosome (or exit)
	-> fst index finished with no errors!
		 Example runs:
	 realSFS fst stats  output/06_angsd_structure/fst/Ostrich_Bay__WB.fst.idx 
	 realSFS fst stats2 output/06_angsd_structure/fst/Ostrich_Bay__WB.fst.idx 
end 2026-09-28T10:29:53Z pair=Ostrich_Bay__WB fst=0.037810	0.136760
