start 2026-09-28T07:42:25Z host n3447 pair=HC18_Triton_Wild__WB
[persaf::persaf_init] Version of output/06_angsd_structure/saf/HC18_Triton_Wild.saf.idx is 3
[persaf::persaf_init] Assuming .saf.gz file is output/06_angsd_structure/saf/HC18_Triton_Wild.saf.gz
[persaf::persaf_init] Assuming .saf.pos.gz file is output/06_angsd_structure/saf/HC18_Triton_Wild.saf.pos.gz
[persaf::persaf_init] Version of output/06_angsd_structure/saf/WB.saf.idx is 3
[persaf::persaf_init] Assuming .saf.gz file is output/06_angsd_structure/saf/WB.saf.gz
[persaf::persaf_init] Assuming .saf.pos.gz file is output/06_angsd_structure/saf/WB.saf.pos.gz
	-> args: tole:0.000000 nthreads:16 maxiter:60 nsites(block):0 start:(null) chr:CM196826.1 start:-1 stop:-1 fstout:(null) oldout:0 seed:-1 bootstrap:0 resample_chr:0 whichFst:0 fold:1 ref:(null) anc:(null)
[main] Multi SFS is 'still' under development. Please report strange behaviour.
	-> The choice of -nSites will require atleast: 7642.453613 megabyte memory, that is at least: 0.49% of total memory
	-> dim(output/06_angsd_structure/saf/HC18_Triton_Wild.saf.idx):15
	-> dim(output/06_angsd_structure/saf/WB.saf.idx):17
	-> Dimension of parameter space: 255
	-> Done reading data from chromosome will prepare next chromosome
	-> hello Im the master merge part of realSFS. and I'll now do a tripple bypass to find intersect 
	-> 1) Will set iter according to chooseChr and start and stop, and possibly using -sites
	-> Sites to keep[CM196826.1] from pop0:	76635347
	-> Sites to keep[CM196826.1] from pop1:	76635347
	-> Will run optimization on nSites: 76635347
------------
startlik=-349161820.125404
	-> Instability detected, accelerated guess is too close to bound or outside will fallback to regular EM for this step
likelihood: -11228515.596184
------------
	-> Only read nSites: 0 will therefore prepare next chromosome (or exit)
	-> NB output is no longer log probs of the frequency spectrum!
	-> Output is now simply the expected values! 
	-> You can convert to the old format simply with log(norm(x))
	-> Please check that it has converged!
	-> You can add start new optimization by supplying -sfs FILE, where is >FILE from this run
	-> -maxIter INT -tole FLOAT
[persaf::persaf_init] Version of output/06_angsd_structure/saf/HC18_Triton_Wild.saf.idx is 3
[persaf::persaf_init] Assuming .saf.gz file is output/06_angsd_structure/saf/HC18_Triton_Wild.saf.gz
[persaf::persaf_init] Assuming .saf.pos.gz file is output/06_angsd_structure/saf/HC18_Triton_Wild.saf.pos.gz
[persaf::persaf_init] Version of output/06_angsd_structure/saf/WB.saf.idx is 3
[persaf::persaf_init] Assuming .saf.gz file is output/06_angsd_structure/saf/WB.saf.gz
[persaf::persaf_init] Assuming .saf.pos.gz file is output/06_angsd_structure/saf/WB.saf.pos.gz
	-> args: tole:0.000000 nthreads:16 maxiter:100 nsites(block):0 start:output/06_angsd_structure/fst/HC18_Triton_Wild__WB.ml chr:(null) start:-1 stop:-1 fstout:output/06_angsd_structure/fst/HC18_Triton_Wild__WB oldout:0 seed:-1 bootstrap:0 resample_chr:0 whichFst:0 fold:1 ref:(null) anc:(null)
	-> nSites: 100000
	-> IMPORTANT: please make sure that your saf files haven't been folded with -fold 1 in -doSaf in angsd
	-> [reynoldFst] sfs1:14 sfs2:16 dimspace:255 
	-> generating offset remapper lookup
	-> Reading: output/06_angsd_structure/fst/HC18_Triton_Wild__WB.ml assuming counts (will normalize to probs internally)
	-> Done reading data from chromosome will prepare next chromosome
	-> hello Im the master merge part of realSFS. and I'll now do a tripple bypass to find intersect 
	-> 1) Will set iter according to chooseChr and start and stop, and possibly using -sites
	-> Sites to keep[CM196826.1] from pop0:	76635347
	-> Sites to keep[CM196826.1] from pop1:	76635347
	-> Only read nSites: 0 will therefore prepare next chromosome (or exit)
	-> Done reading data from chromosome will prepare next chromosome
	-> hello Im the master merge part of realSFS. and I'll now do a tripple bypass to find intersect 
	-> 1) Will set iter according to chooseChr and start and stop, and possibly using -sites
	-> Sites to keep[CM196827.1] from pop0:	75126126
	-> Sites to keep[CM196827.1] from pop1:	75126126
	-> Only read nSites: 0 will therefore prepare next chromosome (or exit)
	-> Done reading data from chromosome will prepare next chromosome
	-> hello Im the master merge part of realSFS. and I'll now do a tripple bypass to find intersect 
	-> 1) Will set iter according to chooseChr and start and stop, and possibly using -sites
	-> Sites to keep[CM196828.1] from pop0:	75387746
	-> Sites to keep[CM196828.1] from pop1:	75387746
	-> Only read nSites: 0 will therefore prepare next chromosome (or exit)
	-> Done reading data from chromosome will prepare next chromosome
	-> hello Im the master merge part of realSFS. and I'll now do a tripple bypass to find intersect 
	-> 1) Will set iter according to chooseChr and start and stop, and possibly using -sites
	-> Sites to keep[CM196829.1] from pop0:	66047406
	-> Sites to keep[CM196829.1] from pop1:	66047406
	-> Only read nSites: 0 will therefore prepare next chromosome (or exit)
	-> Done reading data from chromosome will prepare next chromosome
	-> hello Im the master merge part of realSFS. and I'll now do a tripple bypass to find intersect 
	-> 1) Will set iter according to chooseChr and start and stop, and possibly using -sites
	-> Sites to keep[CM196830.1] from pop0:	64988235
	-> Sites to keep[CM196830.1] from pop1:	64988235
	-> Only read nSites: 0 will therefore prepare next chromosome (or exit)
	-> Done reading data from chromosome will prepare next chromosome
	-> hello Im the master merge part of realSFS. and I'll now do a tripple bypass to find intersect 
	-> 1) Will set iter according to chooseChr and start and stop, and possibly using -sites
	-> Sites to keep[CM196831.1] from pop0:	37838291
	-> Sites to keep[CM196831.1] from pop1:	37838291
	-> Only read nSites: 0 will therefore prepare next chromosome (or exit)
	-> Done reading data from chromosome will prepare next chromosome
	-> hello Im the master merge part of realSFS. and I'll now do a tripple bypass to find intersect 
	-> 1) Will set iter according to chooseChr and start and stop, and possibly using -sites
	-> Sites to keep[CM196832.1] from pop0:	51124020
	-> Sites to keep[CM196832.1] from pop1:	51124020
	-> Only read nSites: 0 will therefore prepare next chromosome (or exit)
	-> Done reading data from chromosome will prepare next chromosome
	-> hello Im the master merge part of realSFS. and I'll now do a tripple bypass to find intersect 
	-> 1) Will set iter according to chooseChr and start and stop, and possibly using -sites
	-> Sites to keep[CM196833.1] from pop0:	41637355
	-> Sites to keep[CM196833.1] from pop1:	41637355
	-> Only read nSites: 0 will therefore prepare next chromosome (or exit)
	-> Done reading data from chromosome will prepare next chromosome
	-> hello Im the master merge part of realSFS. and I'll now do a tripple bypass to find intersect 
	-> 1) Will set iter according to chooseChr and start and stop, and possibly using -sites
	-> Sites to keep[CM196834.1] from pop0:	28048775
	-> Sites to keep[CM196834.1] from pop1:	28048775
	-> Only read nSites: 0 will therefore prepare next chromosome (or exit)
	-> Done reading data from chromosome will prepare next chromosome
	-> hello Im the master merge part of realSFS. and I'll now do a tripple bypass to find intersect 
	-> 1) Will set iter according to chooseChr and start and stop, and possibly using -sites
	-> Sites to keep[CM196835.1] from pop0:	26867891
	-> Sites to keep[CM196835.1] from pop1:	26867891
	-> Only read nSites: 0 will therefore prepare next chromosome (or exit)
	-> fst index finished with no errors!
		 Example runs:
	 realSFS fst stats  output/06_angsd_structure/fst/HC18_Triton_Wild__WB.fst.idx 
	 realSFS fst stats2 output/06_angsd_structure/fst/HC18_Triton_Wild__WB.fst.idx 
end 2026-09-28T08:48:04Z pair=HC18_Triton_Wild__WB fst=0.047153	0.126359
