start 2026-09-27T22:04:18Z host n3467 window=CM196833.1:75000001-93094520
	-> angsd version: 0.940-dirty (htslib: 1.24) build(Dec 15 2024 09:11:59)
	-> angsd -b output/06_angsd_structure/samples/bam.list -ref output/05_realign_xbOstLuri2/reference/GCA_061535525.1_xbOstLuri2_USDA-ARS_PSRF_primary_genomic.fna -r CM196833.1:75000001-93094520 -out output/06_angsd_structure/gl/036_CM196833.1_75000001-93094520 -GL 1 -doGlf 2 -doMajorMinor 1 -doMaf 1 -doCounts 1 -SNP_pval 1e-6 -minMaf 0.05 -minMapQ 20 -minQ 20 -uniqueOnly 1 -remove_bads 1 -only_proper_pairs 1 -C 50 -baq 1 -minInd 87 -setMinDepth 253 -setMaxDepth 1537 -P 8 
	-> Inputtype is BAM/CRAM
[multiReader] 109 samples in 109 input files
	-> Reading fasta: output/05_realign_xbOstLuri2/reference/GCA_061535525.1_xbOstLuri2_USDA-ARS_PSRF_primary_genomic.fna
	-> SNP-filter using a pvalue: 1.000000e-06 correspond to 23.928127 likelihood units
	-> Parsing 109 number of samples 
	-> Region lookup 1/1
	-> Allocated ~ 10 million nodes to the nodepool, this is not an estimate of the memory usage
	-> Allocated ~ 20 million nodes to the nodepool, this is not an estimate of the memory usage
	-> Allocated ~ 30 million nodes to the nodepool, this is not an estimate of the memory usage
	-> Allocated ~ 40 million nodes to the nodepool, this is not an estimate of the memory usage
	-> Allocated ~ 50 million nodes to the nodepool, this is not an estimate of the memory usage
	-> Allocated ~ 60 million nodes to the nodepool, this is not an estimate of the memory usage
	-> Allocated ~ 70 million nodes to the nodepool, this is not an estimate of the memory usage
	-> Allocated ~ 80 million nodes to the nodepool, this is not an estimate of the memory usage
	-> Allocated ~ 90 million nodes to the nodepool, this is not an estimate of the memory usage
	-> Allocated ~ 100 million nodes to the nodepool, this is not an estimate of the memory usage
	-> Allocated ~ 110 million nodes to the nodepool, this is not an estimate of the memory usage
	-> Allocated ~ 120 million nodes to the nodepool, this is not an estimate of the memory usage
	-> Allocated ~ 130 million nodes to the nodepool, this is not an estimate of the memory usage
	-> Allocated ~ 140 million nodes to the nodepool, this is not an estimate of the memory usage
	-> Allocated ~ 150 million nodes to the nodepool, this is not an estimate of the memory usage
	-> Allocated ~ 160 million nodes to the nodepool, this is not an estimate of the memory usage
	-> Allocated ~ 170 million nodes to the nodepool, this is not an estimate of the memory usage
	-> Allocated ~ 180 million nodes to the nodepool, this is not an estimate of the memory usage
	-> Allocated ~ 190 million nodes to the nodepool, this is not an estimate of the memory usage
	-> Allocated ~ 200 million nodes to the nodepool, this is not an estimate of the memory usage
	-> Allocated ~ 210 million nodes to the nodepool, this is not an estimate of the memory usage
	-> Allocated ~ 220 million nodes to the nodepool, this is not an estimate of the memory usage
	-> Allocated ~ 230 million nodes to the nodepool, this is not an estimate of the memory usage
	-> Done reading data waiting for calculations to finish
	-> Done waiting for threads
	-> Output filenames:
		->"output/06_angsd_structure/gl/036_CM196833.1_75000001-93094520.arg"
		->"output/06_angsd_structure/gl/036_CM196833.1_75000001-93094520.beagle.gz"
		->"output/06_angsd_structure/gl/036_CM196833.1_75000001-93094520.mafs.gz"
	-> Sun Sep 27 15:43:53 2026
	-> Arguments and parameters for all analysis are located in .arg file
	-> Total number of sites analyzed: 17691660
	-> Number of sites retained after filtering: 156401 
	[ALL done] cpu-time used =  3691.43 sec
	[ALL done] walltime used =  2375.00 sec
end 2026-09-27T22:43:54Z window=CM196833.1:75000001-93094520 sites=156401
