start 2026-09-28T03:26:59Z host n3466 K=5
------------------------------------
PCAngsd v1.36.4
Jonas Meisner and Anders Albrechtsen
Using 16 thread(s)
------------------------------------
Parsing Beagle file.
Loaded 7418858 sites and 109 samples.
Estimating minor allele frequencies.
EM (MAF) converged at iteration: 4
Number of sites after MAF filtering (0.05): 7418858
Estimating covariance matrix.
Using 2 principal components (MAP test).
Individual allele frequencies estimated (1).
Individual allele frequencies estimated (2).	RMSE=0.0036939
Individual allele frequencies estimated (3).	RMSE=0.0021346
Individual allele frequencies estimated (4).	RMSE=0.0013622
Individual allele frequencies estimated (5).	RMSE=0.0009362
Individual allele frequencies estimated (6).	RMSE=0.0006575
Individual allele frequencies estimated (7).	RMSE=0.0004765
Individual allele frequencies estimated (8).	RMSE=0.0003428
Individual allele frequencies estimated (9).	RMSE=0.0002584
Individual allele frequencies estimated (10).	RMSE=0.0001879
Individual allele frequencies estimated (11).	RMSE=0.0001621
Individual allele frequencies estimated (12).	RMSE=0.0001345
Individual allele frequencies estimated (13).	RMSE=0.0000805
Individual allele frequencies estimated (14).	RMSE=0.0000693
Individual allele frequencies estimated (15).	RMSE=0.0000846
Individual allele frequencies estimated (16).	RMSE=0.0001127
Individual allele frequencies estimated (17).	RMSE=0.0000357
Individual allele frequencies estimated (18).	RMSE=0.0000873
Individual allele frequencies estimated (19).	RMSE=0.0000662
Individual allele frequencies estimated (20).	RMSE=0.0000838
Individual allele frequencies estimated (21).	RMSE=0.0000738
Individual allele frequencies estimated (22).	RMSE=0.0000539
Individual allele frequencies estimated (23).	RMSE=0.0000384
Individual allele frequencies estimated (24).	RMSE=0.0000825
Individual allele frequencies estimated (25).	RMSE=0.0000405
Individual allele frequencies estimated (26).	RMSE=0.0000456
Individual allele frequencies estimated (27).	RMSE=0.0000360
Individual allele frequencies estimated (28).	RMSE=0.0000329
Individual allele frequencies estimated (29).	RMSE=0.0001384
Individual allele frequencies estimated (30).	RMSE=0.0000806
Individual allele frequencies estimated (31).	RMSE=0.0000985
Individual allele frequencies estimated (32).	RMSE=0.0001263
Individual allele frequencies estimated (33).	RMSE=0.0000763
Individual allele frequencies estimated (34).	RMSE=0.0000739
Individual allele frequencies estimated (35).	RMSE=0.0000499
Individual allele frequencies estimated (36).	RMSE=0.0000718
Individual allele frequencies estimated (37).	RMSE=0.0000363
Individual allele frequencies estimated (38).	RMSE=0.0000517
Individual allele frequencies estimated (39).	RMSE=0.0000365
Individual allele frequencies estimated (40).	RMSE=0.0000290
Individual allele frequencies estimated (41).	RMSE=0.0000397
Individual allele frequencies estimated (42).	RMSE=0.0000623
Individual allele frequencies estimated (43).	RMSE=0.0000806
Individual allele frequencies estimated (44).	RMSE=0.0000927
Individual allele frequencies estimated (45).	RMSE=0.0000741
Individual allele frequencies estimated (46).	RMSE=0.0000427
Individual allele frequencies estimated (47).	RMSE=0.0000595
Individual allele frequencies estimated (48).	RMSE=0.0000628
Individual allele frequencies estimated (49).	RMSE=0.0000801
Individual allele frequencies estimated (50).	RMSE=0.0000699
Individual allele frequencies estimated (51).	RMSE=0.0000806
Individual allele frequencies estimated (52).	RMSE=0.0000429
Individual allele frequencies estimated (53).	RMSE=0.0000819
Individual allele frequencies estimated (54).	RMSE=0.0000920
Individual allele frequencies estimated (55).	RMSE=0.0000876
Individual allele frequencies estimated (56).	RMSE=0.0000550
Individual allele frequencies estimated (57).	RMSE=0.0000790
Individual allele frequencies estimated (58).	RMSE=0.0000586
Individual allele frequencies estimated (59).	RMSE=0.0000332
Individual allele frequencies estimated (60).	RMSE=0.0000415
Individual allele frequencies estimated (61).	RMSE=0.0000829
Individual allele frequencies estimated (62).	RMSE=0.0000447
Individual allele frequencies estimated (63).	RMSE=0.0000384
Individual allele frequencies estimated (64).	RMSE=0.0000876
Individual allele frequencies estimated (65).	RMSE=0.0000759
Individual allele frequencies estimated (66).	RMSE=0.0000516
Individual allele frequencies estimated (67).	RMSE=0.0000361
Individual allele frequencies estimated (68).	RMSE=0.0000378
Individual allele frequencies estimated (69).	RMSE=0.0000350
Individual allele frequencies estimated (70).	RMSE=0.0000362
Individual allele frequencies estimated (71).	RMSE=0.0001006
Individual allele frequencies estimated (72).	RMSE=0.0000545
Individual allele frequencies estimated (73).	RMSE=0.0000457
Individual allele frequencies estimated (74).	RMSE=0.0000854
Individual allele frequencies estimated (75).	RMSE=0.0000321
Individual allele frequencies estimated (76).	RMSE=0.0001215
Individual allele frequencies estimated (77).	RMSE=0.0001066
Individual allele frequencies estimated (78).	RMSE=0.0000305
Individual allele frequencies estimated (79).	RMSE=0.0000371
Individual allele frequencies estimated (80).	RMSE=0.0000434
Individual allele frequencies estimated (81).	RMSE=0.0001142
Individual allele frequencies estimated (82).	RMSE=0.0000364
Individual allele frequencies estimated (83).	RMSE=0.0000592
Individual allele frequencies estimated (84).	RMSE=0.0000495
Individual allele frequencies estimated (85).	RMSE=0.0001154
Individual allele frequencies estimated (86).	RMSE=0.0000485
Individual allele frequencies estimated (87).	RMSE=0.0000833
Individual allele frequencies estimated (88).	RMSE=0.0000843
Individual allele frequencies estimated (89).	RMSE=0.0000601
Individual allele frequencies estimated (90).	RMSE=0.0000282
Individual allele frequencies estimated (91).	RMSE=0.0000545
Individual allele frequencies estimated (92).	RMSE=0.0001005
Individual allele frequencies estimated (93).	RMSE=0.0001061
Individual allele frequencies estimated (94).	RMSE=0.0000290
Individual allele frequencies estimated (95).	RMSE=0.0000602
Individual allele frequencies estimated (96).	RMSE=0.0000731
Individual allele frequencies estimated (97).	RMSE=0.0000526
Individual allele frequencies estimated (98).	RMSE=0.0000941
Individual allele frequencies estimated (99).	RMSE=0.0000237
Individual allele frequencies estimated (100).	RMSE=0.0001081
Individual allele frequencies estimated (101).	RMSE=0.0001150
PCAngsd did not converge!
Saved covariance matrix as output/06_angsd_structure/pca/pcangsd.cov
Estimating admixture proportions using NMF (CSG-MU).
K=5, Alpha=0.0, Batches=10, Seed=0
CSG-MU (1).	RMSE=0.184884010
CSG-MU (2).	RMSE=0.121541794
CSG-MU (3).	RMSE=0.012545704
CSG-MU (4).	RMSE=0.008024734
CSG-MU (5).	RMSE=0.005717334
CSG-MU (6).	RMSE=0.004419813
CSG-MU (7).	RMSE=0.003406058
CSG-MU (8).	RMSE=0.002645034
CSG-MU (9).	RMSE=0.002080682
CSG-MU (10).	RMSE=0.001593205
CSG-MU (11).	RMSE=0.001201333
CSG-MU (12).	RMSE=0.000919661
CSG-MU (13).	RMSE=0.000709714
CSG-MU (14).	RMSE=0.000530390
CSG-MU (15).	RMSE=0.000411408
CSG-MU (16).	RMSE=0.000327342
CSG-MU (17).	RMSE=0.000256158
CSG-MU (18).	RMSE=0.000207675
CSG-MU (19).	RMSE=0.000166387
CSG-MU (20).	RMSE=0.000135593
CSG-MU (21).	RMSE=0.000107816
CSG-MU (22).	RMSE=0.000089252
CSG-MU (23).	RMSE=0.000074448
CSG-MU (24).	RMSE=0.000063266
CSG-MU (25).	RMSE=0.000054332
CSG-MU (26).	RMSE=0.000047570
CSG-MU (27).	RMSE=0.000037298
CSG-MU (28).	RMSE=0.000028816
CSG-MU (29).	RMSE=0.000020106
CSG-MU (30).	RMSE=0.000016243
CSG-MU (31).	RMSE=0.000014161
CSG-MU (32).	RMSE=0.000012964
CSG-MU (33).	RMSE=0.000013909
CSG-MU (34).	RMSE=0.000011105
CSG-MU (35).	RMSE=0.000012346
CSG-MU (36).	RMSE=0.000011332
CSG-MU (37).	RMSE=0.000011083
CSG-MU (38).	RMSE=0.000013150
CSG-MU (39).	RMSE=0.000012784
CSG-MU (40).	RMSE=0.000011917
CSG-MU (41).	RMSE=0.000012911
CSG-MU (42).	RMSE=0.000012817
CSG-MU (43).	RMSE=0.000013497
CSG-MU (44).	RMSE=0.000014254
CSG-MU (45).	RMSE=0.000014170
CSG-MU (46).	RMSE=0.000012877
CSG-MU (47).	RMSE=0.000014225
CSG-MU (48).	RMSE=0.000013398
CSG-MU (49).	RMSE=0.000014420
CSG-MU (50).	RMSE=0.000014273
CSG-MU (51).	RMSE=0.000014973
CSG-MU (52).	RMSE=0.000014377
CSG-MU (53).	RMSE=0.000015704
CSG-MU (54).	RMSE=0.000015810
CSG-MU (55).	RMSE=0.000015580
CSG-MU (56).	RMSE=0.000016039
CSG-MU (57).	RMSE=0.000016433
CSG-MU (58).	RMSE=0.000015748
CSG-MU (59).	RMSE=0.000016162
CSG-MU (60).	RMSE=0.000017745
CSG-MU (61).	RMSE=0.000017925
CSG-MU (62).	RMSE=0.000017721
CSG-MU (63).	RMSE=0.000019782
CSG-MU (64).	RMSE=0.000018620
CSG-MU (65).	RMSE=0.000019067
CSG-MU (66).	RMSE=0.000019868
CSG-MU (67).	RMSE=0.000020796
CSG-MU (68).	RMSE=0.000020393
CSG-MU (69).	RMSE=0.000020728
CSG-MU (70).	RMSE=0.000022051
CSG-MU (71).	RMSE=0.000021932
CSG-MU (72).	RMSE=0.000023559
CSG-MU (73).	RMSE=0.000023582
CSG-MU (74).	RMSE=0.000023877
CSG-MU (75).	RMSE=0.000023954
CSG-MU (76).	RMSE=0.000024994
CSG-MU (77).	RMSE=0.000025684
CSG-MU (78).	RMSE=0.000026897
CSG-MU (79).	RMSE=0.000027039
CSG-MU (80).	RMSE=0.000027786
CSG-MU (81).	RMSE=0.000029317
CSG-MU (82).	RMSE=0.000029128
CSG-MU (83).	RMSE=0.000030656
CSG-MU (84).	RMSE=0.000032342
CSG-MU (85).	RMSE=0.000032732
CSG-MU (86).	RMSE=0.000034416
CSG-MU (87).	RMSE=0.000035430
CSG-MU (88).	RMSE=0.000036997
CSG-MU (89).	RMSE=0.000038679
CSG-MU (90).	RMSE=0.000041219
CSG-MU (91).	RMSE=0.000043740
CSG-MU (92).	RMSE=0.000045397
CSG-MU (93).	RMSE=0.000047934
CSG-MU (94).	RMSE=0.000051157
CSG-MU (95).	RMSE=0.000055684
CSG-MU (96).	RMSE=0.000057155
CSG-MU (97).	RMSE=0.000058794
CSG-MU (98).	RMSE=0.000062160
CSG-MU (99).	RMSE=0.000063693
CSG-MU (100).	RMSE=0.000065843
CSG-MU (101).	RMSE=0.000067113
CSG-MU (102).	RMSE=0.000068564
CSG-MU (103).	RMSE=0.000068542
CSG-MU (104).	RMSE=0.000070954
CSG-MU (105).	RMSE=0.000070983
CSG-MU (106).	RMSE=0.000070982
CSG-MU (107).	RMSE=0.000072624
CSG-MU (108).	RMSE=0.000073065
CSG-MU (109).	RMSE=0.000073030
CSG-MU (110).	RMSE=0.000074639
CSG-MU (111).	RMSE=0.000075182
CSG-MU (112).	RMSE=0.000076016
CSG-MU (113).	RMSE=0.000076678
CSG-MU (114).	RMSE=0.000077009
CSG-MU (115).	RMSE=0.000077397
CSG-MU (116).	RMSE=0.000078440
CSG-MU (117).	RMSE=0.000079537
CSG-MU (118).	RMSE=0.000079554
CSG-MU (119).	RMSE=0.000079402
CSG-MU (120).	RMSE=0.000079497
CSG-MU (121).	RMSE=0.000080951
CSG-MU (122).	RMSE=0.000081280
CSG-MU (123).	RMSE=0.000080628
CSG-MU (124).	RMSE=0.000081270
CSG-MU (125).	RMSE=0.000082783
CSG-MU (126).	RMSE=0.000081764
CSG-MU (127).	RMSE=0.000082815
CSG-MU (128).	RMSE=0.000083183
CSG-MU (129).	RMSE=0.000084206
CSG-MU (130).	RMSE=0.000083181
CSG-MU (131).	RMSE=0.000084110
CSG-MU (132).	RMSE=0.000084599
CSG-MU (133).	RMSE=0.000085562
CSG-MU (134).	RMSE=0.000084325
CSG-MU (135).	RMSE=0.000087583
CSG-MU (136).	RMSE=0.000085804
CSG-MU (137).	RMSE=0.000086082
CSG-MU (138).	RMSE=0.000086077
CSG-MU (139).	RMSE=0.000086449
CSG-MU (140).	RMSE=0.000087741
CSG-MU (141).	RMSE=0.000085672
CSG-MU (142).	RMSE=0.000088576
CSG-MU (143).	RMSE=0.000087815
CSG-MU (144).	RMSE=0.000087940
CSG-MU (145).	RMSE=0.000088481
CSG-MU (146).	RMSE=0.000089618
CSG-MU (147).	RMSE=0.000091982
CSG-MU (148).	RMSE=0.000094145
CSG-MU (149).	RMSE=0.000095004
CSG-MU (150).	RMSE=0.000097783
CSG-MU (151).	RMSE=0.000098332
CSG-MU (152).	RMSE=0.000100241
CSG-MU (153).	RMSE=0.000099422
CSG-MU (154).	RMSE=0.000099923
CSG-MU (155).	RMSE=0.000100304
CSG-MU (156).	RMSE=0.000099986
CSG-MU (157).	RMSE=0.000100955
CSG-MU (158).	RMSE=0.000099627
CSG-MU (159).	RMSE=0.000099227
CSG-MU (160).	RMSE=0.000098267
CSG-MU (161).	RMSE=0.000097563
CSG-MU (162).	RMSE=0.000096028
CSG-MU (163).	RMSE=0.000095956
CSG-MU (164).	RMSE=0.000093809
CSG-MU (165).	RMSE=0.000094905
CSG-MU (166).	RMSE=0.000094475
CSG-MU (167).	RMSE=0.000094980
CSG-MU (168).	RMSE=0.000094137
CSG-MU (169).	RMSE=0.000095443
CSG-MU (170).	RMSE=0.000094035
CSG-MU (171).	RMSE=0.000093630
CSG-MU (172).	RMSE=0.000094682
CSG-MU (173).	RMSE=0.000095628
CSG-MU (174).	RMSE=0.000094261
CSG-MU (175).	RMSE=0.000093924
CSG-MU (176).	RMSE=0.000094402
CSG-MU (177).	RMSE=0.000094264
CSG-MU (178).	RMSE=0.000094854
CSG-MU (179).	RMSE=0.000095114
CSG-MU (180).	RMSE=0.000094909
CSG-MU (181).	RMSE=0.000094482
CSG-MU (182).	RMSE=0.000094510
CSG-MU (183).	RMSE=0.000094038
CSG-MU (184).	RMSE=0.000095267
CSG-MU (185).	RMSE=0.000094289
CSG-MU (186).	RMSE=0.000094421
CSG-MU (187).	RMSE=0.000094981
CSG-MU (188).	RMSE=0.000094725
CSG-MU (189).	RMSE=0.000094486
CSG-MU (190).	RMSE=0.000094725
CSG-MU (191).	RMSE=0.000095350
CSG-MU (192).	RMSE=0.000095679
CSG-MU (193).	RMSE=0.000095726
CSG-MU (194).	RMSE=0.000096612
CSG-MU (195).	RMSE=0.000095331
CSG-MU (196).	RMSE=0.000095887
CSG-MU (197).	RMSE=0.000096423
CSG-MU (198).	RMSE=0.000095713
CSG-MU (199).	RMSE=0.000097237
CSG-MU (200).	RMSE=0.000096432
CSG-MU (201).	RMSE=0.000096130
CSG-MU (202).	RMSE=0.000097618
CSG-MU (203).	RMSE=0.000096983
CSG-MU (204).	RMSE=0.000097911
CSG-MU (205).	RMSE=0.000097743
CSG-MU (206).	RMSE=0.000097166
CSG-MU (207).	RMSE=0.000097688
CSG-MU (208).	RMSE=0.000099790
CSG-MU (209).	RMSE=0.000098946
CSG-MU (210).	RMSE=0.000097718
CSG-MU (211).	RMSE=0.000099747
CSG-MU (212).	RMSE=0.000099404
CSG-MU (213).	RMSE=0.000099584
CSG-MU (214).	RMSE=0.000099899
CSG-MU (215).	RMSE=0.000100265
CSG-MU (216).	RMSE=0.000100095
CSG-MU (217).	RMSE=0.000101086
CSG-MU (218).	RMSE=0.000099595
CSG-MU (219).	RMSE=0.000101078
CSG-MU (220).	RMSE=0.000100393
CSG-MU (221).	RMSE=0.000101968
CSG-MU (222).	RMSE=0.000100451
CSG-MU (223).	RMSE=0.000100094
CSG-MU (224).	RMSE=0.000100883
CSG-MU (225).	RMSE=0.000101043
CSG-MU (226).	RMSE=0.000101759
CSG-MU (227).	RMSE=0.000103258
CSG-MU (228).	RMSE=0.000101402
CSG-MU (229).	RMSE=0.000102272
CSG-MU (230).	RMSE=0.000101466
CSG-MU (231).	RMSE=0.000104165
CSG-MU (232).	RMSE=0.000102427
CSG-MU (233).	RMSE=0.000104472
CSG-MU (234).	RMSE=0.000103512
CSG-MU (235).	RMSE=0.000103170
CSG-MU (236).	RMSE=0.000104815
CSG-MU (237).	RMSE=0.000104740
CSG-MU (238).	RMSE=0.000104657
CSG-MU (239).	RMSE=0.000105688
CSG-MU (240).	RMSE=0.000104131
CSG-MU (241).	RMSE=0.000105935
CSG-MU (242).	RMSE=0.000105393
CSG-MU (243).	RMSE=0.000104903
CSG-MU (244).	RMSE=0.000104482
CSG-MU (245).	RMSE=0.000105268
CSG-MU (246).	RMSE=0.000105545
CSG-MU (247).	RMSE=0.000105166
CSG-MU (248).	RMSE=0.000106107
CSG-MU (249).	RMSE=0.000108074
CSG-MU (250).	RMSE=0.000106580
CSG-MU (251).	RMSE=0.000107524
CSG-MU (252).	RMSE=0.000107221
CSG-MU (253).	RMSE=0.000108874
CSG-MU (254).	RMSE=0.000109669
CSG-MU (255).	RMSE=0.000109079
CSG-MU (256).	RMSE=0.000111234
CSG-MU (257).	RMSE=0.000112772
CSG-MU (258).	RMSE=0.000112061
CSG-MU (259).	RMSE=0.000112836
CSG-MU (260).	RMSE=0.000113140
CSG-MU (261).	RMSE=0.000113885
CSG-MU (262).	RMSE=0.000115928
CSG-MU (263).	RMSE=0.000116137
CSG-MU (264).	RMSE=0.000115882
CSG-MU (265).	RMSE=0.000116167
CSG-MU (266).	RMSE=0.000117016
CSG-MU (267).	RMSE=0.000115875
CSG-MU (268).	RMSE=0.000117076
CSG-MU (269).	RMSE=0.000118411
CSG-MU (270).	RMSE=0.000118117
CSG-MU (271).	RMSE=0.000118047
CSG-MU (272).	RMSE=0.000117821
CSG-MU (273).	RMSE=0.000117391
CSG-MU (274).	RMSE=0.000118510
CSG-MU (275).	RMSE=0.000118994
CSG-MU (276).	RMSE=0.000119901
CSG-MU (277).	RMSE=0.000119381
CSG-MU (278).	RMSE=0.000121025
CSG-MU (279).	RMSE=0.000120899
CSG-MU (280).	RMSE=0.000121477
CSG-MU (281).	RMSE=0.000122148
CSG-MU (282).	RMSE=0.000121870
CSG-MU (283).	RMSE=0.000121918
CSG-MU (284).	RMSE=0.000121418
CSG-MU (285).	RMSE=0.000122428
CSG-MU (286).	RMSE=0.000124650
CSG-MU (287).	RMSE=0.000123404
CSG-MU (288).	RMSE=0.000122734
CSG-MU (289).	RMSE=0.000125849
CSG-MU (290).	RMSE=0.000124444
CSG-MU (291).	RMSE=0.000125916
CSG-MU (292).	RMSE=0.000123502
CSG-MU (293).	RMSE=0.000126666
CSG-MU (294).	RMSE=0.000126417
CSG-MU (295).	RMSE=0.000128383
CSG-MU (296).	RMSE=0.000128895
CSG-MU (297).	RMSE=0.000128193
CSG-MU (298).	RMSE=0.000128622
CSG-MU (299).	RMSE=0.000129891
CSG-MU (300).	RMSE=0.000129824
CSG-MU (301).	RMSE=0.000130111
CSG-MU (302).	RMSE=0.000131374
CSG-MU (303).	RMSE=0.000132024
CSG-MU (304).	RMSE=0.000132436
CSG-MU (305).	RMSE=0.000134485
CSG-MU (306).	RMSE=0.000134170
CSG-MU (307).	RMSE=0.000135135
CSG-MU (308).	RMSE=0.000135497
CSG-MU (309).	RMSE=0.000135567
CSG-MU (310).	RMSE=0.000134622
CSG-MU (311).	RMSE=0.000136316
CSG-MU (312).	RMSE=0.000134875
CSG-MU (313).	RMSE=0.000136092
CSG-MU (314).	RMSE=0.000136652
CSG-MU (315).	RMSE=0.000137408
CSG-MU (316).	RMSE=0.000137318
CSG-MU (317).	RMSE=0.000135037
CSG-MU (318).	RMSE=0.000137328
CSG-MU (319).	RMSE=0.000137472
CSG-MU (320).	RMSE=0.000137134
CSG-MU (321).	RMSE=0.000137468
CSG-MU (322).	RMSE=0.000136919
CSG-MU (323).	RMSE=0.000136163
CSG-MU (324).	RMSE=0.000136809
CSG-MU (325).	RMSE=0.000136316
CSG-MU (326).	RMSE=0.000136695
CSG-MU (327).	RMSE=0.000136275
CSG-MU (328).	RMSE=0.000135212
CSG-MU (329).	RMSE=0.000134570
CSG-MU (330).	RMSE=0.000135178
CSG-MU (331).	RMSE=0.000134463
CSG-MU (332).	RMSE=0.000133792
CSG-MU (333).	RMSE=0.000133046
CSG-MU (334).	RMSE=0.000133315
CSG-MU (335).	RMSE=0.000131265
CSG-MU (336).	RMSE=0.000128882
CSG-MU (337).	RMSE=0.000130678
CSG-MU (338).	RMSE=0.000127104
CSG-MU (339).	RMSE=0.000128287
CSG-MU (340).	RMSE=0.000125419
CSG-MU (341).	RMSE=0.000125960
CSG-MU (342).	RMSE=0.000124376
CSG-MU (343).	RMSE=0.000122328
CSG-MU (344).	RMSE=0.000121499
CSG-MU (345).	RMSE=0.000119945
CSG-MU (346).	RMSE=0.000119636
CSG-MU (347).	RMSE=0.000117237
CSG-MU (348).	RMSE=0.000116790
CSG-MU (349).	RMSE=0.000114624
CSG-MU (350).	RMSE=0.000114710
CSG-MU (351).	RMSE=0.000111682
CSG-MU (352).	RMSE=0.000110630
CSG-MU (353).	RMSE=0.000110358
CSG-MU (354).	RMSE=0.000109600
CSG-MU (355).	RMSE=0.000108138
CSG-MU (356).	RMSE=0.000106610
CSG-MU (357).	RMSE=0.000105537
CSG-MU (358).	RMSE=0.000105346
CSG-MU (359).	RMSE=0.000102626
CSG-MU (360).	RMSE=0.000102884
CSG-MU (361).	RMSE=0.000102241
CSG-MU (362).	RMSE=0.000100376
CSG-MU (363).	RMSE=0.000100299
CSG-MU (364).	RMSE=0.000100384
CSG-MU (365).	RMSE=0.000100531
CSG-MU (366).	RMSE=0.000099064
CSG-MU (367).	RMSE=0.000099501
CSG-MU (368).	RMSE=0.000099477
CSG-MU (369).	RMSE=0.000099687
CSG-MU (370).	RMSE=0.000099979
CSG-MU (371).	RMSE=0.000099476
CSG-MU (372).	RMSE=0.000100902
CSG-MU (373).	RMSE=0.000100371
CSG-MU (374).	RMSE=0.000100704
CSG-MU (375).	RMSE=0.000102727
CSG-MU (376).	RMSE=0.000103144
CSG-MU (377).	RMSE=0.000103838
CSG-MU (378).	RMSE=0.000103738
CSG-MU (379).	RMSE=0.000104809
CSG-MU (380).	RMSE=0.000105782
CSG-MU (381).	RMSE=0.000107044
CSG-MU (382).	RMSE=0.000106222
CSG-MU (383).	RMSE=0.000109420
CSG-MU (384).	RMSE=0.000109548
CSG-MU (385).	RMSE=0.000108530
CSG-MU (386).	RMSE=0.000111313
CSG-MU (387).	RMSE=0.000111601
CSG-MU (388).	RMSE=0.000112337
CSG-MU (389).	RMSE=0.000112468
CSG-MU (390).	RMSE=0.000111734
CSG-MU (391).	RMSE=0.000112597
CSG-MU (392).	RMSE=0.000114176
CSG-MU (393).	RMSE=0.000116043
CSG-MU (394).	RMSE=0.000115644
CSG-MU (395).	RMSE=0.000116467
CSG-MU (396).	RMSE=0.000116349
CSG-MU (397).	RMSE=0.000116725
CSG-MU (398).	RMSE=0.000117523
CSG-MU (399).	RMSE=0.000117982
CSG-MU (400).	RMSE=0.000118343
CSG-MU (401).	RMSE=0.000119410
CSG-MU (402).	RMSE=0.000118851
CSG-MU (403).	RMSE=0.000120346
CSG-MU (404).	RMSE=0.000120558
CSG-MU (405).	RMSE=0.000120344
CSG-MU (406).	RMSE=0.000120413
CSG-MU (407).	RMSE=0.000119591
CSG-MU (408).	RMSE=0.000121953
CSG-MU (409).	RMSE=0.000121110
CSG-MU (410).	RMSE=0.000121156
CSG-MU (411).	RMSE=0.000121727
CSG-MU (412).	RMSE=0.000120933
CSG-MU (413).	RMSE=0.000119352
CSG-MU (414).	RMSE=0.000119771
CSG-MU (415).	RMSE=0.000118778
CSG-MU (416).	RMSE=0.000121616
CSG-MU (417).	RMSE=0.000120665
CSG-MU (418).	RMSE=0.000120354
CSG-MU (419).	RMSE=0.000118715
CSG-MU (420).	RMSE=0.000120049
CSG-MU (421).	RMSE=0.000120008
CSG-MU (422).	RMSE=0.000119030
CSG-MU (423).	RMSE=0.000117814
CSG-MU (424).	RMSE=0.000118647
CSG-MU (425).	RMSE=0.000118695
CSG-MU (426).	RMSE=0.000117738
CSG-MU (427).	RMSE=0.000118204
CSG-MU (428).	RMSE=0.000118204
CSG-MU (429).	RMSE=0.000116177
CSG-MU (430).	RMSE=0.000116304
CSG-MU (431).	RMSE=0.000114450
CSG-MU (432).	RMSE=0.000117377
CSG-MU (433).	RMSE=0.000113911
CSG-MU (434).	RMSE=0.000114160
CSG-MU (435).	RMSE=0.000113820
CSG-MU (436).	RMSE=0.000113457
CSG-MU (437).	RMSE=0.000113044
CSG-MU (438).	RMSE=0.000110554
CSG-MU (439).	RMSE=0.000111737
CSG-MU (440).	RMSE=0.000111820
CSG-MU (441).	RMSE=0.000106611
CSG-MU (442).	RMSE=0.000108288
CSG-MU (443).	RMSE=0.000108709
CSG-MU (444).	RMSE=0.000106388
CSG-MU (445).	RMSE=0.000104563
CSG-MU (446).	RMSE=0.000104971
CSG-MU (447).	RMSE=0.000105568
CSG-MU (448).	RMSE=0.000103728
CSG-MU (449).	RMSE=0.000101160
CSG-MU (450).	RMSE=0.000100567
CSG-MU (451).	RMSE=0.000102252
CSG-MU (452).	RMSE=0.000099336
CSG-MU (453).	RMSE=0.000099527
CSG-MU (454).	RMSE=0.000097497
CSG-MU (455).	RMSE=0.000098528
CSG-MU (456).	RMSE=0.000098847
CSG-MU (457).	RMSE=0.000096117
CSG-MU (458).	RMSE=0.000095025
CSG-MU (459).	RMSE=0.000095474
CSG-MU (460).	RMSE=0.000094835
CSG-MU (461).	RMSE=0.000093827
CSG-MU (462).	RMSE=0.000093089
CSG-MU (463).	RMSE=0.000091931
CSG-MU (464).	RMSE=0.000093157
CSG-MU (465).	RMSE=0.000090831
CSG-MU (466).	RMSE=0.000091380
CSG-MU (467).	RMSE=0.000091677
CSG-MU (468).	RMSE=0.000088711
CSG-MU (469).	RMSE=0.000088711
CSG-MU (470).	RMSE=0.000088422
CSG-MU (471).	RMSE=0.000086117
CSG-MU (472).	RMSE=0.000086890
CSG-MU (473).	RMSE=0.000087563
CSG-MU (474).	RMSE=0.000086015
CSG-MU (475).	RMSE=0.000085448
CSG-MU (476).	RMSE=0.000084120
CSG-MU (477).	RMSE=0.000084579
CSG-MU (478).	RMSE=0.000083310
CSG-MU (479).	RMSE=0.000083232
CSG-MU (480).	RMSE=0.000082262
CSG-MU (481).	RMSE=0.000081918
CSG-MU (482).	RMSE=0.000080410
CSG-MU (483).	RMSE=0.000081895
CSG-MU (484).	RMSE=0.000080901
CSG-MU (485).	RMSE=0.000078811
CSG-MU (486).	RMSE=0.000079624
CSG-MU (487).	RMSE=0.000078084
CSG-MU (488).	RMSE=0.000078820
CSG-MU (489).	RMSE=0.000077455
CSG-MU (490).	RMSE=0.000077420
CSG-MU (491).	RMSE=0.000076319
CSG-MU (492).	RMSE=0.000076946
CSG-MU (493).	RMSE=0.000074321
CSG-MU (494).	RMSE=0.000074783
CSG-MU (495).	RMSE=0.000074197
CSG-MU (496).	RMSE=0.000073238
CSG-MU (497).	RMSE=0.000074969
CSG-MU (498).	RMSE=0.000072829
CSG-MU (499).	RMSE=0.000073275
CSG-MU (500).	RMSE=0.000072997
Frobenius error: 52.19313
Log-likelihood: -593122923.78356
Saved admixture proportions as output/06_angsd_structure/pca/pcangsd.admix.5.Q
Saved ancestral allele frequencies proportions as output/06_angsd_structure/pca/pcangsd.admix.5.P
Total elapsed time: 218m9s
end 2026-09-28T07:05:10Z K=5
