start 2026-09-27T23:49:35Z host n3501
SNP sites: 7418858
------------------------------------
PCAngsd v1.36.4
Jonas Meisner and Anders Albrechtsen
Using 16 thread(s)
------------------------------------
Parsing Beagle file.
Loaded 7418858 sites and 109 samples.
Estimating minor allele frequencies.
EM (MAF) converged at iteration: 4
Number of sites after MAF filtering (0.05): 7418858
Estimating covariance matrix.
Using 2 principal components (MAP test).
Individual allele frequencies estimated (1).
Individual allele frequencies estimated (2).	RMSE=0.0037120
Individual allele frequencies estimated (3).	RMSE=0.0021209
Individual allele frequencies estimated (4).	RMSE=0.0013648
Individual allele frequencies estimated (5).	RMSE=0.0009386
Individual allele frequencies estimated (6).	RMSE=0.0006601
Individual allele frequencies estimated (7).	RMSE=0.0004720
Individual allele frequencies estimated (8).	RMSE=0.0003402
Individual allele frequencies estimated (9).	RMSE=0.0002457
Individual allele frequencies estimated (10).	RMSE=0.0001802
Individual allele frequencies estimated (11).	RMSE=0.0001316
Individual allele frequencies estimated (12).	RMSE=0.0000942
Individual allele frequencies estimated (13).	RMSE=0.0000683
Individual allele frequencies estimated (14).	RMSE=0.0000520
Individual allele frequencies estimated (15).	RMSE=0.0000398
Individual allele frequencies estimated (16).	RMSE=0.0000318
Individual allele frequencies estimated (17).	RMSE=0.0000459
Individual allele frequencies estimated (18).	RMSE=0.0000821
Individual allele frequencies estimated (19).	RMSE=0.0000475
Individual allele frequencies estimated (20).	RMSE=0.0000945
Individual allele frequencies estimated (21).	RMSE=0.0001149
Individual allele frequencies estimated (22).	RMSE=0.0000349
Individual allele frequencies estimated (23).	RMSE=0.0000678
Individual allele frequencies estimated (24).	RMSE=0.0000569
Individual allele frequencies estimated (25).	RMSE=0.0000669
Individual allele frequencies estimated (26).	RMSE=0.0000267
Individual allele frequencies estimated (27).	RMSE=0.0000645
Individual allele frequencies estimated (28).	RMSE=0.0001171
Individual allele frequencies estimated (29).	RMSE=0.0000573
Individual allele frequencies estimated (30).	RMSE=0.0000513
Individual allele frequencies estimated (31).	RMSE=0.0000497
Individual allele frequencies estimated (32).	RMSE=0.0000367
Individual allele frequencies estimated (33).	RMSE=0.0000221
Individual allele frequencies estimated (34).	RMSE=0.0000327
Individual allele frequencies estimated (35).	RMSE=0.0000369
Individual allele frequencies estimated (36).	RMSE=0.0001009
Individual allele frequencies estimated (37).	RMSE=0.0000696
Individual allele frequencies estimated (38).	RMSE=0.0000244
Individual allele frequencies estimated (39).	RMSE=0.0000408
Individual allele frequencies estimated (40).	RMSE=0.0000714
Individual allele frequencies estimated (41).	RMSE=0.0000495
Individual allele frequencies estimated (42).	RMSE=0.0000669
Individual allele frequencies estimated (43).	RMSE=0.0000775
Individual allele frequencies estimated (44).	RMSE=0.0000625
Individual allele frequencies estimated (45).	RMSE=0.0000326
Individual allele frequencies estimated (46).	RMSE=0.0000286
Individual allele frequencies estimated (47).	RMSE=0.0000821
Individual allele frequencies estimated (48).	RMSE=0.0000676
Individual allele frequencies estimated (49).	RMSE=0.0000988
Individual allele frequencies estimated (50).	RMSE=0.0000909
Individual allele frequencies estimated (51).	RMSE=0.0000776
Individual allele frequencies estimated (52).	RMSE=0.0000231
Individual allele frequencies estimated (53).	RMSE=0.0000780
Individual allele frequencies estimated (54).	RMSE=0.0000728
Individual allele frequencies estimated (55).	RMSE=0.0000445
Individual allele frequencies estimated (56).	RMSE=0.0000559
Individual allele frequencies estimated (57).	RMSE=0.0000603
Individual allele frequencies estimated (58).	RMSE=0.0000871
Individual allele frequencies estimated (59).	RMSE=0.0000272
Individual allele frequencies estimated (60).	RMSE=0.0000707
Individual allele frequencies estimated (61).	RMSE=0.0000569
Individual allele frequencies estimated (62).	RMSE=0.0000429
Individual allele frequencies estimated (63).	RMSE=0.0000259
Individual allele frequencies estimated (64).	RMSE=0.0000511
Individual allele frequencies estimated (65).	RMSE=0.0000486
Individual allele frequencies estimated (66).	RMSE=0.0000766
Individual allele frequencies estimated (67).	RMSE=0.0000411
Individual allele frequencies estimated (68).	RMSE=0.0000271
Individual allele frequencies estimated (69).	RMSE=0.0000853
Individual allele frequencies estimated (70).	RMSE=0.0000833
Individual allele frequencies estimated (71).	RMSE=0.0000782
Individual allele frequencies estimated (72).	RMSE=0.0000689
Individual allele frequencies estimated (73).	RMSE=0.0000394
Individual allele frequencies estimated (74).	RMSE=0.0001055
Individual allele frequencies estimated (75).	RMSE=0.0000526
Individual allele frequencies estimated (76).	RMSE=0.0000680
Individual allele frequencies estimated (77).	RMSE=0.0000456
Individual allele frequencies estimated (78).	RMSE=0.0000383
Individual allele frequencies estimated (79).	RMSE=0.0000987
Individual allele frequencies estimated (80).	RMSE=0.0001017
Individual allele frequencies estimated (81).	RMSE=0.0000693
Individual allele frequencies estimated (82).	RMSE=0.0000454
Individual allele frequencies estimated (83).	RMSE=0.0000270
Individual allele frequencies estimated (84).	RMSE=0.0000756
Individual allele frequencies estimated (85).	RMSE=0.0000957
Individual allele frequencies estimated (86).	RMSE=0.0000682
Individual allele frequencies estimated (87).	RMSE=0.0000739
Individual allele frequencies estimated (88).	RMSE=0.0000297
Individual allele frequencies estimated (89).	RMSE=0.0000994
Individual allele frequencies estimated (90).	RMSE=0.0001013
Individual allele frequencies estimated (91).	RMSE=0.0000310
Individual allele frequencies estimated (92).	RMSE=0.0000629
Individual allele frequencies estimated (93).	RMSE=0.0000649
Individual allele frequencies estimated (94).	RMSE=0.0000228
Individual allele frequencies estimated (95).	RMSE=0.0000531
Individual allele frequencies estimated (96).	RMSE=0.0000593
Individual allele frequencies estimated (97).	RMSE=0.0000555
Individual allele frequencies estimated (98).	RMSE=0.0000394
Individual allele frequencies estimated (99).	RMSE=0.0000742
Individual allele frequencies estimated (100).	RMSE=0.0000603
Individual allele frequencies estimated (101).	RMSE=0.0000244
PCAngsd did not converge!
Saved covariance matrix as output/06_angsd_structure/pca/pcangsd.cov
Saved minor allele frequencies as output/06_angsd_structure/pca/pcangsd.freqs
Creating boolean vector of sites surviving filters.
Saved boolean vector of sites kept after filtering as output/06_angsd_structure/pca/pcangsd.sites
Total elapsed time: 15m0s
------------------------------------
PCAngsd v1.36.4
Jonas Meisner and Anders Albrechtsen
Using 16 thread(s)
------------------------------------
Parsing Beagle file.
Loaded 7418858 sites and 109 samples.
Estimating minor allele frequencies.
EM (MAF) converged at iteration: 4
Number of sites after MAF filtering (0.05): 7418858
Estimating covariance matrix.
Using 2 principal components (MAP test).
Individual allele frequencies estimated (1).
Individual allele frequencies estimated (2).	RMSE=0.0037119
Individual allele frequencies estimated (3).	RMSE=0.0021284
Individual allele frequencies estimated (4).	RMSE=0.0013642
Individual allele frequencies estimated (5).	RMSE=0.0009292
Individual allele frequencies estimated (6).	RMSE=0.0006591
Individual allele frequencies estimated (7).	RMSE=0.0004722
Individual allele frequencies estimated (8).	RMSE=0.0003455
Individual allele frequencies estimated (9).	RMSE=0.0002517
Individual allele frequencies estimated (10).	RMSE=0.0002002
Individual allele frequencies estimated (11).	RMSE=0.0001335
Individual allele frequencies estimated (12).	RMSE=0.0001263
Individual allele frequencies estimated (13).	RMSE=0.0000729
Individual allele frequencies estimated (14).	RMSE=0.0000836
Individual allele frequencies estimated (15).	RMSE=0.0000602
Individual allele frequencies estimated (16).	RMSE=0.0000519
Individual allele frequencies estimated (17).	RMSE=0.0000491
Individual allele frequencies estimated (18).	RMSE=0.0001069
Individual allele frequencies estimated (19).	RMSE=0.0000338
Individual allele frequencies estimated (20).	RMSE=0.0000261
Individual allele frequencies estimated (21).	RMSE=0.0000900
Individual allele frequencies estimated (22).	RMSE=0.0000778
Individual allele frequencies estimated (23).	RMSE=0.0000518
Individual allele frequencies estimated (24).	RMSE=0.0000932
Individual allele frequencies estimated (25).	RMSE=0.0001051
Individual allele frequencies estimated (26).	RMSE=0.0000916
Individual allele frequencies estimated (27).	RMSE=0.0000437
Individual allele frequencies estimated (28).	RMSE=0.0000262
Individual allele frequencies estimated (29).	RMSE=0.0000625
Individual allele frequencies estimated (30).	RMSE=0.0000192
Individual allele frequencies estimated (31).	RMSE=0.0001068
Individual allele frequencies estimated (32).	RMSE=0.0000716
Individual allele frequencies estimated (33).	RMSE=0.0001173
Individual allele frequencies estimated (34).	RMSE=0.0000556
Individual allele frequencies estimated (35).	RMSE=0.0000347
Individual allele frequencies estimated (36).	RMSE=0.0000357
Individual allele frequencies estimated (37).	RMSE=0.0000630
Individual allele frequencies estimated (38).	RMSE=0.0000733
Individual allele frequencies estimated (39).	RMSE=0.0000272
Individual allele frequencies estimated (40).	RMSE=0.0000372
Individual allele frequencies estimated (41).	RMSE=0.0000480
Individual allele frequencies estimated (42).	RMSE=0.0000513
Individual allele frequencies estimated (43).	RMSE=0.0000416
Individual allele frequencies estimated (44).	RMSE=0.0000433
Individual allele frequencies estimated (45).	RMSE=0.0000685
Individual allele frequencies estimated (46).	RMSE=0.0000768
Individual allele frequencies estimated (47).	RMSE=0.0000580
Individual allele frequencies estimated (48).	RMSE=0.0000500
Individual allele frequencies estimated (49).	RMSE=0.0000287
Individual allele frequencies estimated (50).	RMSE=0.0000643
Individual allele frequencies estimated (51).	RMSE=0.0000762
Individual allele frequencies estimated (52).	RMSE=0.0000696
Individual allele frequencies estimated (53).	RMSE=0.0000976
Individual allele frequencies estimated (54).	RMSE=0.0000831
Individual allele frequencies estimated (55).	RMSE=0.0000728
Individual allele frequencies estimated (56).	RMSE=0.0000643
Individual allele frequencies estimated (57).	RMSE=0.0000799
Individual allele frequencies estimated (58).	RMSE=0.0000610
Individual allele frequencies estimated (59).	RMSE=0.0000533
Individual allele frequencies estimated (60).	RMSE=0.0000605
Individual allele frequencies estimated (61).	RMSE=0.0000987
Individual allele frequencies estimated (62).	RMSE=0.0000171
Individual allele frequencies estimated (63).	RMSE=0.0000881
Individual allele frequencies estimated (64).	RMSE=0.0000665
Individual allele frequencies estimated (65).	RMSE=0.0000605
Individual allele frequencies estimated (66).	RMSE=0.0000839
Individual allele frequencies estimated (67).	RMSE=0.0000907
Individual allele frequencies estimated (68).	RMSE=0.0000641
Individual allele frequencies estimated (69).	RMSE=0.0000731
Individual allele frequencies estimated (70).	RMSE=0.0000414
Individual allele frequencies estimated (71).	RMSE=0.0000278
Individual allele frequencies estimated (72).	RMSE=0.0001053
Individual allele frequencies estimated (73).	RMSE=0.0000917
Individual allele frequencies estimated (74).	RMSE=0.0001324
Individual allele frequencies estimated (75).	RMSE=0.0000872
Individual allele frequencies estimated (76).	RMSE=0.0000524
Individual allele frequencies estimated (77).	RMSE=0.0000240
Individual allele frequencies estimated (78).	RMSE=0.0000419
Individual allele frequencies estimated (79).	RMSE=0.0000399
Individual allele frequencies estimated (80).	RMSE=0.0000419
Individual allele frequencies estimated (81).	RMSE=0.0000349
Individual allele frequencies estimated (82).	RMSE=0.0000338
Individual allele frequencies estimated (83).	RMSE=0.0000546
Individual allele frequencies estimated (84).	RMSE=0.0000421
Individual allele frequencies estimated (85).	RMSE=0.0000361
Individual allele frequencies estimated (86).	RMSE=0.0000667
Individual allele frequencies estimated (87).	RMSE=0.0000405
Individual allele frequencies estimated (88).	RMSE=0.0001045
Individual allele frequencies estimated (89).	RMSE=0.0000756
Individual allele frequencies estimated (90).	RMSE=0.0000189
Individual allele frequencies estimated (91).	RMSE=0.0000974
Individual allele frequencies estimated (92).	RMSE=0.0000570
Individual allele frequencies estimated (93).	RMSE=0.0000660
Individual allele frequencies estimated (94).	RMSE=0.0000385
Individual allele frequencies estimated (95).	RMSE=0.0000263
Individual allele frequencies estimated (96).	RMSE=0.0000187
Individual allele frequencies estimated (97).	RMSE=0.0001163
Individual allele frequencies estimated (98).	RMSE=0.0001087
Individual allele frequencies estimated (99).	RMSE=0.0000434
Individual allele frequencies estimated (100).	RMSE=0.0000353
Individual allele frequencies estimated (101).	RMSE=0.0000806
PCAngsd did not converge!
Saved covariance matrix as output/06_angsd_structure/pca/pcangsd.cov
Estimating admixture proportions using NMF (CSG-MU).
K=2, Alpha=0.0, Batches=10, Seed=0
CSG-MU (1).	RMSE=0.236081266
CSG-MU (2).	RMSE=0.316154258
CSG-MU (3).	RMSE=0.039689526
CSG-MU (4).	RMSE=0.030924410
CSG-MU (5).	RMSE=0.021947174
CSG-MU (6).	RMSE=0.015345151
CSG-MU (7).	RMSE=0.010978775
CSG-MU (8).	RMSE=0.007249914
CSG-MU (9).	RMSE=0.004775487
CSG-MU (10).	RMSE=0.002826459
CSG-MU (11).	RMSE=0.001510407
CSG-MU (12).	RMSE=0.000844609
CSG-MU (13).	RMSE=0.000516857
CSG-MU (14).	RMSE=0.000304260
CSG-MU (15).	RMSE=0.000178462
CSG-MU (16).	RMSE=0.000114343
CSG-MU (17).	RMSE=0.000077229
CSG-MU (18).	RMSE=0.000054228
CSG-MU (19).	RMSE=0.000040671
CSG-MU (20).	RMSE=0.000032227
CSG-MU (21).	RMSE=0.000025130
CSG-MU (22).	RMSE=0.000020968
CSG-MU (23).	RMSE=0.000017626
CSG-MU (24).	RMSE=0.000014636
CSG-MU (25).	RMSE=0.000012508
CSG-MU (26).	RMSE=0.000010740
CSG-MU (27).	RMSE=0.000009336
Converged.
Frobenius error: 1443.33662
Log-likelihood: -604654321.86596
Saved admixture proportions as output/06_angsd_structure/pca/pcangsd.admix.2.Q
Saved ancestral allele frequencies proportions as output/06_angsd_structure/pca/pcangsd.admix.2.P
Total elapsed time: 15m38s
------------------------------------
PCAngsd v1.36.4
Jonas Meisner and Anders Albrechtsen
Using 16 thread(s)
------------------------------------
Parsing Beagle file.
Loaded 7418858 sites and 109 samples.
Estimating minor allele frequencies.
EM (MAF) converged at iteration: 4
Number of sites after MAF filtering (0.05): 7418858
Estimating covariance matrix.
Using 2 principal components (MAP test).
Individual allele frequencies estimated (1).
Individual allele frequencies estimated (2).	RMSE=0.0037089
Individual allele frequencies estimated (3).	RMSE=0.0021238
Individual allele frequencies estimated (4).	RMSE=0.0013631
Individual allele frequencies estimated (5).	RMSE=0.0009352
Individual allele frequencies estimated (6).	RMSE=0.0006572
Individual allele frequencies estimated (7).	RMSE=0.0004731
Individual allele frequencies estimated (8).	RMSE=0.0003440
Individual allele frequencies estimated (9).	RMSE=0.0002473
Individual allele frequencies estimated (10).	RMSE=0.0001810
Individual allele frequencies estimated (11).	RMSE=0.0001323
Individual allele frequencies estimated (12).	RMSE=0.0001022
Individual allele frequencies estimated (13).	RMSE=0.0001103
Individual allele frequencies estimated (14).	RMSE=0.0000747
Individual allele frequencies estimated (15).	RMSE=0.0000558
Individual allele frequencies estimated (16).	RMSE=0.0000722
Individual allele frequencies estimated (17).	RMSE=0.0000344
Individual allele frequencies estimated (18).	RMSE=0.0000618
Individual allele frequencies estimated (19).	RMSE=0.0000693
Individual allele frequencies estimated (20).	RMSE=0.0001034
Individual allele frequencies estimated (21).	RMSE=0.0000836
Individual allele frequencies estimated (22).	RMSE=0.0000839
Individual allele frequencies estimated (23).	RMSE=0.0000231
Individual allele frequencies estimated (24).	RMSE=0.0000604
Individual allele frequencies estimated (25).	RMSE=0.0000752
Individual allele frequencies estimated (26).	RMSE=0.0000610
Individual allele frequencies estimated (27).	RMSE=0.0000870
Individual allele frequencies estimated (28).	RMSE=0.0000781
Individual allele frequencies estimated (29).	RMSE=0.0000404
Individual allele frequencies estimated (30).	RMSE=0.0000630
Individual allele frequencies estimated (31).	RMSE=0.0001333
Individual allele frequencies estimated (32).	RMSE=0.0000798
Individual allele frequencies estimated (33).	RMSE=0.0000434
Individual allele frequencies estimated (34).	RMSE=0.0001214
Individual allele frequencies estimated (35).	RMSE=0.0001113
Individual allele frequencies estimated (36).	RMSE=0.0001056
Individual allele frequencies estimated (37).	RMSE=0.0000875
Individual allele frequencies estimated (38).	RMSE=0.0000259
Individual allele frequencies estimated (39).	RMSE=0.0000407
Individual allele frequencies estimated (40).	RMSE=0.0000536
Individual allele frequencies estimated (41).	RMSE=0.0000439
Individual allele frequencies estimated (42).	RMSE=0.0000318
Individual allele frequencies estimated (43).	RMSE=0.0000711
Individual allele frequencies estimated (44).	RMSE=0.0000758
Individual allele frequencies estimated (45).	RMSE=0.0000984
Individual allele frequencies estimated (46).	RMSE=0.0001094
Individual allele frequencies estimated (47).	RMSE=0.0000600
Individual allele frequencies estimated (48).	RMSE=0.0001215
Individual allele frequencies estimated (49).	RMSE=0.0000784
Individual allele frequencies estimated (50).	RMSE=0.0000807
Individual allele frequencies estimated (51).	RMSE=0.0000886
Individual allele frequencies estimated (52).	RMSE=0.0000999
Individual allele frequencies estimated (53).	RMSE=0.0001056
Individual allele frequencies estimated (54).	RMSE=0.0000467
Individual allele frequencies estimated (55).	RMSE=0.0000672
Individual allele frequencies estimated (56).	RMSE=0.0000365
Individual allele frequencies estimated (57).	RMSE=0.0000594
Individual allele frequencies estimated (58).	RMSE=0.0000461
Individual allele frequencies estimated (59).	RMSE=0.0000548
Individual allele frequencies estimated (60).	RMSE=0.0000305
Individual allele frequencies estimated (61).	RMSE=0.0000318
Individual allele frequencies estimated (62).	RMSE=0.0000381
Individual allele frequencies estimated (63).	RMSE=0.0000351
Individual allele frequencies estimated (64).	RMSE=0.0000456
Individual allele frequencies estimated (65).	RMSE=0.0000682
Individual allele frequencies estimated (66).	RMSE=0.0000746
Individual allele frequencies estimated (67).	RMSE=0.0000728
Individual allele frequencies estimated (68).	RMSE=0.0000942
Individual allele frequencies estimated (69).	RMSE=0.0000858
Individual allele frequencies estimated (70).	RMSE=0.0000767
Individual allele frequencies estimated (71).	RMSE=0.0000880
Individual allele frequencies estimated (72).	RMSE=0.0000706
Individual allele frequencies estimated (73).	RMSE=0.0000530
Individual allele frequencies estimated (74).	RMSE=0.0000521
Individual allele frequencies estimated (75).	RMSE=0.0001290
Individual allele frequencies estimated (76).	RMSE=0.0000610
Individual allele frequencies estimated (77).	RMSE=0.0000405
Individual allele frequencies estimated (78).	RMSE=0.0000457
Individual allele frequencies estimated (79).	RMSE=0.0000246
Individual allele frequencies estimated (80).	RMSE=0.0000299
Individual allele frequencies estimated (81).	RMSE=0.0000490
Individual allele frequencies estimated (82).	RMSE=0.0000308
Individual allele frequencies estimated (83).	RMSE=0.0000210
Individual allele frequencies estimated (84).	RMSE=0.0001004
Individual allele frequencies estimated (85).	RMSE=0.0000461
Individual allele frequencies estimated (86).	RMSE=0.0000730
Individual allele frequencies estimated (87).	RMSE=0.0000399
Individual allele frequencies estimated (88).	RMSE=0.0000933
Individual allele frequencies estimated (89).	RMSE=0.0000328
Individual allele frequencies estimated (90).	RMSE=0.0000729
Individual allele frequencies estimated (91).	RMSE=0.0000343
Individual allele frequencies estimated (92).	RMSE=0.0000277
Individual allele frequencies estimated (93).	RMSE=0.0000263
Individual allele frequencies estimated (94).	RMSE=0.0000550
Individual allele frequencies estimated (95).	RMSE=0.0000356
Individual allele frequencies estimated (96).	RMSE=0.0000898
Individual allele frequencies estimated (97).	RMSE=0.0000925
Individual allele frequencies estimated (98).	RMSE=0.0000833
Individual allele frequencies estimated (99).	RMSE=0.0000925
Individual allele frequencies estimated (100).	RMSE=0.0000539
Individual allele frequencies estimated (101).	RMSE=0.0000279
PCAngsd did not converge!
Saved covariance matrix as output/06_angsd_structure/pca/pcangsd.cov
Estimating admixture proportions using NMF (CSG-MU).
K=3, Alpha=0.0, Batches=10, Seed=0
CSG-MU (1).	RMSE=0.180819358
CSG-MU (2).	RMSE=0.318921268
CSG-MU (3).	RMSE=0.028088889
CSG-MU (4).	RMSE=0.018261376
CSG-MU (5).	RMSE=0.012138690
CSG-MU (6).	RMSE=0.008362961
CSG-MU (7).	RMSE=0.005951406
CSG-MU (8).	RMSE=0.004099365
CSG-MU (9).	RMSE=0.002702745
CSG-MU (10).	RMSE=0.001812226
CSG-MU (11).	RMSE=0.001245557
CSG-MU (12).	RMSE=0.000860726
CSG-MU (13).	RMSE=0.000593166
CSG-MU (14).	RMSE=0.000419874
CSG-MU (15).	RMSE=0.000298449
CSG-MU (16).	RMSE=0.000218722
CSG-MU (17).	RMSE=0.000159035
CSG-MU (18).	RMSE=0.000115817
CSG-MU (19).	RMSE=0.000085360
CSG-MU (20).	RMSE=0.000063689
CSG-MU (21).	RMSE=0.000045817
CSG-MU (22).	RMSE=0.000034986
CSG-MU (23).	RMSE=0.000028032
CSG-MU (24).	RMSE=0.000021453
CSG-MU (25).	RMSE=0.000016657
CSG-MU (26).	RMSE=0.000013098
CSG-MU (27).	RMSE=0.000010828
CSG-MU (28).	RMSE=0.000007490
Converged.
Frobenius error: 69.51192
Log-likelihood: -593155726.31245
Saved admixture proportions as output/06_angsd_structure/pca/pcangsd.admix.3.Q
Saved ancestral allele frequencies proportions as output/06_angsd_structure/pca/pcangsd.admix.3.P
Total elapsed time: 16m20s
------------------------------------
PCAngsd v1.36.4
Jonas Meisner and Anders Albrechtsen
Using 16 thread(s)
------------------------------------
Parsing Beagle file.
Loaded 7418858 sites and 109 samples.
Estimating minor allele frequencies.
EM (MAF) converged at iteration: 4
Number of sites after MAF filtering (0.05): 7418858
Estimating covariance matrix.
Using 2 principal components (MAP test).
Individual allele frequencies estimated (1).
Individual allele frequencies estimated (2).	RMSE=0.0037190
Individual allele frequencies estimated (3).	RMSE=0.0021192
Individual allele frequencies estimated (4).	RMSE=0.0013673
Individual allele frequencies estimated (5).	RMSE=0.0009322
Individual allele frequencies estimated (6).	RMSE=0.0006597
Individual allele frequencies estimated (7).	RMSE=0.0004749
Individual allele frequencies estimated (8).	RMSE=0.0003564
Individual allele frequencies estimated (9).	RMSE=0.0002533
Individual allele frequencies estimated (10).	RMSE=0.0001790
Individual allele frequencies estimated (11).	RMSE=0.0001462
Individual allele frequencies estimated (12).	RMSE=0.0000980
Individual allele frequencies estimated (13).	RMSE=0.0000864
Individual allele frequencies estimated (14).	RMSE=0.0000561
Individual allele frequencies estimated (15).	RMSE=0.0000750
Individual allele frequencies estimated (16).	RMSE=0.0000420
Individual allele frequencies estimated (17).	RMSE=0.0000353
Individual allele frequencies estimated (18).	RMSE=0.0000801
Individual allele frequencies estimated (19).	RMSE=0.0000416
Individual allele frequencies estimated (20).	RMSE=0.0000875
Individual allele frequencies estimated (21).	RMSE=0.0000969
Individual allele frequencies estimated (22).	RMSE=0.0000371
Individual allele frequencies estimated (23).	RMSE=0.0000354
Individual allele frequencies estimated (24).	RMSE=0.0000719
Individual allele frequencies estimated (25).	RMSE=0.0000855
Individual allele frequencies estimated (26).	RMSE=0.0000278
Individual allele frequencies estimated (27).	RMSE=0.0001093
Individual allele frequencies estimated (28).	RMSE=0.0000933
Individual allele frequencies estimated (29).	RMSE=0.0000508
Individual allele frequencies estimated (30).	RMSE=0.0000500
Individual allele frequencies estimated (31).	RMSE=0.0000535
Individual allele frequencies estimated (32).	RMSE=0.0000299
Individual allele frequencies estimated (33).	RMSE=0.0000556
Individual allele frequencies estimated (34).	RMSE=0.0000626
Individual allele frequencies estimated (35).	RMSE=0.0000776
Individual allele frequencies estimated (36).	RMSE=0.0000503
Individual allele frequencies estimated (37).	RMSE=0.0000839
Individual allele frequencies estimated (38).	RMSE=0.0000702
Individual allele frequencies estimated (39).	RMSE=0.0000875
Individual allele frequencies estimated (40).	RMSE=0.0000605
Individual allele frequencies estimated (41).	RMSE=0.0000670
Individual allele frequencies estimated (42).	RMSE=0.0000318
Individual allele frequencies estimated (43).	RMSE=0.0000913
Individual allele frequencies estimated (44).	RMSE=0.0001252
Individual allele frequencies estimated (45).	RMSE=0.0000401
Individual allele frequencies estimated (46).	RMSE=0.0000519
Individual allele frequencies estimated (47).	RMSE=0.0000425
Individual allele frequencies estimated (48).	RMSE=0.0000501
Individual allele frequencies estimated (49).	RMSE=0.0000741
Individual allele frequencies estimated (50).	RMSE=0.0000707
Individual allele frequencies estimated (51).	RMSE=0.0000441
Individual allele frequencies estimated (52).	RMSE=0.0000334
Individual allele frequencies estimated (53).	RMSE=0.0000580
Individual allele frequencies estimated (54).	RMSE=0.0000321
Individual allele frequencies estimated (55).	RMSE=0.0000944
Individual allele frequencies estimated (56).	RMSE=0.0000750
Individual allele frequencies estimated (57).	RMSE=0.0000489
Individual allele frequencies estimated (58).	RMSE=0.0000741
Individual allele frequencies estimated (59).	RMSE=0.0000825
Individual allele frequencies estimated (60).	RMSE=0.0000433
Individual allele frequencies estimated (61).	RMSE=0.0000404
Individual allele frequencies estimated (62).	RMSE=0.0000742
Individual allele frequencies estimated (63).	RMSE=0.0000430
Individual allele frequencies estimated (64).	RMSE=0.0000645
Individual allele frequencies estimated (65).	RMSE=0.0000576
Individual allele frequencies estimated (66).	RMSE=0.0000473
Individual allele frequencies estimated (67).	RMSE=0.0000892
Individual allele frequencies estimated (68).	RMSE=0.0000485
Individual allele frequencies estimated (69).	RMSE=0.0000621
Individual allele frequencies estimated (70).	RMSE=0.0000203
Individual allele frequencies estimated (71).	RMSE=0.0000901
Individual allele frequencies estimated (72).	RMSE=0.0000757
Individual allele frequencies estimated (73).	RMSE=0.0000653
Individual allele frequencies estimated (74).	RMSE=0.0000672
Individual allele frequencies estimated (75).	RMSE=0.0000576
Individual allele frequencies estimated (76).	RMSE=0.0000805
Individual allele frequencies estimated (77).	RMSE=0.0000308
Individual allele frequencies estimated (78).	RMSE=0.0000920
Individual allele frequencies estimated (79).	RMSE=0.0000246
Individual allele frequencies estimated (80).	RMSE=0.0000388
Individual allele frequencies estimated (81).	RMSE=0.0000489
Individual allele frequencies estimated (82).	RMSE=0.0000285
Individual allele frequencies estimated (83).	RMSE=0.0001033
Individual allele frequencies estimated (84).	RMSE=0.0000453
Individual allele frequencies estimated (85).	RMSE=0.0000554
Individual allele frequencies estimated (86).	RMSE=0.0000340
Individual allele frequencies estimated (87).	RMSE=0.0000256
Individual allele frequencies estimated (88).	RMSE=0.0000264
Individual allele frequencies estimated (89).	RMSE=0.0001051
Individual allele frequencies estimated (90).	RMSE=0.0000670
Individual allele frequencies estimated (91).	RMSE=0.0001065
Individual allele frequencies estimated (92).	RMSE=0.0000992
Individual allele frequencies estimated (93).	RMSE=0.0000891
Individual allele frequencies estimated (94).	RMSE=0.0000977
Individual allele frequencies estimated (95).	RMSE=0.0000406
Individual allele frequencies estimated (96).	RMSE=0.0000405
Individual allele frequencies estimated (97).	RMSE=0.0000496
Individual allele frequencies estimated (98).	RMSE=0.0001033
Individual allele frequencies estimated (99).	RMSE=0.0000687
Individual allele frequencies estimated (100).	RMSE=0.0000642
Individual allele frequencies estimated (101).	RMSE=0.0000945
PCAngsd did not converge!
Saved covariance matrix as output/06_angsd_structure/pca/pcangsd.cov
Estimating admixture proportions using NMF (CSG-MU).
K=4, Alpha=0.0, Batches=10, Seed=0
CSG-MU (1).	RMSE=0.213032861
CSG-MU (2).	RMSE=0.166912056
CSG-MU (3).	RMSE=0.039971908
CSG-MU (4).	RMSE=0.021819639
CSG-MU (5).	RMSE=0.008876837
CSG-MU (6).	RMSE=0.003669691
CSG-MU (7).	RMSE=0.001505920
CSG-MU (8).	RMSE=0.000958750
CSG-MU (9).	RMSE=0.000644960
CSG-MU (10).	RMSE=0.000526556
CSG-MU (11).	RMSE=0.000438108
CSG-MU (12).	RMSE=0.000390188
CSG-MU (13).	RMSE=0.000355625
CSG-MU (14).	RMSE=0.000328366
CSG-MU (15).	RMSE=0.000308363
CSG-MU (16).	RMSE=0.000297554
CSG-MU (17).	RMSE=0.000287431
CSG-MU (18).	RMSE=0.000279031
CSG-MU (19).	RMSE=0.000273980
CSG-MU (20).	RMSE=0.000268089
CSG-MU (21).	RMSE=0.000266712
CSG-MU (22).	RMSE=0.000262175
CSG-MU (23).	RMSE=0.000258824
CSG-MU (24).	RMSE=0.000254735
CSG-MU (25).	RMSE=0.000256710
CSG-MU (26).	RMSE=0.000251845
CSG-MU (27).	RMSE=0.000251249
CSG-MU (28).	RMSE=0.000250554
CSG-MU (29).	RMSE=0.000249044
CSG-MU (30).	RMSE=0.000247176
CSG-MU (31).	RMSE=0.000247167
CSG-MU (32).	RMSE=0.000245160
CSG-MU (33).	RMSE=0.000243956
CSG-MU (34).	RMSE=0.000244454
CSG-MU (35).	RMSE=0.000242980
CSG-MU (36).	RMSE=0.000243463
CSG-MU (37).	RMSE=0.000244387
CSG-MU (38).	RMSE=0.000244720
CSG-MU (39).	RMSE=0.000242781
CSG-MU (40).	RMSE=0.000245054
CSG-MU (41).	RMSE=0.000242584
CSG-MU (42).	RMSE=0.000243169
CSG-MU (43).	RMSE=0.000245207
CSG-MU (44).	RMSE=0.000246091
CSG-MU (45).	RMSE=0.000243985
CSG-MU (46).	RMSE=0.000245317
CSG-MU (47).	RMSE=0.000247578
CSG-MU (48).	RMSE=0.000246920
CSG-MU (49).	RMSE=0.000248410
CSG-MU (50).	RMSE=0.000249034
CSG-MU (51).	RMSE=0.000250711
CSG-MU (52).	RMSE=0.000251099
CSG-MU (53).	RMSE=0.000251335
CSG-MU (54).	RMSE=0.000253043
CSG-MU (55).	RMSE=0.000254237
CSG-MU (56).	RMSE=0.000255938
CSG-MU (57).	RMSE=0.000255245
CSG-MU (58).	RMSE=0.000256917
CSG-MU (59).	RMSE=0.000253964
CSG-MU (60).	RMSE=0.000257513
CSG-MU (61).	RMSE=0.000255545
CSG-MU (62).	RMSE=0.000254800
CSG-MU (63).	RMSE=0.000251987
CSG-MU (64).	RMSE=0.000250357
CSG-MU (65).	RMSE=0.000246261
CSG-MU (66).	RMSE=0.000245374
CSG-MU (67).	RMSE=0.000243114
CSG-MU (68).	RMSE=0.000241563
CSG-MU (69).	RMSE=0.000238177
CSG-MU (70).	RMSE=0.000237913
CSG-MU (71).	RMSE=0.000235706
CSG-MU (72).	RMSE=0.000231141
CSG-MU (73).	RMSE=0.000231360
CSG-MU (74).	RMSE=0.000228468
CSG-MU (75).	RMSE=0.000225219
CSG-MU (76).	RMSE=0.000223129
CSG-MU (77).	RMSE=0.000219782
CSG-MU (78).	RMSE=0.000218581
CSG-MU (79).	RMSE=0.000217436
CSG-MU (80).	RMSE=0.000215577
CSG-MU (81).	RMSE=0.000211113
CSG-MU (82).	RMSE=0.000209349
CSG-MU (83).	RMSE=0.000208995
CSG-MU (84).	RMSE=0.000208701
CSG-MU (85).	RMSE=0.000203527
CSG-MU (86).	RMSE=0.000201269
CSG-MU (87).	RMSE=0.000201206
CSG-MU (88).	RMSE=0.000198287
CSG-MU (89).	RMSE=0.000197303
CSG-MU (90).	RMSE=0.000194227
CSG-MU (91).	RMSE=0.000191878
CSG-MU (92).	RMSE=0.000190213
CSG-MU (93).	RMSE=0.000189982
CSG-MU (94).	RMSE=0.000188686
CSG-MU (95).	RMSE=0.000184180
CSG-MU (96).	RMSE=0.000183761
CSG-MU (97).	RMSE=0.000181622
CSG-MU (98).	RMSE=0.000179879
CSG-MU (99).	RMSE=0.000180335
CSG-MU (100).	RMSE=0.000178919
CSG-MU (101).	RMSE=0.000179623
CSG-MU (102).	RMSE=0.000174373
CSG-MU (103).	RMSE=0.000174381
CSG-MU (104).	RMSE=0.000171250
CSG-MU (105).	RMSE=0.000171897
CSG-MU (106).	RMSE=0.000169857
CSG-MU (107).	RMSE=0.000168202
CSG-MU (108).	RMSE=0.000165452
CSG-MU (109).	RMSE=0.000165247
CSG-MU (110).	RMSE=0.000162142
CSG-MU (111).	RMSE=0.000160820
CSG-MU (112).	RMSE=0.000162558
CSG-MU (113).	RMSE=0.000161909
CSG-MU (114).	RMSE=0.000157353
CSG-MU (115).	RMSE=0.000159041
CSG-MU (116).	RMSE=0.000155239
CSG-MU (117).	RMSE=0.000154435
CSG-MU (118).	RMSE=0.000156736
CSG-MU (119).	RMSE=0.000151637
CSG-MU (120).	RMSE=0.000152761
CSG-MU (121).	RMSE=0.000152681
CSG-MU (122).	RMSE=0.000150091
CSG-MU (123).	RMSE=0.000150679
CSG-MU (124).	RMSE=0.000147553
CSG-MU (125).	RMSE=0.000146621
CSG-MU (126).	RMSE=0.000147871
CSG-MU (127).	RMSE=0.000145054
CSG-MU (128).	RMSE=0.000143941
CSG-MU (129).	RMSE=0.000144311
CSG-MU (130).	RMSE=0.000146865
CSG-MU (131).	RMSE=0.000144658
CSG-MU (132).	RMSE=0.000142715
CSG-MU (133).	RMSE=0.000145294
CSG-MU (134).	RMSE=0.000143450
CSG-MU (135).	RMSE=0.000142606
CSG-MU (136).	RMSE=0.000141543
CSG-MU (137).	RMSE=0.000141704
CSG-MU (138).	RMSE=0.000142129
CSG-MU (139).	RMSE=0.000143644
CSG-MU (140).	RMSE=0.000140349
CSG-MU (141).	RMSE=0.000142345
CSG-MU (142).	RMSE=0.000140852
CSG-MU (143).	RMSE=0.000140336
CSG-MU (144).	RMSE=0.000140865
CSG-MU (145).	RMSE=0.000140374
CSG-MU (146).	RMSE=0.000138562
CSG-MU (147).	RMSE=0.000139051
CSG-MU (148).	RMSE=0.000141376
CSG-MU (149).	RMSE=0.000140409
CSG-MU (150).	RMSE=0.000142558
CSG-MU (151).	RMSE=0.000141511
CSG-MU (152).	RMSE=0.000142666
CSG-MU (153).	RMSE=0.000142002
CSG-MU (154).	RMSE=0.000143737
CSG-MU (155).	RMSE=0.000141336
CSG-MU (156).	RMSE=0.000141293
CSG-MU (157).	RMSE=0.000144632
CSG-MU (158).	RMSE=0.000141773
CSG-MU (159).	RMSE=0.000142941
CSG-MU (160).	RMSE=0.000143854
CSG-MU (161).	RMSE=0.000145252
CSG-MU (162).	RMSE=0.000146719
CSG-MU (163).	RMSE=0.000144050
CSG-MU (164).	RMSE=0.000147132
CSG-MU (165).	RMSE=0.000146534
CSG-MU (166).	RMSE=0.000150231
CSG-MU (167).	RMSE=0.000147006
CSG-MU (168).	RMSE=0.000150111
CSG-MU (169).	RMSE=0.000152497
CSG-MU (170).	RMSE=0.000153487
CSG-MU (171).	RMSE=0.000151305
CSG-MU (172).	RMSE=0.000152917
CSG-MU (173).	RMSE=0.000156139
CSG-MU (174).	RMSE=0.000152627
CSG-MU (175).	RMSE=0.000156118
CSG-MU (176).	RMSE=0.000157422
CSG-MU (177).	RMSE=0.000157459
CSG-MU (178).	RMSE=0.000161448
CSG-MU (179).	RMSE=0.000160739
CSG-MU (180).	RMSE=0.000162224
CSG-MU (181).	RMSE=0.000166256
CSG-MU (182).	RMSE=0.000169177
CSG-MU (183).	RMSE=0.000169255
CSG-MU (184).	RMSE=0.000170772
CSG-MU (185).	RMSE=0.000175125
CSG-MU (186).	RMSE=0.000177902
CSG-MU (187).	RMSE=0.000181897
CSG-MU (188).	RMSE=0.000181302
CSG-MU (189).	RMSE=0.000184257
CSG-MU (190).	RMSE=0.000189608
CSG-MU (191).	RMSE=0.000191095
CSG-MU (192).	RMSE=0.000193049
CSG-MU (193).	RMSE=0.000198124
CSG-MU (194).	RMSE=0.000203449
CSG-MU (195).	RMSE=0.000204293
CSG-MU (196).	RMSE=0.000209948
CSG-MU (197).	RMSE=0.000213785
CSG-MU (198).	RMSE=0.000215688
CSG-MU (199).	RMSE=0.000221862
CSG-MU (200).	RMSE=0.000224697
CSG-MU (201).	RMSE=0.000228111
CSG-MU (202).	RMSE=0.000234810
CSG-MU (203).	RMSE=0.000238830
CSG-MU (204).	RMSE=0.000243644
CSG-MU (205).	RMSE=0.000248076
CSG-MU (206).	RMSE=0.000253292
CSG-MU (207).	RMSE=0.000258642
CSG-MU (208).	RMSE=0.000262662
CSG-MU (209).	RMSE=0.000266979
CSG-MU (210).	RMSE=0.000274500
CSG-MU (211).	RMSE=0.000275826
CSG-MU (212).	RMSE=0.000278755
CSG-MU (213).	RMSE=0.000284118
CSG-MU (214).	RMSE=0.000292188
CSG-MU (215).	RMSE=0.000296504
CSG-MU (216).	RMSE=0.000295328
CSG-MU (217).	RMSE=0.000297522
CSG-MU (218).	RMSE=0.000301051
CSG-MU (219).	RMSE=0.000302397
CSG-MU (220).	RMSE=0.000305318
CSG-MU (221).	RMSE=0.000310897
CSG-MU (222).	RMSE=0.000310260
CSG-MU (223).	RMSE=0.000306630
CSG-MU (224).	RMSE=0.000313467
CSG-MU (225).	RMSE=0.000314053
CSG-MU (226).	RMSE=0.000310590
CSG-MU (227).	RMSE=0.000314294
CSG-MU (228).	RMSE=0.000312490
CSG-MU (229).	RMSE=0.000308860
CSG-MU (230).	RMSE=0.000306003
CSG-MU (231).	RMSE=0.000302959
CSG-MU (232).	RMSE=0.000301055
CSG-MU (233).	RMSE=0.000299758
CSG-MU (234).	RMSE=0.000285461
CSG-MU (235).	RMSE=0.000279449
CSG-MU (236).	RMSE=0.000269481
CSG-MU (237).	RMSE=0.000263850
CSG-MU (238).	RMSE=0.000259820
CSG-MU (239).	RMSE=0.000257412
CSG-MU (240).	RMSE=0.000254755
CSG-MU (241).	RMSE=0.000247414
CSG-MU (242).	RMSE=0.000249069
CSG-MU (243).	RMSE=0.000250628
CSG-MU (244).	RMSE=0.000242361
CSG-MU (245).	RMSE=0.000243660
CSG-MU (246).	RMSE=0.000242245
CSG-MU (247).	RMSE=0.000238594
CSG-MU (248).	RMSE=0.000240936
CSG-MU (249).	RMSE=0.000238278
CSG-MU (250).	RMSE=0.000240181
CSG-MU (251).	RMSE=0.000236139
CSG-MU (252).	RMSE=0.000236297
CSG-MU (253).	RMSE=0.000227026
CSG-MU (254).	RMSE=0.000232488
CSG-MU (255).	RMSE=0.000230605
CSG-MU (256).	RMSE=0.000234163
CSG-MU (257).	RMSE=0.000230104
CSG-MU (258).	RMSE=0.000226689
CSG-MU (259).	RMSE=0.000223561
CSG-MU (260).	RMSE=0.000222961
CSG-MU (261).	RMSE=0.000221002
CSG-MU (262).	RMSE=0.000221535
CSG-MU (263).	RMSE=0.000222282
CSG-MU (264).	RMSE=0.000215665
CSG-MU (265).	RMSE=0.000220739
CSG-MU (266).	RMSE=0.000210799
CSG-MU (267).	RMSE=0.000211111
CSG-MU (268).	RMSE=0.000208223
CSG-MU (269).	RMSE=0.000207602
CSG-MU (270).	RMSE=0.000202777
CSG-MU (271).	RMSE=0.000207762
CSG-MU (272).	RMSE=0.000200164
CSG-MU (273).	RMSE=0.000198538
CSG-MU (274).	RMSE=0.000204047
CSG-MU (275).	RMSE=0.000199400
CSG-MU (276).	RMSE=0.000199915
CSG-MU (277).	RMSE=0.000188402
CSG-MU (278).	RMSE=0.000193384
CSG-MU (279).	RMSE=0.000192001
CSG-MU (280).	RMSE=0.000191686
CSG-MU (281).	RMSE=0.000178480
CSG-MU (282).	RMSE=0.000187297
CSG-MU (283).	RMSE=0.000188122
CSG-MU (284).	RMSE=0.000176047
CSG-MU (285).	RMSE=0.000175830
CSG-MU (286).	RMSE=0.000178661
CSG-MU (287).	RMSE=0.000173258
CSG-MU (288).	RMSE=0.000172191
CSG-MU (289).	RMSE=0.000170662
CSG-MU (290).	RMSE=0.000166292
CSG-MU (291).	RMSE=0.000167295
CSG-MU (292).	RMSE=0.000167107
CSG-MU (293).	RMSE=0.000162750
CSG-MU (294).	RMSE=0.000158468
CSG-MU (295).	RMSE=0.000161790
CSG-MU (296).	RMSE=0.000154676
CSG-MU (297).	RMSE=0.000152778
CSG-MU (298).	RMSE=0.000154324
CSG-MU (299).	RMSE=0.000150941
CSG-MU (300).	RMSE=0.000152777
CSG-MU (301).	RMSE=0.000148697
CSG-MU (302).	RMSE=0.000149523
CSG-MU (303).	RMSE=0.000145831
CSG-MU (304).	RMSE=0.000145252
CSG-MU (305).	RMSE=0.000133180
CSG-MU (306).	RMSE=0.000144986
CSG-MU (307).	RMSE=0.000144149
CSG-MU (308).	RMSE=0.000134549
CSG-MU (309).	RMSE=0.000137921
CSG-MU (310).	RMSE=0.000121908
CSG-MU (311).	RMSE=0.000133798
CSG-MU (312).	RMSE=0.000131520
CSG-MU (313).	RMSE=0.000130141
CSG-MU (314).	RMSE=0.000122512
CSG-MU (315).	RMSE=0.000123119
CSG-MU (316).	RMSE=0.000122881
CSG-MU (317).	RMSE=0.000123346
CSG-MU (318).	RMSE=0.000117166
CSG-MU (319).	RMSE=0.000126264
CSG-MU (320).	RMSE=0.000110431
CSG-MU (321).	RMSE=0.000114004
CSG-MU (322).	RMSE=0.000113245
CSG-MU (323).	RMSE=0.000108098
CSG-MU (324).	RMSE=0.000099746
CSG-MU (325).	RMSE=0.000102818
CSG-MU (326).	RMSE=0.000107656
CSG-MU (327).	RMSE=0.000115548
CSG-MU (328).	RMSE=0.000092606
CSG-MU (329).	RMSE=0.000108601
CSG-MU (330).	RMSE=0.000103826
CSG-MU (331).	RMSE=0.000106680
CSG-MU (332).	RMSE=0.000097036
CSG-MU (333).	RMSE=0.000094456
CSG-MU (334).	RMSE=0.000099712
CSG-MU (335).	RMSE=0.000086186
CSG-MU (336).	RMSE=0.000096280
CSG-MU (337).	RMSE=0.000091676
CSG-MU (338).	RMSE=0.000083307
CSG-MU (339).	RMSE=0.000086480
CSG-MU (340).	RMSE=0.000087558
CSG-MU (341).	RMSE=0.000084540
CSG-MU (342).	RMSE=0.000085035
CSG-MU (343).	RMSE=0.000076317
CSG-MU (344).	RMSE=0.000081447
CSG-MU (345).	RMSE=0.000074053
CSG-MU (346).	RMSE=0.000074431
CSG-MU (347).	RMSE=0.000082757
CSG-MU (348).	RMSE=0.000072950
CSG-MU (349).	RMSE=0.000074717
CSG-MU (350).	RMSE=0.000072586
CSG-MU (351).	RMSE=0.000063894
CSG-MU (352).	RMSE=0.000074786
CSG-MU (353).	RMSE=0.000065880
CSG-MU (354).	RMSE=0.000073953
CSG-MU (355).	RMSE=0.000059381
CSG-MU (356).	RMSE=0.000064047
CSG-MU (357).	RMSE=0.000056039
CSG-MU (358).	RMSE=0.000066928
CSG-MU (359).	RMSE=0.000069488
CSG-MU (360).	RMSE=0.000063736
CSG-MU (361).	RMSE=0.000057591
CSG-MU (362).	RMSE=0.000053953
CSG-MU (363).	RMSE=0.000058598
CSG-MU (364).	RMSE=0.000057200
CSG-MU (365).	RMSE=0.000057538
CSG-MU (366).	RMSE=0.000050934
CSG-MU (367).	RMSE=0.000048608
CSG-MU (368).	RMSE=0.000042050
CSG-MU (369).	RMSE=0.000060343
CSG-MU (370).	RMSE=0.000045745
CSG-MU (371).	RMSE=0.000065604
CSG-MU (372).	RMSE=0.000036251
CSG-MU (373).	RMSE=0.000040671
CSG-MU (374).	RMSE=0.000045852
CSG-MU (375).	RMSE=0.000046314
CSG-MU (376).	RMSE=0.000039878
CSG-MU (377).	RMSE=0.000041362
CSG-MU (378).	RMSE=0.000046305
CSG-MU (379).	RMSE=0.000044481
CSG-MU (380).	RMSE=0.000040103
CSG-MU (381).	RMSE=0.000040952
CSG-MU (382).	RMSE=0.000038625
CSG-MU (383).	RMSE=0.000035572
CSG-MU (384).	RMSE=0.000045074
CSG-MU (385).	RMSE=0.000034098
CSG-MU (386).	RMSE=0.000037417
CSG-MU (387).	RMSE=0.000037776
CSG-MU (388).	RMSE=0.000050199
CSG-MU (389).	RMSE=0.000033329
CSG-MU (390).	RMSE=0.000034012
CSG-MU (391).	RMSE=0.000041328
CSG-MU (392).	RMSE=0.000030461
CSG-MU (393).	RMSE=0.000032519
CSG-MU (394).	RMSE=0.000032726
CSG-MU (395).	RMSE=0.000035887
CSG-MU (396).	RMSE=0.000035148
CSG-MU (397).	RMSE=0.000030535
CSG-MU (398).	RMSE=0.000030551
CSG-MU (399).	RMSE=0.000038451
CSG-MU (400).	RMSE=0.000040142
CSG-MU (401).	RMSE=0.000029818
CSG-MU (402).	RMSE=0.000033615
CSG-MU (403).	RMSE=0.000038827
CSG-MU (404).	RMSE=0.000031750
CSG-MU (405).	RMSE=0.000034864
CSG-MU (406).	RMSE=0.000035152
CSG-MU (407).	RMSE=0.000032880
CSG-MU (408).	RMSE=0.000035818
CSG-MU (409).	RMSE=0.000033334
CSG-MU (410).	RMSE=0.000038424
CSG-MU (411).	RMSE=0.000038256
CSG-MU (412).	RMSE=0.000035211
CSG-MU (413).	RMSE=0.000041131
CSG-MU (414).	RMSE=0.000037379
CSG-MU (415).	RMSE=0.000037012
CSG-MU (416).	RMSE=0.000035833
CSG-MU (417).	RMSE=0.000040697
CSG-MU (418).	RMSE=0.000035185
CSG-MU (419).	RMSE=0.000043971
CSG-MU (420).	RMSE=0.000038254
CSG-MU (421).	RMSE=0.000036014
CSG-MU (422).	RMSE=0.000039104
CSG-MU (423).	RMSE=0.000039355
CSG-MU (424).	RMSE=0.000042899
CSG-MU (425).	RMSE=0.000036166
CSG-MU (426).	RMSE=0.000040362
CSG-MU (427).	RMSE=0.000047242
CSG-MU (428).	RMSE=0.000039838
CSG-MU (429).	RMSE=0.000045685
CSG-MU (430).	RMSE=0.000040528
CSG-MU (431).	RMSE=0.000044647
CSG-MU (432).	RMSE=0.000040577
CSG-MU (433).	RMSE=0.000042007
CSG-MU (434).	RMSE=0.000043253
CSG-MU (435).	RMSE=0.000040562
CSG-MU (436).	RMSE=0.000037709
CSG-MU (437).	RMSE=0.000044891
CSG-MU (438).	RMSE=0.000042422
CSG-MU (439).	RMSE=0.000043735
CSG-MU (440).	RMSE=0.000044283
CSG-MU (441).	RMSE=0.000041745
CSG-MU (442).	RMSE=0.000041352
CSG-MU (443).	RMSE=0.000046182
CSG-MU (444).	RMSE=0.000040811
CSG-MU (445).	RMSE=0.000043368
CSG-MU (446).	RMSE=0.000042014
CSG-MU (447).	RMSE=0.000040155
CSG-MU (448).	RMSE=0.000041877
CSG-MU (449).	RMSE=0.000045310
CSG-MU (450).	RMSE=0.000045796
CSG-MU (451).	RMSE=0.000040235
CSG-MU (452).	RMSE=0.000045535
CSG-MU (453).	RMSE=0.000042025
CSG-MU (454).	RMSE=0.000041449
CSG-MU (455).	RMSE=0.000040491
CSG-MU (456).	RMSE=0.000045632
CSG-MU (457).	RMSE=0.000038188
CSG-MU (458).	RMSE=0.000045794
CSG-MU (459).	RMSE=0.000050394
CSG-MU (460).	RMSE=0.000040907
CSG-MU (461).	RMSE=0.000040276
CSG-MU (462).	RMSE=0.000048746
CSG-MU (463).	RMSE=0.000040017
CSG-MU (464).	RMSE=0.000044990
CSG-MU (465).	RMSE=0.000041051
CSG-MU (466).	RMSE=0.000043821
CSG-MU (467).	RMSE=0.000044860
CSG-MU (468).	RMSE=0.000049928
CSG-MU (469).	RMSE=0.000039871
CSG-MU (470).	RMSE=0.000045861
CSG-MU (471).	RMSE=0.000050649
CSG-MU (472).	RMSE=0.000042451
CSG-MU (473).	RMSE=0.000046560
CSG-MU (474).	RMSE=0.000041272
CSG-MU (475).	RMSE=0.000046620
CSG-MU (476).	RMSE=0.000041170
CSG-MU (477).	RMSE=0.000047661
CSG-MU (478).	RMSE=0.000046084
CSG-MU (479).	RMSE=0.000041190
CSG-MU (480).	RMSE=0.000047631
CSG-MU (481).	RMSE=0.000050947
CSG-MU (482).	RMSE=0.000039185
CSG-MU (483).	RMSE=0.000045120
CSG-MU (484).	RMSE=0.000046048
CSG-MU (485).	RMSE=0.000043985
CSG-MU (486).	RMSE=0.000040219
CSG-MU (487).	RMSE=0.000047198
CSG-MU (488).	RMSE=0.000047581
CSG-MU (489).	RMSE=0.000043354
CSG-MU (490).	RMSE=0.000045588
CSG-MU (491).	RMSE=0.000044739
CSG-MU (492).	RMSE=0.000047561
CSG-MU (493).	RMSE=0.000043571
CSG-MU (494).	RMSE=0.000041461
CSG-MU (495).	RMSE=0.000044225
CSG-MU (496).	RMSE=0.000043402
CSG-MU (497).	RMSE=0.000046398
CSG-MU (498).	RMSE=0.000045563
CSG-MU (499).	RMSE=0.000044681
CSG-MU (500).	RMSE=0.000047623
Frobenius error: 49.90900
Log-likelihood: -593150874.35921
Saved admixture proportions as output/06_angsd_structure/pca/pcangsd.admix.4.Q
Saved ancestral allele frequencies proportions as output/06_angsd_structure/pca/pcangsd.admix.4.P
Total elapsed time: 201m29s
[2026-09-27T21:01:25.329] error: *** JOB 40786603 ON n3501 CANCELLED AT 2026-09-27T21:01:25 DUE to SIGNAL Terminated ***
