start 2026-09-28T03:26:59Z host n3466 K=6
------------------------------------
PCAngsd v1.36.4
Jonas Meisner and Anders Albrechtsen
Using 16 thread(s)
------------------------------------
Parsing Beagle file.
Loaded 7418858 sites and 109 samples.
Estimating minor allele frequencies.
EM (MAF) converged at iteration: 4
Number of sites after MAF filtering (0.05): 7418858
Estimating covariance matrix.
Using 2 principal components (MAP test).
Individual allele frequencies estimated (1).
Individual allele frequencies estimated (2).	RMSE=0.0036989
Individual allele frequencies estimated (3).	RMSE=0.0021271
Individual allele frequencies estimated (4).	RMSE=0.0013619
Individual allele frequencies estimated (5).	RMSE=0.0009314
Individual allele frequencies estimated (6).	RMSE=0.0006597
Individual allele frequencies estimated (7).	RMSE=0.0004739
Individual allele frequencies estimated (8).	RMSE=0.0003425
Individual allele frequencies estimated (9).	RMSE=0.0002610
Individual allele frequencies estimated (10).	RMSE=0.0001801
Individual allele frequencies estimated (11).	RMSE=0.0001701
Individual allele frequencies estimated (12).	RMSE=0.0001143
Individual allele frequencies estimated (13).	RMSE=0.0000879
Individual allele frequencies estimated (14).	RMSE=0.0000732
Individual allele frequencies estimated (15).	RMSE=0.0001189
Individual allele frequencies estimated (16).	RMSE=0.0000436
Individual allele frequencies estimated (17).	RMSE=0.0000293
Individual allele frequencies estimated (18).	RMSE=0.0000323
Individual allele frequencies estimated (19).	RMSE=0.0000596
Individual allele frequencies estimated (20).	RMSE=0.0000923
Individual allele frequencies estimated (21).	RMSE=0.0000611
Individual allele frequencies estimated (22).	RMSE=0.0000386
Individual allele frequencies estimated (23).	RMSE=0.0000410
Individual allele frequencies estimated (24).	RMSE=0.0000413
Individual allele frequencies estimated (25).	RMSE=0.0001451
Individual allele frequencies estimated (26).	RMSE=0.0000414
Individual allele frequencies estimated (27).	RMSE=0.0000465
Individual allele frequencies estimated (28).	RMSE=0.0000248
Individual allele frequencies estimated (29).	RMSE=0.0000199
Individual allele frequencies estimated (30).	RMSE=0.0000367
Individual allele frequencies estimated (31).	RMSE=0.0000461
Individual allele frequencies estimated (32).	RMSE=0.0000281
Individual allele frequencies estimated (33).	RMSE=0.0000450
Individual allele frequencies estimated (34).	RMSE=0.0000654
Individual allele frequencies estimated (35).	RMSE=0.0000334
Individual allele frequencies estimated (36).	RMSE=0.0000278
Individual allele frequencies estimated (37).	RMSE=0.0000702
Individual allele frequencies estimated (38).	RMSE=0.0000471
Individual allele frequencies estimated (39).	RMSE=0.0000385
Individual allele frequencies estimated (40).	RMSE=0.0000671
Individual allele frequencies estimated (41).	RMSE=0.0000481
Individual allele frequencies estimated (42).	RMSE=0.0000751
Individual allele frequencies estimated (43).	RMSE=0.0000387
Individual allele frequencies estimated (44).	RMSE=0.0000669
Individual allele frequencies estimated (45).	RMSE=0.0000304
Individual allele frequencies estimated (46).	RMSE=0.0000982
Individual allele frequencies estimated (47).	RMSE=0.0000864
Individual allele frequencies estimated (48).	RMSE=0.0000703
Individual allele frequencies estimated (49).	RMSE=0.0000550
Individual allele frequencies estimated (50).	RMSE=0.0000342
Individual allele frequencies estimated (51).	RMSE=0.0000557
Individual allele frequencies estimated (52).	RMSE=0.0000839
Individual allele frequencies estimated (53).	RMSE=0.0001109
Individual allele frequencies estimated (54).	RMSE=0.0000846
Individual allele frequencies estimated (55).	RMSE=0.0000697
Individual allele frequencies estimated (56).	RMSE=0.0000742
Individual allele frequencies estimated (57).	RMSE=0.0000306
Individual allele frequencies estimated (58).	RMSE=0.0000187
Individual allele frequencies estimated (59).	RMSE=0.0000408
Individual allele frequencies estimated (60).	RMSE=0.0000337
Individual allele frequencies estimated (61).	RMSE=0.0000242
Individual allele frequencies estimated (62).	RMSE=0.0000261
Individual allele frequencies estimated (63).	RMSE=0.0000641
Individual allele frequencies estimated (64).	RMSE=0.0000875
Individual allele frequencies estimated (65).	RMSE=0.0000697
Individual allele frequencies estimated (66).	RMSE=0.0000231
Individual allele frequencies estimated (67).	RMSE=0.0000376
Individual allele frequencies estimated (68).	RMSE=0.0000876
Individual allele frequencies estimated (69).	RMSE=0.0000295
Individual allele frequencies estimated (70).	RMSE=0.0000227
Individual allele frequencies estimated (71).	RMSE=0.0000303
Individual allele frequencies estimated (72).	RMSE=0.0000411
Individual allele frequencies estimated (73).	RMSE=0.0000380
Individual allele frequencies estimated (74).	RMSE=0.0000415
Individual allele frequencies estimated (75).	RMSE=0.0000277
Individual allele frequencies estimated (76).	RMSE=0.0000775
Individual allele frequencies estimated (77).	RMSE=0.0000844
Individual allele frequencies estimated (78).	RMSE=0.0000818
Individual allele frequencies estimated (79).	RMSE=0.0001099
Individual allele frequencies estimated (80).	RMSE=0.0000644
Individual allele frequencies estimated (81).	RMSE=0.0000594
Individual allele frequencies estimated (82).	RMSE=0.0000269
Individual allele frequencies estimated (83).	RMSE=0.0000784
Individual allele frequencies estimated (84).	RMSE=0.0000473
Individual allele frequencies estimated (85).	RMSE=0.0000199
Individual allele frequencies estimated (86).	RMSE=0.0000745
Individual allele frequencies estimated (87).	RMSE=0.0000612
Individual allele frequencies estimated (88).	RMSE=0.0000754
Individual allele frequencies estimated (89).	RMSE=0.0001054
Individual allele frequencies estimated (90).	RMSE=0.0001193
Individual allele frequencies estimated (91).	RMSE=0.0001024
Individual allele frequencies estimated (92).	RMSE=0.0000570
Individual allele frequencies estimated (93).	RMSE=0.0000450
Individual allele frequencies estimated (94).	RMSE=0.0000779
Individual allele frequencies estimated (95).	RMSE=0.0000684
Individual allele frequencies estimated (96).	RMSE=0.0000153
Individual allele frequencies estimated (97).	RMSE=0.0000172
Individual allele frequencies estimated (98).	RMSE=0.0000433
Individual allele frequencies estimated (99).	RMSE=0.0000633
Individual allele frequencies estimated (100).	RMSE=0.0000808
Individual allele frequencies estimated (101).	RMSE=0.0000227
PCAngsd did not converge!
Saved covariance matrix as output/06_angsd_structure/pca/pcangsd.cov
Estimating admixture proportions using NMF (CSG-MU).
K=6, Alpha=0.0, Batches=10, Seed=0
CSG-MU (1).	RMSE=0.195334176
CSG-MU (2).	RMSE=0.031830648
CSG-MU (3).	RMSE=0.006504332
CSG-MU (4).	RMSE=0.002389779
CSG-MU (5).	RMSE=0.000929402
CSG-MU (6).	RMSE=0.000500598
CSG-MU (7).	RMSE=0.000318366
CSG-MU (8).	RMSE=0.000209147
CSG-MU (9).	RMSE=0.000147892
CSG-MU (10).	RMSE=0.000120297
CSG-MU (11).	RMSE=0.000106569
CSG-MU (12).	RMSE=0.000101566
CSG-MU (13).	RMSE=0.000100659
CSG-MU (14).	RMSE=0.000103928
CSG-MU (15).	RMSE=0.000107298
CSG-MU (16).	RMSE=0.000111491
CSG-MU (17).	RMSE=0.000115649
CSG-MU (18).	RMSE=0.000119084
CSG-MU (19).	RMSE=0.000121680
CSG-MU (20).	RMSE=0.000124043
CSG-MU (21).	RMSE=0.000125872
CSG-MU (22).	RMSE=0.000127181
CSG-MU (23).	RMSE=0.000128099
CSG-MU (24).	RMSE=0.000129078
CSG-MU (25).	RMSE=0.000128584
CSG-MU (26).	RMSE=0.000128880
CSG-MU (27).	RMSE=0.000128697
CSG-MU (28).	RMSE=0.000129421
CSG-MU (29).	RMSE=0.000131778
CSG-MU (30).	RMSE=0.000135209
CSG-MU (31).	RMSE=0.000138111
CSG-MU (32).	RMSE=0.000140264
CSG-MU (33).	RMSE=0.000139822
CSG-MU (34).	RMSE=0.000139126
CSG-MU (35).	RMSE=0.000136416
CSG-MU (36).	RMSE=0.000133656
CSG-MU (37).	RMSE=0.000131175
CSG-MU (38).	RMSE=0.000128449
CSG-MU (39).	RMSE=0.000128054
CSG-MU (40).	RMSE=0.000125697
CSG-MU (41).	RMSE=0.000125713
CSG-MU (42).	RMSE=0.000124878
CSG-MU (43).	RMSE=0.000124963
CSG-MU (44).	RMSE=0.000123910
CSG-MU (45).	RMSE=0.000125206
CSG-MU (46).	RMSE=0.000125355
CSG-MU (47).	RMSE=0.000125981
CSG-MU (48).	RMSE=0.000126609
CSG-MU (49).	RMSE=0.000126270
CSG-MU (50).	RMSE=0.000127156
CSG-MU (51).	RMSE=0.000127459
CSG-MU (52).	RMSE=0.000128143
CSG-MU (53).	RMSE=0.000129680
CSG-MU (54).	RMSE=0.000128458
CSG-MU (55).	RMSE=0.000129307
CSG-MU (56).	RMSE=0.000129615
CSG-MU (57).	RMSE=0.000129796
CSG-MU (58).	RMSE=0.000130768
CSG-MU (59).	RMSE=0.000132196
CSG-MU (60).	RMSE=0.000132026
CSG-MU (61).	RMSE=0.000133552
CSG-MU (62).	RMSE=0.000134794
CSG-MU (63).	RMSE=0.000135917
CSG-MU (64).	RMSE=0.000136335
CSG-MU (65).	RMSE=0.000136626
CSG-MU (66).	RMSE=0.000138121
CSG-MU (67).	RMSE=0.000137672
CSG-MU (68).	RMSE=0.000137819
CSG-MU (69).	RMSE=0.000139854
CSG-MU (70).	RMSE=0.000139213
CSG-MU (71).	RMSE=0.000140064
CSG-MU (72).	RMSE=0.000139567
CSG-MU (73).	RMSE=0.000140196
CSG-MU (74).	RMSE=0.000139569
CSG-MU (75).	RMSE=0.000140635
CSG-MU (76).	RMSE=0.000139021
CSG-MU (77).	RMSE=0.000141017
CSG-MU (78).	RMSE=0.000140524
CSG-MU (79).	RMSE=0.000140499
CSG-MU (80).	RMSE=0.000140566
CSG-MU (81).	RMSE=0.000140626
CSG-MU (82).	RMSE=0.000139293
CSG-MU (83).	RMSE=0.000140221
CSG-MU (84).	RMSE=0.000140718
CSG-MU (85).	RMSE=0.000139882
CSG-MU (86).	RMSE=0.000140500
CSG-MU (87).	RMSE=0.000139993
CSG-MU (88).	RMSE=0.000140023
CSG-MU (89).	RMSE=0.000139097
CSG-MU (90).	RMSE=0.000141407
CSG-MU (91).	RMSE=0.000138873
CSG-MU (92).	RMSE=0.000139595
CSG-MU (93).	RMSE=0.000141058
CSG-MU (94).	RMSE=0.000138664
CSG-MU (95).	RMSE=0.000139818
CSG-MU (96).	RMSE=0.000140551
CSG-MU (97).	RMSE=0.000139902
CSG-MU (98).	RMSE=0.000141168
CSG-MU (99).	RMSE=0.000139715
CSG-MU (100).	RMSE=0.000138589
CSG-MU (101).	RMSE=0.000139239
CSG-MU (102).	RMSE=0.000140559
CSG-MU (103).	RMSE=0.000140687
CSG-MU (104).	RMSE=0.000140517
CSG-MU (105).	RMSE=0.000140276
CSG-MU (106).	RMSE=0.000140673
CSG-MU (107).	RMSE=0.000140609
CSG-MU (108).	RMSE=0.000139638
CSG-MU (109).	RMSE=0.000140042
CSG-MU (110).	RMSE=0.000140480
CSG-MU (111).	RMSE=0.000142131
CSG-MU (112).	RMSE=0.000142818
CSG-MU (113).	RMSE=0.000141080
CSG-MU (114).	RMSE=0.000143447
CSG-MU (115).	RMSE=0.000143606
CSG-MU (116).	RMSE=0.000144225
CSG-MU (117).	RMSE=0.000144138
CSG-MU (118).	RMSE=0.000145388
CSG-MU (119).	RMSE=0.000145513
CSG-MU (120).	RMSE=0.000145966
CSG-MU (121).	RMSE=0.000145923
CSG-MU (122).	RMSE=0.000145027
CSG-MU (123).	RMSE=0.000145920
CSG-MU (124).	RMSE=0.000144177
CSG-MU (125).	RMSE=0.000144201
CSG-MU (126).	RMSE=0.000143585
CSG-MU (127).	RMSE=0.000144032
CSG-MU (128).	RMSE=0.000143724
CSG-MU (129).	RMSE=0.000143379
CSG-MU (130).	RMSE=0.000144069
CSG-MU (131).	RMSE=0.000142581
CSG-MU (132).	RMSE=0.000142984
CSG-MU (133).	RMSE=0.000143022
CSG-MU (134).	RMSE=0.000142937
CSG-MU (135).	RMSE=0.000142120
CSG-MU (136).	RMSE=0.000142790
CSG-MU (137).	RMSE=0.000143105
CSG-MU (138).	RMSE=0.000143157
CSG-MU (139).	RMSE=0.000142473
CSG-MU (140).	RMSE=0.000142616
CSG-MU (141).	RMSE=0.000142486
CSG-MU (142).	RMSE=0.000143060
CSG-MU (143).	RMSE=0.000141487
CSG-MU (144).	RMSE=0.000142855
CSG-MU (145).	RMSE=0.000142684
CSG-MU (146).	RMSE=0.000141751
CSG-MU (147).	RMSE=0.000141673
CSG-MU (148).	RMSE=0.000141072
CSG-MU (149).	RMSE=0.000141138
CSG-MU (150).	RMSE=0.000140620
CSG-MU (151).	RMSE=0.000140014
CSG-MU (152).	RMSE=0.000139884
CSG-MU (153).	RMSE=0.000139221
CSG-MU (154).	RMSE=0.000139764
CSG-MU (155).	RMSE=0.000139534
CSG-MU (156).	RMSE=0.000139902
CSG-MU (157).	RMSE=0.000139101
CSG-MU (158).	RMSE=0.000138496
CSG-MU (159).	RMSE=0.000138897
CSG-MU (160).	RMSE=0.000139275
CSG-MU (161).	RMSE=0.000138730
CSG-MU (162).	RMSE=0.000138940
CSG-MU (163).	RMSE=0.000136958
CSG-MU (164).	RMSE=0.000138230
CSG-MU (165).	RMSE=0.000138356
CSG-MU (166).	RMSE=0.000138015
CSG-MU (167).	RMSE=0.000137040
CSG-MU (168).	RMSE=0.000137664
CSG-MU (169).	RMSE=0.000138093
CSG-MU (170).	RMSE=0.000138509
CSG-MU (171).	RMSE=0.000136397
CSG-MU (172).	RMSE=0.000138097
CSG-MU (173).	RMSE=0.000136307
CSG-MU (174).	RMSE=0.000136296
CSG-MU (175).	RMSE=0.000137600
CSG-MU (176).	RMSE=0.000138186
CSG-MU (177).	RMSE=0.000137374
CSG-MU (178).	RMSE=0.000137367
CSG-MU (179).	RMSE=0.000137466
CSG-MU (180).	RMSE=0.000136577
CSG-MU (181).	RMSE=0.000137752
CSG-MU (182).	RMSE=0.000137383
CSG-MU (183).	RMSE=0.000136280
CSG-MU (184).	RMSE=0.000136669
CSG-MU (185).	RMSE=0.000136600
CSG-MU (186).	RMSE=0.000135602
CSG-MU (187).	RMSE=0.000137258
CSG-MU (188).	RMSE=0.000136032
CSG-MU (189).	RMSE=0.000137692
CSG-MU (190).	RMSE=0.000136821
CSG-MU (191).	RMSE=0.000136388
CSG-MU (192).	RMSE=0.000136891
CSG-MU (193).	RMSE=0.000136505
CSG-MU (194).	RMSE=0.000136883
CSG-MU (195).	RMSE=0.000138324
CSG-MU (196).	RMSE=0.000136606
CSG-MU (197).	RMSE=0.000136374
CSG-MU (198).	RMSE=0.000136422
CSG-MU (199).	RMSE=0.000136249
CSG-MU (200).	RMSE=0.000135509
CSG-MU (201).	RMSE=0.000136196
CSG-MU (202).	RMSE=0.000136543
CSG-MU (203).	RMSE=0.000135659
CSG-MU (204).	RMSE=0.000133788
CSG-MU (205).	RMSE=0.000133919
CSG-MU (206).	RMSE=0.000135852
CSG-MU (207).	RMSE=0.000135518
CSG-MU (208).	RMSE=0.000132915
CSG-MU (209).	RMSE=0.000132672
CSG-MU (210).	RMSE=0.000132763
CSG-MU (211).	RMSE=0.000132837
CSG-MU (212).	RMSE=0.000132997
CSG-MU (213).	RMSE=0.000132675
CSG-MU (214).	RMSE=0.000132373
CSG-MU (215).	RMSE=0.000131399
CSG-MU (216).	RMSE=0.000129295
CSG-MU (217).	RMSE=0.000131281
CSG-MU (218).	RMSE=0.000127948
CSG-MU (219).	RMSE=0.000129727
CSG-MU (220).	RMSE=0.000129083
CSG-MU (221).	RMSE=0.000127731
CSG-MU (222).	RMSE=0.000127074
CSG-MU (223).	RMSE=0.000125605
CSG-MU (224).	RMSE=0.000125368
CSG-MU (225).	RMSE=0.000124629
CSG-MU (226).	RMSE=0.000123346
CSG-MU (227).	RMSE=0.000123252
CSG-MU (228).	RMSE=0.000121088
CSG-MU (229).	RMSE=0.000120826
CSG-MU (230).	RMSE=0.000119525
CSG-MU (231).	RMSE=0.000119776
CSG-MU (232).	RMSE=0.000118060
CSG-MU (233).	RMSE=0.000116895
CSG-MU (234).	RMSE=0.000115750
CSG-MU (235).	RMSE=0.000113991
CSG-MU (236).	RMSE=0.000113293
CSG-MU (237).	RMSE=0.000111982
CSG-MU (238).	RMSE=0.000111887
CSG-MU (239).	RMSE=0.000109485
CSG-MU (240).	RMSE=0.000107480
CSG-MU (241).	RMSE=0.000107233
CSG-MU (242).	RMSE=0.000105538
CSG-MU (243).	RMSE=0.000103973
CSG-MU (244).	RMSE=0.000102117
CSG-MU (245).	RMSE=0.000102754
CSG-MU (246).	RMSE=0.000099687
CSG-MU (247).	RMSE=0.000098575
CSG-MU (248).	RMSE=0.000096425
CSG-MU (249).	RMSE=0.000095712
CSG-MU (250).	RMSE=0.000093979
CSG-MU (251).	RMSE=0.000092855
CSG-MU (252).	RMSE=0.000091813
CSG-MU (253).	RMSE=0.000088344
CSG-MU (254).	RMSE=0.000087813
CSG-MU (255).	RMSE=0.000085615
CSG-MU (256).	RMSE=0.000085260
CSG-MU (257).	RMSE=0.000084229
CSG-MU (258).	RMSE=0.000082425
CSG-MU (259).	RMSE=0.000081157
CSG-MU (260).	RMSE=0.000080666
CSG-MU (261).	RMSE=0.000078552
CSG-MU (262).	RMSE=0.000078543
CSG-MU (263).	RMSE=0.000077612
CSG-MU (264).	RMSE=0.000076729
CSG-MU (265).	RMSE=0.000074125
CSG-MU (266).	RMSE=0.000073602
CSG-MU (267).	RMSE=0.000075015
CSG-MU (268).	RMSE=0.000073440
CSG-MU (269).	RMSE=0.000072567
CSG-MU (270).	RMSE=0.000071324
CSG-MU (271).	RMSE=0.000069208
CSG-MU (272).	RMSE=0.000069834
CSG-MU (273).	RMSE=0.000068793
CSG-MU (274).	RMSE=0.000067017
CSG-MU (275).	RMSE=0.000067678
CSG-MU (276).	RMSE=0.000066649
CSG-MU (277).	RMSE=0.000066202
CSG-MU (278).	RMSE=0.000065549
CSG-MU (279).	RMSE=0.000065436
CSG-MU (280).	RMSE=0.000063686
CSG-MU (281).	RMSE=0.000061722
CSG-MU (282).	RMSE=0.000063791
CSG-MU (283).	RMSE=0.000061639
CSG-MU (284).	RMSE=0.000062167
CSG-MU (285).	RMSE=0.000059883
CSG-MU (286).	RMSE=0.000060685
CSG-MU (287).	RMSE=0.000060142
CSG-MU (288).	RMSE=0.000060162
CSG-MU (289).	RMSE=0.000057325
CSG-MU (290).	RMSE=0.000060257
CSG-MU (291).	RMSE=0.000058713
CSG-MU (292).	RMSE=0.000059311
CSG-MU (293).	RMSE=0.000059258
CSG-MU (294).	RMSE=0.000056326
CSG-MU (295).	RMSE=0.000058573
CSG-MU (296).	RMSE=0.000055626
CSG-MU (297).	RMSE=0.000056982
CSG-MU (298).	RMSE=0.000056986
CSG-MU (299).	RMSE=0.000058170
CSG-MU (300).	RMSE=0.000056186
CSG-MU (301).	RMSE=0.000055494
CSG-MU (302).	RMSE=0.000055532
CSG-MU (303).	RMSE=0.000055014
CSG-MU (304).	RMSE=0.000056003
CSG-MU (305).	RMSE=0.000054364
CSG-MU (306).	RMSE=0.000054616
CSG-MU (307).	RMSE=0.000053591
CSG-MU (308).	RMSE=0.000054730
CSG-MU (309).	RMSE=0.000054093
CSG-MU (310).	RMSE=0.000056187
CSG-MU (311).	RMSE=0.000055546
CSG-MU (312).	RMSE=0.000054234
CSG-MU (313).	RMSE=0.000055666
CSG-MU (314).	RMSE=0.000054796
CSG-MU (315).	RMSE=0.000053313
CSG-MU (316).	RMSE=0.000055302
CSG-MU (317).	RMSE=0.000055467
CSG-MU (318).	RMSE=0.000053134
CSG-MU (319).	RMSE=0.000051803
CSG-MU (320).	RMSE=0.000055428
CSG-MU (321).	RMSE=0.000055736
CSG-MU (322).	RMSE=0.000057302
CSG-MU (323).	RMSE=0.000053069
CSG-MU (324).	RMSE=0.000053925
CSG-MU (325).	RMSE=0.000053821
CSG-MU (326).	RMSE=0.000055329
CSG-MU (327).	RMSE=0.000055205
CSG-MU (328).	RMSE=0.000054821
CSG-MU (329).	RMSE=0.000055342
CSG-MU (330).	RMSE=0.000056163
CSG-MU (331).	RMSE=0.000054233
CSG-MU (332).	RMSE=0.000054250
CSG-MU (333).	RMSE=0.000054350
CSG-MU (334).	RMSE=0.000054529
CSG-MU (335).	RMSE=0.000053929
CSG-MU (336).	RMSE=0.000056223
CSG-MU (337).	RMSE=0.000054123
CSG-MU (338).	RMSE=0.000054413
CSG-MU (339).	RMSE=0.000053832
CSG-MU (340).	RMSE=0.000056160
CSG-MU (341).	RMSE=0.000053038
CSG-MU (342).	RMSE=0.000054775
CSG-MU (343).	RMSE=0.000052428
CSG-MU (344).	RMSE=0.000054819
CSG-MU (345).	RMSE=0.000054605
CSG-MU (346).	RMSE=0.000053308
CSG-MU (347).	RMSE=0.000053494
CSG-MU (348).	RMSE=0.000053304
CSG-MU (349).	RMSE=0.000054848
CSG-MU (350).	RMSE=0.000054103
CSG-MU (351).	RMSE=0.000055168
CSG-MU (352).	RMSE=0.000054653
CSG-MU (353).	RMSE=0.000052657
CSG-MU (354).	RMSE=0.000054467
CSG-MU (355).	RMSE=0.000051960
CSG-MU (356).	RMSE=0.000050476
CSG-MU (357).	RMSE=0.000053355
CSG-MU (358).	RMSE=0.000052118
CSG-MU (359).	RMSE=0.000051441
CSG-MU (360).	RMSE=0.000053027
CSG-MU (361).	RMSE=0.000051773
CSG-MU (362).	RMSE=0.000050557
CSG-MU (363).	RMSE=0.000053258
CSG-MU (364).	RMSE=0.000051819
CSG-MU (365).	RMSE=0.000051395
CSG-MU (366).	RMSE=0.000050714
CSG-MU (367).	RMSE=0.000050667
CSG-MU (368).	RMSE=0.000049799
CSG-MU (369).	RMSE=0.000050742
CSG-MU (370).	RMSE=0.000051329
CSG-MU (371).	RMSE=0.000049268
CSG-MU (372).	RMSE=0.000049426
CSG-MU (373).	RMSE=0.000048790
CSG-MU (374).	RMSE=0.000046704
CSG-MU (375).	RMSE=0.000050392
CSG-MU (376).	RMSE=0.000048343
CSG-MU (377).	RMSE=0.000049659
CSG-MU (378).	RMSE=0.000047428
CSG-MU (379).	RMSE=0.000048175
CSG-MU (380).	RMSE=0.000048906
CSG-MU (381).	RMSE=0.000048263
CSG-MU (382).	RMSE=0.000045058
CSG-MU (383).	RMSE=0.000046507
CSG-MU (384).	RMSE=0.000047914
CSG-MU (385).	RMSE=0.000046636
CSG-MU (386).	RMSE=0.000047726
CSG-MU (387).	RMSE=0.000044535
CSG-MU (388).	RMSE=0.000045980
CSG-MU (389).	RMSE=0.000046097
CSG-MU (390).	RMSE=0.000044348
CSG-MU (391).	RMSE=0.000045127
CSG-MU (392).	RMSE=0.000044685
CSG-MU (393).	RMSE=0.000047221
CSG-MU (394).	RMSE=0.000045311
CSG-MU (395).	RMSE=0.000044545
CSG-MU (396).	RMSE=0.000043022
CSG-MU (397).	RMSE=0.000042641
CSG-MU (398).	RMSE=0.000042902
CSG-MU (399).	RMSE=0.000042706
CSG-MU (400).	RMSE=0.000043219
CSG-MU (401).	RMSE=0.000044026
CSG-MU (402).	RMSE=0.000041766
CSG-MU (403).	RMSE=0.000043660
CSG-MU (404).	RMSE=0.000041393
CSG-MU (405).	RMSE=0.000042796
CSG-MU (406).	RMSE=0.000041675
CSG-MU (407).	RMSE=0.000040831
CSG-MU (408).	RMSE=0.000041864
CSG-MU (409).	RMSE=0.000041122
CSG-MU (410).	RMSE=0.000041291
CSG-MU (411).	RMSE=0.000040348
CSG-MU (412).	RMSE=0.000039787
CSG-MU (413).	RMSE=0.000040115
CSG-MU (414).	RMSE=0.000040368
CSG-MU (415).	RMSE=0.000039880
CSG-MU (416).	RMSE=0.000040644
CSG-MU (417).	RMSE=0.000038482
CSG-MU (418).	RMSE=0.000038352
CSG-MU (419).	RMSE=0.000039642
CSG-MU (420).	RMSE=0.000036606
CSG-MU (421).	RMSE=0.000039427
CSG-MU (422).	RMSE=0.000038669
CSG-MU (423).	RMSE=0.000037632
CSG-MU (424).	RMSE=0.000037716
CSG-MU (425).	RMSE=0.000035141
CSG-MU (426).	RMSE=0.000040193
CSG-MU (427).	RMSE=0.000036785
CSG-MU (428).	RMSE=0.000037678
CSG-MU (429).	RMSE=0.000037409
CSG-MU (430).	RMSE=0.000037621
CSG-MU (431).	RMSE=0.000036132
CSG-MU (432).	RMSE=0.000034705
CSG-MU (433).	RMSE=0.000037363
CSG-MU (434).	RMSE=0.000034988
CSG-MU (435).	RMSE=0.000036687
CSG-MU (436).	RMSE=0.000036316
CSG-MU (437).	RMSE=0.000035209
CSG-MU (438).	RMSE=0.000036057
CSG-MU (439).	RMSE=0.000034890
CSG-MU (440).	RMSE=0.000033967
CSG-MU (441).	RMSE=0.000036349
CSG-MU (442).	RMSE=0.000033916
CSG-MU (443).	RMSE=0.000032499
CSG-MU (444).	RMSE=0.000033902
CSG-MU (445).	RMSE=0.000033826
CSG-MU (446).	RMSE=0.000033491
CSG-MU (447).	RMSE=0.000032095
CSG-MU (448).	RMSE=0.000034545
CSG-MU (449).	RMSE=0.000033716
CSG-MU (450).	RMSE=0.000032155
CSG-MU (451).	RMSE=0.000032679
CSG-MU (452).	RMSE=0.000032663
CSG-MU (453).	RMSE=0.000031013
CSG-MU (454).	RMSE=0.000032270
CSG-MU (455).	RMSE=0.000032841
CSG-MU (456).	RMSE=0.000031259
CSG-MU (457).	RMSE=0.000032537
CSG-MU (458).	RMSE=0.000030421
CSG-MU (459).	RMSE=0.000030981
CSG-MU (460).	RMSE=0.000031439
CSG-MU (461).	RMSE=0.000033208
CSG-MU (462).	RMSE=0.000030467
CSG-MU (463).	RMSE=0.000031977
CSG-MU (464).	RMSE=0.000031204
CSG-MU (465).	RMSE=0.000028877
CSG-MU (466).	RMSE=0.000029574
CSG-MU (467).	RMSE=0.000030959
CSG-MU (468).	RMSE=0.000031751
CSG-MU (469).	RMSE=0.000029842
CSG-MU (470).	RMSE=0.000031372
CSG-MU (471).	RMSE=0.000029877
CSG-MU (472).	RMSE=0.000028115
CSG-MU (473).	RMSE=0.000029156
CSG-MU (474).	RMSE=0.000030279
CSG-MU (475).	RMSE=0.000029700
CSG-MU (476).	RMSE=0.000027144
CSG-MU (477).	RMSE=0.000027966
CSG-MU (478).	RMSE=0.000029647
CSG-MU (479).	RMSE=0.000026410
CSG-MU (480).	RMSE=0.000028840
CSG-MU (481).	RMSE=0.000028276
CSG-MU (482).	RMSE=0.000027803
CSG-MU (483).	RMSE=0.000029104
CSG-MU (484).	RMSE=0.000029369
CSG-MU (485).	RMSE=0.000028293
CSG-MU (486).	RMSE=0.000026889
CSG-MU (487).	RMSE=0.000029017
CSG-MU (488).	RMSE=0.000027350
CSG-MU (489).	RMSE=0.000026143
CSG-MU (490).	RMSE=0.000025778
CSG-MU (491).	RMSE=0.000028903
CSG-MU (492).	RMSE=0.000026751
CSG-MU (493).	RMSE=0.000027235
CSG-MU (494).	RMSE=0.000026737
CSG-MU (495).	RMSE=0.000025931
CSG-MU (496).	RMSE=0.000026197
CSG-MU (497).	RMSE=0.000028008
CSG-MU (498).	RMSE=0.000026226
CSG-MU (499).	RMSE=0.000025318
CSG-MU (500).	RMSE=0.000027869
Frobenius error: 44.93694
Log-likelihood: -593118001.61121
Saved admixture proportions as output/06_angsd_structure/pca/pcangsd.admix.6.Q
Saved ancestral allele frequencies proportions as output/06_angsd_structure/pca/pcangsd.admix.6.P
Total elapsed time: 221m5s
end 2026-09-28T07:08:06Z K=6
