start 2026-09-27T20:55:25Z host n3434 pop=Ostrich_Bay n=8 minInd=6 depth 19-120
	-> angsd version: 0.940-dirty (htslib: 1.24) build(Dec 15 2024 09:11:59)
	-> angsd -b output/06_angsd_structure/samples/Ostrich_Bay.bams -ref output/05_realign_xbOstLuri2/reference/GCA_061535525.1_xbOstLuri2_USDA-ARS_PSRF_primary_genomic.fna -anc output/05_realign_xbOstLuri2/reference/GCA_061535525.1_xbOstLuri2_USDA-ARS_PSRF_primary_genomic.fna -rf output/06_angsd_structure/samples/chromosomes.txt -out output/06_angsd_structure/saf/Ostrich_Bay -doSaf 1 -GL 1 -doCounts 1 -minMapQ 20 -minQ 20 -uniqueOnly 1 -remove_bads 1 -only_proper_pairs 1 -C 50 -baq 1 -minInd 6 -setMinDepth 19 -setMaxDepth 120 -P 8 
	-> Inputtype is BAM/CRAM
[multiReader] 8 samples in 8 input files
	-> Reading fasta: output/05_realign_xbOstLuri2/reference/GCA_061535525.1_xbOstLuri2_USDA-ARS_PSRF_primary_genomic.fna
	-> Reading fasta: output/05_realign_xbOstLuri2/reference/GCA_061535525.1_xbOstLuri2_USDA-ARS_PSRF_primary_genomic.fna
	-> !! You are doing -dosaf incombination with -rf, please make sure that your -rf file is sorted !!
	-> Parsing 8 number of samples 
	-> Region lookup 1/10
	-> Allocated ~ 10 million nodes to the nodepool, this is not an estimate of the memory usage
	-> Allocated ~ 20 million nodes to the nodepool, this is not an estimate of the memory usage
	-> Allocated ~ 30 million nodes to the nodepool, this is not an estimate of the memory usage
	-> Region lookup 2/10
	-> Allocated ~ 40 million nodes to the nodepool, this is not an estimate of the memory usage
	-> Region lookup 3/10
	-> Region lookup 4/10
	-> Region lookup 5/10
	-> Region lookup 6/10
	-> Region lookup 7/10
	-> Region lookup 8/10
	-> Allocated ~ 50 million nodes to the nodepool, this is not an estimate of the memory usage
	-> Region lookup 9/10
	-> Region lookup 10/10
	-> Done reading data waiting for calculations to finish
	-> Done waiting for threads
	-> Output filenames:
		->"output/06_angsd_structure/saf/Ostrich_Bay.arg"
		->"output/06_angsd_structure/saf/Ostrich_Bay.saf.gz"
		->"output/06_angsd_structure/saf/Ostrich_Bay.saf.pos.gz"
		->"output/06_angsd_structure/saf/Ostrich_Bay.saf.idx"
	-> Sun Sep 27 16:45:39 2026
	-> Arguments and parameters for all analysis are located in .arg file
	-> Total number of sites analyzed: 924251581
	-> Number of sites retained after filtering: 634755772 
	[ALL done] cpu-time used =  14741.94 sec
	[ALL done] walltime used =  10214.00 sec
[persaf::persaf_init] Version of output/06_angsd_structure/saf/Ostrich_Bay.saf.idx is 3
[persaf::persaf_init] Assuming .saf.gz file is output/06_angsd_structure/saf/Ostrich_Bay.saf.gz
[persaf::persaf_init] Assuming .saf.pos.gz file is output/06_angsd_structure/saf/Ostrich_Bay.saf.pos.gz
	-> args: tole:0.000000 nthreads:8 maxiter:100 nsites(block):0 start:(null) chr:(null) start:-1 stop:-1 fstout:(null) oldout:0 seed:-1 bootstrap:0 resample_chr:0 whichFst:0 fold:1 ref:(null) anc:(null)
	-> The choice of -nSites will require atleast: 27513.744141 megabyte memory, that is at least: 1.78% of total memory
	-> dim(output/06_angsd_structure/saf/Ostrich_Bay.saf.idx):17
	-> Dimension of parameter space: 17
	-> Done reading data from chromosome will prepare next chromosome
	-> Is in multi sfs, will now read data from chr:CM196826.1
	-> hello Im the master merge part of realSFS. and I'll now do a tripple bypass to find intersect 
	-> 1) Will set iter according to chooseChr and start and stop, and possibly using -sites
	-> Done reading data from chromosome will prepare next chromosome
	-> Is in multi sfs, will now read data from chr:CM196827.1
	-> hello Im the master merge part of realSFS. and I'll now do a tripple bypass to find intersect 
	-> 1) Will set iter according to chooseChr and start and stop, and possibly using -sites
	-> Done reading data from chromosome will prepare next chromosome
	-> Is in multi sfs, will now read data from chr:CM196828.1
	-> hello Im the master merge part of realSFS. and I'll now do a tripple bypass to find intersect 
	-> 1) Will set iter according to chooseChr and start and stop, and possibly using -sites
	-> Done reading data from chromosome will prepare next chromosome
	-> Is in multi sfs, will now read data from chr:CM196829.1
	-> hello Im the master merge part of realSFS. and I'll now do a tripple bypass to find intersect 
	-> 1) Will set iter according to chooseChr and start and stop, and possibly using -sites
	-> Done reading data from chromosome will prepare next chromosome
	-> Is in multi sfs, will now read data from chr:CM196830.1
	-> hello Im the master merge part of realSFS. and I'll now do a tripple bypass to find intersect 
	-> 1) Will set iter according to chooseChr and start and stop, and possibly using -sites
	-> Done reading data from chromosome will prepare next chromosome
	-> Is in multi sfs, will now read data from chr:CM196831.1
	-> hello Im the master merge part of realSFS. and I'll now do a tripple bypass to find intersect 
	-> 1) Will set iter according to chooseChr and start and stop, and possibly using -sites
	-> Done reading data from chromosome will prepare next chromosome
	-> Is in multi sfs, will now read data from chr:CM196832.1
	-> hello Im the master merge part of realSFS. and I'll now do a tripple bypass to find intersect 
	-> 1) Will set iter according to chooseChr and start and stop, and possibly using -sites
	-> Done reading data from chromosome will prepare next chromosome
	-> Is in multi sfs, will now read data from chr:CM196833.1
	-> hello Im the master merge part of realSFS. and I'll now do a tripple bypass to find intersect 
	-> 1) Will set iter according to chooseChr and start and stop, and possibly using -sites
	-> Done reading data from chromosome will prepare next chromosome
	-> Is in multi sfs, will now read data from chr:CM196834.1
	-> hello Im the master merge part of realSFS. and I'll now do a tripple bypass to find intersect 
	-> 1) Will set iter according to chooseChr and start and stop, and possibly using -sites
	-> Done reading data from chromosome will prepare next chromosome
	-> Is in multi sfs, will now read data from chr:CM196835.1
	-> hello Im the master merge part of realSFS. and I'll now do a tripple bypass to find intersect 
	-> 1) Will set iter according to chooseChr and start and stop, and possibly using -sites
------------
startlik=-1284234279.451605
	-> Instability detected, accelerated guess is too close to bound or outside will fallback to regular EM for this step
	-> Breaking EM(sr2) at iter:55, sqrt(sr2):9.204042e-11
likelihood: -52599209.615998
------------
	-> Only read nSites: 0 will therefore prepare next chromosome (or exit)
	-> NB output is no longer log probs of the frequency spectrum!
	-> Output is now simply the expected values! 
	-> You can convert to the old format simply with log(norm(x))
	-> Please check that it has converged!
	-> You can add start new optimization by supplying -sfs FILE, where is >FILE from this run
	-> -maxIter INT -tole FLOAT
[persaf::persaf_init] Version of output/06_angsd_structure/saf/Ostrich_Bay.saf.idx is 3
[persaf::persaf_init] Assuming .saf.gz file is output/06_angsd_structure/saf/Ostrich_Bay.saf.gz
[persaf::persaf_init] Assuming .saf.pos.gz file is output/06_angsd_structure/saf/Ostrich_Bay.saf.pos.gz
	-> args: tole:0.000000 nthreads:4 maxiter:100 nsites(block):0 start:output/06_angsd_structure/sfs/Ostrich_Bay.sfs chr:(null) start:-1 stop:-1 fstout:output/06_angsd_structure/sfs/Ostrich_Bay oldout:0 seed:-1 bootstrap:0 resample_chr:0 whichFst:0 fold:1 ref:(null) anc:(null)
	-> Will read chunks of size: 4096
	-> Reading: output/06_angsd_structure/sfs/Ostrich_Bay.sfs assuming counts (will normalize to probs internally)
	-> nChr:16
	-> Done reading data from chromosome will prepare next chromosome
	-> Is in multi sfs, will now read data from chr:CM196826.1
	-> hello Im the master merge part of realSFS. and I'll now do a tripple bypass to find intersect 
	-> 1) Will set iter according to chooseChr and start and stop, and possibly using -sites
	-> Only read nSites: 0 will therefore prepare next chromosome (or exit)
	-> Done reading data from chromosome will prepare next chromosome
	-> Is in multi sfs, will now read data from chr:CM196827.1
	-> hello Im the master merge part of realSFS. and I'll now do a tripple bypass to find intersect 
	-> 1) Will set iter according to chooseChr and start and stop, and possibly using -sites
	-> Writing 86130528 sites for chr:CM196826.1
	-> Only read nSites: 0 will therefore prepare next chromosome (or exit)
	-> Done reading data from chromosome will prepare next chromosome
	-> Is in multi sfs, will now read data from chr:CM196828.1
	-> hello Im the master merge part of realSFS. and I'll now do a tripple bypass to find intersect 
	-> 1) Will set iter according to chooseChr and start and stop, and possibly using -sites
	-> Writing 84730024 sites for chr:CM196827.1
	-> Only read nSites: 0 will therefore prepare next chromosome (or exit)
	-> Done reading data from chromosome will prepare next chromosome
	-> Is in multi sfs, will now read data from chr:CM196829.1
	-> hello Im the master merge part of realSFS. and I'll now do a tripple bypass to find intersect 
	-> 1) Will set iter according to chooseChr and start and stop, and possibly using -sites
	-> Writing 84636244 sites for chr:CM196828.1
	-> Only read nSites: 0 will therefore prepare next chromosome (or exit)
	-> Done reading data from chromosome will prepare next chromosome
	-> Is in multi sfs, will now read data from chr:CM196830.1
	-> hello Im the master merge part of realSFS. and I'll now do a tripple bypass to find intersect 
	-> 1) Will set iter according to chooseChr and start and stop, and possibly using -sites
	-> Writing 73862245 sites for chr:CM196829.1
	-> Only read nSites: 0 will therefore prepare next chromosome (or exit)
	-> Done reading data from chromosome will prepare next chromosome
	-> Is in multi sfs, will now read data from chr:CM196831.1
	-> hello Im the master merge part of realSFS. and I'll now do a tripple bypass to find intersect 
	-> 1) Will set iter according to chooseChr and start and stop, and possibly using -sites
	-> Writing 74062755 sites for chr:CM196830.1
	-> Only read nSites: 0 will therefore prepare next chromosome (or exit)
	-> Done reading data from chromosome will prepare next chromosome
	-> Is in multi sfs, will now read data from chr:CM196832.1
	-> hello Im the master merge part of realSFS. and I'll now do a tripple bypass to find intersect 
	-> 1) Will set iter according to chooseChr and start and stop, and possibly using -sites
	-> Writing 48954849 sites for chr:CM196831.1
	-> Only read nSites: 0 will therefore prepare next chromosome (or exit)
	-> Done reading data from chromosome will prepare next chromosome
	-> Is in multi sfs, will now read data from chr:CM196833.1
	-> hello Im the master merge part of realSFS. and I'll now do a tripple bypass to find intersect 
	-> 1) Will set iter according to chooseChr and start and stop, and possibly using -sites
	-> Writing 60199533 sites for chr:CM196832.1
	-> Only read nSites: 0 will therefore prepare next chromosome (or exit)
	-> Done reading data from chromosome will prepare next chromosome
	-> Is in multi sfs, will now read data from chr:CM196834.1
	-> hello Im the master merge part of realSFS. and I'll now do a tripple bypass to find intersect 
	-> 1) Will set iter according to chooseChr and start and stop, and possibly using -sites
	-> Writing 51883604 sites for chr:CM196833.1
	-> Only read nSites: 0 will therefore prepare next chromosome (or exit)
	-> Done reading data from chromosome will prepare next chromosome
	-> Is in multi sfs, will now read data from chr:CM196835.1
	-> hello Im the master merge part of realSFS. and I'll now do a tripple bypass to find intersect 
	-> 1) Will set iter according to chooseChr and start and stop, and possibly using -sites
	-> Writing 37189362 sites for chr:CM196834.1
	-> Only read nSites: 0 will therefore prepare next chromosome (or exit)
	-> Done reading data from chromosome will prepare next chromosome
	-> Writing 33106628 sites for chr:CM196835.1
	-> Output filenames:
		->"output/06_angsd_structure/sfs/Ostrich_Bay.thetas.gz"
		->"output/06_angsd_structure/sfs/Ostrich_Bay.thetas.idx"
 thetaStat do_stat output/06_angsd_structure/sfs/Ostrich_Bay.thetas.idx
	Assuming binfile:output/06_angsd_structure/sfs/Ostrich_Bay.thetas.gz and indexfile:output/06_angsd_structure/sfs/Ostrich_Bay.thetas.idx
		Information from index file:
		0	CM196826.1	86130528	8	16
		1	CM196827.1	84730024	36395318944294	16
		2	CM196828.1	84636244	72248943010052	16
		3	CM196829.1	73862245	108068148978946	16
		4	CM196830.1	74062755	139246559617432	16
		5	CM196831.1	48954849	170664560743934	16
		6	CM196832.1	60199533	190685169316148	16
		7	CM196833.1	51883604	216028902334602	16
		8	CM196834.1	37189362	237443122264712	16
		9	CM196835.1	33106628	252696713071190	16
	 -r=(null) outnames=(null) step: 0 win: 0
	Winsize equals zero or step size equals zero. Will use entire chromosome as window
	pc.chr=CM196826.1 pc.nSites=86130528 firstpos=389 lastpos=121144102
	pc.chr=CM196827.1 pc.nSites=84730024 firstpos=10274 lastpos=119088617
	pc.chr=CM196828.1 pc.nSites=84636244 firstpos=99 lastpos=115857621
	pc.chr=CM196829.1 pc.nSites=73862245 firstpos=374 lastpos=104668144
	pc.chr=CM196830.1 pc.nSites=74062755 firstpos=422 lastpos=100163089
	pc.chr=CM196831.1 pc.nSites=48954849 firstpos=3115 lastpos=98167656
	pc.chr=CM196832.1 pc.nSites=60199533 firstpos=1664 lastpos=94636354
	pc.chr=CM196833.1 pc.nSites=51883604 firstpos=1576 lastpos=93085369
	pc.chr=CM196834.1 pc.nSites=37189362 firstpos=240 lastpos=82556290
	pc.chr=CM196835.1 pc.nSites=33106628 firstpos=362 lastpos=65617250
	Dumping file: "output/06_angsd_structure/sfs/Ostrich_Bay.thetas.idx.pestPG"
end 2026-09-28T01:50:21Z pop=Ostrich_Bay
