start 2026-09-27T20:55:25Z host n3459 pop=CS18_22_Wild_plate1 n=7 minInd=5 depth 16-101
	-> angsd version: 0.940-dirty (htslib: 1.24) build(Dec 15 2024 09:11:59)
	-> angsd -b output/06_angsd_structure/samples/CS18_22_Wild_plate1.bams -ref output/05_realign_xbOstLuri2/reference/GCA_061535525.1_xbOstLuri2_USDA-ARS_PSRF_primary_genomic.fna -anc output/05_realign_xbOstLuri2/reference/GCA_061535525.1_xbOstLuri2_USDA-ARS_PSRF_primary_genomic.fna -rf output/06_angsd_structure/samples/chromosomes.txt -out output/06_angsd_structure/saf/CS18_22_Wild_plate1 -doSaf 1 -GL 1 -doCounts 1 -minMapQ 20 -minQ 20 -uniqueOnly 1 -remove_bads 1 -only_proper_pairs 1 -C 50 -baq 1 -minInd 5 -setMinDepth 16 -setMaxDepth 101 -P 8 
	-> Inputtype is BAM/CRAM
[multiReader] 7 samples in 7 input files
	-> Reading fasta: output/05_realign_xbOstLuri2/reference/GCA_061535525.1_xbOstLuri2_USDA-ARS_PSRF_primary_genomic.fna
	-> Reading fasta: output/05_realign_xbOstLuri2/reference/GCA_061535525.1_xbOstLuri2_USDA-ARS_PSRF_primary_genomic.fna
	-> !! You are doing -dosaf incombination with -rf, please make sure that your -rf file is sorted !!
	-> Parsing 7 number of samples 
	-> Region lookup 1/10
	-> Allocated ~ 10 million nodes to the nodepool, this is not an estimate of the memory usage
	-> Allocated ~ 20 million nodes to the nodepool, this is not an estimate of the memory usage
	-> Allocated ~ 30 million nodes to the nodepool, this is not an estimate of the memory usage
	-> Region lookup 2/10
	-> Region lookup 3/10
	-> Region lookup 4/10
	-> Region lookup 5/10
	-> Region lookup 6/10
	-> Region lookup 7/10
	-> Region lookup 8/10
	-> Region lookup 9/10
	-> Region lookup 10/10
	-> Done reading data waiting for calculations to finish
	-> Done waiting for threads
	-> Output filenames:
		->"output/06_angsd_structure/saf/CS18_22_Wild_plate1.arg"
		->"output/06_angsd_structure/saf/CS18_22_Wild_plate1.saf.gz"
		->"output/06_angsd_structure/saf/CS18_22_Wild_plate1.saf.pos.gz"
		->"output/06_angsd_structure/saf/CS18_22_Wild_plate1.saf.idx"
	-> Sun Sep 27 16:17:38 2026
	-> Arguments and parameters for all analysis are located in .arg file
	-> Total number of sites analyzed: 911983556
	-> Number of sites retained after filtering: 634993963 
	[ALL done] cpu-time used =  11689.16 sec
	[ALL done] walltime used =  8533.00 sec
[persaf::persaf_init] Version of output/06_angsd_structure/saf/CS18_22_Wild_plate1.saf.idx is 3
[persaf::persaf_init] Assuming .saf.gz file is output/06_angsd_structure/saf/CS18_22_Wild_plate1.saf.gz
[persaf::persaf_init] Assuming .saf.pos.gz file is output/06_angsd_structure/saf/CS18_22_Wild_plate1.saf.pos.gz
	-> args: tole:0.000000 nthreads:8 maxiter:100 nsites(block):0 start:(null) chr:(null) start:-1 stop:-1 fstout:(null) oldout:0 seed:-1 bootstrap:0 resample_chr:0 whichFst:0 fold:1 ref:(null) anc:(null)
	-> The choice of -nSites will require atleast: 27541.208984 megabyte memory, that is at least: 1.78% of total memory
	-> dim(output/06_angsd_structure/saf/CS18_22_Wild_plate1.saf.idx):15
	-> Dimension of parameter space: 15
	-> Done reading data from chromosome will prepare next chromosome
	-> Is in multi sfs, will now read data from chr:CM196826.1
	-> hello Im the master merge part of realSFS. and I'll now do a tripple bypass to find intersect 
	-> 1) Will set iter according to chooseChr and start and stop, and possibly using -sites
	-> Done reading data from chromosome will prepare next chromosome
	-> Is in multi sfs, will now read data from chr:CM196827.1
	-> hello Im the master merge part of realSFS. and I'll now do a tripple bypass to find intersect 
	-> 1) Will set iter according to chooseChr and start and stop, and possibly using -sites
	-> Done reading data from chromosome will prepare next chromosome
	-> Is in multi sfs, will now read data from chr:CM196828.1
	-> hello Im the master merge part of realSFS. and I'll now do a tripple bypass to find intersect 
	-> 1) Will set iter according to chooseChr and start and stop, and possibly using -sites
	-> Done reading data from chromosome will prepare next chromosome
	-> Is in multi sfs, will now read data from chr:CM196829.1
	-> hello Im the master merge part of realSFS. and I'll now do a tripple bypass to find intersect 
	-> 1) Will set iter according to chooseChr and start and stop, and possibly using -sites
	-> Done reading data from chromosome will prepare next chromosome
	-> Is in multi sfs, will now read data from chr:CM196830.1
	-> hello Im the master merge part of realSFS. and I'll now do a tripple bypass to find intersect 
	-> 1) Will set iter according to chooseChr and start and stop, and possibly using -sites
	-> Done reading data from chromosome will prepare next chromosome
	-> Is in multi sfs, will now read data from chr:CM196831.1
	-> hello Im the master merge part of realSFS. and I'll now do a tripple bypass to find intersect 
	-> 1) Will set iter according to chooseChr and start and stop, and possibly using -sites
	-> Done reading data from chromosome will prepare next chromosome
	-> Is in multi sfs, will now read data from chr:CM196832.1
	-> hello Im the master merge part of realSFS. and I'll now do a tripple bypass to find intersect 
	-> 1) Will set iter according to chooseChr and start and stop, and possibly using -sites
	-> Done reading data from chromosome will prepare next chromosome
	-> Is in multi sfs, will now read data from chr:CM196833.1
	-> hello Im the master merge part of realSFS. and I'll now do a tripple bypass to find intersect 
	-> 1) Will set iter according to chooseChr and start and stop, and possibly using -sites
	-> Done reading data from chromosome will prepare next chromosome
	-> Is in multi sfs, will now read data from chr:CM196834.1
	-> hello Im the master merge part of realSFS. and I'll now do a tripple bypass to find intersect 
	-> 1) Will set iter according to chooseChr and start and stop, and possibly using -sites
	-> Done reading data from chromosome will prepare next chromosome
	-> Is in multi sfs, will now read data from chr:CM196835.1
	-> hello Im the master merge part of realSFS. and I'll now do a tripple bypass to find intersect 
	-> 1) Will set iter according to chooseChr and start and stop, and possibly using -sites
------------
startlik=-1192903887.146013
	-> Instability detected, accelerated guess is too close to bound or outside will fallback to regular EM for this step
	-> Breaking EM(sq2) at iter:62, sqrt(sq2):9.462317e-11
likelihood: -60432245.187109
------------
	-> Only read nSites: 0 will therefore prepare next chromosome (or exit)
	-> NB output is no longer log probs of the frequency spectrum!
	-> Output is now simply the expected values! 
	-> You can convert to the old format simply with log(norm(x))
	-> Please check that it has converged!
	-> You can add start new optimization by supplying -sfs FILE, where is >FILE from this run
	-> -maxIter INT -tole FLOAT
[persaf::persaf_init] Version of output/06_angsd_structure/saf/CS18_22_Wild_plate1.saf.idx is 3
[persaf::persaf_init] Assuming .saf.gz file is output/06_angsd_structure/saf/CS18_22_Wild_plate1.saf.gz
[persaf::persaf_init] Assuming .saf.pos.gz file is output/06_angsd_structure/saf/CS18_22_Wild_plate1.saf.pos.gz
	-> args: tole:0.000000 nthreads:4 maxiter:100 nsites(block):0 start:output/06_angsd_structure/sfs/CS18_22_Wild_plate1.sfs chr:(null) start:-1 stop:-1 fstout:output/06_angsd_structure/sfs/CS18_22_Wild_plate1 oldout:0 seed:-1 bootstrap:0 resample_chr:0 whichFst:0 fold:1 ref:(null) anc:(null)
	-> Will read chunks of size: 4096
	-> Reading: output/06_angsd_structure/sfs/CS18_22_Wild_plate1.sfs assuming counts (will normalize to probs internally)
	-> nChr:14
	-> Done reading data from chromosome will prepare next chromosome
	-> Is in multi sfs, will now read data from chr:CM196826.1
	-> hello Im the master merge part of realSFS. and I'll now do a tripple bypass to find intersect 
	-> 1) Will set iter according to chooseChr and start and stop, and possibly using -sites
	-> Only read nSites: 0 will therefore prepare next chromosome (or exit)
	-> Done reading data from chromosome will prepare next chromosome
	-> Is in multi sfs, will now read data from chr:CM196827.1
	-> hello Im the master merge part of realSFS. and I'll now do a tripple bypass to find intersect 
	-> 1) Will set iter according to chooseChr and start and stop, and possibly using -sites
	-> Writing 85585621 sites for chr:CM196826.1
	-> Only read nSites: 0 will therefore prepare next chromosome (or exit)
	-> Done reading data from chromosome will prepare next chromosome
	-> Is in multi sfs, will now read data from chr:CM196828.1
	-> hello Im the master merge part of realSFS. and I'll now do a tripple bypass to find intersect 
	-> 1) Will set iter according to chooseChr and start and stop, and possibly using -sites
	-> Writing 84801106 sites for chr:CM196827.1
	-> Only read nSites: 0 will therefore prepare next chromosome (or exit)
	-> Done reading data from chromosome will prepare next chromosome
	-> Is in multi sfs, will now read data from chr:CM196829.1
	-> hello Im the master merge part of realSFS. and I'll now do a tripple bypass to find intersect 
	-> 1) Will set iter according to chooseChr and start and stop, and possibly using -sites
	-> Writing 84089339 sites for chr:CM196828.1
	-> Only read nSites: 0 will therefore prepare next chromosome (or exit)
	-> Done reading data from chromosome will prepare next chromosome
	-> Is in multi sfs, will now read data from chr:CM196830.1
	-> hello Im the master merge part of realSFS. and I'll now do a tripple bypass to find intersect 
	-> 1) Will set iter according to chooseChr and start and stop, and possibly using -sites
	-> Writing 73532853 sites for chr:CM196829.1
	-> Only read nSites: 0 will therefore prepare next chromosome (or exit)
	-> Done reading data from chromosome will prepare next chromosome
	-> Is in multi sfs, will now read data from chr:CM196831.1
	-> hello Im the master merge part of realSFS. and I'll now do a tripple bypass to find intersect 
	-> 1) Will set iter according to chooseChr and start and stop, and possibly using -sites
	-> Writing 73739396 sites for chr:CM196830.1
	-> Only read nSites: 0 will therefore prepare next chromosome (or exit)
	-> Done reading data from chromosome will prepare next chromosome
	-> Is in multi sfs, will now read data from chr:CM196832.1
	-> hello Im the master merge part of realSFS. and I'll now do a tripple bypass to find intersect 
	-> 1) Will set iter according to chooseChr and start and stop, and possibly using -sites
	-> Writing 50092959 sites for chr:CM196831.1
	-> Only read nSites: 0 will therefore prepare next chromosome (or exit)
	-> Done reading data from chromosome will prepare next chromosome
	-> Is in multi sfs, will now read data from chr:CM196833.1
	-> hello Im the master merge part of realSFS. and I'll now do a tripple bypass to find intersect 
	-> 1) Will set iter according to chooseChr and start and stop, and possibly using -sites
	-> Writing 60318603 sites for chr:CM196832.1
	-> Only read nSites: 0 will therefore prepare next chromosome (or exit)
	-> Done reading data from chromosome will prepare next chromosome
	-> Is in multi sfs, will now read data from chr:CM196834.1
	-> hello Im the master merge part of realSFS. and I'll now do a tripple bypass to find intersect 
	-> 1) Will set iter according to chooseChr and start and stop, and possibly using -sites
	-> Writing 51449036 sites for chr:CM196833.1
	-> Only read nSites: 0 will therefore prepare next chromosome (or exit)
	-> Done reading data from chromosome will prepare next chromosome
	-> Is in multi sfs, will now read data from chr:CM196835.1
	-> hello Im the master merge part of realSFS. and I'll now do a tripple bypass to find intersect 
	-> 1) Will set iter according to chooseChr and start and stop, and possibly using -sites
	-> Writing 37969521 sites for chr:CM196834.1
	-> Only read nSites: 0 will therefore prepare next chromosome (or exit)
	-> Done reading data from chromosome will prepare next chromosome
	-> Writing 33415529 sites for chr:CM196835.1
	-> Output filenames:
		->"output/06_angsd_structure/sfs/CS18_22_Wild_plate1.thetas.gz"
		->"output/06_angsd_structure/sfs/CS18_22_Wild_plate1.thetas.idx"
 thetaStat do_stat output/06_angsd_structure/sfs/CS18_22_Wild_plate1.thetas.idx
	Assuming binfile:output/06_angsd_structure/sfs/CS18_22_Wild_plate1.thetas.gz and indexfile:output/06_angsd_structure/sfs/CS18_22_Wild_plate1.thetas.idx
		Information from index file:
		0	CM196826.1	85585621	8	14
		1	CM196827.1	84801106	33813367967006	14
		2	CM196828.1	84089339	67283625913836	14
		3	CM196829.1	73532853	100597778833554	14
		4	CM196830.1	73739396	129620672676776	14
		5	CM196831.1	50092959	158717926348326	14
		6	CM196832.1	60318603	177990270393900	14
		7	CM196833.1	51449036	201740334797650	14
		8	CM196834.1	37969521	221736906795408	14
		9	CM196835.1	33415529	236409873271622	14
	 -r=(null) outnames=(null) step: 0 win: 0
	Winsize equals zero or step size equals zero. Will use entire chromosome as window
	pc.chr=CM196826.1 pc.nSites=85585621 firstpos=299 lastpos=121143975
	pc.chr=CM196827.1 pc.nSites=84801106 firstpos=9286 lastpos=119088636
	pc.chr=CM196828.1 pc.nSites=84089339 firstpos=61 lastpos=115857624
	pc.chr=CM196829.1 pc.nSites=73532853 firstpos=499 lastpos=104668091
	pc.chr=CM196830.1 pc.nSites=73739396 firstpos=884 lastpos=100163015
	pc.chr=CM196831.1 pc.nSites=50092959 firstpos=1438 lastpos=98168153
	pc.chr=CM196832.1 pc.nSites=60318603 firstpos=472 lastpos=94636357
	pc.chr=CM196833.1 pc.nSites=51449036 firstpos=4089 lastpos=93085261
	pc.chr=CM196834.1 pc.nSites=37969521 firstpos=280 lastpos=82556419
	pc.chr=CM196835.1 pc.nSites=33415529 firstpos=371 lastpos=65617289
	Dumping file: "output/06_angsd_structure/sfs/CS18_22_Wild_plate1.thetas.idx.pestPG"
end 2026-09-28T01:37:02Z pop=CS18_22_Wild_plate1
