start 2026-09-27T20:55:25Z host n3432 pop=FB18_Wild n=5 minInd=4 depth 10-64
	-> angsd version: 0.940-dirty (htslib: 1.24) build(Dec 15 2024 09:11:59)
	-> angsd -b output/06_angsd_structure/samples/FB18_Wild.bams -ref output/05_realign_xbOstLuri2/reference/GCA_061535525.1_xbOstLuri2_USDA-ARS_PSRF_primary_genomic.fna -anc output/05_realign_xbOstLuri2/reference/GCA_061535525.1_xbOstLuri2_USDA-ARS_PSRF_primary_genomic.fna -rf output/06_angsd_structure/samples/chromosomes.txt -out output/06_angsd_structure/saf/FB18_Wild -doSaf 1 -GL 1 -doCounts 1 -minMapQ 20 -minQ 20 -uniqueOnly 1 -remove_bads 1 -only_proper_pairs 1 -C 50 -baq 1 -minInd 4 -setMinDepth 10 -setMaxDepth 64 -P 8 
	-> Inputtype is BAM/CRAM
[multiReader] 5 samples in 5 input files
	-> Reading fasta: output/05_realign_xbOstLuri2/reference/GCA_061535525.1_xbOstLuri2_USDA-ARS_PSRF_primary_genomic.fna
	-> Reading fasta: output/05_realign_xbOstLuri2/reference/GCA_061535525.1_xbOstLuri2_USDA-ARS_PSRF_primary_genomic.fna
	-> !! You are doing -dosaf incombination with -rf, please make sure that your -rf file is sorted !!
	-> Parsing 5 number of samples 
	-> Region lookup 1/10
	-> Allocated ~ 10 million nodes to the nodepool, this is not an estimate of the memory usage
	-> Allocated ~ 20 million nodes to the nodepool, this is not an estimate of the memory usage
	-> Region lookup 2/10
	-> Region lookup 3/10
	-> Region lookup 4/10
	-> Region lookup 5/10
	-> Region lookup 6/10
	-> Region lookup 7/10
	-> Region lookup 8/10
	-> Region lookup 9/10
	-> Region lookup 10/10
	-> Done reading data waiting for calculations to finish
	-> Done waiting for threads
	-> Output filenames:
		->"output/06_angsd_structure/saf/FB18_Wild.arg"
		->"output/06_angsd_structure/saf/FB18_Wild.saf.gz"
		->"output/06_angsd_structure/saf/FB18_Wild.saf.pos.gz"
		->"output/06_angsd_structure/saf/FB18_Wild.saf.idx"
	-> Sun Sep 27 15:27:21 2026
	-> Arguments and parameters for all analysis are located in .arg file
	-> Total number of sites analyzed: 893073385
	-> Number of sites retained after filtering: 600211671 
	[ALL done] cpu-time used =  7909.28 sec
	[ALL done] walltime used =  5516.00 sec
[persaf::persaf_init] Version of output/06_angsd_structure/saf/FB18_Wild.saf.idx is 3
[persaf::persaf_init] Assuming .saf.gz file is output/06_angsd_structure/saf/FB18_Wild.saf.gz
[persaf::persaf_init] Assuming .saf.pos.gz file is output/06_angsd_structure/saf/FB18_Wild.saf.pos.gz
	-> args: tole:0.000000 nthreads:8 maxiter:100 nsites(block):0 start:(null) chr:(null) start:-1 stop:-1 fstout:(null) oldout:0 seed:-1 bootstrap:0 resample_chr:0 whichFst:0 fold:1 ref:(null) anc:(null)
	-> The choice of -nSites will require atleast: 24786.583984 megabyte memory, that is at least: 1.60% of total memory
	-> dim(output/06_angsd_structure/saf/FB18_Wild.saf.idx):11
	-> Dimension of parameter space: 11
	-> Done reading data from chromosome will prepare next chromosome
	-> Is in multi sfs, will now read data from chr:CM196826.1
	-> hello Im the master merge part of realSFS. and I'll now do a tripple bypass to find intersect 
	-> 1) Will set iter according to chooseChr and start and stop, and possibly using -sites
	-> Done reading data from chromosome will prepare next chromosome
	-> Is in multi sfs, will now read data from chr:CM196827.1
	-> hello Im the master merge part of realSFS. and I'll now do a tripple bypass to find intersect 
	-> 1) Will set iter according to chooseChr and start and stop, and possibly using -sites
	-> Done reading data from chromosome will prepare next chromosome
	-> Is in multi sfs, will now read data from chr:CM196828.1
	-> hello Im the master merge part of realSFS. and I'll now do a tripple bypass to find intersect 
	-> 1) Will set iter according to chooseChr and start and stop, and possibly using -sites
	-> Done reading data from chromosome will prepare next chromosome
	-> Is in multi sfs, will now read data from chr:CM196829.1
	-> hello Im the master merge part of realSFS. and I'll now do a tripple bypass to find intersect 
	-> 1) Will set iter according to chooseChr and start and stop, and possibly using -sites
	-> Done reading data from chromosome will prepare next chromosome
	-> Is in multi sfs, will now read data from chr:CM196830.1
	-> hello Im the master merge part of realSFS. and I'll now do a tripple bypass to find intersect 
	-> 1) Will set iter according to chooseChr and start and stop, and possibly using -sites
	-> Done reading data from chromosome will prepare next chromosome
	-> Is in multi sfs, will now read data from chr:CM196831.1
	-> hello Im the master merge part of realSFS. and I'll now do a tripple bypass to find intersect 
	-> 1) Will set iter according to chooseChr and start and stop, and possibly using -sites
	-> Done reading data from chromosome will prepare next chromosome
	-> Is in multi sfs, will now read data from chr:CM196832.1
	-> hello Im the master merge part of realSFS. and I'll now do a tripple bypass to find intersect 
	-> 1) Will set iter according to chooseChr and start and stop, and possibly using -sites
	-> Done reading data from chromosome will prepare next chromosome
	-> Is in multi sfs, will now read data from chr:CM196833.1
	-> hello Im the master merge part of realSFS. and I'll now do a tripple bypass to find intersect 
	-> 1) Will set iter according to chooseChr and start and stop, and possibly using -sites
	-> Done reading data from chromosome will prepare next chromosome
	-> Is in multi sfs, will now read data from chr:CM196834.1
	-> hello Im the master merge part of realSFS. and I'll now do a tripple bypass to find intersect 
	-> 1) Will set iter according to chooseChr and start and stop, and possibly using -sites
	-> Done reading data from chromosome will prepare next chromosome
	-> Is in multi sfs, will now read data from chr:CM196835.1
	-> hello Im the master merge part of realSFS. and I'll now do a tripple bypass to find intersect 
	-> 1) Will set iter according to chooseChr and start and stop, and possibly using -sites
------------
startlik=-930028133.680489
	-> Instability detected, accelerated guess is too close to bound or outside will fallback to regular EM for this step
	-> Breaking EM(sr2) at iter:69, sqrt(sr2):8.705113e-11
likelihood: -47896499.375942
------------
	-> Only read nSites: 0 will therefore prepare next chromosome (or exit)
	-> NB output is no longer log probs of the frequency spectrum!
	-> Output is now simply the expected values! 
	-> You can convert to the old format simply with log(norm(x))
	-> Please check that it has converged!
	-> You can add start new optimization by supplying -sfs FILE, where is >FILE from this run
	-> -maxIter INT -tole FLOAT
[persaf::persaf_init] Version of output/06_angsd_structure/saf/FB18_Wild.saf.idx is 3
[persaf::persaf_init] Assuming .saf.gz file is output/06_angsd_structure/saf/FB18_Wild.saf.gz
[persaf::persaf_init] Assuming .saf.pos.gz file is output/06_angsd_structure/saf/FB18_Wild.saf.pos.gz
	-> args: tole:0.000000 nthreads:4 maxiter:100 nsites(block):0 start:output/06_angsd_structure/sfs/FB18_Wild.sfs chr:(null) start:-1 stop:-1 fstout:output/06_angsd_structure/sfs/FB18_Wild oldout:0 seed:-1 bootstrap:0 resample_chr:0 whichFst:0 fold:1 ref:(null) anc:(null)
	-> Will read chunks of size: 4096
	-> Reading: output/06_angsd_structure/sfs/FB18_Wild.sfs assuming counts (will normalize to probs internally)
	-> nChr:10
	-> Done reading data from chromosome will prepare next chromosome
	-> Is in multi sfs, will now read data from chr:CM196826.1
	-> hello Im the master merge part of realSFS. and I'll now do a tripple bypass to find intersect 
	-> 1) Will set iter according to chooseChr and start and stop, and possibly using -sites
	-> Only read nSites: 0 will therefore prepare next chromosome (or exit)
	-> Done reading data from chromosome will prepare next chromosome
	-> Is in multi sfs, will now read data from chr:CM196827.1
	-> hello Im the master merge part of realSFS. and I'll now do a tripple bypass to find intersect 
	-> 1) Will set iter according to chooseChr and start and stop, and possibly using -sites
	-> Writing 82612599 sites for chr:CM196826.1
	-> Only read nSites: 0 will therefore prepare next chromosome (or exit)
	-> Done reading data from chromosome will prepare next chromosome
	-> Is in multi sfs, will now read data from chr:CM196828.1
	-> hello Im the master merge part of realSFS. and I'll now do a tripple bypass to find intersect 
	-> 1) Will set iter according to chooseChr and start and stop, and possibly using -sites
	-> Writing 81990025 sites for chr:CM196827.1
	-> Only read nSites: 0 will therefore prepare next chromosome (or exit)
	-> Done reading data from chromosome will prepare next chromosome
	-> Is in multi sfs, will now read data from chr:CM196829.1
	-> hello Im the master merge part of realSFS. and I'll now do a tripple bypass to find intersect 
	-> 1) Will set iter according to chooseChr and start and stop, and possibly using -sites
	-> Writing 80512646 sites for chr:CM196828.1
	-> Only read nSites: 0 will therefore prepare next chromosome (or exit)
	-> Done reading data from chromosome will prepare next chromosome
	-> Is in multi sfs, will now read data from chr:CM196830.1
	-> hello Im the master merge part of realSFS. and I'll now do a tripple bypass to find intersect 
	-> 1) Will set iter according to chooseChr and start and stop, and possibly using -sites
	-> Writing 69888046 sites for chr:CM196829.1
	-> Only read nSites: 0 will therefore prepare next chromosome (or exit)
	-> Done reading data from chromosome will prepare next chromosome
	-> Is in multi sfs, will now read data from chr:CM196831.1
	-> hello Im the master merge part of realSFS. and I'll now do a tripple bypass to find intersect 
	-> 1) Will set iter according to chooseChr and start and stop, and possibly using -sites
	-> Writing 69842172 sites for chr:CM196830.1
	-> Only read nSites: 0 will therefore prepare next chromosome (or exit)
	-> Done reading data from chromosome will prepare next chromosome
	-> Is in multi sfs, will now read data from chr:CM196832.1
	-> hello Im the master merge part of realSFS. and I'll now do a tripple bypass to find intersect 
	-> 1) Will set iter according to chooseChr and start and stop, and possibly using -sites
	-> Writing 44144406 sites for chr:CM196831.1
	-> Only read nSites: 0 will therefore prepare next chromosome (or exit)
	-> Done reading data from chromosome will prepare next chromosome
	-> Is in multi sfs, will now read data from chr:CM196833.1
	-> hello Im the master merge part of realSFS. and I'll now do a tripple bypass to find intersect 
	-> 1) Will set iter according to chooseChr and start and stop, and possibly using -sites
	-> Writing 57775801 sites for chr:CM196832.1
	-> Only read nSites: 0 will therefore prepare next chromosome (or exit)
	-> Done reading data from chromosome will prepare next chromosome
	-> Is in multi sfs, will now read data from chr:CM196834.1
	-> hello Im the master merge part of realSFS. and I'll now do a tripple bypass to find intersect 
	-> 1) Will set iter according to chooseChr and start and stop, and possibly using -sites
	-> Writing 47946579 sites for chr:CM196833.1
	-> Only read nSites: 0 will therefore prepare next chromosome (or exit)
	-> Done reading data from chromosome will prepare next chromosome
	-> Is in multi sfs, will now read data from chr:CM196835.1
	-> hello Im the master merge part of realSFS. and I'll now do a tripple bypass to find intersect 
	-> 1) Will set iter according to chooseChr and start and stop, and possibly using -sites
	-> Writing 34459309 sites for chr:CM196834.1
	-> Only read nSites: 0 will therefore prepare next chromosome (or exit)
	-> Done reading data from chromosome will prepare next chromosome
	-> Writing 31040088 sites for chr:CM196835.1
	-> Output filenames:
		->"output/06_angsd_structure/sfs/FB18_Wild.thetas.gz"
		->"output/06_angsd_structure/sfs/FB18_Wild.thetas.idx"
 thetaStat do_stat output/06_angsd_structure/sfs/FB18_Wild.thetas.idx
	Assuming binfile:output/06_angsd_structure/sfs/FB18_Wild.thetas.gz and indexfile:output/06_angsd_structure/sfs/FB18_Wild.thetas.idx
		Information from index file:
		0	CM196826.1	82612599	8	10
		1	CM196827.1	81990025	25419494147918	10
		2	CM196828.1	80512646	50607004298052	10
		3	CM196829.1	69888046	75480205420530	10
		4	CM196830.1	69842172	96998673812320	10
		5	CM196831.1	44144406	118422681243678	10
		6	CM196832.1	57775801	131847411588940	10
		7	CM196833.1	47946579	149643026168258	10
		8	CM196834.1	34459309	164304170739112	10
		9	CM196835.1	31040088	174956106367742	10
	 -r=(null) outnames=(null) step: 0 win: 0
	Winsize equals zero or step size equals zero. Will use entire chromosome as window
	pc.chr=CM196826.1 pc.nSites=82612599 firstpos=298 lastpos=121144102
	pc.chr=CM196827.1 pc.nSites=81990025 firstpos=9212 lastpos=119088604
	pc.chr=CM196828.1 pc.nSites=80512646 firstpos=119 lastpos=115857624
	pc.chr=CM196829.1 pc.nSites=69888046 firstpos=380 lastpos=104668055
	pc.chr=CM196830.1 pc.nSites=69842172 firstpos=1132 lastpos=100163125
	pc.chr=CM196831.1 pc.nSites=44144406 firstpos=1495 lastpos=98167748
	pc.chr=CM196832.1 pc.nSites=57775801 firstpos=1743 lastpos=94636539
	pc.chr=CM196833.1 pc.nSites=47946579 firstpos=6126 lastpos=93085417
	pc.chr=CM196834.1 pc.nSites=34459309 firstpos=240 lastpos=82556373
	pc.chr=CM196835.1 pc.nSites=31040088 firstpos=349 lastpos=65617270
	Dumping file: "output/06_angsd_structure/sfs/FB18_Wild.thetas.idx.pestPG"
end 2026-09-27T23:44:31Z pop=FB18_Wild
