start 2026-10-03T11:41:18Z host n3492
2026-10-03 04:41:56,349 INFO 44 windows, 109 samples, sets: env (14 units), all (15 units), env_merge_fidalgo (13 units); individual set env (102 individuals)
2026-10-03 04:44:12,643 INFO   000_CM196826.1_1-25000000.beagle.gz: 192312 SNPs in, env 188964, all 191316, env_merge_fidalgo 188853
2026-10-03 04:44:12,687 INFO   001_CM196826.1_25000001-50000000.beagle.gz: 180193 SNPs in, env 176750, all 179262, env_merge_fidalgo 176614
2026-10-03 04:44:12,709 INFO   002_CM196826.1_50000001-75000000.beagle.gz: 130408 SNPs in, env 127977, all 129680, env_merge_fidalgo 127952
2026-10-03 04:44:12,709 INFO   003_CM196826.1_75000001-100000000.beagle.gz: 190455 SNPs in, env 186427, all 189585, env_merge_fidalgo 186394
2026-10-03 04:44:12,709 INFO   004_CM196826.1_100000001-121144336.beagle.gz: 180950 SNPs in, env 177223, all 179924, env_merge_fidalgo 177284
2026-10-03 04:44:24,294 INFO   005_CM196827.1_1-25000000.beagle.gz: 205086 SNPs in, env 201344, all 203873, env_merge_fidalgo 201506
2026-10-03 04:44:24,294 INFO   006_CM196827.1_25000001-50000000.beagle.gz: 195832 SNPs in, env 191971, all 194869, env_merge_fidalgo 192241
2026-10-03 04:44:24,294 INFO   007_CM196827.1_50000001-75000000.beagle.gz: 122159 SNPs in, env 119710, all 121442, env_merge_fidalgo 119796
2026-10-03 04:44:24,294 INFO   008_CM196827.1_75000001-100000000.beagle.gz: 167647 SNPs in, env 164318, all 166773, env_merge_fidalgo 164406
2026-10-03 04:44:24,294 INFO   009_CM196827.1_100000001-119089578.beagle.gz: 117782 SNPs in, env 114568, all 117105, env_merge_fidalgo 114778
2026-10-03 04:44:24,294 INFO   010_CM196828.1_1-25000000.beagle.gz: 203321 SNPs in, env 199179, all 202197, env_merge_fidalgo 199496
2026-10-03 04:44:24,295 INFO   011_CM196828.1_25000001-50000000.beagle.gz: 153913 SNPs in, env 150758, all 152986, env_merge_fidalgo 150923
2026-10-03 04:44:24,295 INFO   012_CM196828.1_50000001-75000000.beagle.gz: 119571 SNPs in, env 117438, all 118753, env_merge_fidalgo 117416
2026-10-03 04:44:24,295 INFO   013_CM196828.1_75000001-100000000.beagle.gz: 163394 SNPs in, env 160342, all 162547, env_merge_fidalgo 160409
2026-10-03 04:44:24,295 INFO   014_CM196828.1_100000001-115857957.beagle.gz: 166201 SNPs in, env 163111, all 165212, env_merge_fidalgo 163130
2026-10-03 04:44:24,295 INFO   015_CM196829.1_1-25000000.beagle.gz: 205038 SNPs in, env 201110, all 204075, env_merge_fidalgo 201119
2026-10-03 04:45:12,154 INFO   016_CM196829.1_25000001-50000000.beagle.gz: 186566 SNPs in, env 182258, all 185555, env_merge_fidalgo 182397
2026-10-03 04:45:12,155 INFO   017_CM196829.1_50000001-75000000.beagle.gz: 132408 SNPs in, env 129879, all 131506, env_merge_fidalgo 129915
2026-10-03 04:45:39,707 INFO   018_CM196829.1_75000001-100000000.beagle.gz: 204819 SNPs in, env 199866, all 203710, env_merge_fidalgo 199966
2026-10-03 04:45:39,707 INFO   019_CM196829.1_100000001-104731463.beagle.gz: 47111 SNPs in, env 46354, all 46812, env_merge_fidalgo 46337
2026-10-03 04:46:07,960 INFO   020_CM196830.1_1-25000000.beagle.gz: 215284 SNPs in, env 210635, all 213946, env_merge_fidalgo 210777
2026-10-03 04:46:07,960 INFO   021_CM196830.1_25000001-50000000.beagle.gz: 134009 SNPs in, env 131789, all 133169, env_merge_fidalgo 131863
2026-10-03 04:46:07,961 INFO   022_CM196830.1_50000001-75000000.beagle.gz: 169828 SNPs in, env 166561, all 169029, env_merge_fidalgo 166665
2026-10-03 04:46:13,339 INFO   023_CM196830.1_75000001-100000000.beagle.gz: 202589 SNPs in, env 197535, all 201563, env_merge_fidalgo 197865
2026-10-03 04:46:13,339 INFO   024_CM196830.1_100000001-100164202.beagle.gz: 42 SNPs in, env 39, all 40, env_merge_fidalgo 40
2026-10-03 04:46:21,779 INFO   025_CM196831.1_1-25000000.beagle.gz: 215259 SNPs in, env 210635, all 213771, env_merge_fidalgo 210930
2026-10-03 04:46:22,956 INFO   026_CM196831.1_25000001-50000000.beagle.gz: 217179 SNPs in, env 212811, all 215980, env_merge_fidalgo 213076
2026-10-03 04:46:26,445 INFO   027_CM196831.1_50000001-75000000.beagle.gz: 203162 SNPs in, env 198413, all 201872, env_merge_fidalgo 198823
2026-10-03 04:46:26,445 INFO   028_CM196831.1_75000001-98168248.beagle.gz: 178481 SNPs in, env 174840, all 176967, env_merge_fidalgo 174677
2026-10-03 04:46:26,445 INFO   029_CM196832.1_1-25000000.beagle.gz: 178299 SNPs in, env 174504, all 177190, env_merge_fidalgo 174685
2026-10-03 04:46:26,445 INFO   030_CM196832.1_25000001-50000000.beagle.gz: 173502 SNPs in, env 169649, all 172673, env_merge_fidalgo 169812
2026-10-03 04:46:26,446 INFO   031_CM196832.1_50000001-75000000.beagle.gz: 162375 SNPs in, env 157994, all 160919, env_merge_fidalgo 158340
2026-10-03 04:46:26,446 INFO   032_CM196832.1_75000001-94681600.beagle.gz: 175236 SNPs in, env 171463, all 173981, env_merge_fidalgo 171878
2026-10-03 04:46:53,168 INFO   033_CM196833.1_1-25000000.beagle.gz: 224703 SNPs in, env 219785, all 223073, env_merge_fidalgo 220183
2026-10-03 04:46:54,889 INFO   034_CM196833.1_25000001-50000000.beagle.gz: 202675 SNPs in, env 198756, all 201456, env_merge_fidalgo 198891
2026-10-03 04:46:54,890 INFO   035_CM196833.1_50000001-75000000.beagle.gz: 172320 SNPs in, env 168640, all 171452, env_merge_fidalgo 168651
2026-10-03 04:46:54,890 INFO   036_CM196833.1_75000001-93094520.beagle.gz: 156401 SNPs in, env 153266, all 155389, env_merge_fidalgo 153605
2026-10-03 04:47:09,168 INFO   037_CM196834.1_1-25000000.beagle.gz: 189167 SNPs in, env 185290, all 187691, env_merge_fidalgo 185455
2026-10-03 04:47:48,777 INFO   038_CM196834.1_25000001-50000000.beagle.gz: 202520 SNPs in, env 198847, all 201196, env_merge_fidalgo 198853
2026-10-03 04:48:05,323 INFO   039_CM196834.1_50000001-75000000.beagle.gz: 213872 SNPs in, env 208830, all 212326, env_merge_fidalgo 209130
2026-10-03 04:48:05,323 INFO   040_CM196834.1_75000001-82557442.beagle.gz: 58108 SNPs in, env 56421, all 57679, env_merge_fidalgo 56497
2026-10-03 04:48:05,323 INFO   041_CM196835.1_1-25000000.beagle.gz: 183114 SNPs in, env 178931, all 181813, env_merge_fidalgo 178833
2026-10-03 04:48:18,326 INFO   042_CM196835.1_25000001-50000000.beagle.gz: 201181 SNPs in, env 196849, all 200021, env_merge_fidalgo 196955
2026-10-03 04:48:18,326 INFO   043_CM196835.1_50000001-65617359.beagle.gz: 124386 SNPs in, env 121834, all 123213, env_merge_fidalgo 121998
2026-10-03 04:48:19,316 INFO set env: 14 units, 7263864 SNPs, rank 13
2026-10-03 04:48:19,318 INFO set all: 15 units, 7373591 SNPs, rank 14
2026-10-03 04:48:19,320 INFO set env_merge_fidalgo: 13 units, 7269414 SNPs, rank 12
2026-10-03 04:48:19,390 INFO done in 383 s
end 2026-10-03T11:48:19Z
